Microchip MPLAB XC8 Compiler V1.45 ()

Linker command line:

-W-9 \
  --edf=C:\工具\单片机学习资料\SC8P\SCMCU_IDE_V2.00.07\data\dat\en_msgs.txt \
  -cs -h+inputpwm.sym --cmf=inputpwm.cmf -z -QSC8P1152A \
  -oC:\Users\hhmm6\AppData\Local\Temp\s6hg.2 -Minputpwm.map -E1 -ver=XC8 \
  -ASTACK=024h-03fh -pstack=STACK -ACODE=00h-03FFh -ASTRCODE=00h-03FFh \
  -ASTRING=00h-0FFhx4 -ACONST=00h-0FFhx4 -AENTRY=00h-0FFhx4 \
  -ACOMMON=040h-04Fh -ABANK0=020h-03Fh -ARAM=020h-03Fh -AABS1=020h-04Fh \
  -ASFR0=00h-01Fh -preset_vec=00h,intentry=04h,init,end_init -ppowerup=CODE \
  -pcinit=CODE -pfunctab=ENTRY -ACONFIG=02007h-02008h -pconfig=CONFIG \
  -DCONFIG=2 -AIDLOC=02000h-02003h -pidloc=IDLOC -DIDLOC=2 -DCODE=2 \
  -DSTRCODE=2 -DSTRING=2 -DCONST=2 -DENTRY=2 -k startup.obj inputpwm.obj 

Object code version is 3.11

Machine type is SC8P1152A



                Name                               Link     Load   Length Selector   Space Scale
startup.obj     end_init                              A        A        1        8       0
                reset_vec                             0        0        1        0       0
inputpwm.obj    cinit                                 B        B        A        8       0
                intentry                              4        4        6        8       0
                text7                                C4       C4        D        8       0
                text6                                37       37       21        8       0
                text5                                58       58       1C        8       0
                text4                                B1       B1       13        8       0
                text3                                9E       9E       13        8       0
                text2                                8B       8B       13        8       0
                text1                                15       15       22        8       0
                maintext                             74       74       17        8       0
                cstackBANK0                          20       20        3       20       1
                cstackCOMMON                         47       47        4       40       1
                bssBANK0                             23       23        1       20       1
                bssCOMMON                            40       40        7       40       1

TOTAL           Name                               Link     Load   Length     Space
        CLASS   STACK          

        CLASS   CODE           
                end_init                              A        A        1         0
                cinit                                 B        B        A         0
                intentry                              4        4        6         0
                reset_vec                             0        0        1         0
                text7                                C4       C4        D         0
                text6                                37       37       21         0
                text5                                58       58       1C         0
                text4                                B1       B1       13         0
                text3                                9E       9E       13         0
                text2                                8B       8B       13         0
                text1                                15       15       22         0
                maintext                             74       74       17         0

        CLASS   STRCODE        

        CLASS   STRING         

        CLASS   CONST          

        CLASS   ENTRY          

        CLASS   COMMON         
                cstackCOMMON                         47       47        4         1
                bssCOMMON                            40       40        7         1

        CLASS   BANK0          
                cstackBANK0                          20       20        3         1
                bssBANK0                             23       23        1         1

        CLASS   RAM            

        CLASS   ABS1           
                abs_s1                               4E       4E        2         1

        CLASS   SFR0           

        CLASS   CONFIG         

        CLASS   IDLOC          

        CLASS   EEDATA         



SEGMENTS        Name                           Load    Length   Top    Selector   Space  Class     Delta

                reset_vec                      000000  000001  000001         0       0  CODE        2
                intentry                       000004  0000CD  0000D1         8       0  CODE        2
                cstackBANK0                    000020  000004  000024        20       1  BANK0       1
                bssCOMMON                      000040  00000B  00004B        40       1  COMMON      1


UNUSED ADDRESS RANGES

        Name                Unused          Largest block    Delta
        BANK0            024-03F            1C           1
        CODE             001-003             3           2
                         0D1-3FF           32F
        COMMON           04B-04D             3           1
        CONFIG           2007-2008             2           2
        CONST            001-003             3           2
                         0D1-3FF           100
        ENTRY            001-003             3           2
                         0D1-3FF           100
        IDLOC            2000-2003             4           2
        RAM              024-03F            1C           1
        SFR0             000-01F            20           1
        STACK            024-03F            1C           1
        STRCODE          001-003             3           2
                         0D1-3FF           32F
        STRING           001-003             3           2
                         0D1-3FF           100

                                  Symbol Table

PL2                      text1        023
PL4                      text1        02A
PL6                      text1        031
_INTCON                  (abs)        009
_IOCB                    (abs)        00E
_Init_System             text6        037
_OPTION_REG              (abs)        007
_OSCCON                  (abs)        008
_PORTB                   (abs)        005
_PWMCK0                  (abs)        094
_PWMCK1                  (abs)        095
_PWMEN0                  (abs)        080
_PWMEN1                  (abs)        081
_PWMEN2                  (abs)        082
_PWMPRD8                 (abs)        096
_PWMPRD9                 (abs)        097
_PWMR                    (abs)        013
_PWMR08                  (abs)        088
_PWMR09                  (abs)        089
_PWMS0                   (abs)        090
_PWMS1                   (abs)        091
_PWMS2                   (abs)        092
_PWM_PRD                 (abs)        014
_T0IF                    (abs)        04A
_TMR0                    (abs)        001
_TMR0PRD                 (abs)        00F
_TRISB                   (abs)        006
_Timer0_Isr              text7        0C4
_WPUB                    (abs)        00D
__Habs1                  abs1         000
__Hbank0                 bank0        000
__HbssBANK0              bssBANK0     000
__HbssCOMMON             bssCOMMON    000
__Hcinit                 cinit        015
__Hclrtext               clrtext      000
__Hcode                  code         000
__Hcommon                common       000
__Hconfig                config       000
__HcstackBANK0           cstackBANK0  000
__HcstackCOMMON          cstackCOMMON 000
__Heeprom_data           eeprom_data  000
__Hend_init              end_init     00B
__Hfunctab               functab      000
__Hidloc                 idloc        000
__Hinit                  init         00A
__Hintentry              intentry     00A
__Hmaintext              maintext     000
__Hpa_nodes0             pa_nodes0    000
__Hpowerup               powerup      000
__Hram                   ram          000
__Hreset_vec             reset_vec    001
__Hsfr0                  sfr0         000
__Hspace_0               (abs)        0D1
__Hspace_1               (abs)        04B
__Hspace_2               (abs)        000
__Hspace_3               (abs)        000
__Hstack                 stack        000
__Hstrings               strings      000
__Htext                  text         000
__Labs1                  abs1         000
__Lbank0                 bank0        000
__LbssBANK0              bssBANK0     000
__LbssCOMMON             bssCOMMON    000
__Lcinit                 cinit        00B
__Lclrtext               clrtext      000
__Lcode                  code         000
__Lcommon                common       000
__Lconfig                config       000
__LcstackBANK0           cstackBANK0  000
__LcstackCOMMON          cstackCOMMON 000
__Leeprom_data           eeprom_data  000
__Lend_init              end_init     00A
__Lfunctab               functab      000
__Lidloc                 idloc        000
__Linit                  init         00A
__Lintentry              intentry     004
__Lmaintext              maintext     000
__Lpa_nodes0             pa_nodes0    000
__Lpowerup               powerup      000
__Lram                   ram          000
__Lreset_vec             reset_vec    000
__Lsfr0                  sfr0         000
__Lspace_0               (abs)        000
__Lspace_1               (abs)        000
__Lspace_2               (abs)        000
__Lspace_3               (abs)        000
__Lstack                 stack        000
__Lstrings               strings      000
__Ltext                  text         000
__S0                     (abs)        0D1
__S1                     (abs)        04B
__S2                     (abs)        000
___int_sp                stack        000
___latbits               (abs)        000
___lbmod                 text5        058
___lbmod@counter         cstackBANK0  021
___lbmod@dividend        cstackBANK0  020
___lbmod@divisor         cstackCOMMON 049
___lbmod@rem             cstackBANK0  022
___sp                    stack        000
__end_ofPL2              text1        02A
__end_ofPL4              text1        031
__end_ofPL6              text1        037
__end_of_Init_System     text6        058
__end_of_Timer0_Isr      text7        0D1
__end_of___lbmod         text5        074
__end_of__initialization cinit        013
__end_of_checkPB3        text4        0C4
__end_of_checkPB4        text3        0B1
__end_of_checkPB5        text2        09E
__end_of_main            maintext     08B
__end_of_setPWM          text1        023
__initialization         cinit        00B
__pbssBANK0              bssBANK0     023
__pbssCOMMON             bssCOMMON    040
__pcstackBANK0           cstackBANK0  020
__pcstackCOMMON          cstackCOMMON 047
__pintentry              intentry     004
__pmaintext              maintext     074
__ptext0                 text0        000
__ptext1                 text1        015
__ptext2                 text2        08B
__ptext3                 text3        09E
__ptext4                 text4        0B1
__ptext5                 text5        058
__ptext6                 text6        037
__ptext7                 text7        0C4
__size_of_Init_System    (abs)        000
__size_of_Timer0_Isr     (abs)        000
__size_of___lbmod        (abs)        000
__size_of_checkPB3       (abs)        000
__size_of_checkPB4       (abs)        000
__size_of_checkPB5       (abs)        000
__size_of_main           (abs)        000
__size_of_setPWM         (abs)        000
_checkPB3                text4        0B1
_checkPB4                text3        09E
_checkPB5                text2        08B
_main                    maintext     074
_nub                     bssCOMMON    046
_pb3h                    bssCOMMON    040
_pb3max                  bssBANK0     023
_pb4h                    bssCOMMON    042
_pb4max                  bssCOMMON    041
_pb5h                    bssCOMMON    044
_pb5max                  bssCOMMON    043
_prenub                  bssCOMMON    045
_setPWM                  text1        015
btemp                    (abs)        04E
end_of_initialization    cinit        013
interrupt_function       intentry     004
intlevel0                functab      000
intlevel1                functab      000
intlevel2                functab      000
intlevel3                functab      000
intlevel4                functab      000
intlevel5                functab      000
reset_vec                reset_vec    000
saved_w                  (abs)        04E
stackhi                  (abs)        000
stacklo                  (abs)        000
start                    init         00A
start_initialization     cinit        00B
wtemp0                   (abs)        04E


FUNCTION INFORMATION:

 *************** function _main *****************
 Defined at:
		line 17 in file "C:\SCMCU WorkSpace\inputpwm\inputpwm.c"
 Parameters:    Size  Location     Type
		None
 Auto vars:     Size  Location     Type
		None
 Return value:  Size  Location     Type
                  1    wreg      void 
 Registers used:
		wreg, status,2, status,0, pclath, cstack
 Tracked objects:
		On entry : 
		On exit  : 
		Unchanged: 
 Data sizes:     COMMON   BANK0
      Params:         0       0
      Locals:         0       0
      Temps:          0       0
      Totals:         0       0
Total ram usage:        0 bytes
 Hardware stack levels required when called:    2
 This function calls:
		_Init_System
		___lbmod
		_checkPB3
		_checkPB4
		_checkPB5
		_setPWM
 This function is called by:
		Startup code after reset
 This function uses a non-reentrant model


 *************** function _setPWM *****************
 Defined at:
		line 43 in file "C:\SCMCU WorkSpace\inputpwm\inputpwm.c"
 Parameters:    Size  Location     Type
		None
 Auto vars:     Size  Location     Type
		None
 Return value:  Size  Location     Type
                  1    wreg      void 
 Registers used:
		wreg, status,2, status,0
 Tracked objects:
		On entry : 
		On exit  : 
		Unchanged: 
 Data sizes:     COMMON   BANK0
      Params:         0       0
      Locals:         0       0
      Temps:          0       0
      Totals:         0       0
Total ram usage:        0 bytes
 Hardware stack levels used:    1
 Hardware stack levels required when called:    1
 This function calls:
		Nothing
 This function is called by:
		_main
 This function uses a non-reentrant model


 *************** function _checkPB5 *****************
 Defined at:
		line 80 in file "C:\SCMCU WorkSpace\inputpwm\inputpwm.c"
 Parameters:    Size  Location     Type
		None
 Auto vars:     Size  Location     Type
		None
 Return value:  Size  Location     Type
                  1    wreg      void 
 Registers used:
		wreg, status,2, status,0
 Tracked objects:
		On entry : 
		On exit  : 
		Unchanged: 
 Data sizes:     COMMON   BANK0
      Params:         0       0
      Locals:         0       0
      Temps:          1       0
      Totals:         1       0
Total ram usage:        1 bytes
 Hardware stack levels used:    1
 Hardware stack levels required when called:    1
 This function calls:
		Nothing
 This function is called by:
		_main
 This function uses a non-reentrant model


 *************** function _checkPB4 *****************
 Defined at:
		line 96 in file "C:\SCMCU WorkSpace\inputpwm\inputpwm.c"
 Parameters:    Size  Location     Type
		None
 Auto vars:     Size  Location     Type
		None
 Return value:  Size  Location     Type
                  1    wreg      void 
 Registers used:
		wreg, status,2, status,0
 Tracked objects:
		On entry : 
		On exit  : 
		Unchanged: 
 Data sizes:     COMMON   BANK0
      Params:         0       0
      Locals:         0       0
      Temps:          1       0
      Totals:         1       0
Total ram usage:        1 bytes
 Hardware stack levels used:    1
 Hardware stack levels required when called:    1
 This function calls:
		Nothing
 This function is called by:
		_main
 This function uses a non-reentrant model


 *************** function _checkPB3 *****************
 Defined at:
		line 112 in file "C:\SCMCU WorkSpace\inputpwm\inputpwm.c"
 Parameters:    Size  Location     Type
		None
 Auto vars:     Size  Location     Type
		None
 Return value:  Size  Location     Type
                  1    wreg      void 
 Registers used:
		wreg, status,2, status,0
 Tracked objects:
		On entry : 
		On exit  : 
		Unchanged: 
 Data sizes:     COMMON   BANK0
      Params:         0       0
      Locals:         0       0
      Temps:          1       0
      Totals:         1       0
Total ram usage:        1 bytes
 Hardware stack levels used:    1
 Hardware stack levels required when called:    1
 This function calls:
		Nothing
 This function is called by:
		_main
 This function uses a non-reentrant model


 *************** function ___lbmod *****************
 Defined at:
		line 4 in file "C:\工具\单片机学习资料\SC8P\SCMCU_IDE_V2.00.07\data\sources\common\lbmod.c"
 Parameters:    Size  Location     Type
  dividend        1    wreg     unsigned char 
  divisor         1    2[COMMON] unsigned char 
 Auto vars:     Size  Location     Type
  dividend        1    0[BANK0 ] unsigned char 
  rem             1    2[BANK0 ] unsigned char 
  counter         1    1[BANK0 ] unsigned char 
 Return value:  Size  Location     Type
                  1    wreg      unsigned char 
 Registers used:
		wreg, status,2, status,0
 Tracked objects:
		On entry : 
		On exit  : 
		Unchanged: 
 Data sizes:     COMMON   BANK0
      Params:         1       0
      Locals:         0       3
      Temps:          1       0
      Totals:         2       3
Total ram usage:        5 bytes
 Hardware stack levels used:    1
 Hardware stack levels required when called:    1
 This function calls:
		Nothing
 This function is called by:
		_main
 This function uses a non-reentrant model


 *************** function _Init_System *****************
 Defined at:
		line 135 in file "C:\SCMCU WorkSpace\inputpwm\inputpwm.c"
 Parameters:    Size  Location     Type
		None
 Auto vars:     Size  Location     Type
		None
 Return value:  Size  Location     Type
                  1    wreg      void 
 Registers used:
		wreg, status,2
 Tracked objects:
		On entry : 
		On exit  : 
		Unchanged: 
 Data sizes:     COMMON   BANK0
      Params:         0       0
      Locals:         0       0
      Temps:          0       0
      Totals:         0       0
Total ram usage:        0 bytes
 Hardware stack levels used:    1
 Hardware stack levels required when called:    1
 This function calls:
		Nothing
 This function is called by:
		_main
 This function uses a non-reentrant model


 *************** function _Timer0_Isr *****************
 Defined at:
		line 195 in file "C:\SCMCU WorkSpace\inputpwm\inputpwm.c"
 Parameters:    Size  Location     Type
		None
 Auto vars:     Size  Location     Type
		None
 Return value:  Size  Location     Type
                  1    wreg      void 
 Registers used:
		wreg, status,2, status,0
 Tracked objects:
		On entry : 
		On exit  : 
		Unchanged: 
 Data sizes:     COMMON   BANK0
      Params:         0       0
      Locals:         0       0
      Temps:          2       0
      Totals:         2       0
Total ram usage:        2 bytes
 Hardware stack levels used:    1
 This function calls:
		Nothing
 This function is called by:
		Interrupt level 1
 This function uses a non-reentrant model



MODULE INFORMATION

Module		Function		Class		Link	Load	Size
C:\工具\单片机学习资料\SC8P\SCMCU_IDE_V2.00.07\data\sources\common\lbmod.c
		___lbmod       		CODE           	0058	0000	29

C:\工具\单片机学习资料\SC8P\SCMCU_IDE_V2.00.07\data\sources\common\lbmod.c estimated size: 29

shared
		__initialization		CODE           	000B	0000	9
		PL2            		CODE           	0023	0000	8
		PL4            		CODE           	002A	0000	8
		PL6            		CODE           	0031	0000	7

shared estimated size: 32

C:\SCMCU WorkSpace\inputpwm\inputpwm.c
		_Timer0_Isr    		CODE           	00C4	0000	14
		_main          		CODE           	0074	0000	24
		_checkPB3      		CODE           	00B1	0000	20
		_checkPB4      		CODE           	009E	0000	20
		_checkPB5      		CODE           	008B	0000	20
		_setPWM        		CODE           	0015	0000	15
		_Init_System   		CODE           	0037	0000	34

C:\SCMCU WorkSpace\inputpwm\inputpwm.c estimated size: 147

