Microchip MPLAB XC8 Compiler V1.45 ()

Linker command line:

-W-9 \
  --edf=F:\中微资料\SCMCU_IDE_V2.00.11_Beta4\SCMCU_IDE_V2.00.11_Beta4\data\dat\en_msgs.txt \
  -cs -h+SC8F289XB_RTC_Demo.sym --cmf=SC8F289XB_RTC_Demo.cmf -z -QSC8F2892B \
  -oC:\Users\lenovo\AppData\Local\Temp\semk.2 -MSC8F289XB_RTC_Demo.map -E1 \
  -ver=XC8 -ASTACK=020h-06fh -pstack=STACK -ACODE=00h-07FFhx2 \
  -ASTRCODE=00h-0FFFh -ASTRING=00h-0FFhx16 -ACONST=00h-0FFhx16 \
  -AENTRY=00h-0FFhx16 -ACOMMON=070h-07Fh -ABANK0=020h-06Fh \
  -ABANK1=0A0h-0EFh -ABANK2=0120h-016Fh \
  -ARAM=020h-06Fh,0A0h-0EFh,0120h-016Fh \
  -AABS1=020h-07Fh,0A0h-0EFh,0120h-016Fh -ASFR0=00h-01Fh -ASFR1=080h-09Fh \
  -ASFR2=0100h-011Fh -ASFR3=0180h-01EFh \
  -preset_vec=00h,intentry=04h,init,end_init -ppowerup=CODE -pcinit=CODE \
  -pfunctab=ENTRY -ACONFIG=02007h-02008h -pconfig=CONFIG -DCONFIG=2 \
  -AIDLOC=02000h-02003h -pidloc=IDLOC -DIDLOC=2 -DCODE=2 -DSTRCODE=2 \
  -DSTRING=2 -DCONST=2 -DENTRY=2 -k startup.obj SC8F289XB_RTC_Demo.obj 

Object code version is 3.11

Machine type is SC8F2892B



                Name                               Link     Load   Length Selector   Space Scale
startup.obj     end_init                              B        B        2        8       0
                reset_vec                             0        0        2        0       0
SC8F289XB_RTC_Demo.obj
                cinit                                 D        D        3        8       0
                intentry                              4        4        7        8       0
                text3                                4F       4F       10        8       0
                text2                                32       32       1D        8       0
                text1                                10       10       22        8       0
                maintext                             5F       5F        8        8       0
                cstackCOMMON                         70       70        2       70       1

TOTAL           Name                               Link     Load   Length     Space
        CLASS   STACK          

        CLASS   CODE           
                end_init                              B        B        2         0
                cinit                                 D        D        3         0
                intentry                              4        4        7         0
                reset_vec                             0        0        2         0
                text3                                4F       4F       10         0
                text2                                32       32       1D         0
                text1                                10       10       22         0
                maintext                             5F       5F        8         0

        CLASS   STRCODE        

        CLASS   STRING         

        CLASS   CONST          

        CLASS   ENTRY          

        CLASS   COMMON         
                cstackCOMMON                         70       70        2         1

        CLASS   BANK0          

        CLASS   BANK1          

        CLASS   BANK2          

        CLASS   RAM            

        CLASS   ABS1           
                abs_s1                               7E       7E        2         1

        CLASS   SFR0           

        CLASS   SFR1           

        CLASS   SFR2           

        CLASS   SFR3           

        CLASS   CONFIG         

        CLASS   IDLOC          

        CLASS   BANK3          

        CLASS   EEDATA         



SEGMENTS        Name                           Load    Length   Top    Selector   Space  Class     Delta

                reset_vec                      000000  000002  000002         0       0  CODE        2
                intentry                       000004  000063  000067         8       0  CODE        2
                cstackCOMMON                   000070  000002  000072        70       1  COMMON      1


UNUSED ADDRESS RANGES

        Name                Unused          Largest block    Delta
        BANK0            20-6F           50           1
        BANK1            A0-EF           50           1
        BANK2            120-16F           50           1
        CODE             02-03            2           2
                         67-FFF          799
        COMMON           72-7D            C           1
        CONFIG           2007-2008            2           2
        CONST            02-03            2           2
                         67-FFF          100
        ENTRY            02-03            2           2
                         67-FFF          100
        IDLOC            2000-2003            4           2
        RAM              20-6F           50           1
                         A0-EF           50
                         120-16F           50
        SFR0             00-1F           20           1
        SFR1             80-9F           20           1
        SFR2             100-11F           20           1
        SFR3             180-1EF           70           1
        STACK            20-6F           50           1
        STRCODE          02-03            2           2
                         67-FFF          F99
        STRING           02-03            2           2
                         67-FFF          100

                                  Symbol Table

_ADCON0                  (abs)        9D
_INTCON                  (abs)        0B
_Init_System             text2        32
_Isr_Timer               text3        4F
_OPA0CON                 (abs)        98
_OPA1CON                 (abs)        9A
_OPTION_REG              (abs)        81
_OSCCON                  (abs)        88
_PIE1                    (abs)        0D
_PIR1                    (abs)        0C
_PORTA                   (abs)        05
_PORTB                   (abs)        06
_PR2                     (abs)        91
_PWMCON0                 (abs)        13
_SystemSleep             text1        10
_T2CON                   (abs)        12
_TMR2IF                  (abs)        61
_TRISA                   (abs)        85
_TRISB                   (abs)        86
_WPDB                    (abs)        87
_WPUA                    (abs)        07
_WPUB                    (abs)        08
__Habs1                  abs1         00
__Hbank0                 bank0        00
__Hbank1                 bank1        00
__Hbank2                 bank2        00
__Hbank3                 bank3        00
__Hcinit                 cinit        10
__Hclrtext               clrtext      00
__Hcode                  code         00
__Hcommon                common       00
__Hconfig                config       00
__HcstackCOMMON          cstackCOMMON 00
__Heeprom_data           eeprom_data  00
__Hend_init              end_init     0D
__Hfunctab               functab      00
__Hidloc                 idloc        00
__Hinit                  init         0B
__Hintentry              intentry     0B
__Hmaintext              maintext     00
__Hpa_nodes0             pa_nodes0    00
__Hpowerup               powerup      00
__Hram                   ram          00
__Hreset_vec             reset_vec    02
__Hsfr0                  sfr0         00
__Hsfr1                  sfr1         00
__Hsfr2                  sfr2         00
__Hsfr3                  sfr3         00
__Hspace_0               (abs)        67
__Hspace_1               (abs)        72
__Hspace_2               (abs)        00
__Hspace_3               (abs)        00
__Hstack                 stack        00
__Hstrings               strings      00
__Htext                  text         00
__Labs1                  abs1         00
__Lbank0                 bank0        00
__Lbank1                 bank1        00
__Lbank2                 bank2        00
__Lbank3                 bank3        00
__Lcinit                 cinit        0D
__Lclrtext               clrtext      00
__Lcode                  code         00
__Lcommon                common       00
__Lconfig                config       00
__LcstackCOMMON          cstackCOMMON 00
__Leeprom_data           eeprom_data  00
__Lend_init              end_init     0B
__Lfunctab               functab      00
__Lidloc                 idloc        00
__Linit                  init         0B
__Lintentry              intentry     04
__Lmaintext              maintext     00
__Lpa_nodes0             pa_nodes0    00
__Lpowerup               powerup      00
__Lram                   ram          00
__Lreset_vec             reset_vec    00
__Lsfr0                  sfr0         00
__Lsfr1                  sfr1         00
__Lsfr2                  sfr2         00
__Lsfr3                  sfr3         00
__Lspace_0               (abs)        00
__Lspace_1               (abs)        00
__Lspace_2               (abs)        00
__Lspace_3               (abs)        00
__Lstack                 stack        00
__Lstrings               strings      00
__Ltext                  text         00
__S0                     (abs)        67
__S1                     (abs)        72
__S2                     (abs)        00
___int_sp                stack        00
___latbits               (abs)        01
___sp                    stack        00
__end_of_Init_System     text2        4F
__end_of_Isr_Timer       text3        5F
__end_of_SystemSleep     text1        32
__end_of__initialization cinit        0D
__end_of_main            maintext     67
__initialization         cinit        0D
__pcstackCOMMON          cstackCOMMON 70
__pintentry              intentry     04
__pmaintext              maintext     5F
__ptext0                 text0        00
__ptext1                 text1        10
__ptext2                 text2        32
__ptext3                 text3        4F
__size_of_Init_System    (abs)        00
__size_of_Isr_Timer      (abs)        00
__size_of_SystemSleep    (abs)        00
__size_of_main           (abs)        00
_main                    maintext     5F
btemp                    (abs)        7E
end_of_initialization    cinit        0D
interrupt_function       intentry     04
intlevel0                functab      00
intlevel1                functab      00
intlevel2                functab      00
intlevel3                functab      00
intlevel4                functab      00
intlevel5                functab      00
reset_vec                reset_vec    00
saved_w                  (abs)        7E
stackhi                  (abs)        00
stacklo                  (abs)        00
start                    init         0B
start_initialization     cinit        0D
wtemp0                   (abs)        7E


FUNCTION INFORMATION:

 *************** function _main *****************
 Defined at:
		line 73 in file "F:\中微资料\SC8F289XB开发包\SC8F289XB_DEMO_C\SC8F289XB_RTC_Demo\SC8F289XB_RTC_Demo.c"
 Parameters:    Size  Location     Type
		None
 Auto vars:     Size  Location     Type
		None
 Return value:  Size  Location     Type
                  1    wreg      void 
 Registers used:
		wreg, status,2, status,0, pclath, cstack
 Tracked objects:
		On entry : 
		On exit  : 
		Unchanged: 
 Data sizes:     COMMON   BANK0   BANK1   BANK2
      Params:         0       0       0       0
      Locals:         0       0       0       0
      Temps:          0       0       0       0
      Totals:         0       0       0       0
Total ram usage:        0 bytes
 Hardware stack levels required when called:    2
 This function calls:
		_Init_System
		_SystemSleep
 This function is called by:
		Startup code after reset
 This function uses a non-reentrant model


 *************** function _SystemSleep *****************
 Defined at:
		line 38 in file "F:\中微资料\SC8F289XB开发包\SC8F289XB_DEMO_C\SC8F289XB_RTC_Demo\SC8F289XB_RTC_Demo.c"
 Parameters:    Size  Location     Type
		None
 Auto vars:     Size  Location     Type
		None
 Return value:  Size  Location     Type
                  1    wreg      void 
 Registers used:
		wreg, status,2, status,0
 Tracked objects:
		On entry : 
		On exit  : 
		Unchanged: 
 Data sizes:     COMMON   BANK0   BANK1   BANK2
      Params:         0       0       0       0
      Locals:         0       0       0       0
      Temps:          0       0       0       0
      Totals:         0       0       0       0
Total ram usage:        0 bytes
 Hardware stack levels used:    1
 Hardware stack levels required when called:    1
 This function calls:
		Nothing
 This function is called by:
		_main
 This function uses a non-reentrant model


 *************** function _Init_System *****************
 Defined at:
		line 7 in file "F:\中微资料\SC8F289XB开发包\SC8F289XB_DEMO_C\SC8F289XB_RTC_Demo\SC8F289XB_RTC_Demo.c"
 Parameters:    Size  Location     Type
		None
 Auto vars:     Size  Location     Type
		None
 Return value:  Size  Location     Type
                  1    wreg      void 
 Registers used:
		wreg, status,2
 Tracked objects:
		On entry : 
		On exit  : 
		Unchanged: 
 Data sizes:     COMMON   BANK0   BANK1   BANK2
      Params:         0       0       0       0
      Locals:         0       0       0       0
      Temps:          0       0       0       0
      Totals:         0       0       0       0
Total ram usage:        0 bytes
 Hardware stack levels used:    1
 Hardware stack levels required when called:    1
 This function calls:
		Nothing
 This function is called by:
		_main
 This function uses a non-reentrant model


 *************** function _Isr_Timer *****************
 Defined at:
		line 86 in file "F:\中微资料\SC8F289XB开发包\SC8F289XB_DEMO_C\SC8F289XB_RTC_Demo\SC8F289XB_RTC_Demo.c"
 Parameters:    Size  Location     Type
		None
 Auto vars:     Size  Location     Type
		None
 Return value:  Size  Location     Type
                  1    wreg      void 
 Registers used:
		wreg, status,2, status,0
 Tracked objects:
		On entry : 
		On exit  : 
		Unchanged: 
 Data sizes:     COMMON   BANK0   BANK1   BANK2
      Params:         0       0       0       0
      Locals:         0       0       0       0
      Temps:          2       0       0       0
      Totals:         2       0       0       0
Total ram usage:        2 bytes
 Hardware stack levels used:    1
 This function calls:
		Nothing
 This function is called by:
		Interrupt level 1
 This function uses a non-reentrant model



MODULE INFORMATION

Module		Function		Class		Link	Load	Size
shared
		__initialization		CODE           	000D	0000	1

shared estimated size: 1

F:\中微资料\SC8F289XB开发包\SC8F289XB_DEMO_C\SC8F289XB_RTC_Demo\SC8F289XB_RTC_Demo.c
		_main          		CODE           	005F	0000	9
		_SystemSleep   		CODE           	0010	0000	35
		_Init_System   		CODE           	0032	0000	30
		_Isr_Timer     		CODE           	004F	0000	17

F:\中微资料\SC8F289XB开发包\SC8F289XB_DEMO_C\SC8F289XB_RTC_Demo\SC8F289XB_RTC_Demo.c estimated size: 91

