Microchip MPLAB XC8 Compiler V1.45 ()

Linker command line:

-W-9 \
  --edf=E:\ZWPROJ~1\2020PR~1\推广工作\产品推广\79FT61~1\02仿真~1\CMS_ID~1.18_\data\dat\en_msgs.txt \
  -cs -h+Sleep_Demo.sym --cmf=Sleep_Demo.cmf -z -Q79F123 \
  -oC:\Users\admin\AppData\Local\Temp\s2p1k.2 -MSleep_Demo.map -E1 -ver=XC8 \
  -ASTACK=0198h-01efh -pstack=STACK -ACODE=00h-07FFhx2 -ASTRCODE=00h-0FFFh \
  -ASTRING=00h-0FFhx16 -ACONST=00h-0FFhx16 -AENTRY=00h-0FFhx16 \
  -ACOMMON=070h-07Fh -ABANK0=020h-06Fh -ABANK1=0A0h-0EFh \
  -ABANK2=0120h-016Fh -ABANK3=0198h-01EFh \
  -ARAM=020h-06Fh,0A0h-0EFh,0120h-016Fh,0198h-01EFh \
  -AABS1=020h-07Fh,0A0h-0EFh,0120h-016Fh,0198h-01EFh -ASFR0=00h-01Fh \
  -ASFR1=080h-09Fh -ASFR2=0100h-011Fh -ASFR3=0180h-0197h \
  -preset_vec=00h,intentry=04h,init,end_init -ppowerup=CODE -pcinit=CODE \
  -pfunctab=ENTRY -ACONFIG=02007h-02008h -pconfig=CONFIG -DCONFIG=2 \
  -AIDLOC=02000h-02003h -pidloc=IDLOC -DIDLOC=2 -DCODE=2 -DSTRCODE=2 \
  -DSTRING=2 -DCONST=2 -DENTRY=2 -k startup.obj Sleep_Demo.obj 

Object code version is 3.11

Machine type is 79F123



                Name                               Link     Load   Length Selector   Space Scale
startup.obj     end_init                              B        B        2        8       0
                reset_vec                             0        0        2        0       0
Sleep_Demo.obj  cinit                                 D        D        3        8       0
                intentry                              4        4        7        8       0
                text3                                4E       4E        D        8       0
                text1                                10       10       3E        8       0
                maintext                             5B       5B        8        8       0
                cstackCOMMON                         70       70        2       70       1

TOTAL           Name                               Link     Load   Length     Space
        CLASS   STACK          

        CLASS   CODE           
                end_init                              B        B        2         0
                cinit                                 D        D        3         0
                intentry                              4        4        7         0
                reset_vec                             0        0        2         0
                text3                                4E       4E        D         0
                text1                                10       10       3E         0
                maintext                             5B       5B        8         0

        CLASS   STRCODE        

        CLASS   STRING         

        CLASS   CONST          

        CLASS   ENTRY          

        CLASS   COMMON         
                cstackCOMMON                         70       70        2         1

        CLASS   BANK0          

        CLASS   BANK1          

        CLASS   BANK2          

        CLASS   BANK3          

        CLASS   RAM            

        CLASS   ABS1           
                abs_s1                               7E       7E        2         1

        CLASS   SFR0           

        CLASS   SFR1           

        CLASS   SFR2           

        CLASS   SFR3           

        CLASS   CONFIG         

        CLASS   IDLOC          

        CLASS   EEDATA         



SEGMENTS        Name                           Load    Length   Top    Selector   Space  Class     Delta

                reset_vec                      000000  000002  000002         0       0  CODE        2
                intentry                       000004  00005F  000063         8       0  CODE        2
                cstackCOMMON                   000070  000002  000072        70       1  COMMON      1


UNUSED ADDRESS RANGES

        Name                Unused          Largest block    Delta
        BANK0            020-06F            50           1
        BANK1            0A0-0EF            50           1
        BANK2            120-16F            50           1
        BANK3            198-1EF            58           1
        CODE             002-003             2           2
                         063-FFF           79D
        COMMON           072-07D             C           1
        CONFIG           2007-2008             2           2
        CONST            002-003             2           2
                         063-FFF           100
        ENTRY            002-003             2           2
                         063-FFF           100
        IDLOC            2000-2003             4           2
        RAM              020-06F            50           1
                         0A0-0EF            50
                         120-16F            50
                         198-1EF            58
        SFR0             000-01F            20           1
        SFR1             080-09F            20           1
        SFR2             100-11F            20           1
        SFR3             180-197            18           1
        STACK            198-1EF            58           1
        STRCODE          002-003             2           2
                         063-FFF           F9D
        STRING           002-003             2           2
                         063-FFF           100

                                  Symbol Table

_ADCON0                  (abs)        01F
_EECON1                  (abs)        18C
_GIE                     (abs)        05F
_INTCON                  (abs)        00B
_IOCA                    (abs)        087
_Init_System             text1        03B
_OPTION_REG              (abs)        081
_OSCCON                  (abs)        08F
_PA_Isr                  text3        04E
_PEIE                    (abs)        05E
_PORTA                   (abs)        005
_PORTB                   (abs)        006
_RAIE                    (abs)        467
_RAIF                    (abs)        067
_Sleep_Mode              text1        010
_TRISA                   (abs)        085
_TRISB                   (abs)        086
_WDTCON                  (abs)        105
_WPUA                    (abs)        18E
_WPUB                    (abs)        095
__Habs1                  abs1         000
__Hbank0                 bank0        000
__Hbank1                 bank1        000
__Hbank2                 bank2        000
__Hbank3                 bank3        000
__Hcinit                 cinit        010
__Hclrtext               clrtext      000
__Hcode                  code         000
__Hcommon                common       000
__Hconfig                config       000
__HcstackCOMMON          cstackCOMMON 000
__Heeprom_data           eeprom_data  000
__Hend_init              end_init     00D
__Hfunctab               functab      000
__Hidloc                 idloc        000
__Hinit                  init         00B
__Hintentry              intentry     00B
__Hmaintext              maintext     000
__Hpa_nodes0             pa_nodes0    000
__Hpowerup               powerup      000
__Hram                   ram          000
__Hreset_vec             reset_vec    002
__Hsfr0                  sfr0         000
__Hsfr1                  sfr1         000
__Hsfr2                  sfr2         000
__Hsfr3                  sfr3         000
__Hspace_0               (abs)        063
__Hspace_1               (abs)        072
__Hspace_2               (abs)        000
__Hspace_3               (abs)        000
__Hstack                 stack        000
__Hstrings               strings      000
__Htext                  text         000
__Labs1                  abs1         000
__Lbank0                 bank0        000
__Lbank1                 bank1        000
__Lbank2                 bank2        000
__Lbank3                 bank3        000
__Lcinit                 cinit        00D
__Lclrtext               clrtext      000
__Lcode                  code         000
__Lcommon                common       000
__Lconfig                config       000
__LcstackCOMMON          cstackCOMMON 000
__Leeprom_data           eeprom_data  000
__Lend_init              end_init     00B
__Lfunctab               functab      000
__Lidloc                 idloc        000
__Linit                  init         00B
__Lintentry              intentry     004
__Lmaintext              maintext     000
__Lpa_nodes0             pa_nodes0    000
__Lpowerup               powerup      000
__Lram                   ram          000
__Lreset_vec             reset_vec    000
__Lsfr0                  sfr0         000
__Lsfr1                  sfr1         000
__Lsfr2                  sfr2         000
__Lsfr3                  sfr3         000
__Lspace_0               (abs)        000
__Lspace_1               (abs)        000
__Lspace_2               (abs)        000
__Lspace_3               (abs)        000
__Lstack                 stack        000
__Lstrings               strings      000
__Ltext                  text         000
__S0                     (abs)        063
__S1                     (abs)        072
__S2                     (abs)        000
___int_sp                stack        000
___latbits               (abs)        001
___sp                    stack        000
__end_of_Init_System     text1        04E
__end_of_PA_Isr          text3        05B
__end_of_Sleep_Mode      text1        03B
__end_of__initialization cinit        00D
__end_of_main            maintext     063
__initialization         cinit        00D
__pcstackCOMMON          cstackCOMMON 070
__pintentry              intentry     004
__pmaintext              maintext     05B
__ptext0                 text0        000
__ptext1                 text1        010
__ptext2                 text1        03B
__ptext3                 text3        04E
__size_of_Init_System    (abs)        000
__size_of_PA_Isr         (abs)        000
__size_of_Sleep_Mode     (abs)        000
__size_of_main           (abs)        000
_main                    maintext     05B
btemp                    (abs)        07E
end_of_initialization    cinit        00D
interrupt_function       intentry     004
intlevel0                functab      000
intlevel1                functab      000
intlevel2                functab      000
intlevel3                functab      000
intlevel4                functab      000
intlevel5                functab      000
reset_vec                reset_vec    000
saved_w                  (abs)        07E
stackhi                  (abs)        000
stacklo                  (abs)        000
start                    init         00B
start_initialization     cinit        00D
wtemp0                   (abs)        07E


FUNCTION INFORMATION:

 *************** function _main *****************
 Defined at:
		line 23 in file "E:\ZW PROJECT\DEMO程序\模板\79F系列_Demo(C语言)\CMS79F123程序（C版）\Sleep_Demo\Sleep_Demo.c"
 Parameters:    Size  Location     Type
		None
 Auto vars:     Size  Location     Type
		None
 Return value:  Size  Location     Type
                  1    wreg      void 
 Registers used:
		wreg, status,2, status,0, pclath, cstack
 Tracked objects:
		On entry : 
		On exit  : 
		Unchanged: 
 Data sizes:     COMMON   BANK0   BANK1   BANK3   BANK2
      Params:         0       0       0       0       0
      Locals:         0       0       0       0       0
      Temps:          0       0       0       0       0
      Totals:         0       0       0       0       0
Total ram usage:        0 bytes
 Hardware stack levels required when called:    3
 This function calls:
		_Init_System
		_Sleep_Mode
 This function is called by:
		Startup code after reset
 This function uses a non-reentrant model


 *************** function _Sleep_Mode *****************
 Defined at:
		line 42 in file "E:\ZW PROJECT\DEMO程序\模板\79F系列_Demo(C语言)\CMS79F123程序（C版）\Sleep_Demo\Sleep_Demo.c"
 Parameters:    Size  Location     Type
		None
 Auto vars:     Size  Location     Type
		None
 Return value:  Size  Location     Type
                  1    wreg      void 
 Registers used:
		wreg, status,2, status,0, pclath, cstack
 Tracked objects:
		On entry : 
		On exit  : 
		Unchanged: 
 Data sizes:     COMMON   BANK0   BANK1   BANK3   BANK2
      Params:         0       0       0       0       0
      Locals:         0       0       0       0       0
      Temps:          0       0       0       0       0
      Totals:         0       0       0       0       0
Total ram usage:        0 bytes
 Hardware stack levels used:    1
 Hardware stack levels required when called:    2
 This function calls:
		_Init_System
 This function is called by:
		_main
 This function uses a non-reentrant model


 *************** function _Init_System *****************
 Defined at:
		line 86 in file "E:\ZW PROJECT\DEMO程序\模板\79F系列_Demo(C语言)\CMS79F123程序（C版）\Sleep_Demo\Sleep_Demo.c"
 Parameters:    Size  Location     Type
		None
 Auto vars:     Size  Location     Type
		None
 Return value:  Size  Location     Type
                  1    wreg      void 
 Registers used:
		wreg, status,2
 Tracked objects:
		On entry : 
		On exit  : 
		Unchanged: 
 Data sizes:     COMMON   BANK0   BANK1   BANK3   BANK2
      Params:         0       0       0       0       0
      Locals:         0       0       0       0       0
      Temps:          0       0       0       0       0
      Totals:         0       0       0       0       0
Total ram usage:        0 bytes
 Hardware stack levels used:    1
 Hardware stack levels required when called:    1
 This function calls:
		Nothing
 This function is called by:
		_main
		_Sleep_Mode
 This function uses a non-reentrant model


 *************** function _PA_Isr *****************
 Defined at:
		line 111 in file "E:\ZW PROJECT\DEMO程序\模板\79F系列_Demo(C语言)\CMS79F123程序（C版）\Sleep_Demo\Sleep_Demo.c"
 Parameters:    Size  Location     Type
		None
 Auto vars:     Size  Location     Type
		None
 Return value:  Size  Location     Type
                  1    wreg      void 
 Registers used:
		wreg
 Tracked objects:
		On entry : 
		On exit  : 
		Unchanged: 
 Data sizes:     COMMON   BANK0   BANK1   BANK3   BANK2
      Params:         0       0       0       0       0
      Locals:         0       0       0       0       0
      Temps:          2       0       0       0       0
      Totals:         2       0       0       0       0
Total ram usage:        2 bytes
 Hardware stack levels used:    1
 This function calls:
		Nothing
 This function is called by:
		Interrupt level 1
 This function uses a non-reentrant model



MODULE INFORMATION

Module		Function		Class		Link	Load	Size
shared
		__initialization		CODE           	000D	0000	1

shared estimated size: 1

E:\ZW PROJECT\DEMO程序\模板\79F系列_Demo(C语言)\CMS79F123程序（C版）\Sleep_Demo\Sleep_Demo.c
		_Sleep_Mode    		CODE           	0010	0000	44
		_main          		CODE           	005B	0000	9
		_PA_Isr        		CODE           	004E	0000	14
		_Init_System   		CODE           	003B	0000	20

E:\ZW PROJECT\DEMO程序\模板\79F系列_Demo(C语言)\CMS79F123程序（C版）\Sleep_Demo\Sleep_Demo.c estimated size: 87

