Microchip MPLAB XC8 Compiler V1.45 ()

Linker command line:

-W-9 \
  --edf=C:\mcuproject\scm\SCMCU_IDE_V2.00.16_Beta5\SCMCU_IDE_V2.00.16_Beta5\data\dat\en_msgs.txt \
  -cs -h+D30_062B_SOP14.sym --cmf=D30_062B_SOP14.cmf -z -QSC8P062BD \
  -oC:\Users\hhmm6\AppData\Local\Temp\sam8.2 -MD30_062B_SOP14.map -E1 \
  -ver=XC8 -ASTACK=0A0h-0efh -pstack=STACK -ACODE=00h-07FFh \
  -ASTRCODE=00h-07FFh -ASTRING=00h-0FFhx8 -ACONST=00h-0FFhx8 \
  -AENTRY=00h-0FFhx8 -ACOMMON=070h-07Fh -ABANK0=020h-06Fh -ABANK1=0A0h-0EFh \
  -ARAM=020h-06Fh,0A0h-0EFh -AABS1=020h-07Fh,0A0h-0EFh -ASFR0=00h-01Fh \
  -ASFR1=080h-09Fh -preset_vec=00h,intentry=04h,init,end_init \
  -ppowerup=CODE -pcinit=CODE -pfunctab=ENTRY -ACONFIG=02007h-02008h \
  -pconfig=CONFIG -DCONFIG=2 -AIDLOC=02000h-02003h -pidloc=IDLOC -DIDLOC=2 \
  -DCODE=2 -DSTRCODE=2 -DSTRING=2 -DCONST=2 -DENTRY=2 -k startup.obj \
  D30_062B_SOP14.obj 

Object code version is 3.11

Machine type is SC8P062BD



                Name                               Link     Load   Length Selector   Space Scale
startup.obj     end_init                              C        C        1        8       0
                reset_vec                             0        0        1        0       0
D30_062B_SOP14.obj
                cinit                                 D        D        A        8       0
                intentry                              4        4        8        8       0
                swtext1                             5EA      5EA       10      BD4       0
                text21                              1BE      1BE       AD        8       0
                text20                              546      546       1D        8       0
                text19                              60A      60A        7      BF4       0
                text18                              59A      59A       1B        8       0
                text17                              3B3      3B3       43        8       0
                text16                               17       17       E6        8       0
                text15                              438      438       41        8       0
                text14                              2EF      2EF       66        8       0
                text13                              355      355       5E        8       0
                text12                              5DA      5DA       10      B92       0
                text11                              479      479       37        8       0
                text10                              503      503       25        8       0
                text9                               528      528       1E        8       0
                text8                               4DA      4DA       29        8       0
                text7                               4B0      4B0       2A        8       0
                text6                               26B      26B       84        8       0
                text5                               57F      57F       1B        8       0
                text4                               563      563       1C        8       0
                text3                               5C9      5C9       11      B92       0
                text2                               602      602        8      BF4       0
                text1                                FD       FD       C1        8       0
                maintext                            3F6      3F6       42        8       0
                cstackBANK0                          20       20       27       20       1
                cstackCOMMON                         70       70        8       70       1
                clrtext                             5FA      5FA        8      BF4       0
                bssBANK0                             47       47       1B       20       1
                bssCOMMON                            78       78        3       70       1
                nvBANK0                              62       62        4       20       1
                strings                             5B5      5B5       14      B6A       0

TOTAL           Name                               Link     Load   Length     Space
        CLASS   STACK          

        CLASS   CODE           
                end_init                              C        C        1         0
                cinit                                 D        D        A         0
                intentry                              4        4        8         0
                reset_vec                             0        0        1         0
                text21                              1BE      1BE       AD         0
                text20                              546      546       1D         0
                text19                              60A      60A        7         0
                text18                              59A      59A       1B         0
                text17                              3B3      3B3       43         0
                text16                               17       17       E6         0
                text15                              438      438       41         0
                text14                              2EF      2EF       66         0
                text13                              355      355       5E         0
                text12                              5DA      5DA       10         0
                text11                              479      479       37         0
                text10                              503      503       25         0
                text9                               528      528       1E         0
                text8                               4DA      4DA       29         0
                text7                               4B0      4B0       2A         0
                text6                               26B      26B       84         0
                text5                               57F      57F       1B         0
                text4                               563      563       1C         0
                text3                               5C9      5C9       11         0
                text2                               602      602        8         0
                text1                                FD       FD       C1         0
                maintext                            3F6      3F6       42         0
                clrtext                             5FA      5FA        8         0

        CLASS   STRCODE        

        CLASS   STRING         
                strings                             5B5      5B5       14         0

        CLASS   CONST          
                swtext1                             5EA      5EA       10         0

        CLASS   ENTRY          

        CLASS   COMMON         
                cstackCOMMON                         70       70        8         1
                bssCOMMON                            78       78        3         1

        CLASS   BANK0          
                cstackBANK0                          20       20       27         1
                bssBANK0                             47       47       1B         1
                nvBANK0                              62       62        4         1

        CLASS   BANK1          

        CLASS   RAM            

        CLASS   ABS1           
                abs_s1                               7E       7E        2         1

        CLASS   SFR0           

        CLASS   SFR1           

        CLASS   CONFIG         

        CLASS   IDLOC          

        CLASS   EEDATA         



SEGMENTS        Name                           Load    Length   Top    Selector   Space  Class     Delta

                reset_vec                      000000  000001  000001         0       0  CODE        2
                intentry                       000004  0005B1  0005B5         8       0  CODE        2
                cstackBANK0                    000020  000046  000066        20       1  BANK0       1
                cstackCOMMON                   000070  00000B  00007B        70       1  COMMON      1
                strings                        0005B5  000014  0005C9       B6A       0  STRING      2
                text3                          0005C9  000021  0005EA       B92       0  CODE        2
                swtext1                        0005EA  000010  0005FA       BD4       0  CONST       2
                clrtext                        0005FA  000017  000611       BF4       0  CODE        2


UNUSED ADDRESS RANGES

        Name                Unused          Largest block    Delta
        BANK0            066-06F             A           1
        BANK1            0A0-0EF            50           1
        CODE             001-003             3           2
                         611-7FF           1EF
        COMMON           07B-07D             3           1
        CONFIG           2007-2008             2           2
        CONST            001-003             3           2
                         611-7FF            EF
        ENTRY            001-003             3           2
                         611-7FF            EF
        IDLOC            2000-2003             4           2
        RAM              066-06F             A           1
                         0A0-0EF            50
        SFR0             000-01F            20           1
        SFR1             080-09F            20           1
        STACK            0A0-0EF            50           1
        STRCODE          001-003             3           2
                         611-7FF           1EF
        STRING           001-003             3           2
                         611-7FF            EF

                                  Symbol Table

?___ftdiv                cstackBANK0  026
?___ftpack               cstackCOMMON 073
?___fttol                cstackBANK0  035
?___lwdiv                cstackCOMMON 073
?___lwtoft               cstackBANK0  023
ADC_Sample@ad_temp       cstackBANK0  02B
ADC_Sample@adch          cstackBANK0  021
ADC_Sample@adldo         cstackCOMMON 073
ADC_Sample@admax         cstackBANK0  029
ADC_Sample@admin         cstackBANK0  027
ADC_Sample@adsum         cstackBANK0  023
ADC_Sample@i             cstackBANK0  022
ADC_Sample@j             cstackBANK0  020
PL10                     text21       261
PL12                     text21       266
PL14                     text15       474
PL16                     text16       0F8
PL18                     text14       351
PL2                      text16       0E0
PL4                      text17       3EC
PL6                      text16       0EF
PL8                      text13       3AC
_ADCON0                  (abs)        095
_ADCON1                  (abs)        096
_ADC_Sample              text16       017
_ADRESH                  (abs)        099
_ADRESL                  (abs)        098
_AD_Init                 text19       60A
_ANSEL0                  (abs)        093
_ANSEL1                  (abs)        094
_CHS4                    (abs)        4B6
_GIE                     (abs)        05F
_GODONE                  (abs)        4A9
_INTCON                  (abs)        00B
_IOCA                    (abs)        089
_IOCB                    (abs)        009
_Init_System             text18       59A
_IntFlag                 bssBANK0     05C
_Isr_Timer               text20       546
_LDO_EN                  (abs)        4B2
_OPTION_REG              (abs)        001
_OSCCON                  (abs)        014
_PEIE                    (abs)        05E
_PIE1                    (abs)        00E
_PIR1                    (abs)        00D
_PORTA                   (abs)        086
_PORTB                   (abs)        006
_PR2                     (abs)        011
_PWM23DT                 (abs)        09D
_PWMCON0                 (abs)        015
_PWMCON1                 (abs)        016
_PWMCON2                 (abs)        01D
_PWMD23H                 (abs)        09E
_PWMD2L                  (abs)        09B
_PWMTH                   (abs)        018
_PWMTL                   (abs)        017
_RA2                     (abs)        432
_RA3                     (abs)        433
_RA4                     (abs)        434
_RA5                     (abs)        435
_RAIE                    (abs)        073
_RAIF                    (abs)        06B
_RB0                     (abs)        030
_RB1                     (abs)        031
_RB3                     (abs)        033
_RB4                     (abs)        034
_RBIE                    (abs)        05B
_RBIF                    (abs)        058
_Sleep_Mode              text17       3B3
_T2CON                   (abs)        013
_TMR2IE                  (abs)        071
_TMR2IF                  (abs)        069
_TRISA                   (abs)        085
_TRISB                   (abs)        005
_WPDA                    (abs)        087
_WPUA                    (abs)        088
_WPUB                    (abs)        008
__Habs1                  abs1         000
__Hbank0                 bank0        000
__Hbank1                 bank1        000
__HbssBANK0              bssBANK0     000
__HbssCOMMON             bssCOMMON    000
__Hcinit                 cinit        017
__Hclrtext               clrtext      000
__Hcode                  code         000
__Hcommon                common       000
__Hconfig                config       000
__HcstackBANK0           cstackBANK0  000
__HcstackCOMMON          cstackCOMMON 000
__Heeprom_data           eeprom_data  000
__Hend_init              end_init     00D
__Hfunctab               functab      000
__Hidloc                 idloc        000
__Hinit                  init         00C
__Hintentry              intentry     00C
__Hmaintext              maintext     000
__HnvBANK0               nvBANK0      000
__Hpa_nodes0             pa_nodes0    000
__Hpowerup               powerup      000
__Hram                   ram          000
__Hreset_vec             reset_vec    001
__Hsfr0                  sfr0         000
__Hsfr1                  sfr1         000
__Hspace_0               (abs)        611
__Hspace_1               (abs)        07B
__Hspace_2               (abs)        000
__Hspace_3               (abs)        000
__Hstack                 stack        000
__Hstrings               strings      000
__Htext                  text         000
__Labs1                  abs1         000
__Lbank0                 bank0        000
__Lbank1                 bank1        000
__LbssBANK0              bssBANK0     000
__LbssCOMMON             bssCOMMON    000
__Lcinit                 cinit        00D
__Lclrtext               clrtext      000
__Lcode                  code         000
__Lcommon                common       000
__Lconfig                config       000
__LcstackBANK0           cstackBANK0  000
__LcstackCOMMON          cstackCOMMON 000
__Leeprom_data           eeprom_data  000
__Lend_init              end_init     00C
__Lfunctab               functab      000
__Lidloc                 idloc        000
__Linit                  init         00C
__Lintentry              intentry     004
__Lmaintext              maintext     000
__LnvBANK0               nvBANK0      000
__Lpa_nodes0             pa_nodes0    000
__Lpowerup               powerup      000
__Lram                   ram          000
__Lreset_vec             reset_vec    000
__Lsfr0                  sfr0         000
__Lsfr1                  sfr1         000
__Lspace_0               (abs)        000
__Lspace_1               (abs)        000
__Lspace_2               (abs)        000
__Lspace_3               (abs)        000
__Lstack                 stack        000
__Lstrings               strings      000
__Ltext                  text         000
__S0                     (abs)        611
__S1                     (abs)        07B
__S2                     (abs)        000
___ftdiv                 text14       2EF
___ftdiv@cntr            cstackBANK0  02F
___ftdiv@exp             cstackBANK0  033
___ftdiv@f1              cstackBANK0  029
___ftdiv@f2              cstackBANK0  026
___ftdiv@f3              cstackBANK0  030
___ftdiv@sign            cstackBANK0  034
___ftpack                text15       438
___ftpack@arg            cstackCOMMON 073
___ftpack@exp            cstackCOMMON 076
___ftpack@sign           cstackCOMMON 077
___fttol                 text13       355
___fttol@exp1            cstackBANK0  041
___fttol@f1              cstackBANK0  035
___fttol@lval            cstackBANK0  03D
___fttol@sign1           cstackBANK0  03C
___int_sp                stack        000
___latbits               (abs)        000
___lbdiv                 text5        57F
___lbdiv@counter         cstackCOMMON 075
___lbdiv@dividend        cstackCOMMON 074
___lbdiv@divisor         cstackCOMMON 073
___lbdiv@quotient        cstackCOMMON 076
___lbmod                 text4        563
___lbmod@counter         cstackCOMMON 076
___lbmod@dividend        cstackCOMMON 075
___lbmod@divisor         cstackCOMMON 073
___lbmod@rem             cstackCOMMON 077
___lwdiv                 text7        4B0
___lwdiv@counter         cstackBANK0  020
___lwdiv@dividend        cstackCOMMON 075
___lwdiv@divisor         cstackCOMMON 073
___lwdiv@quotient        cstackBANK0  021
___lwtoft                text12       5DA
___lwtoft@c              cstackBANK0  023
___sp                    stack        000
__end_ofPL10             text21       266
__end_ofPL12             text21       26B
__end_ofPL14             text15       479
__end_ofPL16             text16       0FD
__end_ofPL18             text14       355
__end_ofPL2              text16       0EF
__end_ofPL4              text17       3F6
__end_ofPL6              text16       0F8
__end_ofPL8              text13       3B3
__end_of_ADC_Sample      text16       0E0
__end_of_AD_Init         text19       611
__end_of_Init_System     text18       5B5
__end_of_Isr_Timer       text20       563
__end_of_Sleep_Mode      text17       3EC
__end_of___ftdiv         text14       351
__end_of___ftpack        text15       474
__end_of___fttol         text13       3AC
__end_of___lbdiv         text5        59A
__end_of___lbmod         text4        57F
__end_of___lwdiv         text7        4DA
__end_of___lwtoft        text12       5EA
__end_of__initialization cinit        015
__end_of__stringtab      strings      5BB
__end_of_checkBatAD      text11       4B0
__end_of_chrgCtr         text10       528
__end_of_keyCtr          text8        503
__end_of_keyRead         text9        546
__end_of_ledShow         text21       261
__end_of_main            maintext     438
__end_of_numArray        strings      5C9
__end_of_pwmInit         text3        5DA
__end_of_pwmStop         text2        60A
__end_of_setBatStep      text6        2EF
__end_of_workCtr         text1        1BE
__initialization         cinit        00D
__pbssBANK0              bssBANK0     047
__pbssCOMMON             bssCOMMON    078
__pcstackBANK0           cstackBANK0  020
__pcstackCOMMON          cstackCOMMON 070
__pintentry              intentry     004
__pmaintext              maintext     3F6
__pnvBANK0               nvBANK0      062
__pstrings               strings      5B5
__pswtext1               swtext1      5EA
__ptext1                 text1        0FD
__ptext10                text10       503
__ptext11                text11       479
__ptext12                text12       5DA
__ptext13                text13       355
__ptext14                text14       2EF
__ptext15                text15       438
__ptext16                text16       017
__ptext17                text17       3B3
__ptext18                text18       59A
__ptext19                text19       60A
__ptext2                 text2        602
__ptext20                text20       546
__ptext21                text21       1BE
__ptext3                 text3        5C9
__ptext4                 text4        563
__ptext5                 text5        57F
__ptext6                 text6        26B
__ptext7                 text7        4B0
__ptext8                 text8        4DA
__ptext9                 text9        528
__size_of_ADC_Sample     (abs)        000
__size_of_AD_Init        (abs)        000
__size_of_Init_System    (abs)        000
__size_of_Isr_Timer      (abs)        000
__size_of_Sleep_Mode     (abs)        000
__size_of___ftdiv        (abs)        000
__size_of___ftpack       (abs)        000
__size_of___fttol        (abs)        000
__size_of___lbdiv        (abs)        000
__size_of___lbmod        (abs)        000
__size_of___lwdiv        (abs)        000
__size_of___lwtoft       (abs)        000
__size_of_checkBatAD     (abs)        000
__size_of_chrgCtr        (abs)        000
__size_of_keyCtr         (abs)        000
__size_of_keyRead        (abs)        000
__size_of_ledShow        (abs)        000
__size_of_main           (abs)        000
__size_of_pwmInit        (abs)        000
__size_of_pwmStop        (abs)        000
__size_of_setBatStep     (abs)        000
__size_of_workCtr        (abs)        000
__stringbase             strings      5BA
__stringtab              strings      5B5
_adresult                bssBANK0     060
_baiweiNum               nvBANK0      062
_checkBatAD              text11       479
_chrgCtr                 text10       503
_chrgFlag                bssCOMMON    07A
_count1s                 bssBANK0     05D
_count30s                bssBANK0     047
_count900s               bssBANK0     049
_curBatStep              bssBANK0     052
_firstTime               nvBANK0      065
_geweiNum                nvBANK0      063
_intCount                bssBANK0     05E
_intCount10              bssBANK0     05B
_keyCount                bssBANK0     059
_keyCtr                  text8        4DA
_keyRead                 text9        528
_ledCnt                  bssBANK0     05A
_ledCntTime              bssBANK0     056
_ledShow                 text21       1BE
_longPressFlag           bssBANK0     058
_lowBatFlag              bssBANK0     055
_lowBatTime              bssBANK0     051
_lowShanTime             bssBANK0     04B
_main                    maintext     3F6
_motorPwmFlag            bssBANK0     053
_numArray                strings      5BB
_power_ad                bssBANK0     04D
_pwmInit                 text3        5C9
_pwmStop                 text2        602
_result                  bssBANK0     04F
_setBatStep              text6        26B
_shiweiNum               nvBANK0      064
_showBatStep             bssCOMMON    078
_showBatTime             bssBANK0     057
_sleepTime               bssBANK0     054
_test_adc                bssBANK0     05F
_workCtr                 text1        0FD
_workStep                bssCOMMON    079
btemp                    (abs)        07E
checkBatAD@power_temp    cstackBANK0  043
clear_ram0               clrtext      5FA
end_of_initialization    cinit        015
interrupt_function       intentry     004
intlevel0                functab      000
intlevel1                functab      000
intlevel2                functab      000
intlevel3                functab      000
intlevel4                functab      000
intlevel5                functab      000
keyCtr@kclick            cstackCOMMON 074
keyRead@keyStatus        cstackCOMMON 073
reset_vec                reset_vec    000
saved_w                  (abs)        07E
stackhi                  (abs)        000
stacklo                  (abs)        000
start                    init         00C
start_initialization     cinit        00D
wtemp0                   (abs)        07E


FUNCTION INFORMATION:

 *************** function _main *****************
 Defined at:
		line 118 in file "C:\mcuproject\scm\zdt\D30_062B_SOP14\main.c"
 Parameters:    Size  Location     Type
		None
 Auto vars:     Size  Location     Type
		None
 Return value:  Size  Location     Type
                  1    wreg      void 
 Registers used:
		wreg, fsr0l, fsr0h, status,2, status,0, pclath, cstack
 Tracked objects:
		On entry : 
		On exit  : 
		Unchanged: 
 Data sizes:     COMMON   BANK0   BANK1
      Params:         0       0       0
      Locals:         0       0       0
      Temps:          0       0       0
      Totals:         0       0       0
Total ram usage:        0 bytes
 Hardware stack levels required when called:    5
 This function calls:
		_AD_Init
		_Init_System
		_Sleep_Mode
		_checkBatAD
		_chrgCtr
		_keyCtr
		_setBatStep
		_workCtr
 This function is called by:
		Startup code after reset
 This function uses a non-reentrant model


 *************** function _workCtr *****************
 Defined at:
		line 447 in file "C:\mcuproject\scm\zdt\D30_062B_SOP14\main.c"
 Parameters:    Size  Location     Type
		None
 Auto vars:     Size  Location     Type
		None
 Return value:  Size  Location     Type
                  1    wreg      void 
 Registers used:
		wreg, fsr0l, fsr0h, status,2, status,0, pclath, cstack
 Tracked objects:
		On entry : 
		On exit  : 
		Unchanged: 
 Data sizes:     COMMON   BANK0   BANK1
      Params:         0       0       0
      Locals:         0       0       0
      Temps:          0       0       0
      Totals:         0       0       0
Total ram usage:        0 bytes
 Hardware stack levels used:    1
 Hardware stack levels required when called:    3
 This function calls:
		___lbdiv
		___lbmod
		_pwmInit
		_pwmStop
 This function is called by:
		_main
 This function uses a non-reentrant model


 *************** function _pwmStop *****************
 Defined at:
		line 758 in file "C:\mcuproject\scm\zdt\D30_062B_SOP14\main.c"
 Parameters:    Size  Location     Type
		None
 Auto vars:     Size  Location     Type
		None
 Return value:  Size  Location     Type
                  1    wreg      void 
 Registers used:
		wreg, status,2, status,0
 Tracked objects:
		On entry : 
		On exit  : 
		Unchanged: 
 Data sizes:     COMMON   BANK0   BANK1
      Params:         0       0       0
      Locals:         0       0       0
      Temps:          0       0       0
      Totals:         0       0       0
Total ram usage:        0 bytes
 Hardware stack levels used:    1
 Hardware stack levels required when called:    2
 This function calls:
		Nothing
 This function is called by:
		_workCtr
 This function uses a non-reentrant model


 *************** function _pwmInit *****************
 Defined at:
		line 742 in file "C:\mcuproject\scm\zdt\D30_062B_SOP14\main.c"
 Parameters:    Size  Location     Type
		None
 Auto vars:     Size  Location     Type
		None
 Return value:  Size  Location     Type
                  1    wreg      void 
 Registers used:
		wreg, status,2
 Tracked objects:
		On entry : 
		On exit  : 
		Unchanged: 
 Data sizes:     COMMON   BANK0   BANK1
      Params:         0       0       0
      Locals:         0       0       0
      Temps:          0       0       0
      Totals:         0       0       0
Total ram usage:        0 bytes
 Hardware stack levels used:    1
 Hardware stack levels required when called:    2
 This function calls:
		Nothing
 This function is called by:
		_workCtr
 This function uses a non-reentrant model


 *************** function ___lbmod *****************
 Defined at:
		line 4 in file "C:\mcuproject\scm\SCMCU_IDE_V2.00.16_Beta5\SCMCU_IDE_V2.00.16_Beta5\data\sources\common\lbmod.c"
 Parameters:    Size  Location     Type
  dividend        1    wreg     unsigned char 
  divisor         1    3[COMMON] unsigned char 
 Auto vars:     Size  Location     Type
  dividend        1    5[COMMON] unsigned char 
  rem             1    7[COMMON] unsigned char 
  counter         1    6[COMMON] unsigned char 
 Return value:  Size  Location     Type
                  1    wreg      unsigned char 
 Registers used:
		wreg, status,2, status,0
 Tracked objects:
		On entry : 
		On exit  : 
		Unchanged: 
 Data sizes:     COMMON   BANK0   BANK1
      Params:         1       0       0
      Locals:         3       0       0
      Temps:          1       0       0
      Totals:         5       0       0
Total ram usage:        5 bytes
 Hardware stack levels used:    1
 Hardware stack levels required when called:    2
 This function calls:
		Nothing
 This function is called by:
		_workCtr
 This function uses a non-reentrant model


 *************** function ___lbdiv *****************
 Defined at:
		line 4 in file "C:\mcuproject\scm\SCMCU_IDE_V2.00.16_Beta5\SCMCU_IDE_V2.00.16_Beta5\data\sources\common\lbdiv.c"
 Parameters:    Size  Location     Type
  dividend        1    wreg     unsigned char 
  divisor         1    3[COMMON] unsigned char 
 Auto vars:     Size  Location     Type
  dividend        1    4[COMMON] unsigned char 
  quotient        1    6[COMMON] unsigned char 
  counter         1    5[COMMON] unsigned char 
 Return value:  Size  Location     Type
                  1    wreg      unsigned char 
 Registers used:
		wreg, status,2, status,0
 Tracked objects:
		On entry : 
		On exit  : 
		Unchanged: 
 Data sizes:     COMMON   BANK0   BANK1
      Params:         1       0       0
      Locals:         3       0       0
      Temps:          0       0       0
      Totals:         4       0       0
Total ram usage:        4 bytes
 Hardware stack levels used:    1
 Hardware stack levels required when called:    2
 This function calls:
		Nothing
 This function is called by:
		_workCtr
 This function uses a non-reentrant model


 *************** function _setBatStep *****************
 Defined at:
		line 545 in file "C:\mcuproject\scm\zdt\D30_062B_SOP14\main.c"
 Parameters:    Size  Location     Type
		None
 Auto vars:     Size  Location     Type
		None
 Return value:  Size  Location     Type
                  1    wreg      void 
 Registers used:
		wreg, status,2, status,0, pclath, cstack
 Tracked objects:
		On entry : 
		On exit  : 
		Unchanged: 
 Data sizes:     COMMON   BANK0   BANK1
      Params:         0       0       0
      Locals:         0       0       0
      Temps:          0       0       0
      Totals:         0       0       0
Total ram usage:        0 bytes
 Hardware stack levels used:    1
 Hardware stack levels required when called:    3
 This function calls:
		___lwdiv
 This function is called by:
		_main
 This function uses a non-reentrant model


 *************** function ___lwdiv *****************
 Defined at:
		line 6 in file "C:\mcuproject\scm\SCMCU_IDE_V2.00.16_Beta5\SCMCU_IDE_V2.00.16_Beta5\data\sources\common\lwdiv.c"
 Parameters:    Size  Location     Type
  divisor         2    3[COMMON] unsigned int 
  dividend        2    5[COMMON] unsigned int 
 Auto vars:     Size  Location     Type
  quotient        2    1[BANK0 ] unsigned int 
  counter         1    0[BANK0 ] unsigned char 
 Return value:  Size  Location     Type
                  2    3[COMMON] unsigned int 
 Registers used:
		wreg, status,2, status,0
 Tracked objects:
		On entry : 
		On exit  : 
		Unchanged: 
 Data sizes:     COMMON   BANK0   BANK1
      Params:         4       0       0
      Locals:         0       3       0
      Temps:          0       0       0
      Totals:         4       3       0
Total ram usage:        7 bytes
 Hardware stack levels used:    1
 Hardware stack levels required when called:    2
 This function calls:
		Nothing
 This function is called by:
		_setBatStep
 This function uses a non-reentrant model


 *************** function _keyCtr *****************
 Defined at:
		line 408 in file "C:\mcuproject\scm\zdt\D30_062B_SOP14\main.c"
 Parameters:    Size  Location     Type
		None
 Auto vars:     Size  Location     Type
  kclick          1    4[COMMON] unsigned char 
 Return value:  Size  Location     Type
                  1    wreg      void 
 Registers used:
		wreg, status,2, status,0, pclath, cstack
 Tracked objects:
		On entry : 
		On exit  : 
		Unchanged: 
 Data sizes:     COMMON   BANK0   BANK1
      Params:         0       0       0
      Locals:         1       0       0
      Temps:          0       0       0
      Totals:         1       0       0
Total ram usage:        1 bytes
 Hardware stack levels used:    1
 Hardware stack levels required when called:    3
 This function calls:
		_keyRead
 This function is called by:
		_main
 This function uses a non-reentrant model


 *************** function _keyRead *****************
 Defined at:
		line 373 in file "C:\mcuproject\scm\zdt\D30_062B_SOP14\main.c"
 Parameters:    Size  Location     Type
  keyStatus       1    wreg     unsigned char 
 Auto vars:     Size  Location     Type
  keyStatus       1    3[COMMON] unsigned char 
 Return value:  Size  Location     Type
                  1    wreg      unsigned char 
 Registers used:
		wreg, status,2, status,0
 Tracked objects:
		On entry : 
		On exit  : 
		Unchanged: 
 Data sizes:     COMMON   BANK0   BANK1
      Params:         0       0       0
      Locals:         1       0       0
      Temps:          0       0       0
      Totals:         1       0       0
Total ram usage:        1 bytes
 Hardware stack levels used:    1
 Hardware stack levels required when called:    2
 This function calls:
		Nothing
 This function is called by:
		_keyCtr
 This function uses a non-reentrant model


 *************** function _chrgCtr *****************
 Defined at:
		line 332 in file "C:\mcuproject\scm\zdt\D30_062B_SOP14\main.c"
 Parameters:    Size  Location     Type
		None
 Auto vars:     Size  Location     Type
		None
 Return value:  Size  Location     Type
                  1    wreg      void 
 Registers used:
		wreg, status,2, status,0
 Tracked objects:
		On entry : 
		On exit  : 
		Unchanged: 
 Data sizes:     COMMON   BANK0   BANK1
      Params:         0       0       0
      Locals:         0       0       0
      Temps:          0       0       0
      Totals:         0       0       0
Total ram usage:        0 bytes
 Hardware stack levels used:    1
 Hardware stack levels required when called:    2
 This function calls:
		Nothing
 This function is called by:
		_main
 This function uses a non-reentrant model


 *************** function _checkBatAD *****************
 Defined at:
		line 621 in file "C:\mcuproject\scm\zdt\D30_062B_SOP14\main.c"
 Parameters:    Size  Location     Type
		None
 Auto vars:     Size  Location     Type
  power_temp      4   35[BANK0 ] volatile unsigned long 
 Return value:  Size  Location     Type
                  1    wreg      void 
 Registers used:
		wreg, status,2, status,0, pclath, cstack
 Tracked objects:
		On entry : 
		On exit  : 
		Unchanged: 
 Data sizes:     COMMON   BANK0   BANK1
      Params:         0       0       0
      Locals:         0       4       0
      Temps:          0       1       0
      Totals:         0       5       0
Total ram usage:        5 bytes
 Hardware stack levels used:    1
 Hardware stack levels required when called:    4
 This function calls:
		_ADC_Sample
		___ftdiv
		___fttol
		___lwtoft
 This function is called by:
		_main
 This function uses a non-reentrant model


 *************** function ___lwtoft *****************
 Defined at:
		line 28 in file "C:\mcuproject\scm\SCMCU_IDE_V2.00.16_Beta5\SCMCU_IDE_V2.00.16_Beta5\data\sources\common\lwtoft.c"
 Parameters:    Size  Location     Type
  c               2    3[BANK0 ] unsigned int 
 Auto vars:     Size  Location     Type
		None
 Return value:  Size  Location     Type
                  3    3[BANK0 ] float 
 Registers used:
		wreg, status,2, status,0, pclath, cstack
 Tracked objects:
		On entry : 
		On exit  : 
		Unchanged: 
 Data sizes:     COMMON   BANK0   BANK1
      Params:         0       3       0
      Locals:         0       0       0
      Temps:          0       0       0
      Totals:         0       3       0
Total ram usage:        3 bytes
 Hardware stack levels used:    1
 Hardware stack levels required when called:    3
 This function calls:
		___ftpack
 This function is called by:
		_checkBatAD
 This function uses a non-reentrant model


 *************** function ___fttol *****************
 Defined at:
		line 44 in file "C:\mcuproject\scm\SCMCU_IDE_V2.00.16_Beta5\SCMCU_IDE_V2.00.16_Beta5\data\sources\common\fttol.c"
 Parameters:    Size  Location     Type
  f1              3   21[BANK0 ] float 
 Auto vars:     Size  Location     Type
  lval            4   29[BANK0 ] unsigned long 
  exp1            1   33[BANK0 ] unsigned char 
  sign1           1   28[BANK0 ] unsigned char 
 Return value:  Size  Location     Type
                  4   21[BANK0 ] long 
 Registers used:
		wreg, status,2, status,0
 Tracked objects:
		On entry : 
		On exit  : 
		Unchanged: 
 Data sizes:     COMMON   BANK0   BANK1
      Params:         0       4       0
      Locals:         0       6       0
      Temps:          0       3       0
      Totals:         0      13       0
Total ram usage:       13 bytes
 Hardware stack levels used:    1
 Hardware stack levels required when called:    2
 This function calls:
		Nothing
 This function is called by:
		_checkBatAD
 This function uses a non-reentrant model


 *************** function ___ftdiv *****************
 Defined at:
		line 56 in file "C:\mcuproject\scm\SCMCU_IDE_V2.00.16_Beta5\SCMCU_IDE_V2.00.16_Beta5\data\sources\common\ftdiv.c"
 Parameters:    Size  Location     Type
  f2              3    6[BANK0 ] float 
  f1              3    9[BANK0 ] float 
 Auto vars:     Size  Location     Type
  f3              3   16[BANK0 ] float 
  sign            1   20[BANK0 ] unsigned char 
  exp             1   19[BANK0 ] unsigned char 
  cntr            1   15[BANK0 ] unsigned char 
 Return value:  Size  Location     Type
                  3    6[BANK0 ] float 
 Registers used:
		wreg, status,2, status,0, pclath, cstack
 Tracked objects:
		On entry : 
		On exit  : 
		Unchanged: 
 Data sizes:     COMMON   BANK0   BANK1
      Params:         0       6       0
      Locals:         0       6       0
      Temps:          0       3       0
      Totals:         0      15       0
Total ram usage:       15 bytes
 Hardware stack levels used:    1
 Hardware stack levels required when called:    3
 This function calls:
		___ftpack
 This function is called by:
		_checkBatAD
 This function uses a non-reentrant model


 *************** function ___ftpack *****************
 Defined at:
		line 62 in file "C:\mcuproject\scm\SCMCU_IDE_V2.00.16_Beta5\SCMCU_IDE_V2.00.16_Beta5\data\sources\common\float.c"
 Parameters:    Size  Location     Type
  arg             3    3[COMMON] unsigned um
  exp             1    6[COMMON] unsigned char 
  sign            1    7[COMMON] unsigned char 
 Auto vars:     Size  Location     Type
		None
 Return value:  Size  Location     Type
                  3    3[COMMON] float 
 Registers used:
		wreg, status,2, status,0
 Tracked objects:
		On entry : 
		On exit  : 
		Unchanged: 
 Data sizes:     COMMON   BANK0   BANK1
      Params:         5       0       0
      Locals:         0       0       0
      Temps:          0       3       0
      Totals:         5       3       0
Total ram usage:        8 bytes
 Hardware stack levels used:    1
 Hardware stack levels required when called:    2
 This function calls:
		Nothing
 This function is called by:
		___ftdiv
		___lwtoft
 This function uses a non-reentrant model


 *************** function _ADC_Sample *****************
 Defined at:
		line 853 in file "C:\mcuproject\scm\zdt\D30_062B_SOP14\main.c"
 Parameters:    Size  Location     Type
  adch            1    wreg     unsigned char 
  adldo           1    3[COMMON] unsigned char 
 Auto vars:     Size  Location     Type
  adch            1    1[BANK0 ] unsigned char 
  j               1    0[BANK0 ] unsigned char 
  adsum           4    3[BANK0 ] volatile unsigned long 
  ad_temp         2   11[BANK0 ] volatile unsigned int 
  admax           2    9[BANK0 ] volatile unsigned int 
  admin           2    7[BANK0 ] volatile unsigned int 
  i               1    2[BANK0 ] unsigned char 
 Return value:  Size  Location     Type
                  1    wreg      unsigned char 
 Registers used:
		wreg, status,2, status,0
 Tracked objects:
		On entry : 
		On exit  : 
		Unchanged: 
 Data sizes:     COMMON   BANK0   BANK1
      Params:         1       0       0
      Locals:         0      13       0
      Temps:          4       0       0
      Totals:         5      13       0
Total ram usage:       18 bytes
 Hardware stack levels used:    1
 Hardware stack levels required when called:    2
 This function calls:
		Nothing
 This function is called by:
		_checkBatAD
 This function uses a non-reentrant model


 *************** function _Sleep_Mode *****************
 Defined at:
		line 776 in file "C:\mcuproject\scm\zdt\D30_062B_SOP14\main.c"
 Parameters:    Size  Location     Type
		None
 Auto vars:     Size  Location     Type
		None
 Return value:  Size  Location     Type
                  1    wreg      void 
 Registers used:
		wreg, status,2, status,0, pclath, cstack
 Tracked objects:
		On entry : 
		On exit  : 
		Unchanged: 
 Data sizes:     COMMON   BANK0   BANK1
      Params:         0       0       0
      Locals:         0       0       0
      Temps:          0       0       0
      Totals:         0       0       0
Total ram usage:        0 bytes
 Hardware stack levels used:    1
 Hardware stack levels required when called:    3
 This function calls:
		_AD_Init
		_Init_System
 This function is called by:
		_main
 This function uses a non-reentrant model


 *************** function _Init_System *****************
 Defined at:
		line 649 in file "C:\mcuproject\scm\zdt\D30_062B_SOP14\main.c"
 Parameters:    Size  Location     Type
		None
 Auto vars:     Size  Location     Type
		None
 Return value:  Size  Location     Type
                  1    wreg      void 
 Registers used:
		wreg, status,2
 Tracked objects:
		On entry : 
		On exit  : 
		Unchanged: 
 Data sizes:     COMMON   BANK0   BANK1
      Params:         0       0       0
      Locals:         0       0       0
      Temps:          0       0       0
      Totals:         0       0       0
Total ram usage:        0 bytes
 Hardware stack levels used:    1
 Hardware stack levels required when called:    2
 This function calls:
		Nothing
 This function is called by:
		_main
		_Sleep_Mode
 This function uses a non-reentrant model


 *************** function _AD_Init *****************
 Defined at:
		line 686 in file "C:\mcuproject\scm\zdt\D30_062B_SOP14\main.c"
 Parameters:    Size  Location     Type
		None
 Auto vars:     Size  Location     Type
		None
 Return value:  Size  Location     Type
                  1    wreg      void 
 Registers used:
		wreg, status,2
 Tracked objects:
		On entry : 
		On exit  : 
		Unchanged: 
 Data sizes:     COMMON   BANK0   BANK1
      Params:         0       0       0
      Locals:         0       0       0
      Temps:          0       0       0
      Totals:         0       0       0
Total ram usage:        0 bytes
 Hardware stack levels used:    1
 Hardware stack levels required when called:    2
 This function calls:
		Nothing
 This function is called by:
		_main
		_Sleep_Mode
 This function uses a non-reentrant model


 *************** function _Isr_Timer *****************
 Defined at:
		line 94 in file "C:\mcuproject\scm\zdt\D30_062B_SOP14\main.c"
 Parameters:    Size  Location     Type
		None
 Auto vars:     Size  Location     Type
		None
 Return value:  Size  Location     Type
                  1    wreg      void 
 Registers used:
		wreg, fsr0l, fsr0h, status,2, status,0, pclath, cstack
 Tracked objects:
		On entry : 
		On exit  : 
		Unchanged: 
 Data sizes:     COMMON   BANK0   BANK1
      Params:         0       0       0
      Locals:         0       0       0
      Temps:          3       0       0
      Totals:         3       0       0
Total ram usage:        3 bytes
 Hardware stack levels used:    1
 Hardware stack levels required when called:    1
 This function calls:
		_ledShow
 This function is called by:
		Interrupt level 1
 This function uses a non-reentrant model


 *************** function _ledShow *****************
 Defined at:
		line 160 in file "C:\mcuproject\scm\zdt\D30_062B_SOP14\main.c"
 Parameters:    Size  Location     Type
		None
 Auto vars:     Size  Location     Type
		None
 Return value:  Size  Location     Type
                  1    wreg      void 
 Registers used:
		wreg, fsr0l, fsr0h, status,2, status,0
 Tracked objects:
		On entry : 
		On exit  : 
		Unchanged: 
 Data sizes:     COMMON   BANK0   BANK1
      Params:         0       0       0
      Locals:         0       0       0
      Temps:          0       0       0
      Totals:         0       0       0
Total ram usage:        0 bytes
 Hardware stack levels used:    1
 This function calls:
		Nothing
 This function is called by:
		_Isr_Timer
 This function uses a non-reentrant model



MODULE INFORMATION

Module		Function		Class		Link	Load	Size
C:\mcuproject\scm\SCMCU_IDE_V2.00.16_Beta5\SCMCU_IDE_V2.00.16_Beta5\data\sources\common\lwdiv.c
		___lwdiv       		CODE           	04B0	0000	43

C:\mcuproject\scm\SCMCU_IDE_V2.00.16_Beta5\SCMCU_IDE_V2.00.16_Beta5\data\sources\common\lwdiv.c estimated size: 43

C:\mcuproject\scm\SCMCU_IDE_V2.00.16_Beta5\SCMCU_IDE_V2.00.16_Beta5\data\sources\common\lwtoft.c
		___lwtoft      		CODE           	05DA	0000	17

C:\mcuproject\scm\SCMCU_IDE_V2.00.16_Beta5\SCMCU_IDE_V2.00.16_Beta5\data\sources\common\lwtoft.c estimated size: 17

C:\mcuproject\scm\SCMCU_IDE_V2.00.16_Beta5\SCMCU_IDE_V2.00.16_Beta5\data\sources\common\lbmod.c
		___lbmod       		CODE           	0563	0000	29

C:\mcuproject\scm\SCMCU_IDE_V2.00.16_Beta5\SCMCU_IDE_V2.00.16_Beta5\data\sources\common\lbmod.c estimated size: 29

C:\mcuproject\scm\SCMCU_IDE_V2.00.16_Beta5\SCMCU_IDE_V2.00.16_Beta5\data\sources\common\float.c
		___ftpack      		CODE           	0438	0000	61

C:\mcuproject\scm\SCMCU_IDE_V2.00.16_Beta5\SCMCU_IDE_V2.00.16_Beta5\data\sources\common\float.c estimated size: 61

C:\mcuproject\scm\SCMCU_IDE_V2.00.16_Beta5\SCMCU_IDE_V2.00.16_Beta5\data\sources\common\lbdiv.c
		___lbdiv       		CODE           	057F	0000	28

C:\mcuproject\scm\SCMCU_IDE_V2.00.16_Beta5\SCMCU_IDE_V2.00.16_Beta5\data\sources\common\lbdiv.c estimated size: 28

C:\mcuproject\scm\zdt\D30_062B_SOP14\main.c
		_checkBatAD    		CODE           	0479	0000	56
		_keyRead       		CODE           	0528	0000	31
		_Sleep_Mode    		CODE           	03B3	0000	58
		_main          		CODE           	03F6	0000	67
		_AD_Init       		CODE           	060A	0000	8
		_keyCtr        		CODE           	04DA	0000	42
		_pwmInit       		CODE           	05C9	0000	18
		_workCtr       		CODE           	00FD	0000	194
		_ledShow       		CODE           	01BE	0000	164
		_pwmStop       		CODE           	0602	0000	9
		_setBatStep    		CODE           	026B	0000	133
		_Init_System   		CODE           	059A	0000	28
		_ADC_Sample    		CODE           	0017	0000	202
		_Isr_Timer     		CODE           	0546	0000	30
		_chrgCtr       		CODE           	0503	0000	38

C:\mcuproject\scm\zdt\D30_062B_SOP14\main.c estimated size: 1078

shared
		PL12           		CODE           	0266	0000	6
		PL8            		CODE           	03AC	0000	8
		PL14           		CODE           	0474	0000	6
		__stringtab    		STRING         	05B5	0000	7
		PL16           		CODE           	00F8	0000	6
		PL18           		CODE           	0351	0000	5
		__initialization		CODE           	000D	0000	9
		_numArray      		STRING         	05BB	0000	15
		PL2            		CODE           	00E0	0000	16
		PL10           		CODE           	0261	0000	6
		PL4            		CODE           	03EC	0000	11
		PL6            		CODE           	00EF	0000	10

shared estimated size: 105

C:\mcuproject\scm\SCMCU_IDE_V2.00.16_Beta5\SCMCU_IDE_V2.00.16_Beta5\data\sources\common\ftdiv.c
		___ftdiv       		CODE           	02EF	0000	99

C:\mcuproject\scm\SCMCU_IDE_V2.00.16_Beta5\SCMCU_IDE_V2.00.16_Beta5\data\sources\common\ftdiv.c estimated size: 99

C:\mcuproject\scm\SCMCU_IDE_V2.00.16_Beta5\SCMCU_IDE_V2.00.16_Beta5\data\sources\common\fttol.c
		___fttol       		CODE           	0355	0000	88

C:\mcuproject\scm\SCMCU_IDE_V2.00.16_Beta5\SCMCU_IDE_V2.00.16_Beta5\data\sources\common\fttol.c estimated size: 88

