Microchip MPLAB XC8 Compiler V1.45 ()

Linker command line:

-W-8 \
  --edf=H:\MyDownloads\IDE_RAR\SCMCU_IDE_V2.00.15_Beta8\data\dat\en_msgs.txt \
  -cs -h+EEPROM_Demo.sym --cmf=EEPROM_Demo.cmf -z -QSC8F083 \
  -oC:\Users\ADMINI~1\AppData\Local\Temp\s8es.2 -MEEPROM_Demo.map -E1 \
  -ver=XC8 -ASTACK=020h-06fh -pstack=STACK -p_tmp3_text=702h \
  -p_tmp1_text=700h -p_tmp4_text=703h -p_tmp2_text=701h -ACODE=00h-07FFhx2 \
  -ASTRCODE=00h-0FFFh -ASTRING=00h-0FFhx16 -ACONST=00h-0FFhx16 \
  -AENTRY=00h-0FFhx16 -ACOMMON=070h-07Fh -ABANK0=020h-06Fh \
  -ABANK1=0A0h-0EFh -ABANK2=0120h-016Fh \
  -ARAM=020h-06Fh,0A0h-0EFh,0120h-016Fh \
  -AABS1=020h-07Fh,0A0h-0EFh,0120h-016Fh -ASFR0=00h-01Fh -ASFR1=080h-09Fh \
  -ASFR2=0100h-011Fh -ASFR3=0180h-01EFh \
  -preset_vec=00h,intentry,init,end_init -ppowerup=CODE -pcinit=CODE \
  -pfunctab=ENTRY -ACONFIG=02007h-02008h -pconfig=CONFIG -DCONFIG=2 \
  -AIDLOC=02000h-02003h -pidloc=IDLOC -DIDLOC=2 -DCODE=2 -DSTRCODE=2 \
  -DSTRING=2 -DCONST=2 -DENTRY=2 -k startup.obj EEPROM_Demo.obj 

Object code version is 3.11

Machine type is SC8F083



                Name                               Link     Load   Length Selector   Space Scale
startup.obj     end_init                              0        0        2        0       0
EEPROM_Demo.obj cinit                               704      704        9      E06       0
                text3                               780      780       15      E06       0
                text2                               761      761       1F      E06       0
                text1                               795      795        E      E06       0
                maintext                            70D      70D       54      E06       0
                cstackCOMMON                         76       76        5       70       1
                bssCOMMON                            70       70        6       70       1
                nvCOMMON                             7B       7B        1       70       1
                _tmp1_text                          700      700        1      E00       0
                _tmp2_text                          701      701        1      E02       0
                _tmp3_text                          702      702        1      E04       0
                _tmp4_text                          703      703        1      E06       0

TOTAL           Name                               Link     Load   Length     Space
        CLASS   STACK          

        CLASS   CODE           
                end_init                              0        0        2         0
                cinit                               704      704        9         0
                text3                               780      780       15         0
                text2                               761      761       1F         0
                text1                               795      795        E         0
                maintext                            70D      70D       54         0
                _tmp1_text                          700      700        1         0
                _tmp2_text                          701      701        1         0
                _tmp3_text                          702      702        1         0
                _tmp4_text                          703      703        1         0

        CLASS   STRCODE        

        CLASS   STRING         

        CLASS   CONST          

        CLASS   ENTRY          

        CLASS   COMMON         
                cstackCOMMON                         76       76        5         1
                bssCOMMON                            70       70        6         1
                nvCOMMON                             7B       7B        1         1

        CLASS   BANK0          

        CLASS   BANK1          

        CLASS   BANK2          

        CLASS   RAM            

        CLASS   ABS1           
                abs_s1                               7E       7E        2         1

        CLASS   SFR0           

        CLASS   SFR1           

        CLASS   SFR2           

        CLASS   SFR3           

        CLASS   CONFIG         

        CLASS   IDLOC          

        CLASS   BANK3          

        CLASS   EEDATA         



SEGMENTS        Name                           Load    Length   Top    Selector   Space  Class     Delta

                reset_vec                      000000  000002  000002         0       0  CODE        2
                bssCOMMON                      000070  00000C  00007C        70       1  COMMON      1
                _tmp1_text                     000700  000001  000701       E00       0  CODE        2
                _tmp2_text                     000701  000001  000702       E02       0  CODE        2
                _tmp3_text                     000702  000001  000703       E04       0  CODE        2
                _tmp4_text                     000703  0000A0  0007A3       E06       0  CODE        2


UNUSED ADDRESS RANGES

        Name                Unused          Largest block    Delta
        BANK0            020-06F            50           1
        BANK1            0A0-0EF            50           1
        BANK2            120-16F            50           1
        CODE             002-6FF           6FE           2
                         7A3-FFF            5D
        COMMON           07C-07D             2           1
        CONFIG           2007-2008             2           2
        CONST            002-6FF           100           2
                         7A3-FFF           100
        ENTRY            002-6FF           100           2
                         7A3-FFF           100
        IDLOC            2000-2003             4           2
        RAM              020-06F            50           1
                         0A0-0EF            50
                         120-16F            50
        SFR0             000-01F            20           1
        SFR1             080-09F            20           1
        SFR2             100-11F            20           1
        SFR3             180-1EF            70           1
        STACK            020-06F            50           1
        STRCODE          002-6FF           6FE           2
                         7A3-FFF           85D
        STRING           002-6FF           100           2
                         7A3-FFF           100

                                  Symbol Table

Memory_Read@Addr         cstackCOMMON 078
Memory_Write@Addr        cstackCOMMON 078
Memory_Write@Value       cstackCOMMON 076
Program_Read@P_Addr      cstackCOMMON 076
_EEADR                   (abs)        091
_EEADRH                  (abs)        092
_EECON2                  (abs)        08E
_EEDAT                   (abs)        08F
_EEDATH                  (abs)        090
_EEPGD                   (abs)        46F
_GIE                     (abs)        05F
_Memory_Read             text3        780
_Memory_Write            text2        761
_Program_Read            text1        795
_RA0                     (abs)        430
_RA1                     (abs)        431
_RD                      (abs)        468
_TRISA                   (abs)        085
_WR                      (abs)        469
_WREN                    (abs)        46A
__H_tmp1_text            _tmp1_text   701
__H_tmp2_text            _tmp2_text   702
__H_tmp3_text            _tmp3_text   703
__H_tmp4_text            _tmp4_text   704
__Habs1                  abs1         000
__Hbank0                 bank0        000
__Hbank1                 bank1        000
__Hbank2                 bank2        000
__Hbank3                 bank3        000
__HbssCOMMON             bssCOMMON    000
__Hcinit                 cinit        70D
__Hclrtext               clrtext      000
__Hcode                  code         000
__Hcommon                common       000
__Hconfig                config       000
__HcstackCOMMON          cstackCOMMON 000
__Heeprom_data           eeprom_data  000
__Hend_init              end_init     002
__Hfunctab               functab      000
__Hidloc                 idloc        000
__Hinit                  init         000
__Hintentry              intentry     000
__Hmaintext              maintext     000
__HnvCOMMON              nvCOMMON     000
__Hpa_nodes0             pa_nodes0    000
__Hpowerup               powerup      000
__Hram                   ram          000
__Hreset_vec             reset_vec    000
__Hsfr0                  sfr0         000
__Hsfr1                  sfr1         000
__Hsfr2                  sfr2         000
__Hsfr3                  sfr3         000
__Hspace_0               (abs)        7A3
__Hspace_1               (abs)        07C
__Hspace_2               (abs)        000
__Hspace_3               (abs)        000
__Hstack                 stack        000
__Hstrings               strings      000
__Htext                  text         000
__L_tmp1_text            _tmp1_text   700
__L_tmp2_text            _tmp2_text   701
__L_tmp3_text            _tmp3_text   702
__L_tmp4_text            _tmp4_text   703
__Labs1                  abs1         000
__Lbank0                 bank0        000
__Lbank1                 bank1        000
__Lbank2                 bank2        000
__Lbank3                 bank3        000
__LbssCOMMON             bssCOMMON    000
__Lcinit                 cinit        704
__Lclrtext               clrtext      000
__Lcode                  code         000
__Lcommon                common       000
__Lconfig                config       000
__LcstackCOMMON          cstackCOMMON 000
__Leeprom_data           eeprom_data  000
__Lend_init              end_init     000
__Lfunctab               functab      000
__Lidloc                 idloc        000
__Linit                  init         000
__Lintentry              intentry     000
__Lmaintext              maintext     000
__LnvCOMMON              nvCOMMON     000
__Lpa_nodes0             pa_nodes0    000
__Lpowerup               powerup      000
__Lram                   ram          000
__Lreset_vec             reset_vec    000
__Lsfr0                  sfr0         000
__Lsfr1                  sfr1         000
__Lsfr2                  sfr2         000
__Lsfr3                  sfr3         000
__Lspace_0               (abs)        000
__Lspace_1               (abs)        000
__Lspace_2               (abs)        000
__Lspace_3               (abs)        000
__Lstack                 stack        000
__Lstrings               strings      000
__Ltext                  text         000
__S0                     (abs)        7A3
__S1                     (abs)        07C
__S2                     (abs)        000
___int_sp                stack        000
___latbits               (abs)        001
___sp                    stack        000
__end_of_Memory_Read     text3        795
__end_of_Memory_Write    text2        780
__end_of_Program_Read    text1        7A3
__end_of__initialization cinit        70A
__end_of_main            maintext     761
__end_of_tmp1            _tmp1_text   701
__end_of_tmp2            _tmp2_text   702
__end_of_tmp3            _tmp3_text   703
__end_of_tmp4            _tmp4_text   704
__initialization         cinit        704
__p_tmp1_text            _tmp1_text   700
__p_tmp2_text            _tmp2_text   701
__p_tmp3_text            _tmp3_text   702
__p_tmp4_text            _tmp4_text   703
__pbssCOMMON             bssCOMMON    070
__pcstackCOMMON          cstackCOMMON 076
__pmaintext              maintext     70D
__pnvCOMMON              nvCOMMON     07B
__pstrings               strings      000
__ptext1                 text1        795
__ptext2                 text2        761
__ptext3                 text3        780
__size_of_Memory_Read    (abs)        000
__size_of_Memory_Write   (abs)        000
__size_of_Program_Read   (abs)        000
__size_of_main           (abs)        000
_data                    bssCOMMON    075
_datanum                 nvCOMMON     07B
_main                    maintext     70D
_read_data               bssCOMMON    070
_read_rom_data           bssCOMMON    074
_t                       bssCOMMON    072
_tmp1                    _tmp1_text   700
_tmp1_absaddr            (abs)        700
_tmp2                    _tmp2_text   701
_tmp2_absaddr            (abs)        701
_tmp3                    _tmp3_text   702
_tmp3_absaddr            (abs)        702
_tmp4                    _tmp4_text   703
_tmp4_absaddr            (abs)        703
btemp                    (abs)        07E
end_of_initialization    cinit        70A
intlevel0                functab      000
intlevel1                functab      000
intlevel2                functab      000
intlevel3                functab      000
intlevel4                functab      000
intlevel5                functab      000
main@read_addr           cstackCOMMON 079
reset_vec                reset_vec    000
stackhi                  (abs)        000
stacklo                  (abs)        000
start                    init         000
start_initialization     cinit        704
wtemp0                   (abs)        07E


FUNCTION INFORMATION:

 *************** function _main *****************
 Defined at:
		line 23 in file "H:\MyDownloads\说明书&测试报告\开发包\SC8F083开发包\SC8F083_DEMO_C\SC8F083_EEPRom_Demo\main.c"
 Parameters:    Size  Location     Type
		None
 Auto vars:     Size  Location     Type
  read_addr       2    3[COMMON] unsigned int 
 Return value:  Size  Location     Type
                  1    wreg      void 
 Registers used:
		wreg, status,2, status,0, btemp+1, pclath, cstack
 Tracked objects:
		On entry : 
		On exit  : 
		Unchanged: 
 Data sizes:     COMMON   BANK0   BANK1   BANK2
      Params:         0       0       0       0
      Locals:         2       0       0       0
      Temps:          0       0       0       0
      Totals:         2       0       0       0
Total ram usage:        2 bytes
 Hardware stack levels required when called:    1
 This function calls:
		_Memory_Read
		_Memory_Write
		_Program_Read
 This function is called by:
		Startup code after reset
 This function uses a non-reentrant model


 *************** function _Program_Read *****************
 Defined at:
		line 153 in file "H:\MyDownloads\说明书&测试报告\开发包\SC8F083开发包\SC8F083_DEMO_C\SC8F083_EEPRom_Demo\main.c"
 Parameters:    Size  Location     Type
  P_Addr          2    0[COMMON] unsigned int 
 Auto vars:     Size  Location     Type
		None
 Return value:  Size  Location     Type
                  1    wreg      void 
 Registers used:
		wreg
 Tracked objects:
		On entry : 
		On exit  : 
		Unchanged: 
 Data sizes:     COMMON   BANK0   BANK1   BANK2
      Params:         2       0       0       0
      Locals:         0       0       0       0
      Temps:          0       0       0       0
      Totals:         2       0       0       0
Total ram usage:        2 bytes
 Hardware stack levels used:    1
 This function calls:
		Nothing
 This function is called by:
		_main
 This function uses a non-reentrant model


 *************** function _Memory_Write *****************
 Defined at:
		line 97 in file "H:\MyDownloads\说明书&测试报告\开发包\SC8F083开发包\SC8F083_DEMO_C\SC8F083_EEPRom_Demo\main.c"
 Parameters:    Size  Location     Type
  Addr            1    wreg     unsigned char 
  Value           2    0[COMMON] unsigned int 
 Auto vars:     Size  Location     Type
  Addr            1    2[COMMON] unsigned char 
 Return value:  Size  Location     Type
                  1    wreg      void 
 Registers used:
		wreg
 Tracked objects:
		On entry : 
		On exit  : 
		Unchanged: 
 Data sizes:     COMMON   BANK0   BANK1   BANK2
      Params:         2       0       0       0
      Locals:         1       0       0       0
      Temps:          0       0       0       0
      Totals:         3       0       0       0
Total ram usage:        3 bytes
 Hardware stack levels used:    1
 This function calls:
		Nothing
 This function is called by:
		_main
 This function uses a non-reentrant model


 *************** function _Memory_Read *****************
 Defined at:
		line 131 in file "H:\MyDownloads\说明书&测试报告\开发包\SC8F083开发包\SC8F083_DEMO_C\SC8F083_EEPRom_Demo\main.c"
 Parameters:    Size  Location     Type
  Addr            1    wreg     unsigned char 
 Auto vars:     Size  Location     Type
  Addr            1    2[COMMON] unsigned char 
 Return value:  Size  Location     Type
                  1    wreg      void 
 Registers used:
		wreg, btemp+1
 Tracked objects:
		On entry : 
		On exit  : 
		Unchanged: 
 Data sizes:     COMMON   BANK0   BANK1   BANK2
      Params:         0       0       0       0
      Locals:         1       0       0       0
      Temps:          2       0       0       0
      Totals:         3       0       0       0
Total ram usage:        3 bytes
 Hardware stack levels used:    1
 This function calls:
		Nothing
 This function is called by:
		_main
 This function uses a non-reentrant model



MODULE INFORMATION

Module		Function		Class		Link	Load	Size
H:\MyDownloads\说明书&测试报告\开发包\SC8F083开发包\SC8F083_DEMO_C\SC8F083_EEPRom_Demo\main.c
		_Program_Read  		CODE           	0795	0000	15
		_main          		CODE           	070D	0000	85
		_Memory_Read   		CODE           	0780	0000	22
		_Memory_Write  		CODE           	0761	0000	32

H:\MyDownloads\说明书&测试报告\开发包\SC8F083开发包\SC8F083_DEMO_C\SC8F083_EEPRom_Demo\main.c estimated size: 154

shared
		__initialization		CODE           	0704	0000	7
		_tmp1          		CODE           	0700	0000	2
		_tmp2          		CODE           	0701	0000	2
		_tmp3          		CODE           	0702	0000	2
		_tmp4          		CODE           	0703	0000	2

shared estimated size: 15

