Microchip MPLAB XC8 Compiler V1.45 ()

Linker command line:

-W-9 \
  --edf=C:\工具\单片机学习资料\SC8P\SCMCU_IDE_V2.00.07\data\dat\en_msgs.txt \
  -cs -h+PWMTEST.sym --cmf=PWMTEST.cmf -z -QSC8P1711C \
  -oC:\Users\hhmm6\AppData\Local\Temp\s6jo.2 -MPWMTEST.map -E1 -ver=XC8 \
  -ASTACK=020h-06fh -pstack=STACK -ACODE=00h-07FFh -ASTRCODE=00h-07FFh \
  -ASTRING=00h-0FFhx8 -ACONST=00h-0FFhx8 -AENTRY=00h-0FFhx8 \
  -ACOMMON=070h-07Fh -ABANK0=020h-06Fh -ABANK1=0A0h-0EFh \
  -ARAM=020h-06Fh,0A0h-0EFh -AABS1=020h-07Fh,0A0h-0EFh -ASFR0=00h-01Fh \
  -ASFR1=080h-09Fh -ASFR2=0100h-016Fh -ASFR3=0180h-01EFh \
  -preset_vec=00h,intentry=04h,init,end_init -ppowerup=CODE -pcinit=CODE \
  -pfunctab=ENTRY -ACONFIG=02007h-02008h -pconfig=CONFIG -DCONFIG=2 \
  -AIDLOC=02000h-02003h -pidloc=IDLOC -DIDLOC=2 -DCODE=2 -DSTRCODE=2 \
  -DSTRING=2 -DCONST=2 -DENTRY=2 -k startup.obj PWMTEST.obj 

Object code version is 3.11

Machine type is SC8P1711C



                Name                               Link     Load   Length Selector   Space Scale
startup.obj     end_init                              A        A        1        8       0
                reset_vec                             0        0        1        0       0
PWMTEST.obj     cinit                                 B        B        7        8       0
                intentry                              4        4        6        8       0
                text9                                4B       4B       1B        8       0
                text8                                30       30       1B        8       0
                text7                                12       12       1E        8       0
                text6                                8E       8E        7        8       0
                text5                                9D       9D        3        8       0
                text4                                95       95        5        8       0
                text3                                9A       9A        3        8       0
                text2                                84       84        A        8       0
                text1                                77       77        D        8       0
                maintext                             66       66       11        8       0
                cstackCOMMON                         70       70        6       70       1
                dataCOMMON                           78       78        2       70       1
                bssCOMMON                            76       76        2       70       1

TOTAL           Name                               Link     Load   Length     Space
        CLASS   STACK          

        CLASS   CODE           
                end_init                              A        A        1         0
                cinit                                 B        B        7         0
                intentry                              4        4        6         0
                reset_vec                             0        0        1         0
                text9                                4B       4B       1B         0
                text8                                30       30       1B         0
                text7                                12       12       1E         0
                text6                                8E       8E        7         0
                text5                                9D       9D        3         0
                text4                                95       95        5         0
                text3                                9A       9A        3         0
                text2                                84       84        A         0
                text1                                77       77        D         0
                maintext                             66       66       11         0

        CLASS   STRCODE        

        CLASS   STRING         

        CLASS   CONST          

        CLASS   ENTRY          

        CLASS   COMMON         
                cstackCOMMON                         70       70        6         1
                dataCOMMON                           78       78        2         1
                bssCOMMON                            76       76        2         1

        CLASS   BANK0          

        CLASS   BANK1          

        CLASS   RAM            

        CLASS   ABS1           
                abs_s1                               7E       7E        2         1

        CLASS   SFR0           

        CLASS   SFR1           

        CLASS   SFR2           

        CLASS   SFR3           

        CLASS   CONFIG         

        CLASS   IDLOC          

        CLASS   BANK3          

        CLASS   BANK2          

        CLASS   EEDATA         



SEGMENTS        Name                           Load    Length   Top    Selector   Space  Class     Delta

                reset_vec                      000000  000001  000001         0       0  CODE        2
                intentry                       000004  00009C  0000A0         8       0  CODE        2
                cstackCOMMON                   000070  00000A  00007A        70       1  COMMON      1


UNUSED ADDRESS RANGES

        Name                Unused          Largest block    Delta
        BANK0            020-06F            50           1
        BANK1            0A0-0EF            50           1
        CODE             001-003             3           2
                         0A0-7FF           760
        COMMON           07A-07D             4           1
        CONFIG           2007-2008             2           2
        CONST            001-003             3           2
                         0A0-7FF           100
        ENTRY            001-003             3           2
                         0A0-7FF           100
        IDLOC            2000-2003             4           2
        RAM              020-06F            50           1
                         0A0-0EF            50
        SFR0             000-01F            20           1
        SFR1             080-09F            20           1
        SFR2             100-16F            70           1
        SFR3             180-1EF            70           1
        STACK            020-06F            50           1
        STRCODE          001-003             3           2
                         0A0-7FF           760
        STRING           001-003             3           2
                         0A0-7FF           100

                                  Symbol Table

_INTCON                  (abs)        00B
_IOCB                    (abs)        096
_Init_System             text7        012
_K1                      bssCOMMON    077
_OPTION_REG              (abs)        081
_OSCCON                  (abs)        08F
_PORTA                   (abs)        005
_PORTB                   (abs)        006
_PORTC                   (abs)        007
_T0IF                    (abs)        05A
_TMR0                    (abs)        001
_TRISA                   (abs)        085
_TRISB                   (abs)        086
_TRISC                   (abs)        087
_Timer0_Isr              text8        030
_WPUB                    (abs)        095
__Habs1                  abs1         000
__Hbank0                 bank0        000
__Hbank1                 bank1        000
__Hbank2                 bank2        000
__Hbank3                 bank3        000
__HbssCOMMON             bssCOMMON    000
__Hcinit                 cinit        012
__Hclrtext               clrtext      000
__Hcode                  code         000
__Hcommon                common       000
__Hconfig                config       000
__HcstackCOMMON          cstackCOMMON 000
__HdataCOMMON            dataCOMMON   000
__Heeprom_data           eeprom_data  000
__Hend_init              end_init     00B
__Hfunctab               functab      000
__HidataCOMMON           idataCOMMON  000
__Hidloc                 idloc        000
__Hinit                  init         00A
__Hintentry              intentry     00A
__Hmaintext              maintext     000
__Hpa_nodes0             pa_nodes0    000
__Hpowerup               powerup      000
__Hram                   ram          000
__Hreset_vec             reset_vec    001
__Hsfr0                  sfr0         000
__Hsfr1                  sfr1         000
__Hsfr2                  sfr2         000
__Hsfr3                  sfr3         000
__Hspace_0               (abs)        0A0
__Hspace_1               (abs)        07A
__Hspace_2               (abs)        000
__Hspace_3               (abs)        000
__Hstack                 stack        000
__Hstrings               strings      000
__Htext                  text         000
__Labs1                  abs1         000
__Lbank0                 bank0        000
__Lbank1                 bank1        000
__Lbank2                 bank2        000
__Lbank3                 bank3        000
__LbssCOMMON             bssCOMMON    000
__Lcinit                 cinit        00B
__Lclrtext               clrtext      000
__Lcode                  code         000
__Lcommon                common       000
__Lconfig                config       000
__LcstackCOMMON          cstackCOMMON 000
__LdataCOMMON            dataCOMMON   000
__Leeprom_data           eeprom_data  000
__Lend_init              end_init     00A
__Lfunctab               functab      000
__LidataCOMMON           idataCOMMON  000
__Lidloc                 idloc        000
__Linit                  init         00A
__Lintentry              intentry     004
__Lmaintext              maintext     000
__Lpa_nodes0             pa_nodes0    000
__Lpowerup               powerup      000
__Lram                   ram          000
__Lreset_vec             reset_vec    000
__Lsfr0                  sfr0         000
__Lsfr1                  sfr1         000
__Lsfr2                  sfr2         000
__Lsfr3                  sfr3         000
__Lspace_0               (abs)        000
__Lspace_1               (abs)        000
__Lspace_2               (abs)        000
__Lspace_3               (abs)        000
__Lstack                 stack        000
__Lstrings               strings      000
__Ltext                  text         000
__S0                     (abs)        0A0
__S1                     (abs)        07A
__S2                     (abs)        000
___int_sp                stack        000
___latbits               (abs)        000
___sp                    stack        000
__end_of_Init_System     text7        030
__end_of_Timer0_Isr      text8        04B
__end_of__initialization cinit        010
__end_of_delay_100us     text3        09D
__end_of_delay_10us      text5        0A0
__end_of_delay_1ms       text2        08E
__end_of_delay_3us       text6        095
__end_of_delay_50us      text4        09A
__end_of_delay_ms        text1        084
__end_of_main            maintext     077
__end_of_scanKey         text9        066
__initialization         cinit        00B
__pbssCOMMON             bssCOMMON    076
__pcstackCOMMON          cstackCOMMON 070
__pdataCOMMON            dataCOMMON   078
__pidataCOMMON           idataCOMMON  000
__pintentry              intentry     004
__pmaintext              maintext     066
__ptext1                 text1        077
__ptext2                 text2        084
__ptext3                 text3        09A
__ptext4                 text4        095
__ptext5                 text5        09D
__ptext6                 text6        08E
__ptext7                 text7        012
__ptext8                 text8        030
__ptext9                 text9        04B
__size_of_Init_System    (abs)        000
__size_of_Timer0_Isr     (abs)        000
__size_of_delay_100us    (abs)        000
__size_of_delay_10us     (abs)        000
__size_of_delay_1ms      (abs)        000
__size_of_delay_3us      (abs)        000
__size_of_delay_50us     (abs)        000
__size_of_delay_ms       (abs)        000
__size_of_main           (abs)        000
__size_of_scanKey        (abs)        000
_delay_100us             text3        09A
_delay_10us              text5        09D
_delay_1ms               text2        084
_delay_3us               text6        08E
_delay_50us              text4        095
_delay_ms                text1        077
_main                    maintext     066
_scanKey                 text9        04B
_tempK1                  dataCOMMON   079
btemp                    (abs)        07E
delay_ms@ms              cstackCOMMON 074
end_of_initialization    cinit        010
interrupt_function       intentry     004
intlevel0                functab      000
intlevel1                functab      000
intlevel2                functab      000
intlevel3                functab      000
intlevel4                functab      000
intlevel5                functab      000
reset_vec                reset_vec    000
saved_w                  (abs)        07E
scanKey@keyCountDown     bssCOMMON    076
scanKey@keyCur           cstackCOMMON 071
scanKey@keyLast          dataCOMMON   078
scanKey@keyret           cstackCOMMON 070
stackhi                  (abs)        000
stacklo                  (abs)        000
start                    init         00A
start_initialization     cinit        00B
wtemp0                   (abs)        07E


FUNCTION INFORMATION:

 *************** function _main *****************
 Defined at:
		line 17 in file "C:\SCMCU WorkSpace\pwmtest.c"
 Parameters:    Size  Location     Type
		None
 Auto vars:     Size  Location     Type
		None
 Return value:  Size  Location     Type
                  1    wreg      void 
 Registers used:
		wreg, status,2, status,0, pclath, cstack
 Tracked objects:
		On entry : 
		On exit  : 
		Unchanged: 
 Data sizes:     COMMON   BANK0   BANK1
      Params:         0       0       0
      Locals:         0       0       0
      Temps:          0       0       0
      Totals:         0       0       0
Total ram usage:        0 bytes
 Hardware stack levels required when called:    8
 This function calls:
		_Init_System
		_delay_ms
 This function is called by:
		Startup code after reset
 This function uses a non-reentrant model


 *************** function _delay_ms *****************
 Defined at:
		line 52 in file "C:\SCMCU WorkSpace\delay.c"
 Parameters:    Size  Location     Type
  ms              2    4[COMMON] unsigned int 
 Auto vars:     Size  Location     Type
		None
 Return value:  Size  Location     Type
                  1    wreg      void 
 Registers used:
		wreg, status,2, status,0, pclath, cstack
 Tracked objects:
		On entry : 
		On exit  : 
		Unchanged: 
 Data sizes:     COMMON   BANK0   BANK1
      Params:         2       0       0
      Locals:         0       0       0
      Temps:          0       0       0
      Totals:         2       0       0
Total ram usage:        2 bytes
 Hardware stack levels used:    1
 Hardware stack levels required when called:    7
 This function calls:
		_delay_1ms
 This function is called by:
		_main
 This function uses a non-reentrant model


 *************** function _delay_1ms *****************
 Defined at:
		line 39 in file "C:\SCMCU WorkSpace\delay.c"
 Parameters:    Size  Location     Type
		None
 Auto vars:     Size  Location     Type
		None
 Return value:  Size  Location     Type
                  1    wreg      void 
 Registers used:
		status,2, status,0, pclath, cstack
 Tracked objects:
		On entry : 
		On exit  : 
		Unchanged: 
 Data sizes:     COMMON   BANK0   BANK1
      Params:         0       0       0
      Locals:         0       0       0
      Temps:          0       0       0
      Totals:         0       0       0
Total ram usage:        0 bytes
 Hardware stack levels used:    1
 Hardware stack levels required when called:    6
 This function calls:
		_delay_100us
 This function is called by:
		_delay_ms
 This function uses a non-reentrant model


 *************** function _delay_100us *****************
 Defined at:
		line 32 in file "C:\SCMCU WorkSpace\delay.c"
 Parameters:    Size  Location     Type
		None
 Auto vars:     Size  Location     Type
		None
 Return value:  Size  Location     Type
                  1    wreg      void 
 Registers used:
		status,2, status,0, pclath, cstack
 Tracked objects:
		On entry : 
		On exit  : 
		Unchanged: 
 Data sizes:     COMMON   BANK0   BANK1
      Params:         0       0       0
      Locals:         0       0       0
      Temps:          0       0       0
      Totals:         0       0       0
Total ram usage:        0 bytes
 Hardware stack levels used:    1
 Hardware stack levels required when called:    5
 This function calls:
		_delay_3us
		_delay_50us
 This function is called by:
		_delay_1ms
 This function uses a non-reentrant model


 *************** function _delay_50us *****************
 Defined at:
		line 24 in file "C:\SCMCU WorkSpace\delay.c"
 Parameters:    Size  Location     Type
		None
 Auto vars:     Size  Location     Type
		None
 Return value:  Size  Location     Type
                  1    wreg      void 
 Registers used:
		status,2, status,0, pclath, cstack
 Tracked objects:
		On entry : 
		On exit  : 
		Unchanged: 
 Data sizes:     COMMON   BANK0   BANK1
      Params:         0       0       0
      Locals:         0       0       0
      Temps:          0       0       0
      Totals:         0       0       0
Total ram usage:        0 bytes
 Hardware stack levels used:    1
 Hardware stack levels required when called:    4
 This function calls:
		_delay_10us
 This function is called by:
		_delay_100us
 This function uses a non-reentrant model


 *************** function _delay_10us *****************
 Defined at:
		line 18 in file "C:\SCMCU WorkSpace\delay.c"
 Parameters:    Size  Location     Type
		None
 Auto vars:     Size  Location     Type
		None
 Return value:  Size  Location     Type
                  1    wreg      void 
 Registers used:
		status,2, status,0, pclath, cstack
 Tracked objects:
		On entry : 
		On exit  : 
		Unchanged: 
 Data sizes:     COMMON   BANK0   BANK1
      Params:         0       0       0
      Locals:         0       0       0
      Temps:          0       0       0
      Totals:         0       0       0
Total ram usage:        0 bytes
 Hardware stack levels used:    1
 Hardware stack levels required when called:    3
 This function calls:
		_delay_3us
 This function is called by:
		_delay_50us
 This function uses a non-reentrant model


 *************** function _delay_3us *****************
 Defined at:
		line 8 in file "C:\SCMCU WorkSpace\delay.c"
 Parameters:    Size  Location     Type
		None
 Auto vars:     Size  Location     Type
		None
 Return value:  Size  Location     Type
                  1    wreg      void 
 Registers used:
		None
 Tracked objects:
		On entry : 
		On exit  : 
		Unchanged: 
 Data sizes:     COMMON   BANK0   BANK1
      Params:         0       0       0
      Locals:         0       0       0
      Temps:          0       0       0
      Totals:         0       0       0
Total ram usage:        0 bytes
 Hardware stack levels used:    1
 Hardware stack levels required when called:    2
 This function calls:
		Nothing
 This function is called by:
		_delay_10us
		_delay_100us
 This function uses a non-reentrant model


 *************** function _Init_System *****************
 Defined at:
		line 94 in file "C:\SCMCU WorkSpace\pwmtest.c"
 Parameters:    Size  Location     Type
		None
 Auto vars:     Size  Location     Type
		None
 Return value:  Size  Location     Type
                  1    wreg      void 
 Registers used:
		wreg, status,2
 Tracked objects:
		On entry : 
		On exit  : 
		Unchanged: 
 Data sizes:     COMMON   BANK0   BANK1
      Params:         0       0       0
      Locals:         0       0       0
      Temps:          0       0       0
      Totals:         0       0       0
Total ram usage:        0 bytes
 Hardware stack levels used:    1
 Hardware stack levels required when called:    2
 This function calls:
		Nothing
 This function is called by:
		_main
 This function uses a non-reentrant model


 *************** function _Timer0_Isr *****************
 Defined at:
		line 120 in file "C:\SCMCU WorkSpace\pwmtest.c"
 Parameters:    Size  Location     Type
		None
 Auto vars:     Size  Location     Type
		None
 Return value:  Size  Location     Type
                  1    wreg      void 
 Registers used:
		wreg, status,2, status,0, pclath, cstack
 Tracked objects:
		On entry : 
		On exit  : 
		Unchanged: 
 Data sizes:     COMMON   BANK0   BANK1
      Params:         0       0       0
      Locals:         0       0       0
      Temps:          2       0       0
      Totals:         2       0       0
Total ram usage:        2 bytes
 Hardware stack levels used:    1
 Hardware stack levels required when called:    1
 This function calls:
		_scanKey
 This function is called by:
		Interrupt level 1
 This function uses a non-reentrant model


 *************** function _scanKey *****************
 Defined at:
		line 56 in file "C:\SCMCU WorkSpace\pwmtest.c"
 Parameters:    Size  Location     Type
  keyCur          1    wreg     unsigned char 
 Auto vars:     Size  Location     Type
  keyCur          1    1[COMMON] unsigned char 
  keyret          1    0[COMMON] unsigned char 
 Return value:  Size  Location     Type
                  1    wreg      unsigned char 
 Registers used:
		wreg, status,2, status,0
 Tracked objects:
		On entry : 
		On exit  : 
		Unchanged: 
 Data sizes:     COMMON   BANK0   BANK1
      Params:         0       0       0
      Locals:         2       0       0
      Temps:          0       0       0
      Totals:         2       0       0
Total ram usage:        2 bytes
 Hardware stack levels used:    1
 This function calls:
		Nothing
 This function is called by:
		_Timer0_Isr
 This function uses a non-reentrant model



MODULE INFORMATION

Module		Function		Class		Link	Load	Size
C:\SCMCU WorkSpace\pwmtest.c
		_Timer0_Isr    		CODE           	0030	0000	28
		_main          		CODE           	0066	0000	18
		_Init_System   		CODE           	0012	0000	31
		_scanKey       		CODE           	004B	0000	28

C:\SCMCU WorkSpace\pwmtest.c estimated size: 105

C:\SCMCU WorkSpace\delay.c
		_delay_50us    		CODE           	0095	0000	6
		_delay_1ms     		CODE           	0084	0000	11
		_delay_10us    		CODE           	009D	0000	4
		_delay_100us   		CODE           	009A	0000	4
		_delay_ms      		CODE           	0077	0000	14
		_delay_3us     		CODE           	008E	0000	8

C:\SCMCU WorkSpace\delay.c estimated size: 47

shared
		__initialization		CODE           	000B	0000	6

shared estimated size: 6

