Microchip MPLAB XC8 Compiler V1.45 ()

Linker command line:

-W-9 \
  --edf=C:\mcuproject\scm\SC8F67XX开发包\SC8F67XX开发包\SCMCU_IDE_V2.00.15\SCMCU_IDE_V2.00.15\data\dat\en_msgs.txt \
  -cs -h+testTouch.sym --cmf=testTouch.cmf -z -QSC8F6790 \
  -oC:\Users\hhmm6\AppData\Local\Temp\s3fo4.2 -MtestTouch.map -E1 -ver=XC8 \
  -ASTACK=0120h-016fh -pstack=STACK -ACODE=00h-07FFhx2 -ASTRCODE=00h-0FFFh \
  -ASTRING=00h-0FFhx16 -ACONST=00h-0FFhx16 -AENTRY=00h-0FFhx16 \
  -ACOMMON=070h-07Fh -ABANK0=020h-06Fh -ABANK1=0A0h-0EFh \
  -ABANK2=0120h-016Fh -ABANK3=01A0h-01EFh \
  -ARAM=020h-06Fh,0A0h-0EFh,0120h-016Fh,01A0h-01EFh \
  -AABS1=020h-07Fh,0A0h-0EFh,0120h-016Fh,01A0h-01EFh -ASFR0=00h-01Fh \
  -ASFR1=080h-09Fh -ASFR2=0100h-011Fh -ASFR3=0180h-019Fh \
  -preset_vec=00h,intentry=04h,init,end_init -ppowerup=CODE -pcinit=CODE \
  -pfunctab=ENTRY -ACONFIG=02007h-02008h -pconfig=CONFIG -DCONFIG=2 \
  -AIDLOC=02000h-02003h -pidloc=IDLOC -DIDLOC=2 -DCODE=2 -DSTRCODE=2 \
  -DSTRING=2 -DCONST=2 -DENTRY=2 -k startup.obj testTouch.obj 

Object code version is 3.11

Machine type is SC8F6790



                Name                               Link     Load   Length Selector   Space Scale
startup.obj     end_init                              B        B        2        8       0
                reset_vec                             0        0        2        0       0
testTouch.obj   cinit                                 D        D       13        8       0
                intentry                              4        4        7        8       0
                text33                              FE5      FE5       1B     1FCA       0
                text21                               20       20      2B9        8       0
                text20                              2D9      2D9      26E        8       0
                text19                              FD6      FD6        F     1FAC       0
                text15                              693      693       DE        8       0
                text4                               547      547      14C        8       0
                text1                               771      771       68        8       0
                maintext                            7D9      7D9       27        8       0
                cstackBANK0                          67       67        7       20       1
                cstackCOMMON                         70       70        8       70       1
                cstackBANK1                          AC       AC        9       A0       1
                clrtext                             FCE      FCE        8     1F9C       0
                bssBANK1                             A0       A0        C       A0       1
                bssBANK0                             20       20       47       20       1
                bssCOMMON                            79       79        3       70       1
                bitbssCOMMON                        3C0       78        7       70       1     8
                strings                             800      800       25     1000       0

TOTAL           Name                               Link     Load   Length     Space
        CLASS   STACK          

        CLASS   CODE           
                end_init                              B        B        2         0
                cinit                                 D        D       13         0
                intentry                              4        4        7         0
                reset_vec                             0        0        2         0
                text33                              FE5      FE5       1B         0
                text21                               20       20      2B9         0
                text20                              2D9      2D9      26E         0
                text19                              FD6      FD6        F         0
                text15                              693      693       DE         0
                text4                               547      547      14C         0
                text1                               771      771       68         0
                maintext                            7D9      7D9       27         0
                clrtext                             FCE      FCE        8         0

        CLASS   STRCODE        

        CLASS   STRING         
                strings                             800      800       25         0

        CLASS   CONST          

        CLASS   ENTRY          

        CLASS   COMMON         
                cstackCOMMON                         70       70        8         1
                bssCOMMON                            79       79        3         1
                bitbssCOMMON                        3C0       78        7         1

        CLASS   BANK0          
                cstackBANK0                          67       67        7         1
                bssBANK0                             20       20       47         1

        CLASS   BANK1          
                cstackBANK1                          AC       AC        9         1
                bssBANK1                             A0       A0        C         1

        CLASS   BANK2          

        CLASS   BANK3          

        CLASS   RAM            

        CLASS   ABS1           
                abs_s1                               7E       7E        2         1

        CLASS   SFR0           

        CLASS   SFR1           

        CLASS   SFR2           

        CLASS   SFR3           

        CLASS   CONFIG         

        CLASS   IDLOC          

        CLASS   EEDATA         



SEGMENTS        Name                           Load    Length   Top    Selector   Space  Class     Delta

                reset_vec                      000000  000002  000002         0       0  CODE        2
                intentry                       000004  0007FC  000800         8       0  CODE        2
                bssBANK0                       000020  00004E  00006E        20       1  BANK0       1
                cstackCOMMON                   000070  00000C  00007C        70       1  COMMON      1
                bssBANK1                       0000A0  000015  0000B5        A0       1  BANK1       1
                strings                        000800  000025  000825      1000       0  STRING      2
                clrtext                        000FCE  000008  000FD6      1F9C       0  CODE        2
                text19                         000FD6  00000F  000FE5      1FAC       0  CODE        2
                text33                         000FE5  00001B  001000      1FCA       0  CODE        2


UNUSED ADDRESS RANGES

        Name                Unused          Largest block    Delta
        BANK0            006E-006F              2           1
        BANK1            00B5-00EF             3B           1
        BANK2            0120-016F             50           1
        BANK3            01A0-01EF             50           1
        CODE             0002-0003              2           2
                         0825-0FCD            7A9
        COMMON           007C-007D              2           1
        CONFIG           2007-2008              2           2
        CONST            0002-0003              2           2
                         0825-0FCD            100
        ENTRY            0002-0003              2           2
                         0825-0FCD            100
        IDLOC            2000-2003              4           2
        RAM              006E-006F              2           1
                         00B5-00EF             3B
                         0120-016F             50
                         01A0-01EF             50
        SFR0             0000-001F             20           1
        SFR1             0080-009F             20           1
        SFR2             0100-011F             20           1
        SFR3             0180-019F             20           1
        STACK            0120-016F             50           1
        STRCODE          0002-0003              2           2
                         0825-0FCD            7A9
        STRING           0002-0003              2           2
                         0825-0FCD            100

                                  Symbol Table

?_Read_ADC                  cstackCOMMON 0072
CheckKeyOldValue@KeyOldTemp cstackBANK0  0069
CheckKeyOldValue@KeyResTemp cstackBANK0  0067
CheckKeyOldValue@cnt        cstackBANK0  006B
CheckKeyOldValue@counter    bssBANK0     0051
CheckOnceResult@KeyDown     cstackBANK1  00B1
CheckOnceResult@KeyResTemp  cstackBANK1  00B2
CheckOnceResult@KeyValue    cstackBANK1  00AF
CheckOnceResult@OldValue    cstackBANK1  00AC
CheckOnceResult@cnt         cstackBANK1  00B4
CheckOnceResult@flag        cstackBANK1  00AE
CheckValidTime@validtime    bssBANK0     0035
ClearResSum@cnt             cstackCOMMON 0072
GetTouchKeyValue@cnt        cstackCOMMON 0075
GetTouchKeyValue@temp       cstackCOMMON 0073
KeyClearIn@cnt              cstackCOMMON 0074
KeyClearOne@cnt             cstackCOMMON 0072
KeyHave@cnt                 cstackCOMMON 0074
KeyHave@flag                cstackCOMMON 0072
KeyIsIn@cnt                 cstackCOMMON 0073
KeyIsIn@i                   cstackCOMMON 0072
KeyStopClear@i              cstackCOMMON 0073
PL10                        text21       02BA
PL12                        text21       02C2
PL14                        text21       02C8
PL16                        text21       02CE
PL18                        text21       02D4
PL2                         text21       0281
PL20                        text20       0542
PL22                        text4        068E
PL4                         text21       028F
PL6                         text21       02A6
PL8                         text21       02AF
Read_ADC@ADCLDORef          cstackCOMMON 0072
Read_ADC@ADCchannel         cstackBANK0  006C
Read_ADC@Adc_Result         cstackBANK0  0069
Read_ADC@Adc_ResultSum      cstackBANK0  0067
Read_ADC@i                  cstackBANK0  006B
Read_ADC@j                  cstackBANK0  006D
TurnKeyFlags@KeyHaveTimes   bssBANK0     0050
TurnKeyFlags@KeyNoTimes     bssBANK0     004F
_ADCON0                     (abs)        009D
_ADCON1                     (abs)        009C
_ADON                       (abs)        04E8
_ADRESH                     (abs)        009F
_ADRESL                     (abs)        009E
_B_MainLoop                 bitbssCOMMON 03C6
_B_OnOff                    bitbssCOMMON 03C5
_CHS4                       (abs)        04E6
_CheckKeyOldValue           text21       00AC
_CheckOnceResult            text21       0120
_CheckTouchKey              text21       0020
_CheckValidTime             text21       026F
_ClearResSum                text21       009D
_EECON1                     (abs)        008C
_GIE                        (abs)        005F
_GODONE                     (abs)        04E9
_GetTouchKeyValue           text21       004A
_INTCON                     (abs)        000B
_IOCA                       (abs)        0188
_IOCB                       (abs)        0009
_Init_System                text4        0608
_Isr_Timer                  text33       0FE5
_KEYCON0                    (abs)        0092
_KEYCON1                    (abs)        0093
_KEYCON2                    (abs)        0097
_KEYDATAH                   (abs)        0095
_KEYDATAL                   (abs)        0094
_KeyClearIn                 text21       0110
_KeyClearOne                text21       020F
_KeyCounter                 bssBANK0     0053
_KeyData                    bssBANK0     0037
_KeyFlag                    bssBANK0     004D
_KeyHave                    text21       0224
_KeyIsIn                    text21       01FB
_KeyMaxSub                  bssBANK0     0052
_KeyOldData                 bssBANK0     0039
_KeyOldValue0               bssBANK1     00A6
_KeyOldValue1               bssBANK0     0026
_KeyOldValue2               bssBANK1     00A0
_KeyReference               bssBANK0     0020
_KeyResSum                  bssBANK0     002C
_KeyServer                  text20       02D9
_KeyStopClear               text21       022F
_KeyUpShake                 bssBANK0     0032
_MainTime                   bssBANK0     0066
_OPTION_REG                 (abs)        0081
_OSCCON                     (abs)        0088
_PIE1                       (abs)        000D
_PIR1                       (abs)        000C
_PORTA                      (abs)        0005
_PORTB                      (abs)        0006
_PORTC                      (abs)        0185
_PR2                        (abs)        0091
_PWMCON0                    (abs)        0013
_PWMCON1                    (abs)        0014
_PWMCON2                    (abs)        001D
_PWMD01H                    (abs)        001C
_PWMD0L                     (abs)        0017
_PWMD23H                    (abs)        000E
_PWMD3L                     (abs)        001A
_PWMIOS0                    (abs)        018C
_PWMIOS1                    (abs)        018D
_PWMTH                      (abs)        0016
_PWMTL                      (abs)        0015
_RACIE                      (abs)        0841
_RACIF                      (abs)        0839
_RB6                        (abs)        0036
_RB7                        (abs)        0037
_RBIE                       (abs)        005B
_RC0                        (abs)        0C28
_Read_ADC                   text15       0703
_Refurbish_Sfr              text19       0FD6
_T2CON                      (abs)        0012
_TM1650_START               text20       0507
_TM1650_STOP                text20       0520
_TMR2IF                     (abs)        0061
_TRISA                      (abs)        0085
_TRISB                      (abs)        0086
_TRISB6                     (abs)        0436
_TRISC                      (abs)        0186
_Table_KeyCap               strings      081F
_Table_KeyChannel           strings      0822
_Table_KeyDown              strings      081C
_Table_KeyFalg              strings      0814
_TurnKeyFlags               text21       0242
__Habs1                     abs1         0000
__Hbank0                    bank0        0000
__Hbank1                    bank1        0000
__Hbank2                    bank2        0000
__Hbank3                    bank3        0000
__HbitbssCOMMON             bitbssCOMMON 0000
__HbssBANK0                 bssBANK0     0000
__HbssBANK1                 bssBANK1     0000
__HbssCOMMON                bssCOMMON    0000
__Hcinit                    cinit        0020
__Hclrtext                  clrtext      0000
__Hcode                     code         0000
__Hcommon                   common       0000
__Hconfig                   config       0000
__HcstackBANK0              cstackBANK0  0000
__HcstackBANK1              cstackBANK1  0000
__HcstackCOMMON             cstackCOMMON 0000
__Heeprom_data              eeprom_data  0000
__Hend_init                 end_init     000D
__Hfunctab                  functab      0000
__Hidloc                    idloc        0000
__Hinit                     init         000B
__Hintentry                 intentry     000B
__Hmaintext                 maintext     0000
__Hpa_nodes0                pa_nodes0    0000
__Hpowerup                  powerup      0000
__Hram                      ram          0000
__Hreset_vec                reset_vec    0002
__Hsfr0                     sfr0         0000
__Hsfr1                     sfr1         0000
__Hsfr2                     sfr2         0000
__Hsfr3                     sfr3         0000
__Hspace_0                  (abs)        1000
__Hspace_1                  (abs)        03C7
__Hspace_2                  (abs)        0000
__Hspace_3                  (abs)        0000
__Hstack                    stack        0000
__Hstrings                  strings      0000
__Htext                     text         0000
__Labs1                     abs1         0000
__Lbank0                    bank0        0000
__Lbank1                    bank1        0000
__Lbank2                    bank2        0000
__Lbank3                    bank3        0000
__LbitbssCOMMON             bitbssCOMMON 0000
__LbssBANK0                 bssBANK0     0000
__LbssBANK1                 bssBANK1     0000
__LbssCOMMON                bssCOMMON    0000
__Lcinit                    cinit        000D
__Lclrtext                  clrtext      0000
__Lcode                     code         0000
__Lcommon                   common       0000
__Lconfig                   config       0000
__LcstackBANK0              cstackBANK0  0000
__LcstackBANK1              cstackBANK1  0000
__LcstackCOMMON             cstackCOMMON 0000
__Leeprom_data              eeprom_data  0000
__Lend_init                 end_init     000B
__Lfunctab                  functab      0000
__Lidloc                    idloc        0000
__Linit                     init         000B
__Lintentry                 intentry     0004
__Lmaintext                 maintext     0000
__Lpa_nodes0                pa_nodes0    0000
__Lpowerup                  powerup      0000
__Lram                      ram          0000
__Lreset_vec                reset_vec    0000
__Lsfr0                     sfr0         0000
__Lsfr1                     sfr1         0000
__Lsfr2                     sfr2         0000
__Lsfr3                     sfr3         0000
__Lspace_0                  (abs)        0000
__Lspace_1                  (abs)        0000
__Lspace_2                  (abs)        0000
__Lspace_3                  (abs)        0000
__Lstack                    stack        0000
__Lstrings                  strings      0000
__Ltext                     text         0000
__S0                        (abs)        1000
__S1                        (abs)        00B5
__S2                        (abs)        0000
___int_sp                   stack        0000
___latbits                  (abs)        0001
___lbdiv                    text4        05AB
___lbdiv@counter            cstackCOMMON 0074
___lbdiv@dividend           cstackCOMMON 0073
___lbdiv@divisor            cstackCOMMON 0072
___lbdiv@quotient           cstackCOMMON 0075
___lbmod                    text4        05C6
___lbmod@counter            cstackCOMMON 0075
___lbmod@dividend           cstackCOMMON 0074
___lbmod@divisor            cstackCOMMON 0072
___lbmod@rem                cstackCOMMON 0076
___sp                       stack        0000
__end_ofPL10                text21       02C2
__end_ofPL12                text21       02C8
__end_ofPL14                text21       02CE
__end_ofPL16                text21       02D4
__end_ofPL18                text21       02D9
__end_ofPL2                 text21       028F
__end_ofPL20                text20       0547
__end_ofPL22                text4        0693
__end_ofPL4                 text21       02A6
__end_ofPL6                 text21       02AF
__end_ofPL8                 text21       02BA
__end_of_CheckKeyOldValue   text21       0110
__end_of_CheckOnceResult    text21       01FB
__end_of_CheckTouchKey      text21       004A
__end_of_CheckValidTime     text21       0281
__end_of_ClearResSum        text21       00AC
__end_of_GetTouchKeyValue   text21       009D
__end_of_Init_System        text4        062C
__end_of_Isr_Timer          text33       1000
__end_of_KeyClearIn         text21       0120
__end_of_KeyClearOne        text21       0224
__end_of_KeyHave            text21       022F
__end_of_KeyIsIn            text21       020F
__end_of_KeyServer          text20       0378
__end_of_KeyStopClear       text21       0242
__end_of_Read_ADC           text15       0771
__end_of_Refurbish_Sfr      text19       0FE5
__end_of_TM1650_START       text20       0520
__end_of_TM1650_STOP        text20       0542
__end_of_Table_KeyCap       strings      0822
__end_of_Table_KeyChannel   strings      0825
__end_of_Table_KeyDown      strings      081F
__end_of_Table_KeyFalg      strings      081C
__end_of_TurnKeyFlags       text21       026F
__end_of___lbdiv            text4        05C6
__end_of___lbmod            text4        05E2
__end_of__initialization    cinit        001D
__end_of__stringtab         strings      0806
__end_of_checkBat           text15       0703
__end_of_checkChrgAD        text15       06C5
__end_of_chrgCtr            text15       06BC
__end_of_gotoSleep          text4        0608
__end_of_initTM1650         text20       0401
__end_of_main               maintext     0800
__end_of_numArray           strings      0814
__end_of_refreshTM1650      text20       043F
__end_of_setZeroStep        text4        068E
__end_of_showCtr            text4        05AB
__end_of_task1              text20       03D1
__end_of_tm1650cmd          text20       0449
__end_of_workCtr            text1        07D9
__end_of_write_8bit         text20       0507
__initialization            cinit        000D
__pbitbssCOMMON             bitbssCOMMON 03C0
__pbssBANK0                 bssBANK0     0020
__pbssBANK1                 bssBANK1     00A0
__pbssCOMMON                bssCOMMON    0079
__pcstackBANK0              cstackBANK0  0067
__pcstackBANK1              cstackBANK1  00AC
__pcstackCOMMON             cstackCOMMON 0070
__pintentry                 intentry     0004
__pmaintext                 maintext     07D9
__pstrings                  strings      0800
__ptext1                    text1        0771
__ptext10                   text20       03D1
__ptext11                   text20       043F
__ptext12                   text20       0449
__ptext13                   text20       0520
__ptext14                   text20       0507
__ptext15                   text15       0693
__ptext16                   text15       06BC
__ptext17                   text15       06C5
__ptext18                   text15       0703
__ptext19                   text19       0FD6
__ptext2                    text20       0378
__ptext20                   text20       02D9
__ptext21                   text21       0020
__ptext22                   text21       0242
__ptext23                   text21       0110
__ptext24                   text21       022F
__ptext25                   text21       004A
__ptext26                   text21       009D
__ptext27                   text21       026F
__ptext28                   text21       0120
__ptext29                   text21       0224
__ptext3                    text20       0401
__ptext30                   text21       020F
__ptext31                   text21       00AC
__ptext32                   text21       01FB
__ptext33                   text33       0FE5
__ptext4                    text4        0547
__ptext5                    text4        062C
__ptext6                    text4        05E2
__ptext7                    text4        0608
__ptext8                    text4        05C6
__ptext9                    text4        05AB
__size_of_CheckKeyOldValue  (abs)        0000
__size_of_CheckOnceResult   (abs)        0000
__size_of_CheckTouchKey     (abs)        0000
__size_of_CheckValidTime    (abs)        0000
__size_of_ClearResSum       (abs)        0000
__size_of_GetTouchKeyValue  (abs)        0000
__size_of_Init_System       (abs)        0000
__size_of_Isr_Timer         (abs)        0000
__size_of_KeyClearIn        (abs)        0000
__size_of_KeyClearOne       (abs)        0000
__size_of_KeyHave           (abs)        0000
__size_of_KeyIsIn           (abs)        0000
__size_of_KeyServer         (abs)        0000
__size_of_KeyStopClear      (abs)        0000
__size_of_Read_ADC          (abs)        0000
__size_of_Refurbish_Sfr     (abs)        0000
__size_of_TM1650_START      (abs)        0000
__size_of_TM1650_STOP       (abs)        0000
__size_of_TurnKeyFlags      (abs)        0000
__size_of___lbdiv           (abs)        0000
__size_of___lbmod           (abs)        0000
__size_of_checkBat          (abs)        0000
__size_of_checkChrgAD       (abs)        0000
__size_of_chrgCtr           (abs)        0000
__size_of_gotoSleep         (abs)        0000
__size_of_initTM1650        (abs)        0000
__size_of_main              (abs)        0000
__size_of_refreshTM1650     (abs)        0000
__size_of_setZeroStep       (abs)        0000
__size_of_showCtr           (abs)        0000
__size_of_task1             (abs)        0000
__size_of_tm1650cmd         (abs)        0000
__size_of_workCtr           (abs)        0000
__size_of_write_8bit        (abs)        0000
__stringbase                strings      0805
__stringtab                 strings      0800
_addTime                    bssBANK0     0058
_b_kclr                     bitbssCOMMON 03C2
_b_kerr                     bitbssCOMMON 03C1
_b_kover                    bitbssCOMMON 03C4
_b_kover1                   bitbssCOMMON 03C3
_b_ksleep                   bitbssCOMMON 03C0
_batResult                  bssBANK0     0041
_batValue                   bssBANK0     005C
_checkBat                   text15       06C5
_checkChrgAD                text15       06BC
_chrgCtr                    text15       0693
_chrgDuty                   bssBANK0     0059
_chrgFlag                   bssBANK0     005D
_chrgFullFlag               bssBANK0     005A
_chrgFullTime               bssBANK0     003D
_chrgLockFlag               bssBANK0     0055
_chrgResult                 bssBANK0     003F
_count15s                   bssBANK0     0056
_count1s                    bssBANK0     005E
_count50                    bssBANK0     005B
_count64ms                  bssBANK0     005F
_count900s                  bssBANK0     003B
_firstTime                  bssBANK0     004B
_gotoSleep                  text4        05E2
_initTM1650                 text20       03D1
_keyCount1                  bssBANK0     0049
_keyCount2                  bssBANK0     0047
_keyCount3                  bssBANK0     0045
_ledLightTime               bssBANK0     0043
_longKeyFalg                bssBANK0     0065
_main                       maintext     07D9
_numArray                   strings      0806
_preBatValue                bssCOMMON    0079
_refreshTM1650              text20       0401
_setZeroStep                text4        062C
_showCtr                    text4        0547
_showFlag                   bssBANK0     0064
_showGeWei                  bssBANK0     0062
_showLed1                   bssBANK0     0061
_showLed2                   bssBANK0     0060
_showShiWei                 bssBANK0     0063
_sleepTime                  bssBANK0     0054
_subTime                    bssBANK0     0057
_task1                      text20       0378
_tm1650cmd                  text20       043F
_workCtr                    text1        0771
_workStep                   bssCOMMON    007B
_write_8bit                 text20       0449
_zeroStep                   bssCOMMON    007A
btemp                       (abs)        007E
clear_ram0                  clrtext      0FCE
end_of_initialization       cinit        001D
interrupt_function          intentry     0004
intlevel0                   functab      0000
intlevel1                   functab      0000
intlevel2                   functab      0000
intlevel3                   functab      0000
intlevel4                   functab      0000
intlevel5                   functab      0000
reset_vec                   reset_vec    0000
saved_w                     (abs)        007E
stackhi                     (abs)        0000
stacklo                     (abs)        0000
start                       init         000B
start_initialization        cinit        000D
tm1650cmd@digAddr           cstackCOMMON 0075
tm1650cmd@seg_data          cstackCOMMON 0074
write_8bit@dat              cstackCOMMON 0072
write_8bit@i                cstackCOMMON 0073
wtemp0                      (abs)        007E


FUNCTION INFORMATION:

 *************** function _main *****************
 Defined at:
		line 725 in file "C:\mcuproject\scm\testTouch\main.c"
 Parameters:    Size  Location     Type
		None
 Auto vars:     Size  Location     Type
		None
 Return value:  Size  Location     Type
                  1    wreg      void 
 Registers used:
		wreg, fsr0l, fsr0h, status,2, status,0, btemp+1, pclath, cstack
 Tracked objects:
		On entry : 
		On exit  : 
		Unchanged: 
 Data sizes:     COMMON   BANK0   BANK1   BANK3   BANK2
      Params:         0       0       0       0       0
      Locals:         0       0       0       0       0
      Temps:          0       0       0       0       0
      Totals:         0       0       0       0       0
Total ram usage:        0 bytes
 Hardware stack levels required when called:    6
 This function calls:
		_CheckTouchKey
		_Init_System
		_KeyServer
		_Refurbish_Sfr
		_checkBat
		_chrgCtr
		_initTM1650
		_showCtr
		_task1
		_workCtr
 This function is called by:
		Startup code after reset
 This function uses a non-reentrant model


 *************** function _workCtr *****************
 Defined at:
		line 543 in file "C:\mcuproject\scm\testTouch\main.c"
 Parameters:    Size  Location     Type
		None
 Auto vars:     Size  Location     Type
		None
 Return value:  Size  Location     Type
                  1    wreg      void 
 Registers used:
		wreg, status,2, status,0
 Tracked objects:
		On entry : 
		On exit  : 
		Unchanged: 
 Data sizes:     COMMON   BANK0   BANK1   BANK3   BANK2
      Params:         0       0       0       0       0
      Locals:         0       0       0       0       0
      Temps:          0       0       0       0       0
      Totals:         0       0       0       0       0
Total ram usage:        0 bytes
 Hardware stack levels used:    1
 Hardware stack levels required when called:    1
 This function calls:
		Nothing
 This function is called by:
		_main
 This function uses a non-reentrant model


 *************** function _task1 *****************
 Defined at:
		line 628 in file "C:\mcuproject\scm\testTouch\main.c"
 Parameters:    Size  Location     Type
		None
 Auto vars:     Size  Location     Type
		None
 Return value:  Size  Location     Type
                  1    wreg      void 
 Registers used:
		wreg, status,2, status,0, pclath, cstack
 Tracked objects:
		On entry : 
		On exit  : 
		Unchanged: 
 Data sizes:     COMMON   BANK0   BANK1   BANK3   BANK2
      Params:         0       0       0       0       0
      Locals:         0       0       0       0       0
      Temps:          0       0       0       0       0
      Totals:         0       0       0       0       0
Total ram usage:        0 bytes
 Hardware stack levels used:    1
 Hardware stack levels required when called:    4
 This function calls:
		_refreshTM1650
 This function is called by:
		_main
 This function uses a non-reentrant model


 *************** function _refreshTM1650 *****************
 Defined at:
		line 406 in file "C:\mcuproject\scm\testTouch\main.c"
 Parameters:    Size  Location     Type
		None
 Auto vars:     Size  Location     Type
		None
 Return value:  Size  Location     Type
                  1    wreg      void 
 Registers used:
		wreg, status,2, status,0, pclath, cstack
 Tracked objects:
		On entry : 
		On exit  : 
		Unchanged: 
 Data sizes:     COMMON   BANK0   BANK1   BANK3   BANK2
      Params:         0       0       0       0       0
      Locals:         0       0       0       0       0
      Temps:          0       0       0       0       0
      Totals:         0       0       0       0       0
Total ram usage:        0 bytes
 Hardware stack levels used:    1
 Hardware stack levels required when called:    3
 This function calls:
		_tm1650cmd
 This function is called by:
		_task1
 This function uses a non-reentrant model


 *************** function _showCtr *****************
 Defined at:
		line 496 in file "C:\mcuproject\scm\testTouch\main.c"
 Parameters:    Size  Location     Type
		None
 Auto vars:     Size  Location     Type
		None
 Return value:  Size  Location     Type
                  1    wreg      void 
 Registers used:
		wreg, fsr0l, fsr0h, status,2, status,0, pclath, cstack
 Tracked objects:
		On entry : 
		On exit  : 
		Unchanged: 
 Data sizes:     COMMON   BANK0   BANK1   BANK3   BANK2
      Params:         0       0       0       0       0
      Locals:         0       0       0       0       0
      Temps:          0       0       0       0       0
      Totals:         0       0       0       0       0
Total ram usage:        0 bytes
 Hardware stack levels used:    1
 Hardware stack levels required when called:    3
 This function calls:
		___lbdiv
		___lbmod
		_gotoSleep
		_setZeroStep
 This function is called by:
		_main
 This function uses a non-reentrant model


 *************** function _setZeroStep *****************
 Defined at:
		line 427 in file "C:\mcuproject\scm\testTouch\main.c"
 Parameters:    Size  Location     Type
		None
 Auto vars:     Size  Location     Type
		None
 Return value:  Size  Location     Type
                  1    wreg      void 
 Registers used:
		wreg, status,2, status,0
 Tracked objects:
		On entry : 
		On exit  : 
		Unchanged: 
 Data sizes:     COMMON   BANK0   BANK1   BANK3   BANK2
      Params:         0       0       0       0       0
      Locals:         0       0       0       0       0
      Temps:          0       0       0       0       0
      Totals:         0       0       0       0       0
Total ram usage:        0 bytes
 Hardware stack levels used:    1
 Hardware stack levels required when called:    1
 This function calls:
		Nothing
 This function is called by:
		_showCtr
 This function uses a non-reentrant model


 *************** function _gotoSleep *****************
 Defined at:
		line 697 in file "C:\mcuproject\scm\testTouch\main.c"
 Parameters:    Size  Location     Type
		None
 Auto vars:     Size  Location     Type
		None
 Return value:  Size  Location     Type
                  1    wreg      void 
 Registers used:
		wreg, status,2, status,0, pclath, cstack
 Tracked objects:
		On entry : 
		On exit  : 
		Unchanged: 
 Data sizes:     COMMON   BANK0   BANK1   BANK3   BANK2
      Params:         0       0       0       0       0
      Locals:         0       0       0       0       0
      Temps:          0       0       0       0       0
      Totals:         0       0       0       0       0
Total ram usage:        0 bytes
 Hardware stack levels used:    1
 Hardware stack levels required when called:    2
 This function calls:
		_Init_System
 This function is called by:
		_showCtr
 This function uses a non-reentrant model


 *************** function _Init_System *****************
 Defined at:
		line 60 in file "C:\mcuproject\scm\testTouch\main.c"
 Parameters:    Size  Location     Type
		None
 Auto vars:     Size  Location     Type
		None
 Return value:  Size  Location     Type
                  1    wreg      void 
 Registers used:
		wreg, status,2
 Tracked objects:
		On entry : 
		On exit  : 
		Unchanged: 
 Data sizes:     COMMON   BANK0   BANK1   BANK3   BANK2
      Params:         0       0       0       0       0
      Locals:         0       0       0       0       0
      Temps:          0       0       0       0       0
      Totals:         0       0       0       0       0
Total ram usage:        0 bytes
 Hardware stack levels used:    1
 Hardware stack levels required when called:    1
 This function calls:
		Nothing
 This function is called by:
		_gotoSleep
		_main
 This function uses a non-reentrant model


 *************** function ___lbmod *****************
 Defined at:
		line 4 in file "C:\mcuproject\scm\SC8F67XX开发包\SC8F67XX开发包\SCMCU_IDE_V2.00.15\SCMCU_IDE_V2.00.15\data\sources\common\lbmod.c"
 Parameters:    Size  Location     Type
  dividend        1    wreg     unsigned char 
  divisor         1    2[COMMON] unsigned char 
 Auto vars:     Size  Location     Type
  dividend        1    4[COMMON] unsigned char 
  rem             1    6[COMMON] unsigned char 
  counter         1    5[COMMON] unsigned char 
 Return value:  Size  Location     Type
                  1    wreg      unsigned char 
 Registers used:
		wreg, status,2, status,0
 Tracked objects:
		On entry : 
		On exit  : 
		Unchanged: 
 Data sizes:     COMMON   BANK0   BANK1   BANK3   BANK2
      Params:         1       0       0       0       0
      Locals:         3       0       0       0       0
      Temps:          1       0       0       0       0
      Totals:         5       0       0       0       0
Total ram usage:        5 bytes
 Hardware stack levels used:    1
 Hardware stack levels required when called:    1
 This function calls:
		Nothing
 This function is called by:
		_showCtr
 This function uses a non-reentrant model


 *************** function ___lbdiv *****************
 Defined at:
		line 4 in file "C:\mcuproject\scm\SC8F67XX开发包\SC8F67XX开发包\SCMCU_IDE_V2.00.15\SCMCU_IDE_V2.00.15\data\sources\common\lbdiv.c"
 Parameters:    Size  Location     Type
  dividend        1    wreg     unsigned char 
  divisor         1    2[COMMON] unsigned char 
 Auto vars:     Size  Location     Type
  dividend        1    3[COMMON] unsigned char 
  quotient        1    5[COMMON] unsigned char 
  counter         1    4[COMMON] unsigned char 
 Return value:  Size  Location     Type
                  1    wreg      unsigned char 
 Registers used:
		wreg, status,2, status,0
 Tracked objects:
		On entry : 
		On exit  : 
		Unchanged: 
 Data sizes:     COMMON   BANK0   BANK1   BANK3   BANK2
      Params:         1       0       0       0       0
      Locals:         3       0       0       0       0
      Temps:          0       0       0       0       0
      Totals:         4       0       0       0       0
Total ram usage:        4 bytes
 Hardware stack levels used:    1
 Hardware stack levels required when called:    1
 This function calls:
		Nothing
 This function is called by:
		_showCtr
 This function uses a non-reentrant model


 *************** function _initTM1650 *****************
 Defined at:
		line 391 in file "C:\mcuproject\scm\testTouch\main.c"
 Parameters:    Size  Location     Type
		None
 Auto vars:     Size  Location     Type
		None
 Return value:  Size  Location     Type
                  1    wreg      void 
 Registers used:
		wreg, status,2, status,0, pclath, cstack
 Tracked objects:
		On entry : 
		On exit  : 
		Unchanged: 
 Data sizes:     COMMON   BANK0   BANK1   BANK3   BANK2
      Params:         0       0       0       0       0
      Locals:         0       0       0       0       0
      Temps:          0       0       0       0       0
      Totals:         0       0       0       0       0
Total ram usage:        0 bytes
 Hardware stack levels used:    1
 Hardware stack levels required when called:    3
 This function calls:
		_tm1650cmd
 This function is called by:
		_main
 This function uses a non-reentrant model


 *************** function _tm1650cmd *****************
 Defined at:
		line 382 in file "C:\mcuproject\scm\testTouch\main.c"
 Parameters:    Size  Location     Type
  digAddr         1    wreg     unsigned char 
  seg_data        1    4[COMMON] unsigned char 
 Auto vars:     Size  Location     Type
  digAddr         1    5[COMMON] unsigned char 
 Return value:  Size  Location     Type
                  1    wreg      void 
 Registers used:
		wreg, status,2, status,0, pclath, cstack
 Tracked objects:
		On entry : 
		On exit  : 
		Unchanged: 
 Data sizes:     COMMON   BANK0   BANK1   BANK3   BANK2
      Params:         1       0       0       0       0
      Locals:         1       0       0       0       0
      Temps:          0       0       0       0       0
      Totals:         2       0       0       0       0
Total ram usage:        2 bytes
 Hardware stack levels used:    1
 Hardware stack levels required when called:    2
 This function calls:
		_TM1650_START
		_TM1650_STOP
		_write_8bit
 This function is called by:
		_initTM1650
		_refreshTM1650
 This function uses a non-reentrant model


 *************** function _write_8bit *****************
 Defined at:
		line 331 in file "C:\mcuproject\scm\testTouch\main.c"
 Parameters:    Size  Location     Type
  dat             1    wreg     unsigned char 
 Auto vars:     Size  Location     Type
  dat             1    2[COMMON] unsigned char 
  i               1    3[COMMON] unsigned char 
 Return value:  Size  Location     Type
                  1    wreg      void 
 Registers used:
		wreg, status,2, status,0
 Tracked objects:
		On entry : 
		On exit  : 
		Unchanged: 
 Data sizes:     COMMON   BANK0   BANK1   BANK3   BANK2
      Params:         0       0       0       0       0
      Locals:         2       0       0       0       0
      Temps:          0       0       0       0       0
      Totals:         2       0       0       0       0
Total ram usage:        2 bytes
 Hardware stack levels used:    1
 Hardware stack levels required when called:    1
 This function calls:
		Nothing
 This function is called by:
		_tm1650cmd
 This function uses a non-reentrant model


 *************** function _TM1650_STOP *****************
 Defined at:
		line 317 in file "C:\mcuproject\scm\testTouch\main.c"
 Parameters:    Size  Location     Type
		None
 Auto vars:     Size  Location     Type
		None
 Return value:  Size  Location     Type
                  1    wreg      void 
 Registers used:
		None
 Tracked objects:
		On entry : 
		On exit  : 
		Unchanged: 
 Data sizes:     COMMON   BANK0   BANK1   BANK3   BANK2
      Params:         0       0       0       0       0
      Locals:         0       0       0       0       0
      Temps:          0       0       0       0       0
      Totals:         0       0       0       0       0
Total ram usage:        0 bytes
 Hardware stack levels used:    1
 Hardware stack levels required when called:    1
 This function calls:
		Nothing
 This function is called by:
		_tm1650cmd
 This function uses a non-reentrant model


 *************** function _TM1650_START *****************
 Defined at:
		line 306 in file "C:\mcuproject\scm\testTouch\main.c"
 Parameters:    Size  Location     Type
		None
 Auto vars:     Size  Location     Type
		None
 Return value:  Size  Location     Type
                  1    wreg      void 
 Registers used:
		None
 Tracked objects:
		On entry : 
		On exit  : 
		Unchanged: 
 Data sizes:     COMMON   BANK0   BANK1   BANK3   BANK2
      Params:         0       0       0       0       0
      Locals:         0       0       0       0       0
      Temps:          0       0       0       0       0
      Totals:         0       0       0       0       0
Total ram usage:        0 bytes
 Hardware stack levels used:    1
 Hardware stack levels required when called:    1
 This function calls:
		Nothing
 This function is called by:
		_tm1650cmd
 This function uses a non-reentrant model


 *************** function _chrgCtr *****************
 Defined at:
		line 597 in file "C:\mcuproject\scm\testTouch\main.c"
 Parameters:    Size  Location     Type
		None
 Auto vars:     Size  Location     Type
		None
 Return value:  Size  Location     Type
                  1    wreg      void 
 Registers used:
		wreg, status,2, status,0, pclath, cstack
 Tracked objects:
		On entry : 
		On exit  : 
		Unchanged: 
 Data sizes:     COMMON   BANK0   BANK1   BANK3   BANK2
      Params:         0       0       0       0       0
      Locals:         0       0       0       0       0
      Temps:          0       0       0       0       0
      Totals:         0       0       0       0       0
Total ram usage:        0 bytes
 Hardware stack levels used:    1
 Hardware stack levels required when called:    3
 This function calls:
		_checkChrgAD
 This function is called by:
		_main
 This function uses a non-reentrant model


 *************** function _checkChrgAD *****************
 Defined at:
		line 251 in file "C:\mcuproject\scm\testTouch\main.c"
 Parameters:    Size  Location     Type
		None
 Auto vars:     Size  Location     Type
		None
 Return value:  Size  Location     Type
                  1    wreg      void 
 Registers used:
		wreg, status,2, status,0, pclath, cstack
 Tracked objects:
		On entry : 
		On exit  : 
		Unchanged: 
 Data sizes:     COMMON   BANK0   BANK1   BANK3   BANK2
      Params:         0       0       0       0       0
      Locals:         0       0       0       0       0
      Temps:          0       0       0       0       0
      Totals:         0       0       0       0       0
Total ram usage:        0 bytes
 Hardware stack levels used:    1
 Hardware stack levels required when called:    2
 This function calls:
		_Read_ADC
 This function is called by:
		_chrgCtr
 This function uses a non-reentrant model


 *************** function _checkBat *****************
 Defined at:
		line 256 in file "C:\mcuproject\scm\testTouch\main.c"
 Parameters:    Size  Location     Type
		None
 Auto vars:     Size  Location     Type
		None
 Return value:  Size  Location     Type
                  1    wreg      void 
 Registers used:
		wreg, status,2, status,0, pclath, cstack
 Tracked objects:
		On entry : 
		On exit  : 
		Unchanged: 
 Data sizes:     COMMON   BANK0   BANK1   BANK3   BANK2
      Params:         0       0       0       0       0
      Locals:         0       0       0       0       0
      Temps:          2       0       0       0       0
      Totals:         2       0       0       0       0
Total ram usage:        2 bytes
 Hardware stack levels used:    1
 Hardware stack levels required when called:    2
 This function calls:
		_Read_ADC
 This function is called by:
		_main
 This function uses a non-reentrant model


 *************** function _Read_ADC *****************
 Defined at:
		line 206 in file "C:\mcuproject\scm\testTouch\main.c"
 Parameters:    Size  Location     Type
  ADCchannel      1    wreg     unsigned char 
  ADCLDORef       1    2[COMMON] unsigned char 
 Auto vars:     Size  Location     Type
  ADCchannel      1    5[BANK0 ] unsigned char 
  Adc_Result      2    2[BANK0 ] unsigned int 
  Adc_ResultSu    2    0[BANK0 ] unsigned int 
  j               1    6[BANK0 ] unsigned char 
  i               1    4[BANK0 ] unsigned char 
 Return value:  Size  Location     Type
                  2    2[COMMON] unsigned int 
 Registers used:
		wreg, status,2, status,0
 Tracked objects:
		On entry : 
		On exit  : 
		Unchanged: 
 Data sizes:     COMMON   BANK0   BANK1   BANK3   BANK2
      Params:         2       0       0       0       0
      Locals:         0       7       0       0       0
      Temps:          2       0       0       0       0
      Totals:         4       7       0       0       0
Total ram usage:       11 bytes
 Hardware stack levels used:    1
 Hardware stack levels required when called:    1
 This function calls:
		Nothing
 This function is called by:
		_checkChrgAD
		_checkBat
 This function uses a non-reentrant model


 *************** function _Refurbish_Sfr *****************
 Defined at:
		line 93 in file "C:\mcuproject\scm\testTouch\main.c"
 Parameters:    Size  Location     Type
		None
 Auto vars:     Size  Location     Type
		None
 Return value:  Size  Location     Type
                  1    wreg      void 
 Registers used:
		wreg, status,2, status,0
 Tracked objects:
		On entry : 
		On exit  : 
		Unchanged: 
 Data sizes:     COMMON   BANK0   BANK1   BANK3   BANK2
      Params:         0       0       0       0       0
      Locals:         0       0       0       0       0
      Temps:          0       0       0       0       0
      Totals:         0       0       0       0       0
Total ram usage:        0 bytes
 Hardware stack levels used:    1
 Hardware stack levels required when called:    1
 This function calls:
		Nothing
 This function is called by:
		_main
 This function uses a non-reentrant model


 *************** function _KeyServer *****************
 Defined at:
		line 106 in file "C:\mcuproject\scm\testTouch\main.c"
 Parameters:    Size  Location     Type
		None
 Auto vars:     Size  Location     Type
		None
 Return value:  Size  Location     Type
                  1    wreg      void 
 Registers used:
		wreg, status,2, status,0
 Tracked objects:
		On entry : 
		On exit  : 
		Unchanged: 
 Data sizes:     COMMON   BANK0   BANK1   BANK3   BANK2
      Params:         0       0       0       0       0
      Locals:         0       0       0       0       0
      Temps:          0       0       0       0       0
      Totals:         0       0       0       0       0
Total ram usage:        0 bytes
 Hardware stack levels used:    1
 Hardware stack levels required when called:    1
 This function calls:
		Nothing
 This function is called by:
		_main
 This function uses a non-reentrant model


 *************** function _CheckTouchKey *****************
 Defined at:
		line 529 in file "D:\ToolsDesign\Software\SCMCU\SCMCU_IDE\ASource\SCTouch_lib\Normal\XC8\SC58A11\CheckTouchKey.c"
 Parameters:    Size  Location     Type
		None
 Auto vars:     Size  Location     Type
		None
 Return value:  Size  Location     Type
                  1    wreg      void 
 Registers used:
		wreg, fsr0l, fsr0h, status,2, status,0, btemp+1, pclath, cstack
 Tracked objects:
		On entry : 
		On exit  : 
		Unchanged: 
 Data sizes:     COMMON   BANK0   BANK1   BANK3   BANK2
      Params:         0       0       0       0       0
      Locals:         0       0       0       0       0
      Temps:          0       0       0       0       0
      Totals:         0       0       0       0       0
Total ram usage:        0 bytes
 Hardware stack levels used:    1
 Hardware stack levels required when called:    5
 This function calls:
		_CheckKeyOldValue
		_CheckOnceResult
		_CheckValidTime
		_ClearResSum
		_GetTouchKeyValue
		_KeyStopClear
		_TurnKeyFlags
 This function is called by:
		_main
 This function uses a non-reentrant model


 *************** function _TurnKeyFlags *****************
 Defined at:
		line 416 in file "D:\ToolsDesign\Software\SCMCU\SCMCU_IDE\ASource\SCTouch_lib\Normal\XC8\SC58A11\CheckTouchKey.c"
 Parameters:    Size  Location     Type
		None
 Auto vars:     Size  Location     Type
		None
 Return value:  Size  Location     Type
                  1    wreg      void 
 Registers used:
		wreg, status,2, status,0
 Tracked objects:
		On entry : 
		On exit  : 
		Unchanged: 
 Data sizes:     COMMON   BANK0   BANK1   BANK3   BANK2
      Params:         0       0       0       0       0
      Locals:         0       0       0       0       0
      Temps:          0       0       0       0       0
      Totals:         0       0       0       0       0
Total ram usage:        0 bytes
 Hardware stack levels used:    1
 Hardware stack levels required when called:    4
 This function calls:
		_KeyClearIn
 This function is called by:
		_CheckTouchKey
 This function uses a non-reentrant model


 *************** function _KeyClearIn *****************
 Defined at:
		line 104 in file "D:\ToolsDesign\Software\SCMCU\SCMCU_IDE\ASource\SCTouch_lib\Normal\XC8\SC58A11\CheckTouchKey.c"
 Parameters:    Size  Location     Type
		None
 Auto vars:     Size  Location     Type
  cnt             1    4[COMMON] unsigned char 
 Return value:  Size  Location     Type
                  1    wreg      void 
 Registers used:
		wreg, fsr0l, fsr0h, status,2, status,0, pclath, cstack
 Tracked objects:
		On entry : 
		On exit  : 
		Unchanged: 
 Data sizes:     COMMON   BANK0   BANK1   BANK3   BANK2
      Params:         0       0       0       0       0
      Locals:         1       0       0       0       0
      Temps:          0       0       0       0       0
      Totals:         1       0       0       0       0
Total ram usage:        1 bytes
 Hardware stack levels used:    1
 Hardware stack levels required when called:    3
 This function calls:
		_KeyClearOne
		_KeyIsIn
 This function is called by:
		_TurnKeyFlags
 This function uses a non-reentrant model


 *************** function _KeyStopClear *****************
 Defined at:
		line 123 in file "D:\ToolsDesign\Software\SCMCU\SCMCU_IDE\ASource\SCTouch_lib\Normal\XC8\SC58A11\CheckTouchKey.c"
 Parameters:    Size  Location     Type
		None
 Auto vars:     Size  Location     Type
  i               1    3[COMMON] unsigned char 
 Return value:  Size  Location     Type
                  1    wreg      void 
 Registers used:
		wreg, fsr0l, fsr0h, status,2, status,0, pclath, cstack
 Tracked objects:
		On entry : 
		On exit  : 
		Unchanged: 
 Data sizes:     COMMON   BANK0   BANK1   BANK3   BANK2
      Params:         0       0       0       0       0
      Locals:         1       0       0       0       0
      Temps:          0       0       0       0       0
      Totals:         1       0       0       0       0
Total ram usage:        1 bytes
 Hardware stack levels used:    1
 Hardware stack levels required when called:    2
 This function calls:
		_KeyClearOne
 This function is called by:
		_CheckTouchKey
 This function uses a non-reentrant model


 *************** function _GetTouchKeyValue *****************
 Defined at:
		line 196 in file "D:\ToolsDesign\Software\SCMCU\SCMCU_IDE\ASource\SCTouch_lib\Normal\XC8\SC58A11\CheckTouchKey.c"
 Parameters:    Size  Location     Type
		None
 Auto vars:     Size  Location     Type
  temp            2    3[COMMON] unsigned int 
  wake            2    0        unsigned int 
  cnt             1    5[COMMON] unsigned char 
 Return value:  Size  Location     Type
                  1    wreg      void 
 Registers used:
		wreg, fsr0l, fsr0h, status,2, status,0, btemp+1, pclath, cstack
 Tracked objects:
		On entry : 
		On exit  : 
		Unchanged: 
 Data sizes:     COMMON   BANK0   BANK1   BANK3   BANK2
      Params:         0       0       0       0       0
      Locals:         3       0       0       0       0
      Temps:          0       0       0       0       0
      Totals:         3       0       0       0       0
Total ram usage:        3 bytes
 Hardware stack levels used:    1
 Hardware stack levels required when called:    2
 This function calls:
		_ClearResSum
 This function is called by:
		_CheckTouchKey
 This function uses a non-reentrant model


 *************** function _ClearResSum *****************
 Defined at:
		line 142 in file "D:\ToolsDesign\Software\SCMCU\SCMCU_IDE\ASource\SCTouch_lib\Normal\XC8\SC58A11\CheckTouchKey.c"
 Parameters:    Size  Location     Type
		None
 Auto vars:     Size  Location     Type
  cnt             1    2[COMMON] unsigned char 
 Return value:  Size  Location     Type
                  1    wreg      void 
 Registers used:
		wreg, fsr0l, fsr0h, status,2, status,0
 Tracked objects:
		On entry : 
		On exit  : 
		Unchanged: 
 Data sizes:     COMMON   BANK0   BANK1   BANK3   BANK2
      Params:         0       0       0       0       0
      Locals:         1       0       0       0       0
      Temps:          0       0       0       0       0
      Totals:         1       0       0       0       0
Total ram usage:        1 bytes
 Hardware stack levels used:    1
 Hardware stack levels required when called:    1
 This function calls:
		Nothing
 This function is called by:
		_GetTouchKeyValue
		_CheckTouchKey
 This function uses a non-reentrant model


 *************** function _CheckValidTime *****************
 Defined at:
		line 501 in file "D:\ToolsDesign\Software\SCMCU\SCMCU_IDE\ASource\SCTouch_lib\Normal\XC8\SC58A11\CheckTouchKey.c"
 Parameters:    Size  Location     Type
		None
 Auto vars:     Size  Location     Type
		None
 Return value:  Size  Location     Type
                  1    wreg      void 
 Registers used:
		wreg, status,2, status,0
 Tracked objects:
		On entry : 
		On exit  : 
		Unchanged: 
 Data sizes:     COMMON   BANK0   BANK1   BANK3   BANK2
      Params:         0       0       0       0       0
      Locals:         0       0       0       0       0
      Temps:          0       0       0       0       0
      Totals:         0       0       0       0       0
Total ram usage:        0 bytes
 Hardware stack levels used:    1
 Hardware stack levels required when called:    1
 This function calls:
		Nothing
 This function is called by:
		_CheckTouchKey
 This function uses a non-reentrant model


 *************** function _CheckOnceResult *****************
 Defined at:
		line 255 in file "D:\ToolsDesign\Software\SCMCU\SCMCU_IDE\ASource\SCTouch_lib\Normal\XC8\SC58A11\CheckTouchKey.c"
 Parameters:    Size  Location     Type
		None
 Auto vars:     Size  Location     Type
  KeyResTemp      2    6[BANK1 ] unsigned int 
  KeyValue        2    3[BANK1 ] unsigned int 
  OldValue        2    0[BANK1 ] unsigned int 
  cnt             1    8[BANK1 ] unsigned char 
  KeyDown         1    5[BANK1 ] unsigned char 
  flag            1    2[BANK1 ] unsigned char 
 Return value:  Size  Location     Type
                  1    wreg      void 
 Registers used:
		wreg, fsr0l, fsr0h, status,2, status,0, pclath, cstack
 Tracked objects:
		On entry : 
		On exit  : 
		Unchanged: 
 Data sizes:     COMMON   BANK0   BANK1   BANK3   BANK2
      Params:         0       0       0       0       0
      Locals:         0       0       9       0       0
      Temps:          0       4       0       0       0
      Totals:         0       4       9       0       0
Total ram usage:       13 bytes
 Hardware stack levels used:    1
 Hardware stack levels required when called:    3
 This function calls:
		_KeyClearOne
		_KeyHave
		_KeyIsIn
 This function is called by:
		_CheckTouchKey
 This function uses a non-reentrant model


 *************** function _KeyHave *****************
 Defined at:
		line 158 in file "D:\ToolsDesign\Software\SCMCU\SCMCU_IDE\ASource\SCTouch_lib\Normal\XC8\SC58A11\CheckTouchKey.c"
 Parameters:    Size  Location     Type
  cnt             1    wreg     unsigned char 
  flag            2    2[COMMON] unsigned int 
 Auto vars:     Size  Location     Type
  cnt             1    4[COMMON] unsigned char 
 Return value:  Size  Location     Type
                  1    wreg      void 
 Registers used:
		wreg, status,2, status,0
 Tracked objects:
		On entry : 
		On exit  : 
		Unchanged: 
 Data sizes:     COMMON   BANK0   BANK1   BANK3   BANK2
      Params:         2       0       0       0       0
      Locals:         1       0       0       0       0
      Temps:          0       0       0       0       0
      Totals:         3       0       0       0       0
Total ram usage:        3 bytes
 Hardware stack levels used:    1
 Hardware stack levels required when called:    1
 This function calls:
		Nothing
 This function is called by:
		_CheckOnceResult
 This function uses a non-reentrant model


 *************** function _KeyClearOne *****************
 Defined at:
		line 96 in file "D:\ToolsDesign\Software\SCMCU\SCMCU_IDE\ASource\SCTouch_lib\Normal\XC8\SC58A11\CheckTouchKey.c"
 Parameters:    Size  Location     Type
  cnt             1    wreg     unsigned char 
 Auto vars:     Size  Location     Type
  cnt             1    2[COMMON] unsigned char 
 Return value:  Size  Location     Type
                  1    wreg      void 
 Registers used:
		wreg, fsr0l, fsr0h, status,2, status,0
 Tracked objects:
		On entry : 
		On exit  : 
		Unchanged: 
 Data sizes:     COMMON   BANK0   BANK1   BANK3   BANK2
      Params:         0       0       0       0       0
      Locals:         1       0       0       0       0
      Temps:          0       0       0       0       0
      Totals:         1       0       0       0       0
Total ram usage:        1 bytes
 Hardware stack levels used:    1
 Hardware stack levels required when called:    1
 This function calls:
		Nothing
 This function is called by:
		_KeyClearIn
		_KeyStopClear
		_CheckOnceResult
 This function uses a non-reentrant model


 *************** function _CheckKeyOldValue *****************
 Defined at:
		line 369 in file "D:\ToolsDesign\Software\SCMCU\SCMCU_IDE\ASource\SCTouch_lib\Normal\XC8\SC58A11\CheckTouchKey.c"
 Parameters:    Size  Location     Type
		None
 Auto vars:     Size  Location     Type
  KeyOldTemp      2    2[BANK0 ] unsigned int 
  KeyResTemp      2    0[BANK0 ] unsigned int 
  cnt             1    4[BANK0 ] unsigned char 
 Return value:  Size  Location     Type
                  1    wreg      void 
 Registers used:
		wreg, fsr0l, fsr0h, status,2, status,0, pclath, cstack
 Tracked objects:
		On entry : 
		On exit  : 
		Unchanged: 
 Data sizes:     COMMON   BANK0   BANK1   BANK3   BANK2
      Params:         0       0       0       0       0
      Locals:         0       5       0       0       0
      Temps:          2       0       0       0       0
      Totals:         2       5       0       0       0
Total ram usage:        7 bytes
 Hardware stack levels used:    1
 Hardware stack levels required when called:    3
 This function calls:
		_KeyIsIn
 This function is called by:
		_CheckTouchKey
 This function uses a non-reentrant model


 *************** function _KeyIsIn *****************
 Defined at:
		line 74 in file "D:\ToolsDesign\Software\SCMCU\SCMCU_IDE\ASource\SCTouch_lib\Normal\XC8\SC58A11\CheckTouchKey.c"
 Parameters:    Size  Location     Type
  cnt             1    wreg     unsigned char 
 Auto vars:     Size  Location     Type
  cnt             1    3[COMMON] unsigned char 
  i               1    2[COMMON] unsigned char 
 Return value:  Size  Location     Type
                  1    wreg      unsigned char 
 Registers used:
		wreg, fsr0l, fsr0h, status,2, status,0, pclath
 Tracked objects:
		On entry : 
		On exit  : 
		Unchanged: 
 Data sizes:     COMMON   BANK0   BANK1   BANK3   BANK2
      Params:         0       0       0       0       0
      Locals:         2       0       0       0       0
      Temps:          0       0       0       0       0
      Totals:         2       0       0       0       0
Total ram usage:        2 bytes
 Hardware stack levels used:    2
 Hardware stack levels required when called:    1
 This function calls:
		Nothing
 This function is called by:
		_KeyClearIn
		_CheckOnceResult
		_CheckKeyOldValue
 This function uses a non-reentrant model


 *************** function _Isr_Timer *****************
 Defined at:
		line 283 in file "C:\mcuproject\scm\testTouch\main.c"
 Parameters:    Size  Location     Type
		None
 Auto vars:     Size  Location     Type
		None
 Return value:  Size  Location     Type
                  1    wreg      void 
 Registers used:
		wreg, status,2, status,0
 Tracked objects:
		On entry : 
		On exit  : 
		Unchanged: 
 Data sizes:     COMMON   BANK0   BANK1   BANK3   BANK2
      Params:         0       0       0       0       0
      Locals:         0       0       0       0       0
      Temps:          2       0       0       0       0
      Totals:         2       0       0       0       0
Total ram usage:        2 bytes
 Hardware stack levels used:    1
 This function calls:
		Nothing
 This function is called by:
		Interrupt level 1
 This function uses a non-reentrant model



MODULE INFORMATION

Module		Function		Class		Link	Load	Size
C:\mcuproject\scm\testTouch\main.c
		_gotoSleep     		CODE           	05E2	0000	39
		_checkBat      		CODE           	06C5	0000	63
		_tm1650cmd     		CODE           	043F	0000	11
		_KeyServer     		CODE           	02D9	0000	160
		_setZeroStep   		CODE           	062C	0000	99
		_refreshTM1650 		CODE           	0401	0000	63
		_checkChrgAD   		CODE           	06BC	0000	10
		_Refurbish_Sfr 		CODE           	0FD6	0000	16
		_main          		CODE           	07D9	0000	40
		_Read_ADC      		CODE           	0703	0000	111
		_TM1650_STOP   		CODE           	0520	0000	35
		_showCtr       		CODE           	0547	0000	101
		_TM1650_START  		CODE           	0507	0000	26
		_workCtr       		CODE           	0771	0000	105
		_initTM1650    		CODE           	03D1	0000	49
		_Init_System   		CODE           	0608	0000	37
		_write_8bit    		CODE           	0449	0000	191
		_Isr_Timer     		CODE           	0FE5	0000	28
		_task1         		CODE           	0378	0000	90
		_chrgCtr       		CODE           	0693	0000	42

C:\mcuproject\scm\testTouch\main.c estimated size: 1316

C:\mcuproject\scm\SC8F67XX开发包\SC8F67XX开发包\SCMCU_IDE_V2.00.15\SCMCU_IDE_V2.00.15\data\sources\common\lbmod.c
		___lbmod       		CODE           	05C6	0000	29

C:\mcuproject\scm\SC8F67XX开发包\SC8F67XX开发包\SCMCU_IDE_V2.00.15\SCMCU_IDE_V2.00.15\data\sources\common\lbmod.c estimated size: 29

C:\mcuproject\scm\SC8F67XX开发包\SC8F67XX开发包\SCMCU_IDE_V2.00.15\SCMCU_IDE_V2.00.15\data\sources\common\lbdiv.c
		___lbdiv       		CODE           	05AB	0000	28

C:\mcuproject\scm\SC8F67XX开发包\SC8F67XX开发包\SCMCU_IDE_V2.00.15\SCMCU_IDE_V2.00.15\data\sources\common\lbdiv.c estimated size: 28

shared
		PL12           		CODE           	02C2	0000	7
		PL8            		CODE           	02AF	0000	12
		PL22           		CODE           	068E	0000	6
		PL14           		CODE           	02C8	0000	7
		__stringtab    		STRING         	0800	0000	7
		PL16           		CODE           	02CE	0000	7
		PL18           		CODE           	02D4	0000	6
		_Table_KeyCap  		STRING         	081F	0000	4
		_Table_KeyFalg 		STRING         	0814	0000	9
		_Table_KeyChannel		STRING         	0822	0000	4
		_Table_KeyDown 		STRING         	081C	0000	4
		__initialization		CODE           	000D	0000	17
		_numArray      		STRING         	0806	0000	15
		PL2            		CODE           	0281	0000	15
		PL10           		CODE           	02BA	0000	9
		PL4            		CODE           	028F	0000	24
		PL20           		CODE           	0542	0000	6
		PL6            		CODE           	02A6	0000	10

shared estimated size: 169

D:\ToolsDesign\Software\SCMCU\SCMCU_IDE\ASource\SCTouch_lib\Normal\XC8\SC58A11\CheckTouchKey.c
		_KeyClearIn    		CODE           	0110	0000	17
		_KeyClearOne   		CODE           	020F	0000	22
		_KeyIsIn       		CODE           	01FB	0000	21
		_ClearResSum   		CODE           	009D	0000	16
		_KeyHave       		CODE           	0224	0000	12
		_KeyStopClear  		CODE           	022F	0000	20
		_CheckTouchKey 		CODE           	0020	0000	43
		_CheckKeyOldValue		CODE           	00AC	0000	101
		_CheckOnceResult		CODE           	0120	0000	220
		_GetTouchKeyValue		CODE           	004A	0000	84
		_TurnKeyFlags  		CODE           	0242	0000	46
		_CheckValidTime		CODE           	026F	0000	19

D:\ToolsDesign\Software\SCMCU\SCMCU_IDE\ASource\SCTouch_lib\Normal\XC8\SC58A11\CheckTouchKey.c estimated size: 621

