HI-TECH Software C Compiler 

Linker command line:

--edf=H:\MYDOWN~1\IDE\SCMCU_~1.05\SCMCU_~1.05\data\dat\en_msgs.txt -cs \
  -h+SC8P171XD_IIC.sym -z -QSC8P1712D -ol.obj -MSC8P171XD_IIC.map -E1 \
  -ACONST=00h-0FFhx8 -ACODE=00h-07FFh -ASTRCODE=00h-07FFh \
  -AENTRY=00h-0FFhx8 -ASTRING=00h-0FFhx8 -ABANK0=020h-06Fh \
  -ABANK1=0A0h-0EFh -ARAM=020h-06Fh,0A0h-0EFh -AABS1=020h-07Fh,0A0h-0EFh \
  -ACOMMON=070h-07Fh -ASFR0=00h-01Fh -ASFR1=080h-09Fh \
  -preset_vec=00h,intentry=04h,init,end_init -ppowerup=CODE -pfunctab=CODE \
  -ACONFIG=02007h-02008h -pconfig=CONFIG -DCONFIG=2 -AIDLOC=02000h-02003h \
  -pidloc=IDLOC -DIDLOC=2 -DCODE=2 -DSTRCODE=2 -DSTRING=2 -DCONST=2 \
  -DENTRY=2 -k startup.obj SC8P171XD_IIC.obj 

Object code version is 3.10

Machine type is SC8P1712D



                Name                               Link     Load   Length Selector   Space Scale
startup.obj     end_init                              A        A        1        8       0
                reset_vec                             0        0        1        0       0
SC8P171XD_IIC.obj
                intentry                              4        4        6        8       0
                text236                              98       98       14        8       0
                text235                              D6       D6        3        8       0
                text234                              C8       C8        E        8       0
                text233                              7A       7A       1E        8       0
                text232                              BA       BA        E        8       0
                text231                              4B       4B       2F        8       0
                maintext                              B        B       40        8       0
                cstackBANK0                          25       25        1       20       1
                cstackCOMMON                         76       76        5       70       1
                bssBANK0                             20       20        5       20       1
                bssCOMMON                            70       70        6       70       1
                bitbssCOMMON                        3D8       7B        1       70       1     8
                cinit                                AC       AC        E        8       0

TOTAL           Name                               Link     Load   Length     Space
        CLASS   CONST          

        CLASS   CODE           
                end_init                              A        A        1         0
                intentry                              4        4        6         0
                reset_vec                             0        0        1         0
                text236                              98       98       14         0
                text235                              D6       D6        3         0
                text234                              C8       C8        E         0
                text233                              7A       7A       1E         0
                text232                              BA       BA        E         0
                text231                              4B       4B       2F         0
                maintext                              B        B       40         0
                cinit                                AC       AC        E         0

        CLASS   STRCODE        

        CLASS   ENTRY          

        CLASS   STRING         

        CLASS   BANK0          
                cstackBANK0                          25       25        1         1
                bssBANK0                             20       20        5         1

        CLASS   BANK1          

        CLASS   RAM            

        CLASS   ABS1           
                abs_s1                               7E       7E        2         1

        CLASS   COMMON         
                cstackCOMMON                         76       76        5         1
                bssCOMMON                            70       70        6         1
                bitbssCOMMON                        3D8       7B        1         1

        CLASS   SFR0           

        CLASS   SFR1           

        CLASS   CONFIG         

        CLASS   IDLOC          

        CLASS   EEDATA         



SEGMENTS        Name                           Load    Length   Top    Selector   Space  Class     Delta

                reset_vec                      000000  000001  000001         0       0  CODE        2
                intentry                       000004  0000D5  0000D9         8       0  CODE        2
                bssBANK0                       000020  000006  000026        20       1  BANK0       1
                bssCOMMON                      000070  00000C  00007C        70       1  COMMON      1


UNUSED ADDRESS RANGES

        Name                Unused          Largest block    Delta
        BANK0            026-06F            4A           1
        BANK1            0A0-0EF            50           1
        CODE             001-003             3           2
                         0D9-7FF           727
        COMMON           07C-07D             2           1
        CONFIG           2007-2008             2           2
        CONST            001-003             3           2
                         0D9-7FF           100
        ENTRY            001-003             3           2
                         0D9-7FF           100
        IDLOC            2000-2003             4           2
        RAM              026-06F            4A           1
                         0A0-0EF            50
        SFR0             000-01F            20           1
        SFR1             080-09F            20           1
        STRCODE          001-003             3           2
                         0D9-7FF           727
        STRING           001-003             3           2
                         0D9-7FF           100

                                  Symbol Table

??_I2C_Read1Byte         cstackCOMMON 078
??_I2C_WaitMoment        cstackCOMMON 078
??_I2C_Write1Byte        cstackCOMMON 078
??_I2C_WriteStart        cstackCOMMON 078
??_I2C_WriteStop         cstackCOMMON 078
??_ISR                   cstackCOMMON 076
??_main                  cstackCOMMON 07B
?_I2C_Read1Byte          cstackCOMMON 076
?_I2C_WaitMoment         cstackCOMMON 076
?_I2C_Write1Byte         cstackCOMMON 076
?_I2C_WriteStart         cstackCOMMON 076
?_I2C_WriteStop          cstackCOMMON 076
?_ISR                    cstackCOMMON 076
?_main                   cstackCOMMON 076
I2C_Read1Byte@ack        cstackCOMMON 078
I2C_Read1Byte@data       cstackCOMMON 079
I2C_Read1Byte@i          cstackCOMMON 07A
I2C_Write1Byte@data      cstackCOMMON 078
I2C_Write1Byte@i         cstackCOMMON 079
ISR@tcount               bssCOMMON    075
_B_MainLoop              bitbssCOMMON 3D8
_I2C_Read1Byte           text231      04B
_I2C_WaitMoment          text235      0D6
_I2C_Write1Byte          text233      07A
_I2C_WriteStart          text234      0C8
_I2C_WriteStop           text232      0BA
_INTCON                  (abs)        00B
_ISR                     text236      098
_OSCCON                  (abs)        08F
_PIE1                    (abs)        08C
_PIR1                    (abs)        00C
_PORTB                   (abs)        006
_PR2                     (abs)        092
_RA0                     (abs)        028
_RA1                     (abs)        029
_Recebuffer              bssCOMMON    070
_Sendbuffer              bssBANK0     020
_T2CON                   (abs)        012
_TMR2IE                  (abs)        461
_TMR2IF                  (abs)        061
_TRISA0                  (abs)        428
_TRISA1                  (abs)        429
_TRISB                   (abs)        086
__Habs1                  abs1         000
__Hbank0                 bank0        000
__Hbank1                 bank1        000
__HbitbssCOMMON          bitbssCOMMON 000
__HbssBANK0              bssBANK0     000
__HbssCOMMON             bssCOMMON    000
__Hcinit                 cinit        000
__Hclrtext               clrtext      000
__Hcode                  code         000
__Hcommon                common       000
__Hconfig                config       000
__HcstackBANK0           cstackBANK0  000
__HcstackCOMMON          cstackCOMMON 000
__Heeprom_data           eeprom_data  000
__Hend_init              end_init     00B
__Hfunctab               functab      000
__Hidloc                 idloc        000
__Hinit                  init         00A
__Hintentry              intentry     00A
__Hmaintext              maintext     000
__Hpa_nodes              pa_nodes     000
__Hpowerup               powerup      000
__Hram                   ram          000
__Hreset_vec             reset_vec    001
__Hsfr0                  sfr0         000
__Hsfr1                  sfr1         000
__Hstrings               strings      000
__Htext                  text         000
__Labs1                  abs1         000
__Lbank0                 bank0        000
__Lbank1                 bank1        000
__LbitbssCOMMON          bitbssCOMMON 000
__LbssBANK0              bssBANK0     000
__LbssCOMMON             bssCOMMON    000
__Lcinit                 cinit        000
__Lclrtext               clrtext      000
__Lcode                  code         000
__Lcommon                common       000
__Lconfig                config       000
__LcstackBANK0           cstackBANK0  000
__LcstackCOMMON          cstackCOMMON 000
__Leeprom_data           eeprom_data  000
__Lend_init              end_init     00A
__Lfunctab               functab      000
__Lidloc                 idloc        000
__Linit                  init         00A
__Lintentry              intentry     004
__Lmaintext              maintext     000
__Lpa_nodes              pa_nodes     000
__Lpowerup               powerup      000
__Lram                   ram          000
__Lreset_vec             reset_vec    000
__Lsfr0                  sfr0         000
__Lsfr1                  sfr1         000
__Lstrings               strings      000
__Ltext                  text         000
__S0                     (abs)        0D9
__S1                     (abs)        07C
__end_of_I2C_Read1Byte   text231      07A
__end_of_I2C_WaitMoment  text235      0D9
__end_of_I2C_Write1Byte  text233      098
__end_of_I2C_WriteStart  text234      0D6
__end_of_I2C_WriteStop   text232      0C8
__end_of_ISR             text236      0AC
__end_of_main            maintext     04B
__pbitbssCOMMON          bitbssCOMMON 3D8
__pbssBANK0              bssBANK0     020
__pbssCOMMON             bssCOMMON    070
__pcstackBANK0           cstackBANK0  025
__pcstackCOMMON          cstackCOMMON 076
__pintentry              intentry     004
__pmaintext              maintext     00B
__ptext230               text230      000
__ptext231               text231      04B
__ptext232               text232      0BA
__ptext233               text233      07A
__ptext234               text234      0C8
__ptext235               text235      0D6
__ptext236               text236      098
__ptext237               text237      000
__size_of_I2C_Read1Byte  (abs)        000
__size_of_I2C_WaitMoment (abs)        000
__size_of_I2C_Write1Byte (abs)        000
__size_of_I2C_WriteStart (abs)        000
__size_of_I2C_WriteStop  (abs)        000
__size_of_ISR            (abs)        000
__size_of_main           (abs)        000
_exit                    init         00A
_main                    maintext     00B
btemp                    (abs)        07E
end_of_initialization    cinit        0B8
i1l837                                   
i1l841                                   
i1l845                                   
interrupt_function       intentry     004
intlevel0                functab      000
intlevel1                functab      000
intlevel2                functab      000
intlevel3                functab      000
intlevel4                functab      000
intlevel5                functab      000
l1147                                    
l1149                                    
l1151                                    
l1153                                    
l1155                                    
l1157                                    
l1159                                    
l1161                                    
l1163                                    
l1167                                    
l1171                                    
l1173                                    
l1175                                    
l1177                                    
l1179                                    
l1183                                    
l1185                                    
l1187                                    
l1189                                    
l1191                                    
l1193                                    
l1195                                    
l1197                                    
l1199                                    
l1201                                    
l1203                                    
l1215                                    
l1217                                    
l1219                                    
l1221                                    
l1225                                    
l1227                                    
l1229                                    
l1233                                    
l1235                                    
l1237                                    
l1239                                    
l1241                                    
l1243                                    
l1245                                    
l1247                                    
l1249                                    
l1251                                    
l1253                                    
l1259                                    
l1263                                    
l1265                                    
l1267                                    
l1269                                    
l1271                                    
l1273                                    
l1275                                    
l1277                                    
l1279                                    
l1281                                    
l1283                                    
l1285                                    
l1287                                    
l1289                                    
l1291                                    
l443                                     
l446                                     
l452                                     
l453                                     
l465                                     
l468                                     
main@time1s              cstackBANK0  025
reset_vec                reset_vec    000
saved_w                  (abs)        07E
start                    init         00A
start_initialization     cinit        0AC
wtemp0                   (abs)        07E
