Microchip MPLAB XC8 Compiler V1.45 ()

Linker command line:

-W-9 \
  --edf=H:\MyDownloads\IDE_RAR\SCMCU_IDE_V2.00.10_2T\data\dat\en_msgs.txt \
  -cs -h+289XB_SEND.sym --cmf=289XB_SEND.cmf -z -QSC8F2892B \
  -oC:\Users\Administrator\AppData\Local\Temp\s7a4.2 -M289XB_SEND.map -E1 \
  -ver=XC8 -ASTACK=0A0h-0efh -pstack=STACK -ACODE=00h-07FFhx2 \
  -ASTRCODE=00h-0FFFh -ASTRING=00h-0FFhx16 -ACONST=00h-0FFhx16 \
  -AENTRY=00h-0FFhx16 -ACOMMON=070h-07Fh -ABANK0=020h-06Fh \
  -ABANK1=0A0h-0EFh -ABANK2=0120h-016Fh \
  -ARAM=020h-06Fh,0A0h-0EFh,0120h-016Fh \
  -AABS1=020h-07Fh,0A0h-0EFh,0120h-016Fh -ASFR0=00h-01Fh -ASFR1=080h-09Fh \
  -ASFR2=0100h-011Fh -ASFR3=0180h-01EFh \
  -preset_vec=00h,intentry=04h,init,end_init -ppowerup=CODE -pcinit=CODE \
  -pfunctab=ENTRY -ACONFIG=02007h-02008h -pconfig=CONFIG -DCONFIG=2 \
  -AIDLOC=02000h-02003h -pidloc=IDLOC -DIDLOC=2 -DCODE=2 -DSTRCODE=2 \
  -DSTRING=2 -DCONST=2 -DENTRY=2 -k startup.obj 289XB_SEND.obj 

Object code version is 3.11

Machine type is SC8F2892B



                Name                               Link     Load   Length Selector   Space Scale
startup.obj     end_init                              B        B        2        8       0
                reset_vec                             0        0        2        0       0
289XB_SEND.obj  cinit                                 D        D        B        8       0
                intentry                              4        4        7        8       0
                text10                              192      192       15        8       0
                text3                                18       18      15E        8       0
                text2                               176      176       1C        8       0
                text1                               1BB      1BB       11      376       0
                maintext                            1CC      1CC        B      376       0
                cstackCOMMON                         70       70        5       70       1
                clrtext                             1D7      1D7        8      376       0
                bssBANK0                             20       20       20       20       1
                bssCOMMON                            76       76        1       70       1
                bitbssCOMMON                        3A8       75        1       70       1     8
                strings                             1A7      1A7       14      34E       0

TOTAL           Name                               Link     Load   Length     Space
        CLASS   STACK          

        CLASS   CODE           
                end_init                              B        B        2         0
                cinit                                 D        D        B         0
                intentry                              4        4        7         0
                reset_vec                             0        0        2         0
                text10                              192      192       15         0
                text3                                18       18      15E         0
                text2                               176      176       1C         0
                text1                               1BB      1BB       11         0
                maintext                            1CC      1CC        B         0
                clrtext                             1D7      1D7        8         0

        CLASS   STRCODE        

        CLASS   STRING         
                strings                             1A7      1A7       14         0

        CLASS   CONST          

        CLASS   ENTRY          

        CLASS   COMMON         
                cstackCOMMON                         70       70        5         1
                bssCOMMON                            76       76        1         1
                bitbssCOMMON                        3A8       75        1         1

        CLASS   BANK0          
                bssBANK0                             20       20       20         1

        CLASS   BANK1          

        CLASS   BANK2          

        CLASS   RAM            

        CLASS   ABS1           
                abs_s1                               7E       7E        2         1

        CLASS   SFR0           

        CLASS   SFR1           

        CLASS   SFR2           

        CLASS   SFR3           

        CLASS   CONFIG         

        CLASS   IDLOC          

        CLASS   BANK3          

        CLASS   EEDATA         



SEGMENTS        Name                           Load    Length   Top    Selector   Space  Class     Delta

                reset_vec                      000000  000002  000002         0       0  CODE        2
                intentry                       000004  0001A3  0001A7         8       0  CODE        2
                bssBANK0                       000020  000020  000040        20       1  BANK0       1
                cstackCOMMON                   000070  000007  000077        70       1  COMMON      1
                strings                        0001A7  000014  0001BB       34E       0  STRING      2
                text1                          0001BB  000024  0001DF       376       0  CODE        2


UNUSED ADDRESS RANGES

        Name                Unused          Largest block    Delta
        BANK0            040-06F            30           1
        BANK1            0A0-0EF            50           1
        BANK2            120-16F            50           1
        CODE             002-003             2           2
                         1DF-FFF           621
        COMMON           077-07D             7           1
        CONFIG           2007-2008             2           2
        CONST            002-003             2           2
                         1DF-FFF           100
        ENTRY            002-003             2           2
                         1DF-FFF           100
        IDLOC            2000-2003             4           2
        RAM              040-06F            30           1
                         0A0-0EF            50
                         120-16F            50
        SFR0             000-01F            20           1
        SFR1             080-09F            20           1
        SFR2             100-11F            20           1
        SFR3             180-1EF            70           1
        STACK            0A0-0EF            50           1
        STRCODE          002-003             2           2
                         1DF-FFF           E21
        STRING           002-003             2           2
                         1DF-FFF           100

                                  Symbol Table

CheckTouchKey_F@checksum  cstackCOMMON 074
I2C_Write1bYTE@data       cstackCOMMON 072
I2C_Write1bYTE@i          cstackCOMMON 073
Key_Test@cnt              cstackCOMMON 072
PL2                       text3        166
PL4                       text3        171
_B_MainLoop               bitbssCOMMON 3A8
_CheckTouchKey            text3        018
_CheckTouchKey_F          text3        019
_I2C_SCL_IO               (abs)        431
_I2C_SDA_IO               (abs)        430
_I2C_WaitMoment           text3        0D8
_I2C_Write1bYTE           text3        090
_I2C_WriteStart           text3        0C5
_I2C_WriteStop            text3        0B2
_INTCON                   (abs)        00B
_Init_System              text2        176
_Isr_Timer                text10       192
_KEYCON0                  (abs)        092
_KEYCON1                  (abs)        093
_KEYCON2                  (abs)        097
_KEYDATAH                 (abs)        095
_KEYDATAL                 (abs)        094
_Key_Test                 text3        0DB
_MainTime                 bssCOMMON    076
_OPTION_REG               (abs)        081
_OSCCON                   (abs)        088
_PIE1                     (abs)        00D
_PIE2                     (abs)        108
_PIR1                     (abs)        00C
_PIR2                     (abs)        107
_PORTB                    (abs)        006
_PR2                      (abs)        091
_RB0                      (abs)        030
_RB1                      (abs)        031
_Refurbish_Sfr            text1        1BB
_T2CON                    (abs)        012
_TKdata                   bssBANK0     020
_TMR2IE                   (abs)        069
_TMR2IF                   (abs)        061
_TRISB                    (abs)        086
_Table_KeyCap             strings      1AD
_Table_KeyChannel         strings      1B4
__Habs1                   abs1         000
__Hbank0                  bank0        000
__Hbank1                  bank1        000
__Hbank2                  bank2        000
__Hbank3                  bank3        000
__HbitbssCOMMON           bitbssCOMMON 000
__HbssBANK0               bssBANK0     000
__HbssCOMMON              bssCOMMON    000
__Hcinit                  cinit        018
__Hclrtext                clrtext      000
__Hcode                   code         000
__Hcommon                 common       000
__Hconfig                 config       000
__HcstackCOMMON           cstackCOMMON 000
__Heeprom_data            eeprom_data  000
__Hend_init               end_init     00D
__Hfunctab                functab      000
__Hidloc                  idloc        000
__Hinit                   init         00B
__Hintentry               intentry     00B
__Hmaintext               maintext     000
__Hpa_nodes0              pa_nodes0    000
__Hpowerup                powerup      000
__Hram                    ram          000
__Hreset_vec              reset_vec    002
__Hsfr0                   sfr0         000
__Hsfr1                   sfr1         000
__Hsfr2                   sfr2         000
__Hsfr3                   sfr3         000
__Hspace_0                (abs)        1DF
__Hspace_1                (abs)        3A9
__Hspace_2                (abs)        000
__Hspace_3                (abs)        000
__Hstack                  stack        000
__Hstrings                strings      000
__Htext                   text         000
__Labs1                   abs1         000
__Lbank0                  bank0        000
__Lbank1                  bank1        000
__Lbank2                  bank2        000
__Lbank3                  bank3        000
__LbitbssCOMMON           bitbssCOMMON 000
__LbssBANK0               bssBANK0     000
__LbssCOMMON              bssCOMMON    000
__Lcinit                  cinit        00D
__Lclrtext                clrtext      000
__Lcode                   code         000
__Lcommon                 common       000
__Lconfig                 config       000
__LcstackCOMMON           cstackCOMMON 000
__Leeprom_data            eeprom_data  000
__Lend_init               end_init     00B
__Lfunctab                functab      000
__Lidloc                  idloc        000
__Linit                   init         00B
__Lintentry               intentry     004
__Lmaintext               maintext     000
__Lpa_nodes0              pa_nodes0    000
__Lpowerup                powerup      000
__Lram                    ram          000
__Lreset_vec              reset_vec    000
__Lsfr0                   sfr0         000
__Lsfr1                   sfr1         000
__Lsfr2                   sfr2         000
__Lsfr3                   sfr3         000
__Lspace_0                (abs)        000
__Lspace_1                (abs)        000
__Lspace_2                (abs)        000
__Lspace_3                (abs)        000
__Lstack                  stack        000
__Lstrings                strings      000
__Ltext                   text         000
__S0                      (abs)        1DF
__S1                      (abs)        077
__S2                      (abs)        000
___int_sp                 stack        000
___latbits                (abs)        001
___sp                     stack        000
__end_ofPL2               text3        171
__end_ofPL4               text3        176
__end_of_CheckTouchKey    text3        019
__end_of_CheckTouchKey_F  text3        090
__end_of_I2C_WaitMoment   text3        0DB
__end_of_I2C_Write1bYTE   text3        0B2
__end_of_I2C_WriteStart   text3        0D8
__end_of_I2C_WriteStop    text3        0C5
__end_of_Init_System      text2        192
__end_of_Isr_Timer        text10       1A7
__end_of_Key_Test         text3        166
__end_of_Refurbish_Sfr    text1        1CC
__end_of_Table_KeyCap     strings      1B4
__end_of_Table_KeyChannel strings      1BB
__end_of__initialization  cinit        015
__end_of__stringtab       strings      1AD
__end_of_main             maintext     1D7
__initialization          cinit        00D
__pbitbssCOMMON           bitbssCOMMON 3A8
__pbssBANK0               bssBANK0     020
__pbssCOMMON              bssCOMMON    076
__pcstackCOMMON           cstackCOMMON 070
__pintentry               intentry     004
__pmaintext               maintext     1CC
__pstrings                strings      1A7
__ptext1                  text1        1BB
__ptext10                 text10       192
__ptext2                  text2        176
__ptext3                  text3        018
__ptext4                  text3        019
__ptext5                  text3        0DB
__ptext6                  text3        0B2
__ptext7                  text3        0C5
__ptext8                  text3        090
__ptext9                  text3        0D8
__size_of_CheckTouchKey   (abs)        000
__size_of_CheckTouchKey_F (abs)        000
__size_of_I2C_WaitMoment  (abs)        000
__size_of_I2C_Write1bYTE  (abs)        000
__size_of_I2C_WriteStart  (abs)        000
__size_of_I2C_WriteStop   (abs)        000
__size_of_Init_System     (abs)        000
__size_of_Isr_Timer       (abs)        000
__size_of_Key_Test        (abs)        000
__size_of_Refurbish_Sfr   (abs)        000
__size_of_main            (abs)        000
__stringbase              strings      1AC
__stringtab               strings      1A7
_main                     maintext     1CC
btemp                     (abs)        07E
clear_ram0                clrtext      1D7
end_of_initialization     cinit        015
interrupt_function        intentry     004
intlevel0                 functab      000
intlevel1                 functab      000
intlevel2                 functab      000
intlevel3                 functab      000
intlevel4                 functab      000
intlevel5                 functab      000
reset_vec                 reset_vec    000
saved_w                   (abs)        07E
stackhi                   (abs)        000
stacklo                   (abs)        000
start                     init         00B
start_initialization      cinit        00D
wtemp0                    (abs)        07E


FUNCTION INFORMATION:

 *************** function _main *****************
 Defined at:
		line 74 in file "H:\MyDownloads\说明书&测试报告\开发包\SC8F289XB开发包\SCTOUCH-289XB\main.c"
 Parameters:    Size  Location     Type
		None
 Auto vars:     Size  Location     Type
		None
 Return value:  Size  Location     Type
                  1    wreg      void 
 Registers used:
		wreg, fsr0l, fsr0h, status,2, status,0, pclath, cstack
 Tracked objects:
		On entry : 
		On exit  : 
		Unchanged: 
 Data sizes:     COMMON   BANK0   BANK1   BANK2
      Params:         0       0       0       0
      Locals:         0       0       0       0
      Temps:          0       0       0       0
      Totals:         0       0       0       0
Total ram usage:        0 bytes
 Hardware stack levels required when called:    5
 This function calls:
		_CheckTouchKey
		_Init_System
		_Refurbish_Sfr
 This function is called by:
		Startup code after reset
 This function uses a non-reentrant model


 *************** function _Refurbish_Sfr *****************
 Defined at:
		line 37 in file "H:\MyDownloads\说明书&测试报告\开发包\SC8F289XB开发包\SCTOUCH-289XB\main.c"
 Parameters:    Size  Location     Type
		None
 Auto vars:     Size  Location     Type
		None
 Return value:  Size  Location     Type
                  1    wreg      void 
 Registers used:
		wreg, status,2, status,0
 Tracked objects:
		On entry : 
		On exit  : 
		Unchanged: 
 Data sizes:     COMMON   BANK0   BANK1   BANK2
      Params:         0       0       0       0
      Locals:         0       0       0       0
      Temps:          0       0       0       0
      Totals:         0       0       0       0
Total ram usage:        0 bytes
 Hardware stack levels used:    1
 Hardware stack levels required when called:    1
 This function calls:
		Nothing
 This function is called by:
		_main
 This function uses a non-reentrant model


 *************** function _Init_System *****************
 Defined at:
		line 8 in file "H:\MyDownloads\说明书&测试报告\开发包\SC8F289XB开发包\SCTOUCH-289XB\main.c"
 Parameters:    Size  Location     Type
		None
 Auto vars:     Size  Location     Type
		None
 Return value:  Size  Location     Type
                  1    wreg      void 
 Registers used:
		wreg, status,2
 Tracked objects:
		On entry : 
		On exit  : 
		Unchanged: 
 Data sizes:     COMMON   BANK0   BANK1   BANK2
      Params:         0       0       0       0
      Locals:         0       0       0       0
      Temps:          0       0       0       0
      Totals:         0       0       0       0
Total ram usage:        0 bytes
 Hardware stack levels used:    1
 Hardware stack levels required when called:    1
 This function calls:
		Nothing
 This function is called by:
		_main
 This function uses a non-reentrant model


 *************** function _CheckTouchKey *****************
 Defined at:
		line 290 in file "H:\MyDownloads\说明书&测试报告\开发包\SC8F289XB开发包\SCTOUCH-289XB\CheckTouchKey.c"
 Parameters:    Size  Location     Type
		None
 Auto vars:     Size  Location     Type
		None
 Return value:  Size  Location     Type
                  1    wreg      void 
 Registers used:
		wreg, fsr0l, fsr0h, status,2, status,0, pclath, cstack
 Tracked objects:
		On entry : 
		On exit  : 
		Unchanged: 
 Data sizes:     COMMON   BANK0   BANK1   BANK2
      Params:         0       0       0       0
      Locals:         0       0       0       0
      Temps:          0       0       0       0
      Totals:         0       0       0       0
Total ram usage:        0 bytes
 Hardware stack levels used:    1
 Hardware stack levels required when called:    4
 This function calls:
		_CheckTouchKey_F
 This function is called by:
		_main
 This function uses a non-reentrant model


 *************** function _CheckTouchKey_F *****************
 Defined at:
		line 167 in file "H:\MyDownloads\说明书&测试报告\开发包\SC8F289XB开发包\SCTOUCH-289XB\CheckTouchKey.c"
 Parameters:    Size  Location     Type
		None
 Auto vars:     Size  Location     Type
  checksum        1    4[COMMON] unsigned char 
 Return value:  Size  Location     Type
                  1    wreg      void 
 Registers used:
		wreg, fsr0l, fsr0h, status,2, status,0, pclath, cstack
 Tracked objects:
		On entry : 
		On exit  : 
		Unchanged: 
 Data sizes:     COMMON   BANK0   BANK1   BANK2
      Params:         0       0       0       0
      Locals:         1       0       0       0
      Temps:          0       0       0       0
      Totals:         1       0       0       0
Total ram usage:        1 bytes
 Hardware stack levels used:    1
 Hardware stack levels required when called:    3
 This function calls:
		_I2C_Write1bYTE
		_I2C_WriteStart
		_I2C_WriteStop
		_Key_Test
 This function is called by:
		_CheckTouchKey
 This function uses a non-reentrant model


 *************** function _Key_Test *****************
 Defined at:
		line 34 in file "H:\MyDownloads\说明书&测试报告\开发包\SC8F289XB开发包\SCTOUCH-289XB\CheckTouchKey.c"
 Parameters:    Size  Location     Type
		None
 Auto vars:     Size  Location     Type
  cnt             1    2[COMMON] unsigned char 
 Return value:  Size  Location     Type
                  2  1505[None  ] unsigned int 
 Registers used:
		wreg, fsr0l, fsr0h, status,2, status,0, pclath
 Tracked objects:
		On entry : 
		On exit  : 
		Unchanged: 
 Data sizes:     COMMON   BANK0   BANK1   BANK2
      Params:         0       0       0       0
      Locals:         1       0       0       0
      Temps:          0       0       0       0
      Totals:         1       0       0       0
Total ram usage:        1 bytes
 Hardware stack levels used:    2
 Hardware stack levels required when called:    1
 This function calls:
		Nothing
 This function is called by:
		_CheckTouchKey_F
 This function uses a non-reentrant model


 *************** function _I2C_WriteStop *****************
 Defined at:
		line 325 in file "H:\MyDownloads\说明书&测试报告\开发包\SC8F289XB开发包\SCTOUCH-289XB\CheckTouchKey.c"
 Parameters:    Size  Location     Type
		None
 Auto vars:     Size  Location     Type
		None
 Return value:  Size  Location     Type
                  1    wreg      void 
 Registers used:
		status,2, status,0, pclath, cstack
 Tracked objects:
		On entry : 
		On exit  : 
		Unchanged: 
 Data sizes:     COMMON   BANK0   BANK1   BANK2
      Params:         0       0       0       0
      Locals:         0       0       0       0
      Temps:          0       0       0       0
      Totals:         0       0       0       0
Total ram usage:        0 bytes
 Hardware stack levels used:    1
 Hardware stack levels required when called:    2
 This function calls:
		_I2C_WaitMoment
 This function is called by:
		_CheckTouchKey_F
 This function uses a non-reentrant model


 *************** function _I2C_WriteStart *****************
 Defined at:
		line 308 in file "H:\MyDownloads\说明书&测试报告\开发包\SC8F289XB开发包\SCTOUCH-289XB\CheckTouchKey.c"
 Parameters:    Size  Location     Type
		None
 Auto vars:     Size  Location     Type
		None
 Return value:  Size  Location     Type
                  1    wreg      void 
 Registers used:
		status,2, status,0, pclath, cstack
 Tracked objects:
		On entry : 
		On exit  : 
		Unchanged: 
 Data sizes:     COMMON   BANK0   BANK1   BANK2
      Params:         0       0       0       0
      Locals:         0       0       0       0
      Temps:          0       0       0       0
      Totals:         0       0       0       0
Total ram usage:        0 bytes
 Hardware stack levels used:    1
 Hardware stack levels required when called:    2
 This function calls:
		_I2C_WaitMoment
 This function is called by:
		_CheckTouchKey_F
 This function uses a non-reentrant model


 *************** function _I2C_Write1bYTE *****************
 Defined at:
		line 347 in file "H:\MyDownloads\说明书&测试报告\开发包\SC8F289XB开发包\SCTOUCH-289XB\CheckTouchKey.c"
 Parameters:    Size  Location     Type
  data            1    wreg     unsigned char 
 Auto vars:     Size  Location     Type
  data            1    2[COMMON] unsigned char 
  i               1    3[COMMON] unsigned char 
 Return value:  Size  Location     Type
                  1    wreg      unsigned char 
 Registers used:
		wreg, status,2, status,0, pclath, cstack
 Tracked objects:
		On entry : 
		On exit  : 
		Unchanged: 
 Data sizes:     COMMON   BANK0   BANK1   BANK2
      Params:         0       0       0       0
      Locals:         2       0       0       0
      Temps:          0       0       0       0
      Totals:         2       0       0       0
Total ram usage:        2 bytes
 Hardware stack levels used:    1
 Hardware stack levels required when called:    2
 This function calls:
		_I2C_WaitMoment
 This function is called by:
		_CheckTouchKey_F
 This function uses a non-reentrant model


 *************** function _I2C_WaitMoment *****************
 Defined at:
		line 420 in file "H:\MyDownloads\说明书&测试报告\开发包\SC8F289XB开发包\SCTOUCH-289XB\CheckTouchKey.c"
 Parameters:    Size  Location     Type
		None
 Auto vars:     Size  Location     Type
		None
 Return value:  Size  Location     Type
                  1    wreg      void 
 Registers used:
		None
 Tracked objects:
		On entry : 
		On exit  : 
		Unchanged: 
 Data sizes:     COMMON   BANK0   BANK1   BANK2
      Params:         0       0       0       0
      Locals:         0       0       0       0
      Temps:          0       0       0       0
      Totals:         0       0       0       0
Total ram usage:        0 bytes
 Hardware stack levels used:    1
 Hardware stack levels required when called:    1
 This function calls:
		Nothing
 This function is called by:
		_I2C_WriteStart
		_I2C_WriteStop
		_I2C_Write1bYTE
 This function uses a non-reentrant model


 *************** function _Isr_Timer *****************
 Defined at:
		line 53 in file "H:\MyDownloads\说明书&测试报告\开发包\SC8F289XB开发包\SCTOUCH-289XB\main.c"
 Parameters:    Size  Location     Type
		None
 Auto vars:     Size  Location     Type
		None
 Return value:  Size  Location     Type
                  1    wreg      void 
 Registers used:
		wreg, status,2, status,0
 Tracked objects:
		On entry : 
		On exit  : 
		Unchanged: 
 Data sizes:     COMMON   BANK0   BANK1   BANK2
      Params:         0       0       0       0
      Locals:         0       0       0       0
      Temps:          2       0       0       0
      Totals:         2       0       0       0
Total ram usage:        2 bytes
 Hardware stack levels used:    1
 This function calls:
		Nothing
 This function is called by:
		Interrupt level 1
 This function uses a non-reentrant model



MODULE INFORMATION

Module		Function		Class		Link	Load	Size
H:\MyDownloads\说明书&测试报告\开发包\SC8F289XB开发包\SCTOUCH-289XB\CheckTouchKey.c
		_CheckTouchKey_F		CODE           	0019	0000	120
		_I2C_WriteStop 		CODE           	00B2	0000	20
		_I2C_Write1bYTE		CODE           	0090	0000	35
		_CheckTouchKey 		CODE           	0018	0000	2
		_I2C_WriteStart		CODE           	00C5	0000	20
		_Key_Test      		CODE           	00DB	0000	140
		_I2C_WaitMoment		CODE           	00D8	0000	4

H:\MyDownloads\说明书&测试报告\开发包\SC8F289XB开发包\SCTOUCH-289XB\CheckTouchKey.c estimated size: 341

H:\MyDownloads\说明书&测试报告\开发包\SC8F289XB开发包\SCTOUCH-289XB\main.c
		_Refurbish_Sfr 		CODE           	01BB	0000	18
		_main          		CODE           	01CC	0000	12
		_Init_System   		CODE           	0176	0000	29
		_Isr_Timer     		CODE           	0192	0000	22

H:\MyDownloads\说明书&测试报告\开发包\SC8F289XB开发包\SCTOUCH-289XB\main.c estimated size: 81

shared
		__stringtab    		STRING         	01A7	0000	7
		_Table_KeyCap  		STRING         	01AD	0000	8
		_Table_KeyChannel		STRING         	01B4	0000	8
		__initialization		CODE           	000D	0000	9
		PL2            		CODE           	0166	0000	12
		PL4            		CODE           	0171	0000	6

shared estimated size: 50

