Microchip MPLAB XC8 Compiler V1.45 ()

Linker command line:

-W-9 \
  --edf=H:\MyDownloads\IDE_RAR\SCMCU_IDE_V2.00.09_Beta3\SCMCU_IDE_V2.00.09_Beta3\data\dat\en_msgs.txt \
  -cs -h+SC8P171XE_LVD.sym --cmf=SC8P171XE_LVD.cmf -z -QSC8P1712E \
  -oC:\Users\Administrator\AppData\Local\Temp\s8kc.2 -MSC8P171XE_LVD.map \
  -E1 -ver=XC8 -ASTACK=020h-06fh -pstack=STACK -ACODE=00h-07FFh \
  -ASTRCODE=00h-07FFh -ASTRING=00h-0FFhx8 -ACONST=00h-0FFhx8 \
  -AENTRY=00h-0FFhx8 -ACOMMON=070h-07Fh -ABANK0=020h-06Fh -ABANK1=0A0h-0EFh \
  -ARAM=020h-06Fh,0A0h-0EFh -AABS1=020h-07Fh,0A0h-0EFh -ASFR0=00h-01Fh \
  -ASFR1=080h-09Fh -preset_vec=00h,intentry=04h,init,end_init \
  -ppowerup=CODE -pcinit=CODE -pfunctab=ENTRY -ACONFIG=02007h-02008h \
  -pconfig=CONFIG -DCONFIG=2 -AIDLOC=02000h-02003h -pidloc=IDLOC -DIDLOC=2 \
  -DCODE=2 -DSTRCODE=2 -DSTRING=2 -DCONST=2 -DENTRY=2 -k startup.obj \
  SC8P171XE_LVD.obj 

Object code version is 3.11

Machine type is SC8P1712E



                Name                               Link     Load   Length Selector   Space Scale
startup.obj     end_init                              A        A        1        8       0
                reset_vec                             0        0        1        0       0
SC8P171XE_LVD.obj
                cinit                                 B        B        2        8       0
                intentry                              4        4        6        8       0
                text1                                23       23        A        8       0
                maintext                              D        D       16        8       0
                cstackCOMMON                         70       70        2       70       1

TOTAL           Name                               Link     Load   Length     Space
        CLASS   STACK          

        CLASS   CODE           
                end_init                              A        A        1         0
                cinit                                 B        B        2         0
                intentry                              4        4        6         0
                reset_vec                             0        0        1         0
                text1                                23       23        A         0
                maintext                              D        D       16         0

        CLASS   STRCODE        

        CLASS   STRING         

        CLASS   CONST          

        CLASS   ENTRY          

        CLASS   COMMON         
                cstackCOMMON                         70       70        2         1

        CLASS   BANK0          

        CLASS   BANK1          

        CLASS   RAM            

        CLASS   ABS1           
                abs_s1                               7E       7E        2         1

        CLASS   SFR0           

        CLASS   SFR1           

        CLASS   CONFIG         

        CLASS   IDLOC          

        CLASS   EEDATA         



SEGMENTS        Name                           Load    Length   Top    Selector   Space  Class     Delta

                reset_vec                      000000  000001  000001         0       0  CODE        2
                intentry                       000004  000029  00002D         8       0  CODE        2
                cstackCOMMON                   000070  000002  000072        70       1  COMMON      1


UNUSED ADDRESS RANGES

        Name                Unused          Largest block    Delta
        BANK0            020-06F            50           1
        BANK1            0A0-0EF            50           1
        CODE             001-003             3           2
                         02D-7FF           7D3
        COMMON           072-07D             C           1
        CONFIG           2007-2008             2           2
        CONST            001-003             3           2
                         02D-7FF           100
        ENTRY            001-003             3           2
                         02D-7FF           100
        IDLOC            2000-2003             4           2
        RAM              020-06F            50           1
                         0A0-0EF            50
        SFR0             000-01F            20           1
        SFR1             080-09F            20           1
        STACK            020-06F            50           1
        STRCODE          001-003             3           2
                         02D-7FF           7D3
        STRING           001-003             3           2
                         02D-7FF           100

                                  Symbol Table

_INTCON                  (abs)        00B
_LVDCON                  (abs)        091
_LVDIF                   (abs)        068
_LVD_Isr                 text1        023
_LVD_RES                 (abs)        48F
_OPTION_REG              (abs)        081
_OSCCON                  (abs)        08F
_PIE2                    (abs)        08D
_RA2                     (abs)        02A
__Habs1                  abs1         000
__Hbank0                 bank0        000
__Hbank1                 bank1        000
__Hcinit                 cinit        00D
__Hclrtext               clrtext      000
__Hcode                  code         000
__Hcommon                common       000
__Hconfig                config       000
__HcstackCOMMON          cstackCOMMON 000
__Heeprom_data           eeprom_data  000
__Hend_init              end_init     00B
__Hfunctab               functab      000
__Hidloc                 idloc        000
__Hinit                  init         00A
__Hintentry              intentry     00A
__Hmaintext              maintext     000
__Hpa_nodes0             pa_nodes0    000
__Hpowerup               powerup      000
__Hram                   ram          000
__Hreset_vec             reset_vec    001
__Hsfr0                  sfr0         000
__Hsfr1                  sfr1         000
__Hspace_0               (abs)        02D
__Hspace_1               (abs)        072
__Hspace_2               (abs)        000
__Hspace_3               (abs)        000
__Hstack                 stack        000
__Hstrings               strings      000
__Htext                  text         000
__Labs1                  abs1         000
__Lbank0                 bank0        000
__Lbank1                 bank1        000
__Lcinit                 cinit        00B
__Lclrtext               clrtext      000
__Lcode                  code         000
__Lcommon                common       000
__Lconfig                config       000
__LcstackCOMMON          cstackCOMMON 000
__Leeprom_data           eeprom_data  000
__Lend_init              end_init     00A
__Lfunctab               functab      000
__Lidloc                 idloc        000
__Linit                  init         00A
__Lintentry              intentry     004
__Lmaintext              maintext     000
__Lpa_nodes0             pa_nodes0    000
__Lpowerup               powerup      000
__Lram                   ram          000
__Lreset_vec             reset_vec    000
__Lsfr0                  sfr0         000
__Lsfr1                  sfr1         000
__Lspace_0               (abs)        000
__Lspace_1               (abs)        000
__Lspace_2               (abs)        000
__Lspace_3               (abs)        000
__Lstack                 stack        000
__Lstrings               strings      000
__Ltext                  text         000
__S0                     (abs)        02D
__S1                     (abs)        072
__S2                     (abs)        000
___int_sp                stack        000
___latbits               (abs)        000
___sp                    stack        000
__end_of_LVD_Isr         text1        02D
__end_of__initialization cinit        00B
__end_of_main            maintext     023
__initialization         cinit        00B
__pcstackCOMMON          cstackCOMMON 070
__pintentry              intentry     004
__pmaintext              maintext     00D
__ptext0                 text0        000
__ptext1                 text1        023
__size_of_LVD_Isr        (abs)        000
__size_of_main           (abs)        000
_main                    maintext     00D
btemp                    (abs)        07E
end_of_initialization    cinit        00B
interrupt_function       intentry     004
intlevel0                functab      000
intlevel1                functab      000
intlevel2                functab      000
intlevel3                functab      000
intlevel4                functab      000
intlevel5                functab      000
reset_vec                reset_vec    000
saved_w                  (abs)        07E
stackhi                  (abs)        000
stacklo                  (abs)        000
start                    init         00A
start_initialization     cinit        00B
wtemp0                   (abs)        07E


FUNCTION INFORMATION:

 *************** function _main *****************
 Defined at:
		line 13 in file "H:\MyDownloads\说明书&测试报告\开发包\SC8P171XE开发包\SC8P171XE_C_demo\SC8P171XE_LVD\SC8P171XE_LVD.c"
 Parameters:    Size  Location     Type
		None
 Auto vars:     Size  Location     Type
		None
 Return value:  Size  Location     Type
                  1    wreg      void 
 Registers used:
		wreg, status,2
 Tracked objects:
		On entry : 
		On exit  : 
		Unchanged: 
 Data sizes:     COMMON   BANK0   BANK1
      Params:         0       0       0
      Locals:         0       0       0
      Temps:          0       0       0
      Totals:         0       0       0
Total ram usage:        0 bytes
 Hardware stack levels required when called:    1
 This function calls:
		Nothing
 This function is called by:
		Startup code after reset
 This function uses a non-reentrant model


 *************** function _LVD_Isr *****************
 Defined at:
		line 44 in file "H:\MyDownloads\说明书&测试报告\开发包\SC8P171XE开发包\SC8P171XE_C_demo\SC8P171XE_LVD\SC8P171XE_LVD.c"
 Parameters:    Size  Location     Type
		None
 Auto vars:     Size  Location     Type
		None
 Return value:  Size  Location     Type
                  1    wreg      void 
 Registers used:
		None
 Tracked objects:
		On entry : 
		On exit  : 
		Unchanged: 
 Data sizes:     COMMON   BANK0   BANK1
      Params:         0       0       0
      Locals:         0       0       0
      Temps:          2       0       0
      Totals:         2       0       0
Total ram usage:        2 bytes
 Hardware stack levels used:    1
 This function calls:
		Nothing
 This function is called by:
		Interrupt level 1
 This function uses a non-reentrant model



MODULE INFORMATION

Module		Function		Class		Link	Load	Size
shared
		__initialization		CODE           	000B	0000	1

shared estimated size: 1

H:\MyDownloads\说明书&测试报告\开发包\SC8P171XE开发包\SC8P171XE_C_demo\SC8P171XE_LVD\SC8P171XE_LVD.c
		_main          		CODE           	000D	0000	23
		_LVD_Isr       		CODE           	0023	0000	11

H:\MyDownloads\说明书&测试报告\开发包\SC8P171XE开发包\SC8P171XE_C_demo\SC8P171XE_LVD\SC8P171XE_LVD.c estimated size: 34

