Microchip MPLAB XC8 Compiler V1.45 ()

Linker command line:

-W-9 --edf=E:\cms\SCMCU_IDE_V2.00.07\data\dat\en_msgs.txt -cs \
  -h+uf166fan.sym --cmf=uf166fan.cmf -z -QSC8P1711C \
  -oC:\Users\ADMINI~1\AppData\Local\Temp\s628.2 -Muf166fan.map -E1 -ver=XC8 \
  -ASTACK=0A0h-0efh -pstack=STACK -ACODE=00h-07FFh -ASTRCODE=00h-07FFh \
  -ASTRING=00h-0FFhx8 -ACONST=00h-0FFhx8 -AENTRY=00h-0FFhx8 \
  -ACOMMON=070h-07Fh -ABANK0=020h-06Fh -ABANK1=0A0h-0EFh \
  -ARAM=020h-06Fh,0A0h-0EFh -AABS1=020h-07Fh,0A0h-0EFh -ASFR0=00h-01Fh \
  -ASFR1=080h-09Fh -ASFR2=0100h-016Fh -ASFR3=0180h-01EFh \
  -preset_vec=00h,intentry=04h,init,end_init -ppowerup=CODE -pcinit=CODE \
  -pfunctab=ENTRY -ACONFIG=02007h-02008h -pconfig=CONFIG -DCONFIG=2 \
  -AIDLOC=02000h-02003h -pidloc=IDLOC -DIDLOC=2 -DCODE=2 -DSTRCODE=2 \
  -DSTRING=2 -DCONST=2 -DENTRY=2 -k startup.obj uf166fan.obj 

Object code version is 3.11

Machine type is SC8P1711C



                Name                               Link     Load   Length Selector   Space Scale
startup.obj     end_init                              A        A        1        8       0
                reset_vec                             0        0        1        0       0
uf166fan.obj    cinit                                 B        B        C        8       0
                intentry                              4        4        6        8       0
                text16                              20D      20D       10        8       0
                text15                              1EB      1EB       12        8       0
                text14                              24E      24E        6        8       0
                text13                              244      244        A        8       0
                text12                              22B      22B        D        8       0
                text11                              189      189       29        8       0
                text10                              238      238        C        8       0
                text9                                7B       7B       45        8       0
                text8                               21D      21D        E        8       0
                text7                               160      160       29        8       0
                text6                               137      137       29        8       0
                text5                               1CF      1CF       1C        8       0
                swtext1                             254      254        4      4A8       0
                text4                                C0       C0       42        8       0
                text3                               102      102       35        8       0
                text2                               1FD      1FD       10        8       0
                text1                               1B2      1B2       1D        8       0
                maintext                             17       17       64        8       0
                cstackBANK0                          20       20       18       20       1
                cstackCOMMON                         70       70        A       70       1
                bssBANK0                             38       38        7       20       1
                dataCOMMON                           7A       7A        2       70       1

TOTAL           Name                               Link     Load   Length     Space
        CLASS   STACK          

        CLASS   CODE           
                end_init                              A        A        1         0
                cinit                                 B        B        C         0
                intentry                              4        4        6         0
                reset_vec                             0        0        1         0
                text16                              20D      20D       10         0
                text15                              1EB      1EB       12         0
                text14                              24E      24E        6         0
                text13                              244      244        A         0
                text12                              22B      22B        D         0
                text11                              189      189       29         0
                text10                              238      238        C         0
                text9                                7B       7B       45         0
                text8                               21D      21D        E         0
                text7                               160      160       29         0
                text6                               137      137       29         0
                text5                               1CF      1CF       1C         0
                text4                                C0       C0       42         0
                text3                               102      102       35         0
                text2                               1FD      1FD       10         0
                text1                               1B2      1B2       1D         0
                maintext                             17       17       64         0

        CLASS   STRCODE        

        CLASS   STRING         

        CLASS   CONST          
                swtext1                             254      254        4         0

        CLASS   ENTRY          

        CLASS   COMMON         
                cstackCOMMON                         70       70        A         1
                dataCOMMON                           7A       7A        2         1

        CLASS   BANK0          
                cstackBANK0                          20       20       18         1
                bssBANK0                             38       38        7         1

        CLASS   BANK1          

        CLASS   RAM            

        CLASS   ABS1           
                abs_s1                               7E       7E        2         1

        CLASS   SFR0           

        CLASS   SFR1           

        CLASS   SFR2           

        CLASS   SFR3           

        CLASS   CONFIG         

        CLASS   IDLOC          

        CLASS   BANK3          

        CLASS   BANK2          

        CLASS   EEDATA         



SEGMENTS        Name                           Load    Length   Top    Selector   Space  Class     Delta

                reset_vec                      000000  000001  000001         0       0  CODE        2
                intentry                       000004  000250  000254         8       0  CODE        2
                cstackBANK0                    000020  00001F  00003F        20       1  BANK0       1
                cstackCOMMON                   000070  00000C  00007C        70       1  COMMON      1
                swtext1                        000254  000004  000258       4A8       0  CONST       2


UNUSED ADDRESS RANGES

        Name                Unused          Largest block    Delta
        BANK0            03F-06F            31           1
        BANK1            0A0-0EF            50           1
        CODE             001-003             3           2
                         258-7FF           5A8
        COMMON           07C-07D             2           1
        CONFIG           2007-2008             2           2
        CONST            001-003             3           2
                         258-7FF           100
        ENTRY            001-003             3           2
                         258-7FF           100
        IDLOC            2000-2003             4           2
        RAM              03F-06F            31           1
                         0A0-0EF            50
        SFR0             000-01F            20           1
        SFR1             080-09F            20           1
        SFR2             100-16F            70           1
        SFR3             180-1EF            70           1
        STACK            0A0-0EF            50           1
        STRCODE          001-003             3           2
                         258-7FF           5A8
        STRING           001-003             3           2
                         258-7FF           100

                                  Symbol Table

?___awdiv                cstackCOMMON 072
_CCP1CON                 (abs)        017
_CCPR1L                  (abs)        015
_FAN_STATUS              dataCOMMON   07A
_INTCON                  (abs)        00B
_IOCB                    (abs)        096
_Init_GPIO               text15       1EB
_Init_Interupt           text14       24E
_Init_PWM                text12       22B
_Init_System             text13       244
_OPTION_REG              (abs)        081
_OSCCON                  (abs)        08F
_PORTA                   (abs)        005
_PORTB                   (abs)        006
_PORTC                   (abs)        007
_PR2                     (abs)        092
_T0IF                    (abs)        05A
_T2CON                   (abs)        012
_TMR0                    (abs)        001
_TMR2IF                  (abs)        061
_TO                      (abs)        01C
_TRISA                   (abs)        085
_TRISB                   (abs)        086
_TRISC                   (abs)        087
_Timer0_Isr              text16       20D
_WPUA                    (abs)        18E
_WPUB                    (abs)        095
_WPUC                    (abs)        18F
__Habs1                  abs1         000
__Hbank0                 bank0        000
__Hbank1                 bank1        000
__Hbank2                 bank2        000
__Hbank3                 bank3        000
__HbssBANK0              bssBANK0     000
__Hcinit                 cinit        017
__Hclrtext               clrtext      000
__Hcode                  code         000
__Hcommon                common       000
__Hconfig                config       000
__HcstackBANK0           cstackBANK0  000
__HcstackCOMMON          cstackCOMMON 000
__HdataCOMMON            dataCOMMON   000
__Heeprom_data           eeprom_data  000
__Hend_init              end_init     00B
__Hfunctab               functab      000
__HidataCOMMON           idataCOMMON  000
__Hidloc                 idloc        000
__Hinit                  init         00A
__Hintentry              intentry     00A
__Hmaintext              maintext     000
__Hpa_nodes0             pa_nodes0    000
__Hpowerup               powerup      000
__Hram                   ram          000
__Hreset_vec             reset_vec    001
__Hsfr0                  sfr0         000
__Hsfr1                  sfr1         000
__Hsfr2                  sfr2         000
__Hsfr3                  sfr3         000
__Hspace_0               (abs)        258
__Hspace_1               (abs)        07C
__Hspace_2               (abs)        000
__Hspace_3               (abs)        000
__Hstack                 stack        000
__Hstrings               strings      000
__Htext                  text         000
__Labs1                  abs1         000
__Lbank0                 bank0        000
__Lbank1                 bank1        000
__Lbank2                 bank2        000
__Lbank3                 bank3        000
__LbssBANK0              bssBANK0     000
__Lcinit                 cinit        00B
__Lclrtext               clrtext      000
__Lcode                  code         000
__Lcommon                common       000
__Lconfig                config       000
__LcstackBANK0           cstackBANK0  000
__LcstackCOMMON          cstackCOMMON 000
__LdataCOMMON            dataCOMMON   000
__Leeprom_data           eeprom_data  000
__Lend_init              end_init     00A
__Lfunctab               functab      000
__LidataCOMMON           idataCOMMON  000
__Lidloc                 idloc        000
__Linit                  init         00A
__Lintentry              intentry     004
__Lmaintext              maintext     000
__Lpa_nodes0             pa_nodes0    000
__Lpowerup               powerup      000
__Lram                   ram          000
__Lreset_vec             reset_vec    000
__Lsfr0                  sfr0         000
__Lsfr1                  sfr1         000
__Lsfr2                  sfr2         000
__Lsfr3                  sfr3         000
__Lspace_0               (abs)        000
__Lspace_1               (abs)        000
__Lspace_2               (abs)        000
__Lspace_3               (abs)        000
__Lstack                 stack        000
__Lstrings               strings      000
__Ltext                  text         000
__S0                     (abs)        258
__S1                     (abs)        07C
__S2                     (abs)        000
___awdiv                 text9        07B
___awdiv@counter         cstackCOMMON 076
___awdiv@dividend        cstackCOMMON 074
___awdiv@divisor         cstackCOMMON 072
___awdiv@quotient        cstackCOMMON 078
___awdiv@sign            cstackCOMMON 077
___bmul                  text8        21D
___bmul@multiplicand     cstackCOMMON 072
___bmul@multiplier       cstackCOMMON 074
___bmul@product          cstackCOMMON 073
___int_sp                stack        000
___latbits               (abs)        000
___sp                    stack        000
__end_of_Init_GPIO       text15       1FD
__end_of_Init_Interupt   text14       254
__end_of_Init_PWM        text12       238
__end_of_Init_System     text13       24E
__end_of_Timer0_Isr      text16       21D
__end_of___awdiv         text9        0C0
__end_of___bmul          text8        22B
__end_of__initialization cinit        015
__end_of_checkFan        text6        160
__end_of_checkUsbStatus  text5        1EB
__end_of_closeFan        text10       244
__end_of_key_driver      text4        102
__end_of_key_read        text3        137
__end_of_main            maintext     07B
__end_of_resetKey        text2        20D
__end_of_sacnKeyInput    text1        1CF
__end_of_setFanLevel     text7        189
__end_of_setLedOn        text11       1B2
__initialization         cinit        00B
__pbssBANK0              bssBANK0     038
__pcstackBANK0           cstackBANK0  020
__pcstackCOMMON          cstackCOMMON 070
__pdataCOMMON            dataCOMMON   07A
__pidataCOMMON           idataCOMMON  000
__pintentry              intentry     004
__pmaintext              maintext     017
__pswtext1               swtext1      254
__ptext1                 text1        1B2
__ptext10                text10       238
__ptext11                text11       189
__ptext12                text12       22B
__ptext13                text13       244
__ptext14                text14       24E
__ptext15                text15       1EB
__ptext16                text16       20D
__ptext2                 text2        1FD
__ptext3                 text3        102
__ptext4                 text4        0C0
__ptext5                 text5        1CF
__ptext6                 text6        137
__ptext7                 text7        160
__ptext8                 text8        21D
__ptext9                 text9        07B
__size_of_Init_GPIO      (abs)        000
__size_of_Init_Interupt  (abs)        000
__size_of_Init_PWM       (abs)        000
__size_of_Init_System    (abs)        000
__size_of_Timer0_Isr     (abs)        000
__size_of___awdiv        (abs)        000
__size_of___bmul         (abs)        000
__size_of_checkFan       (abs)        000
__size_of_checkUsbStatus (abs)        000
__size_of_closeFan       (abs)        000
__size_of_key_driver     (abs)        000
__size_of_key_read       (abs)        000
__size_of_main           (abs)        000
__size_of_resetKey       (abs)        000
__size_of_sacnKeyInput   (abs)        000
__size_of_setFanLevel    (abs)        000
__size_of_setLedOn       (abs)        000
_checkFan                text6        137
_checkUsbStatus          text5        1CF
_closeFan                text10       238
_count10Ms               bssBANK0     03A
_countTime               bssBANK0     03C
_currentLevel            dataCOMMON   07B
_fan_check_time          bssBANK0     038
_key_driver              text4        0C0
_key_read                text3        102
_main                    maintext     017
_resetKey                text2        1FD
_sacnKeyInput            text1        1B2
_setFanLevel             text7        160
_setLedOn                text11       189
_time0Flag               bssBANK0     03E
btemp                    (abs)        07E
end_of_initialization    cinit        015
interrupt_function       intentry     004
intlevel0                functab      000
intlevel1                functab      000
intlevel2                functab      000
intlevel3                functab      000
intlevel4                functab      000
intlevel5                functab      000
key_driver@key           cstackCOMMON 074
key_driver@key_read      cstackCOMMON 073
key_driver@key_return    cstackCOMMON 072
key_read@key             cstackCOMMON 077
key_read@key_read        cstackCOMMON 076
key_read@key_return      cstackCOMMON 075
main@key1                cstackBANK0  023
main@key2                cstackBANK0  02A
main@key3                cstackBANK0  031
resetKey@key             cstackCOMMON 072
reset_vec                reset_vec    000
sacnKeyInput@key         cstackCOMMON 074
saved_w                  (abs)        07E
setFanLevel@level        cstackBANK0  020
setFanLevel@tempLevel    cstackBANK0  021
setLedOn@ledIndex        cstackCOMMON 072
stackhi                  (abs)        000
stacklo                  (abs)        000
start                    init         00A
start_initialization     cinit        00B
wtemp0                   (abs)        07E


FUNCTION INFORMATION:

 *************** function _main *****************
 Defined at:
		line 156 in file "E:\project\scm\uf166fan\main.c"
 Parameters:    Size  Location     Type
		None
 Auto vars:     Size  Location     Type
  key3            7   17[BANK0 ] struct Keys
  key2            7   10[BANK0 ] struct Keys
  key1            7    3[BANK0 ] struct Keys
 Return value:  Size  Location     Type
                  1    wreg      void 
 Registers used:
		wreg, fsr0l, fsr0h, status,2, status,0, pclath, cstack
 Tracked objects:
		On entry : 
		On exit  : 
		Unchanged: 
 Data sizes:     COMMON   BANK0   BANK1
      Params:         0       0       0
      Locals:         0      21       0
      Temps:          0       0       0
      Totals:         0      21       0
Total ram usage:       21 bytes
 Hardware stack levels required when called:    4
 This function calls:
		_Init_GPIO
		_Init_Interupt
		_Init_System
		_checkFan
		_checkUsbStatus
		_key_read
		_resetKey
		_sacnKeyInput
		_setFanLevel
 This function is called by:
		Startup code after reset
 This function uses a non-reentrant model


 *************** function _sacnKeyInput *****************
 Defined at:
		line 3 in file "E:\project\scm\uf166fan\scankey.c"
 Parameters:    Size  Location     Type
  key             1    wreg     PTR struct Keys
		 -> main@key3(7), main@key2(7), main@key1(7), 
 Auto vars:     Size  Location     Type
  key             1    4[COMMON] PTR struct Keys
		 -> main@key3(7), main@key2(7), main@key1(7), 
 Return value:  Size  Location     Type
                  1    wreg      void 
 Registers used:
		wreg, fsr0l, fsr0h, status,2, status,0
 Tracked objects:
		On entry : 
		On exit  : 
		Unchanged: 
 Data sizes:     COMMON   BANK0   BANK1
      Params:         0       0       0
      Locals:         1       0       0
      Temps:          2       0       0
      Totals:         3       0       0
Total ram usage:        3 bytes
 Hardware stack levels used:    1
 Hardware stack levels required when called:    1
 This function calls:
		Nothing
 This function is called by:
		_main
 This function uses a non-reentrant model


 *************** function _resetKey *****************
 Defined at:
		line 115 in file "E:\project\scm\uf166fan\scankey.c"
 Parameters:    Size  Location     Type
  key             1    wreg     PTR struct Keys
		 -> main@key3(7), main@key2(7), main@key1(7), 
 Auto vars:     Size  Location     Type
  key             1    2[COMMON] PTR struct Keys
		 -> main@key3(7), main@key2(7), main@key1(7), 
 Return value:  Size  Location     Type
                  1    wreg      void 
 Registers used:
		wreg, fsr0l, fsr0h, status,2, status,0
 Tracked objects:
		On entry : 
		On exit  : 
		Unchanged: 
 Data sizes:     COMMON   BANK0   BANK1
      Params:         0       0       0
      Locals:         1       0       0
      Temps:          0       0       0
      Totals:         1       0       0
Total ram usage:        1 bytes
 Hardware stack levels used:    1
 Hardware stack levels required when called:    1
 This function calls:
		Nothing
 This function is called by:
		_main
 This function uses a non-reentrant model


 *************** function _key_read *****************
 Defined at:
		line 75 in file "E:\project\scm\uf166fan\scankey.c"
 Parameters:    Size  Location     Type
  key             1    wreg     PTR struct Keys
		 -> main@key3(7), main@key2(7), main@key1(7), 
 Auto vars:     Size  Location     Type
  key             1    7[COMMON] PTR struct Keys
		 -> main@key3(7), main@key2(7), main@key1(7), 
  key_read        1    6[COMMON] unsigned char 
  key_return      1    5[COMMON] unsigned char 
 Return value:  Size  Location     Type
                  1    wreg      unsigned char 
 Registers used:
		wreg, fsr0l, fsr0h, status,2, status,0, pclath, cstack
 Tracked objects:
		On entry : 
		On exit  : 
		Unchanged: 
 Data sizes:     COMMON   BANK0   BANK1
      Params:         0       0       0
      Locals:         3       0       0
      Temps:          0       0       0
      Totals:         3       0       0
Total ram usage:        3 bytes
 Hardware stack levels used:    1
 Hardware stack levels required when called:    2
 This function calls:
		_key_driver
 This function is called by:
		_main
 This function uses a non-reentrant model


 *************** function _key_driver *****************
 Defined at:
		line 10 in file "E:\project\scm\uf166fan\scankey.c"
 Parameters:    Size  Location     Type
  key             1    wreg     PTR struct Keys
		 -> main@key3(7), main@key2(7), main@key1(7), 
 Auto vars:     Size  Location     Type
  key             1    4[COMMON] PTR struct Keys
		 -> main@key3(7), main@key2(7), main@key1(7), 
  key_read        1    3[COMMON] unsigned char 
  key_return      1    2[COMMON] unsigned char 
 Return value:  Size  Location     Type
                  1    wreg      unsigned char 
 Registers used:
		wreg, fsr0l, fsr0h, status,2, status,0
 Tracked objects:
		On entry : 
		On exit  : 
		Unchanged: 
 Data sizes:     COMMON   BANK0   BANK1
      Params:         0       0       0
      Locals:         3       0       0
      Temps:          0       0       0
      Totals:         3       0       0
Total ram usage:        3 bytes
 Hardware stack levels used:    1
 Hardware stack levels required when called:    1
 This function calls:
		Nothing
 This function is called by:
		_key_read
 This function uses a non-reentrant model


 *************** function _checkUsbStatus *****************
 Defined at:
		line 28 in file "E:\project\scm\uf166fan\main.c"
 Parameters:    Size  Location     Type
		None
 Auto vars:     Size  Location     Type
		None
 Return value:  Size  Location     Type
                  1    wreg      void 
 Registers used:
		wreg, status,2, status,0
 Tracked objects:
		On entry : 
		On exit  : 
		Unchanged: 
 Data sizes:     COMMON   BANK0   BANK1
      Params:         0       0       0
      Locals:         0       0       0
      Temps:          1       0       0
      Totals:         1       0       0
Total ram usage:        1 bytes
 Hardware stack levels used:    1
 Hardware stack levels required when called:    1
 This function calls:
		Nothing
 This function is called by:
		_main
 This function uses a non-reentrant model


 *************** function _checkFan *****************
 Defined at:
		line 94 in file "E:\project\scm\uf166fan\main.c"
 Parameters:    Size  Location     Type
		None
 Auto vars:     Size  Location     Type
		None
 Return value:  Size  Location     Type
                  1    wreg      void 
 Registers used:
		wreg, fsr0l, fsr0h, status,2, status,0, pclath, cstack
 Tracked objects:
		On entry : 
		On exit  : 
		Unchanged: 
 Data sizes:     COMMON   BANK0   BANK1
      Params:         0       0       0
      Locals:         0       0       0
      Temps:          0       1       0
      Totals:         0       1       0
Total ram usage:        1 bytes
 Hardware stack levels used:    1
 Hardware stack levels required when called:    3
 This function calls:
		_closeFan
		_setFanLevel
 This function is called by:
		_main
 This function uses a non-reentrant model


 *************** function _setFanLevel *****************
 Defined at:
		line 57 in file "E:\project\scm\uf166fan\main.c"
 Parameters:    Size  Location     Type
  level           1    wreg     unsigned char 
 Auto vars:     Size  Location     Type
  level           1    0[BANK0 ] unsigned char 
  levelWidth      2    0        unsigned int 
  tempLevel       1    1[BANK0 ] unsigned char 
 Return value:  Size  Location     Type
                  1    wreg      void 
 Registers used:
		wreg, fsr0l, fsr0h, status,2, status,0, pclath, cstack
 Tracked objects:
		On entry : 
		On exit  : 
		Unchanged: 
 Data sizes:     COMMON   BANK0   BANK1
      Params:         0       0       0
      Locals:         0       2       0
      Temps:          0       0       0
      Totals:         0       2       0
Total ram usage:        2 bytes
 Hardware stack levels used:    1
 Hardware stack levels required when called:    2
 This function calls:
		___awdiv
		___bmul
		_setLedOn
 This function is called by:
		_checkFan
		_main
 This function uses a non-reentrant model


 *************** function ___bmul *****************
 Defined at:
		line 4 in file "E:\cms\SCMCU_IDE_V2.00.07\data\sources\common\Umul8.c"
 Parameters:    Size  Location     Type
  multiplier      1    wreg     unsigned char 
  multiplicand    1    2[COMMON] unsigned char 
 Auto vars:     Size  Location     Type
  multiplier      1    4[COMMON] unsigned char 
  product         1    3[COMMON] unsigned char 
 Return value:  Size  Location     Type
                  1    wreg      unsigned char 
 Registers used:
		wreg, status,2, status,0
 Tracked objects:
		On entry : 
		On exit  : 
		Unchanged: 
 Data sizes:     COMMON   BANK0   BANK1
      Params:         1       0       0
      Locals:         2       0       0
      Temps:          0       0       0
      Totals:         3       0       0
Total ram usage:        3 bytes
 Hardware stack levels used:    1
 Hardware stack levels required when called:    1
 This function calls:
		Nothing
 This function is called by:
		_setFanLevel
 This function uses a non-reentrant model


 *************** function ___awdiv *****************
 Defined at:
		line 6 in file "E:\cms\SCMCU_IDE_V2.00.07\data\sources\common\awdiv.c"
 Parameters:    Size  Location     Type
  divisor         2    2[COMMON] int 
  dividend        2    4[COMMON] int 
 Auto vars:     Size  Location     Type
  quotient        2    8[COMMON] int 
  sign            1    7[COMMON] unsigned char 
  counter         1    6[COMMON] unsigned char 
 Return value:  Size  Location     Type
                  2    2[COMMON] int 
 Registers used:
		wreg, status,2, status,0
 Tracked objects:
		On entry : 
		On exit  : 
		Unchanged: 
 Data sizes:     COMMON   BANK0   BANK1
      Params:         4       0       0
      Locals:         4       0       0
      Temps:          0       0       0
      Totals:         8       0       0
Total ram usage:        8 bytes
 Hardware stack levels used:    1
 Hardware stack levels required when called:    1
 This function calls:
		Nothing
 This function is called by:
		_setFanLevel
 This function uses a non-reentrant model


 *************** function _closeFan *****************
 Defined at:
		line 81 in file "E:\project\scm\uf166fan\main.c"
 Parameters:    Size  Location     Type
		None
 Auto vars:     Size  Location     Type
		None
 Return value:  Size  Location     Type
                  1    wreg      void 
 Registers used:
		wreg, fsr0l, fsr0h, status,2, status,0, pclath, cstack
 Tracked objects:
		On entry : 
		On exit  : 
		Unchanged: 
 Data sizes:     COMMON   BANK0   BANK1
      Params:         0       0       0
      Locals:         0       0       0
      Temps:          0       0       0
      Totals:         0       0       0
Total ram usage:        0 bytes
 Hardware stack levels used:    1
 Hardware stack levels required when called:    2
 This function calls:
		_Init_PWM
		_setLedOn
 This function is called by:
		_checkFan
 This function uses a non-reentrant model


 *************** function _setLedOn *****************
 Defined at:
		line 132 in file "E:\project\scm\uf166fan\main.c"
 Parameters:    Size  Location     Type
  ledIndex        2    2[COMMON] int 
 Auto vars:     Size  Location     Type
		None
 Return value:  Size  Location     Type
                  1    wreg      void 
 Registers used:
		wreg, fsr0l, fsr0h, status,2, status,0
 Tracked objects:
		On entry : 
		On exit  : 
		Unchanged: 
 Data sizes:     COMMON   BANK0   BANK1
      Params:         2       0       0
      Locals:         0       0       0
      Temps:          0       0       0
      Totals:         2       0       0
Total ram usage:        2 bytes
 Hardware stack levels used:    1
 Hardware stack levels required when called:    1
 This function calls:
		Nothing
 This function is called by:
		_setFanLevel
		_closeFan
 This function uses a non-reentrant model


 *************** function _Init_PWM *****************
 Defined at:
		line 44 in file "E:\project\scm\uf166fan\main.c"
 Parameters:    Size  Location     Type
		None
 Auto vars:     Size  Location     Type
		None
 Return value:  Size  Location     Type
                  1    wreg      void 
 Registers used:
		wreg, status,2
 Tracked objects:
		On entry : 
		On exit  : 
		Unchanged: 
 Data sizes:     COMMON   BANK0   BANK1
      Params:         0       0       0
      Locals:         0       0       0
      Temps:          0       0       0
      Totals:         0       0       0
Total ram usage:        0 bytes
 Hardware stack levels used:    1
 Hardware stack levels required when called:    1
 This function calls:
		Nothing
 This function is called by:
		_closeFan
 This function uses a non-reentrant model


 *************** function _Init_System *****************
 Defined at:
		line 3 in file "E:\project\scm\uf166fan\init.c"
 Parameters:    Size  Location     Type
		None
 Auto vars:     Size  Location     Type
		None
 Return value:  Size  Location     Type
                  1    wreg      void 
 Registers used:
		wreg, status,2
 Tracked objects:
		On entry : 
		On exit  : 
		Unchanged: 
 Data sizes:     COMMON   BANK0   BANK1
      Params:         0       0       0
      Locals:         0       0       0
      Temps:          0       0       0
      Totals:         0       0       0
Total ram usage:        0 bytes
 Hardware stack levels used:    1
 Hardware stack levels required when called:    1
 This function calls:
		Nothing
 This function is called by:
		_main
 This function uses a non-reentrant model


 *************** function _Init_Interupt *****************
 Defined at:
		line 32 in file "E:\project\scm\uf166fan\init.c"
 Parameters:    Size  Location     Type
		None
 Auto vars:     Size  Location     Type
		None
 Return value:  Size  Location     Type
                  1    wreg      void 
 Registers used:
		wreg, status,2
 Tracked objects:
		On entry : 
		On exit  : 
		Unchanged: 
 Data sizes:     COMMON   BANK0   BANK1
      Params:         0       0       0
      Locals:         0       0       0
      Temps:          0       0       0
      Totals:         0       0       0
Total ram usage:        0 bytes
 Hardware stack levels used:    1
 Hardware stack levels required when called:    1
 This function calls:
		Nothing
 This function is called by:
		_main
 This function uses a non-reentrant model


 *************** function _Init_GPIO *****************
 Defined at:
		line 17 in file "E:\project\scm\uf166fan\init.c"
 Parameters:    Size  Location     Type
		None
 Auto vars:     Size  Location     Type
		None
 Return value:  Size  Location     Type
                  1    wreg      void 
 Registers used:
		wreg, status,2
 Tracked objects:
		On entry : 
		On exit  : 
		Unchanged: 
 Data sizes:     COMMON   BANK0   BANK1
      Params:         0       0       0
      Locals:         0       0       0
      Temps:          0       0       0
      Totals:         0       0       0
Total ram usage:        0 bytes
 Hardware stack levels used:    1
 Hardware stack levels required when called:    1
 This function calls:
		Nothing
 This function is called by:
		_main
 This function uses a non-reentrant model


 *************** function _Timer0_Isr *****************
 Defined at:
		line 252 in file "E:\project\scm\uf166fan\main.c"
 Parameters:    Size  Location     Type
		None
 Auto vars:     Size  Location     Type
		None
 Return value:  Size  Location     Type
                  1    wreg      void 
 Registers used:
		wreg, status,2, status,0
 Tracked objects:
		On entry : 
		On exit  : 
		Unchanged: 
 Data sizes:     COMMON   BANK0   BANK1
      Params:         0       0       0
      Locals:         0       0       0
      Temps:          2       0       0
      Totals:         2       0       0
Total ram usage:        2 bytes
 Hardware stack levels used:    1
 This function calls:
		Nothing
 This function is called by:
		Interrupt level 1
 This function uses a non-reentrant model



MODULE INFORMATION

Module		Function		Class		Link	Load	Size
E:\cms\SCMCU_IDE_V2.00.07\data\sources\common\Umul8.c
		___bmul        		CODE           	021D	0000	15

E:\cms\SCMCU_IDE_V2.00.07\data\sources\common\Umul8.c estimated size: 15

E:\project\scm\uf166fan\init.c
		_Init_GPIO     		CODE           	01EB	0000	19
		_Init_System   		CODE           	0244	0000	11
		_Init_Interupt 		CODE           	024E	0000	7

E:\project\scm\uf166fan\init.c estimated size: 37

E:\project\scm\uf166fan\main.c
		_Timer0_Isr    		CODE           	020D	0000	17
		_setLedOn      		CODE           	0189	0000	42
		_checkUsbStatus		CODE           	01CF	0000	29
		_main          		CODE           	0017	0000	101
		_closeFan      		CODE           	0238	0000	13
		_setFanLevel   		CODE           	0160	0000	42
		_Init_PWM      		CODE           	022B	0000	14
		_checkFan      		CODE           	0137	0000	42

E:\project\scm\uf166fan\main.c estimated size: 300

shared
		__initialization		CODE           	000B	0000	11

shared estimated size: 11

E:\project\scm\uf166fan\scankey.c
		_sacnKeyInput  		CODE           	01B2	0000	30
		_resetKey      		CODE           	01FD	0000	17
		_key_driver    		CODE           	00C0	0000	67
		_key_read      		CODE           	0102	0000	54

E:\project\scm\uf166fan\scankey.c estimated size: 168

E:\cms\SCMCU_IDE_V2.00.07\data\sources\common\awdiv.c
		___awdiv       		CODE           	007B	0000	70

E:\cms\SCMCU_IDE_V2.00.07\data\sources\common\awdiv.c estimated size: 70

