Microchip MPLAB XC8 Compiler V1.45 ()

Linker command line:

-W-9 \
  --edf=C:\¹¤¾ß\µ¥Æ¬»úÑ§Ï°×ÊÁÏ\SC8P\SCMCU_IDE_V2.00.07\data\dat\en_msgs.txt \
  -cs -h+ðÐðÄÖ¸»Ó°ô.sym --cmf=ðÐðÄÖ¸»Ó°ô.cmf -z -QSC8P1152A \
  -oC:\Users\hhmm6\AppData\Local\Temp\s71o.2 -MðÐðÄÖ¸»Ó°ô.map -E1 -ver=XC8 \
  -ASTACK=020h-03fh -pstack=STACK -ACODE=00h-03FFh -ASTRCODE=00h-03FFh \
  -ASTRING=00h-0FFhx4 -ACONST=00h-0FFhx4 -AENTRY=00h-0FFhx4 \
  -ACOMMON=040h-04Fh -ABANK0=020h-03Fh -ARAM=020h-03Fh -AABS1=020h-04Fh \
  -ASFR0=00h-01Fh -preset_vec=00h,intentry=04h,init,end_init -ppowerup=CODE \
  -pcinit=CODE -pfunctab=ENTRY -ACONFIG=02007h-02008h -pconfig=CONFIG \
  -DCONFIG=2 -AIDLOC=02000h-02003h -pidloc=IDLOC -DIDLOC=2 -DCODE=2 \
  -DSTRCODE=2 -DSTRING=2 -DCONST=2 -DENTRY=2 -k startup.obj ðÐðÄÖ¸»Ó°ô.obj 

Object code version is 3.11

Machine type is SC8P1152A



                Name                               Link     Load   Length Selector   Space Scale
startup.obj     end_init                              A        A        1        8       0
                reset_vec                             0        0        1        0       0
ðÐðÄÖ¸»Ó°ô.obj  cinit                                 B        B        C        8       0
                intentry                              4        4        6        8       0
                text3                                5A       5A       1F        8       0
                text2                                79       79        F        8       0
                text1                                17       17       43        8       0
                maintext                             88       88        8        8       0
                cstackCOMMON                         49       49        3       40       1
                bssCOMMON                            40       40        9       40       1
                bitbssCOMMON                        260       4C        1       40       1     8

TOTAL           Name                               Link     Load   Length     Space
        CLASS   STACK          

        CLASS   CODE           
                end_init                              A        A        1         0
                cinit                                 B        B        C         0
                intentry                              4        4        6         0
                reset_vec                             0        0        1         0
                text3                                5A       5A       1F         0
                text2                                79       79        F         0
                text1                                17       17       43         0
                maintext                             88       88        8         0

        CLASS   STRCODE        

        CLASS   STRING         

        CLASS   CONST          

        CLASS   ENTRY          

        CLASS   COMMON         
                cstackCOMMON                         49       49        3         1
                bssCOMMON                            40       40        9         1
                bitbssCOMMON                        260       4C        1         1

        CLASS   BANK0          

        CLASS   RAM            

        CLASS   ABS1           
                abs_s1                               4E       4E        2         1

        CLASS   SFR0           

        CLASS   CONFIG         

        CLASS   IDLOC          

        CLASS   EEDATA         



SEGMENTS        Name                           Load    Length   Top    Selector   Space  Class     Delta

                reset_vec                      000000  000001  000001         0       0  CODE        2
                intentry                       000004  00008C  000090         8       0  CODE        2
                bssCOMMON                      000040  00000D  00004D        40       1  COMMON      1


UNUSED ADDRESS RANGES

        Name                Unused          Largest block    Delta
        BANK0            020-03F            20           1
        CODE             001-003             3           2
                         090-3FF           370
        COMMON           04D-04D             1           1
        CONFIG           2007-2008             2           2
        CONST            001-003             3           2
                         090-3FF           100
        ENTRY            001-003             3           2
                         090-3FF           100
        IDLOC            2000-2003             4           2
        RAM              020-03F            20           1
        SFR0             000-01F            20           1
        STACK            020-03F            20           1
        STRCODE          001-003             3           2
                         090-3FF           370
        STRING           001-003             3           2
                         090-3FF           100

                                  Symbol Table

_B_MainLoop              bitbssCOMMON 260
_INTCON                  (abs)        009
_Init_System             text2        079
_Isr_Timer               text3        05A
_MainTime                bssCOMMON    040
_OPTION_REG              (abs)        007
_OSCCON                  (abs)        008
_PORTB                   (abs)        005
_T0IF                    (abs)        04A
_TMR0                    (abs)        001
_TRISB                   (abs)        006
_WPUB                    (abs)        00D
__Habs1                  abs1         000
__Hbank0                 bank0        000
__HbitbssCOMMON          bitbssCOMMON 000
__HbssCOMMON             bssCOMMON    000
__Hcinit                 cinit        017
__Hclrtext               clrtext      000
__Hcode                  code         000
__Hcommon                common       000
__Hconfig                config       000
__HcstackCOMMON          cstackCOMMON 000
__Heeprom_data           eeprom_data  000
__Hend_init              end_init     00B
__Hfunctab               functab      000
__Hidloc                 idloc        000
__Hinit                  init         00A
__Hintentry              intentry     00A
__Hmaintext              maintext     000
__Hpa_nodes0             pa_nodes0    000
__Hpowerup               powerup      000
__Hram                   ram          000
__Hreset_vec             reset_vec    001
__Hsfr0                  sfr0         000
__Hspace_0               (abs)        090
__Hspace_1               (abs)        261
__Hspace_2               (abs)        000
__Hspace_3               (abs)        000
__Hstack                 stack        000
__Hstrings               strings      000
__Htext                  text         000
__Labs1                  abs1         000
__Lbank0                 bank0        000
__LbitbssCOMMON          bitbssCOMMON 000
__LbssCOMMON             bssCOMMON    000
__Lcinit                 cinit        00B
__Lclrtext               clrtext      000
__Lcode                  code         000
__Lcommon                common       000
__Lconfig                config       000
__LcstackCOMMON          cstackCOMMON 000
__Leeprom_data           eeprom_data  000
__Lend_init              end_init     00A
__Lfunctab               functab      000
__Lidloc                 idloc        000
__Linit                  init         00A
__Lintentry              intentry     004
__Lmaintext              maintext     000
__Lpa_nodes0             pa_nodes0    000
__Lpowerup               powerup      000
__Lram                   ram          000
__Lreset_vec             reset_vec    000
__Lsfr0                  sfr0         000
__Lspace_0               (abs)        000
__Lspace_1               (abs)        000
__Lspace_2               (abs)        000
__Lspace_3               (abs)        000
__Lstack                 stack        000
__Lstrings               strings      000
__Ltext                  text         000
__S0                     (abs)        090
__S1                     (abs)        04D
__S2                     (abs)        000
___int_sp                stack        000
___latbits               (abs)        000
___sp                    stack        000
__end_of_Init_System     text2        088
__end_of_Isr_Timer       text3        079
__end_of__initialization cinit        015
__end_of_checkIRKey      text1        05A
__end_of_main            maintext     090
__initialization         cinit        00B
__pbitbssCOMMON          bitbssCOMMON 260
__pbssCOMMON             bssCOMMON    040
__pcstackCOMMON          cstackCOMMON 049
__pintentry              intentry     004
__pmaintext              maintext     088
__ptext0                 text0        000
__ptext1                 text1        017
__ptext2                 text2        079
__ptext3                 text3        05A
__size_of_Init_System    (abs)        000
__size_of_Isr_Timer      (abs)        000
__size_of_checkIRKey     (abs)        000
__size_of_main           (abs)        000
_checkCount              bssCOMMON    042
_checkIRKey              text1        017
_irLeftStep              bssCOMMON    048
_irRightStep             bssCOMMON    047
_main                    maintext     088
_pwmTime                 bssCOMMON    041
_revLeftCount            bssCOMMON    046
_revLeftZeroCount        bssCOMMON    044
_revRightCount           bssCOMMON    045
_revRightZeroCount       bssCOMMON    043
btemp                    (abs)        04E
end_of_initialization    cinit        015
interrupt_function       intentry     004
intlevel0                functab      000
intlevel1                functab      000
intlevel2                functab      000
intlevel3                functab      000
intlevel4                functab      000
intlevel5                functab      000
reset_vec                reset_vec    000
saved_w                  (abs)        04E
stackhi                  (abs)        000
stacklo                  (abs)        000
start                    init         00A
start_initialization     cinit        00B
wtemp0                   (abs)        04E


FUNCTION INFORMATION:

 *************** function _main *****************
 Defined at:
		line 22 in file "C:\mcuproject\scm\ðÐðÄÖ¸»Ó°ô\main.c"
 Parameters:    Size  Location     Type
		None
 Auto vars:     Size  Location     Type
		None
 Return value:  Size  Location     Type
                  1    wreg      void 
 Registers used:
		wreg, status,2, status,0, pclath, cstack
 Tracked objects:
		On entry : 
		On exit  : 
		Unchanged: 
 Data sizes:     COMMON   BANK0
      Params:         0       0
      Locals:         0       0
      Temps:          0       0
      Totals:         0       0
Total ram usage:        0 bytes
 Hardware stack levels required when called:    2
 This function calls:
		_Init_System
		_checkIRKey
 This function is called by:
		Startup code after reset
 This function uses a non-reentrant model


 *************** function _checkIRKey *****************
 Defined at:
		line 56 in file "C:\mcuproject\scm\ðÐðÄÖ¸»Ó°ô\main.c"
 Parameters:    Size  Location     Type
		None
 Auto vars:     Size  Location     Type
		None
 Return value:  Size  Location     Type
                  1    wreg      void 
 Registers used:
		wreg, status,2, status,0
 Tracked objects:
		On entry : 
		On exit  : 
		Unchanged: 
 Data sizes:     COMMON   BANK0
      Params:         0       0
      Locals:         0       0
      Temps:          1       0
      Totals:         1       0
Total ram usage:        1 bytes
 Hardware stack levels used:    1
 Hardware stack levels required when called:    1
 This function calls:
		Nothing
 This function is called by:
		_main
 This function uses a non-reentrant model


 *************** function _Init_System *****************
 Defined at:
		line 38 in file "C:\mcuproject\scm\ðÐðÄÖ¸»Ó°ô\main.c"
 Parameters:    Size  Location     Type
		None
 Auto vars:     Size  Location     Type
		None
 Return value:  Size  Location     Type
                  1    wreg      void 
 Registers used:
		wreg, status,2
 Tracked objects:
		On entry : 
		On exit  : 
		Unchanged: 
 Data sizes:     COMMON   BANK0
      Params:         0       0
      Locals:         0       0
      Temps:          0       0
      Totals:         0       0
Total ram usage:        0 bytes
 Hardware stack levels used:    1
 Hardware stack levels required when called:    1
 This function calls:
		Nothing
 This function is called by:
		_main
 This function uses a non-reentrant model


 *************** function _Isr_Timer *****************
 Defined at:
		line 118 in file "C:\mcuproject\scm\ðÐðÄÖ¸»Ó°ô\main.c"
 Parameters:    Size  Location     Type
		None
 Auto vars:     Size  Location     Type
		None
 Return value:  Size  Location     Type
                  1    wreg      void 
 Registers used:
		wreg, status,2, status,0
 Tracked objects:
		On entry : 
		On exit  : 
		Unchanged: 
 Data sizes:     COMMON   BANK0
      Params:         0       0
      Locals:         0       0
      Temps:          2       0
      Totals:         2       0
Total ram usage:        2 bytes
 Hardware stack levels used:    1
 This function calls:
		Nothing
 This function is called by:
		Interrupt level 1
 This function uses a non-reentrant model



MODULE INFORMATION

Module		Function		Class		Link	Load	Size
shared
		__initialization		CODE           	000B	0000	11

shared estimated size: 11

C:\mcuproject\scm\ðÐðÄÖ¸»Ó°ô\main.c
		_checkIRKey    		CODE           	0017	0000	68
		_main          		CODE           	0088	0000	9
		_Init_System   		CODE           	0079	0000	16
		_Isr_Timer     		CODE           	005A	0000	32

C:\mcuproject\scm\ðÐðÄÖ¸»Ó°ô\main.c estimated size: 125

