Microchip MPLAB XC8 Compiler V1.45 ()

Linker command line:

-W-8 \
  --edf=H:\MyDownloads\IDE_RAR\SCMCU_IDE_V2.00.11_Beta4\data\dat\en_msgs.txt \
  -cs -h+EEPROM_Demo.sym --cmf=EEPROM_Demo.cmf -z -QSC8F2892B \
  -oC:\Users\ADMINI~1\AppData\Local\Temp\s3n4.2 -MEEPROM_Demo.map -E1 \
  -ver=XC8 -ASTACK=020h-06fh -pstack=STACK -p_tmp3_text=F02h \
  -p_tmp1_text=F00h -p_tmp4_text=F03h -p_tmp2_text=F01h -ACODE=00h-07FFhx2 \
  -ASTRCODE=00h-0FFFh -ASTRING=00h-0FFhx16 -ACONST=00h-0FFhx16 \
  -AENTRY=00h-0FFhx16 -ACOMMON=070h-07Fh -ABANK0=020h-06Fh \
  -ABANK1=0A0h-0EFh -ABANK2=0120h-016Fh \
  -ARAM=020h-06Fh,0A0h-0EFh,0120h-016Fh \
  -AABS1=020h-07Fh,0A0h-0EFh,0120h-016Fh -ASFR0=00h-01Fh -ASFR1=080h-09Fh \
  -ASFR2=0100h-011Fh -ASFR3=0180h-01EFh \
  -preset_vec=00h,intentry,init,end_init -ppowerup=CODE -pcinit=CODE \
  -pfunctab=ENTRY -ACONFIG=02007h-02008h -pconfig=CONFIG -DCONFIG=2 \
  -AIDLOC=02000h-02003h -pidloc=IDLOC -DIDLOC=2 -DCODE=2 -DSTRCODE=2 \
  -DSTRING=2 -DCONST=2 -DENTRY=2 -k startup.obj EEPROM_Demo.obj 

Object code version is 3.11

Machine type is SC8F2892B



                Name                               Link     Load   Length Selector   Space Scale
startup.obj     end_init                              0        0        2        0       0
EEPROM_Demo.obj cinit                               7F7      7F7        9      FEE       0
                text3                               770      770       15      EE0       0
                text2                               785      785       1C      F0A       0
                text1                               762      762        E      EC4       0
                maintext                            7A1      7A1       56      F42       0
                cstackCOMMON                         76       76        5       70       1
                bssCOMMON                            70       70        6       70       1
                nvCOMMON                             7B       7B        1       70       1
                _tmp1_text                          F00      F00        1     1E00       0
                _tmp2_text                          F01      F01        1     1E02       0
                _tmp3_text                          F02      F02        1     1E04       0
                _tmp4_text                          F03      F03        1     1E06       0

TOTAL           Name                               Link     Load   Length     Space
        CLASS   STACK          

        CLASS   CODE           
                end_init                              0        0        2         0
                cinit                               7F7      7F7        9         0
                text3                               770      770       15         0
                text2                               785      785       1C         0
                text1                               762      762        E         0
                maintext                            7A1      7A1       56         0
                _tmp1_text                          F00      F00        1         0
                _tmp2_text                          F01      F01        1         0
                _tmp3_text                          F02      F02        1         0
                _tmp4_text                          F03      F03        1         0

        CLASS   STRCODE        

        CLASS   STRING         

        CLASS   CONST          

        CLASS   ENTRY          

        CLASS   COMMON         
                cstackCOMMON                         76       76        5         1
                bssCOMMON                            70       70        6         1
                nvCOMMON                             7B       7B        1         1

        CLASS   BANK0          

        CLASS   BANK1          

        CLASS   BANK2          

        CLASS   RAM            

        CLASS   ABS1           
                abs_s1                               7E       7E        2         1

        CLASS   SFR0           

        CLASS   SFR1           

        CLASS   SFR2           

        CLASS   SFR3           

        CLASS   CONFIG         

        CLASS   IDLOC          

        CLASS   BANK3          

        CLASS   EEDATA         



SEGMENTS        Name                           Load    Length   Top    Selector   Space  Class     Delta

                reset_vec                      000000  000002  000002         0       0  CODE        2
                bssCOMMON                      000070  00000C  00007C        70       1  COMMON      1
                text1                          000762  00000E  000770       EC4       0  CODE        2
                text3                          000770  000015  000785       EE0       0  CODE        2
                text2                          000785  00001C  0007A1       F0A       0  CODE        2
                maintext                       0007A1  000056  0007F7       F42       0  CODE        2
                cinit                          0007F7  000009  000800       FEE       0  CODE        2
                _tmp1_text                     000F00  000001  000F01      1E00       0  CODE        2
                _tmp2_text                     000F01  000001  000F02      1E02       0  CODE        2
                _tmp3_text                     000F02  000001  000F03      1E04       0  CODE        2
                _tmp4_text                     000F03  000001  000F04      1E06       0  CODE        2


UNUSED ADDRESS RANGES

        Name                Unused          Largest block    Delta
        BANK0            0020-006F             50           1
        BANK1            00A0-00EF             50           1
        BANK2            0120-016F             50           1
        CODE             0002-0761            760           2
                         0800-0EFF            700
                         0F04-0FFF             FC
        COMMON           007C-007D              2           1
        CONFIG           2007-2008              2           2
        CONST            0002-0761            100           2
                         0800-0EFF            100
                         0F04-0FFF             FC
        ENTRY            0002-0761            100           2
                         0800-0EFF            100
                         0F04-0FFF             FC
        IDLOC            2000-2003              4           2
        RAM              0020-006F             50           1
                         00A0-00EF             50
                         0120-016F             50
        SFR0             0000-001F             20           1
        SFR1             0080-009F             20           1
        SFR2             0100-011F             20           1
        SFR3             0180-01EF             70           1
        STACK            0020-006F             50           1
        STRCODE          0002-0761            760           2
                         0800-0EFF            700
                         0F04-0FFF             FC
        STRING           0002-0761            100           2
                         0800-0EFF            100
                         0F04-0FFF             FC

                                  Symbol Table

Memory_Read@Addr         cstackCOMMON 0078
Memory_Write@Addr        cstackCOMMON 0078
Memory_Write@Value       cstackCOMMON 0076
Program_Read@P_Addr      cstackCOMMON 0076
_EEADR                   (abs)        0090
_EEADRH                  (abs)        0096
_EECON2                  (abs)        008D
_EEDAT                   (abs)        008E
_EEDATH                  (abs)        008F
_EEPGD                   (abs)        0467
_GIE                     (abs)        005F
_Memory_Read             text3        0770
_Memory_Write            text2        0785
_Program_Read            text1        0762
_RA0                     (abs)        0028
_RA1                     (abs)        0029
_RD                      (abs)        0460
_TRISA                   (abs)        0085
_WR                      (abs)        0461
_WREN                    (abs)        0462
__H_tmp1_text            _tmp1_text   0F01
__H_tmp2_text            _tmp2_text   0F02
__H_tmp3_text            _tmp3_text   0F03
__H_tmp4_text            _tmp4_text   0F04
__Habs1                  abs1         0000
__Hbank0                 bank0        0000
__Hbank1                 bank1        0000
__Hbank2                 bank2        0000
__Hbank3                 bank3        0000
__HbssCOMMON             bssCOMMON    0000
__Hcinit                 cinit        0800
__Hclrtext               clrtext      0000
__Hcode                  code         0000
__Hcommon                common       0000
__Hconfig                config       0000
__HcstackCOMMON          cstackCOMMON 0000
__Heeprom_data           eeprom_data  0000
__Hend_init              end_init     0002
__Hfunctab               functab      0000
__Hidloc                 idloc        0000
__Hinit                  init         0000
__Hintentry              intentry     0000
__Hmaintext              maintext     0000
__HnvCOMMON              nvCOMMON     0000
__Hpa_nodes0             pa_nodes0    0000
__Hpowerup               powerup      0000
__Hram                   ram          0000
__Hreset_vec             reset_vec    0000
__Hsfr0                  sfr0         0000
__Hsfr1                  sfr1         0000
__Hsfr2                  sfr2         0000
__Hsfr3                  sfr3         0000
__Hspace_0               (abs)        0F04
__Hspace_1               (abs)        007C
__Hspace_2               (abs)        0000
__Hspace_3               (abs)        0000
__Hstack                 stack        0000
__Hstrings               strings      0000
__Htext                  text         0000
__L_tmp1_text            _tmp1_text   0F00
__L_tmp2_text            _tmp2_text   0F01
__L_tmp3_text            _tmp3_text   0F02
__L_tmp4_text            _tmp4_text   0F03
__Labs1                  abs1         0000
__Lbank0                 bank0        0000
__Lbank1                 bank1        0000
__Lbank2                 bank2        0000
__Lbank3                 bank3        0000
__LbssCOMMON             bssCOMMON    0000
__Lcinit                 cinit        07F7
__Lclrtext               clrtext      0000
__Lcode                  code         0000
__Lcommon                common       0000
__Lconfig                config       0000
__LcstackCOMMON          cstackCOMMON 0000
__Leeprom_data           eeprom_data  0000
__Lend_init              end_init     0000
__Lfunctab               functab      0000
__Lidloc                 idloc        0000
__Linit                  init         0000
__Lintentry              intentry     0000
__Lmaintext              maintext     0000
__LnvCOMMON              nvCOMMON     0000
__Lpa_nodes0             pa_nodes0    0000
__Lpowerup               powerup      0000
__Lram                   ram          0000
__Lreset_vec             reset_vec    0000
__Lsfr0                  sfr0         0000
__Lsfr1                  sfr1         0000
__Lsfr2                  sfr2         0000
__Lsfr3                  sfr3         0000
__Lspace_0               (abs)        0000
__Lspace_1               (abs)        0000
__Lspace_2               (abs)        0000
__Lspace_3               (abs)        0000
__Lstack                 stack        0000
__Lstrings               strings      0000
__Ltext                  text         0000
__S0                     (abs)        0800
__S1                     (abs)        007C
__S2                     (abs)        0000
___int_sp                stack        0000
___latbits               (abs)        0001
___sp                    stack        0000
__end_of_Memory_Read     text3        0785
__end_of_Memory_Write    text2        07A1
__end_of_Program_Read    text1        0770
__end_of__initialization cinit        07FD
__end_of_main            maintext     07F7
__end_of_tmp1            _tmp1_text   0F01
__end_of_tmp2            _tmp2_text   0F02
__end_of_tmp3            _tmp3_text   0F03
__end_of_tmp4            _tmp4_text   0F04
__initialization         cinit        07F7
__p_tmp1_text            _tmp1_text   0F00
__p_tmp2_text            _tmp2_text   0F01
__p_tmp3_text            _tmp3_text   0F02
__p_tmp4_text            _tmp4_text   0F03
__pbssCOMMON             bssCOMMON    0070
__pcstackCOMMON          cstackCOMMON 0076
__pmaintext              maintext     07A1
__pnvCOMMON              nvCOMMON     007B
__pstrings               strings      0000
__ptext1                 text1        0762
__ptext2                 text2        0785
__ptext3                 text3        0770
__size_of_Memory_Read    (abs)        0000
__size_of_Memory_Write   (abs)        0000
__size_of_Program_Read   (abs)        0000
__size_of_main           (abs)        0000
_data                    bssCOMMON    0075
_datanum                 nvCOMMON     007B
_main                    maintext     07A1
_read_data               bssCOMMON    0070
_read_rom_data           bssCOMMON    0074
_t                       bssCOMMON    0072
_tmp1                    _tmp1_text   0F00
_tmp1_absaddr            (abs)        0F00
_tmp2                    _tmp2_text   0F01
_tmp2_absaddr            (abs)        0F01
_tmp3                    _tmp3_text   0F02
_tmp3_absaddr            (abs)        0F02
_tmp4                    _tmp4_text   0F03
_tmp4_absaddr            (abs)        0F03
btemp                    (abs)        007E
end_of_initialization    cinit        07FD
intlevel0                functab      0000
intlevel1                functab      0000
intlevel2                functab      0000
intlevel3                functab      0000
intlevel4                functab      0000
intlevel5                functab      0000
main@read_addr           cstackCOMMON 0079
reset_vec                reset_vec    0000
stackhi                  (abs)        0000
stacklo                  (abs)        0000
start                    init         0000
start_initialization     cinit        07F7
wtemp0                   (abs)        007E


FUNCTION INFORMATION:

 *************** function _main *****************
 Defined at:
		line 23 in file "J:\yun_down\SC8F289XB开发包\SC8F289XB_DEMO_C\SC8F289XB_EEPRom_Demo\main.c"
 Parameters:    Size  Location     Type
		None
 Auto vars:     Size  Location     Type
  read_addr       2    3[COMMON] unsigned int 
 Return value:  Size  Location     Type
                  1    wreg      void 
 Registers used:
		wreg, status,2, status,0, btemp+1, pclath, cstack
 Tracked objects:
		On entry : 
		On exit  : 
		Unchanged: 
 Data sizes:     COMMON   BANK0   BANK1   BANK2
      Params:         0       0       0       0
      Locals:         2       0       0       0
      Temps:          0       0       0       0
      Totals:         2       0       0       0
Total ram usage:        2 bytes
 Hardware stack levels required when called:    1
 This function calls:
		_Memory_Read
		_Memory_Write
		_Program_Read
 This function is called by:
		Startup code after reset
 This function uses a non-reentrant model


 *************** function _Program_Read *****************
 Defined at:
		line 152 in file "J:\yun_down\SC8F289XB开发包\SC8F289XB_DEMO_C\SC8F289XB_EEPRom_Demo\main.c"
 Parameters:    Size  Location     Type
  P_Addr          2    0[COMMON] unsigned int 
 Auto vars:     Size  Location     Type
		None
 Return value:  Size  Location     Type
                  1    wreg      void 
 Registers used:
		wreg
 Tracked objects:
		On entry : 
		On exit  : 
		Unchanged: 
 Data sizes:     COMMON   BANK0   BANK1   BANK2
      Params:         2       0       0       0
      Locals:         0       0       0       0
      Temps:          0       0       0       0
      Totals:         2       0       0       0
Total ram usage:        2 bytes
 Hardware stack levels used:    1
 This function calls:
		Nothing
 This function is called by:
		_main
 This function uses a non-reentrant model


 *************** function _Memory_Write *****************
 Defined at:
		line 97 in file "J:\yun_down\SC8F289XB开发包\SC8F289XB_DEMO_C\SC8F289XB_EEPRom_Demo\main.c"
 Parameters:    Size  Location     Type
  Addr            1    wreg     unsigned char 
  Value           2    0[COMMON] unsigned int 
 Auto vars:     Size  Location     Type
  Addr            1    2[COMMON] unsigned char 
 Return value:  Size  Location     Type
                  1    wreg      void 
 Registers used:
		wreg
 Tracked objects:
		On entry : 
		On exit  : 
		Unchanged: 
 Data sizes:     COMMON   BANK0   BANK1   BANK2
      Params:         2       0       0       0
      Locals:         1       0       0       0
      Temps:          0       0       0       0
      Totals:         3       0       0       0
Total ram usage:        3 bytes
 Hardware stack levels used:    1
 This function calls:
		Nothing
 This function is called by:
		_main
 This function uses a non-reentrant model


 *************** function _Memory_Read *****************
 Defined at:
		line 130 in file "J:\yun_down\SC8F289XB开发包\SC8F289XB_DEMO_C\SC8F289XB_EEPRom_Demo\main.c"
 Parameters:    Size  Location     Type
  Addr            1    wreg     unsigned char 
 Auto vars:     Size  Location     Type
  Addr            1    2[COMMON] unsigned char 
 Return value:  Size  Location     Type
                  1    wreg      void 
 Registers used:
		wreg, btemp+1
 Tracked objects:
		On entry : 
		On exit  : 
		Unchanged: 
 Data sizes:     COMMON   BANK0   BANK1   BANK2
      Params:         0       0       0       0
      Locals:         1       0       0       0
      Temps:          2       0       0       0
      Totals:         3       0       0       0
Total ram usage:        3 bytes
 Hardware stack levels used:    1
 This function calls:
		Nothing
 This function is called by:
		_main
 This function uses a non-reentrant model



MODULE INFORMATION

Module		Function		Class		Link	Load	Size
J:\yun_down\SC8F289XB开发包\SC8F289XB_DEMO_C\SC8F289XB_EEPRom_Demo\main.c
		_Program_Read  		CODE           	0762	0000	15
		_main          		CODE           	07A1	0000	87
		_Memory_Read   		CODE           	0770	0000	22
		_Memory_Write  		CODE           	0785	0000	29

J:\yun_down\SC8F289XB开发包\SC8F289XB_DEMO_C\SC8F289XB_EEPRom_Demo\main.c estimated size: 153

shared
		__initialization		CODE           	07F7	0000	7
		_tmp1          		CODE           	0F00	0000	2
		_tmp2          		CODE           	0F01	0000	2
		_tmp3          		CODE           	0F02	0000	2
		_tmp4          		CODE           	0F03	0000	2

shared estimated size: 15

