Microchip MPLAB XC8 Compiler V1.45 ()

Linker command line:

-W-9 \
  --edf=H:\MyDownloads\IDE_RAR\SCMCU_IDE_V2.00.09_Beta7\SCMCU_IDE_V2.00.09_Beta7\data\dat\en_msgs.txt \
  -cs -h+SC8F289XB_IIC_Demo.sym --cmf=SC8F289XB_IIC_Demo.cmf -z -QSC8F2892B \
  -oC:\Users\Administrator\AppData\Local\Temp\s4eg.2 \
  -MSC8F289XB_IIC_Demo.map -E1 -ver=XC8 -ASTACK=0A0h-0efh -pstack=STACK \
  -ACODE=00h-07FFhx2 -ASTRCODE=00h-0FFFh -ASTRING=00h-0FFhx16 \
  -ACONST=00h-0FFhx16 -AENTRY=00h-0FFhx16 -ACOMMON=070h-07Fh \
  -ABANK0=020h-06Fh -ABANK1=0A0h-0EFh -ABANK2=0120h-016Fh \
  -ARAM=020h-06Fh,0A0h-0EFh,0120h-016Fh \
  -AABS1=020h-07Fh,0A0h-0EFh,0120h-016Fh -ASFR0=00h-01Fh -ASFR1=080h-09Fh \
  -ASFR2=0100h-011Fh -ASFR3=0180h-01EFh \
  -preset_vec=00h,intentry=04h,init,end_init -ppowerup=CODE -pcinit=CODE \
  -pfunctab=ENTRY -ACONFIG=02007h-02008h -pconfig=CONFIG -DCONFIG=2 \
  -AIDLOC=02000h-02003h -pidloc=IDLOC -DIDLOC=2 -DCODE=2 -DSTRCODE=2 \
  -DSTRING=2 -DCONST=2 -DENTRY=2 -k startup.obj SC8F289XB_IIC_Demo.obj 

Object code version is 3.11

Machine type is SC8F2892B



                Name                               Link     Load   Length Selector   Space Scale
startup.obj     end_init                              B        B        2        8       0
                reset_vec                             0        0        2        0       0
SC8F289XB_IIC_Demo.obj
                cinit                                 D        D       11        8       0
                intentry                              4        4        7        8       0
                text6                               102      102       17        8       0
                text3                                1E       1E       86        8       0
                maintext                             A4       A4       5E        8       0
                cstackBANK0                          25       25        1       20       1
                cstackCOMMON                         76       76        5       70       1
                bssBANK0                             20       20        5       20       1
                bssCOMMON                            70       70        6       70       1
                bitbssCOMMON                        3D8       7B        1       70       1     8

TOTAL           Name                               Link     Load   Length     Space
        CLASS   STACK          

        CLASS   CODE           
                end_init                              B        B        2         0
                cinit                                 D        D       11         0
                intentry                              4        4        7         0
                reset_vec                             0        0        2         0
                text6                               102      102       17         0
                text3                                1E       1E       86         0
                maintext                             A4       A4       5E         0

        CLASS   STRCODE        

        CLASS   STRING         

        CLASS   CONST          

        CLASS   ENTRY          

        CLASS   COMMON         
                cstackCOMMON                         76       76        5         1
                bssCOMMON                            70       70        6         1
                bitbssCOMMON                        3D8       7B        1         1

        CLASS   BANK0          
                cstackBANK0                          25       25        1         1
                bssBANK0                             20       20        5         1

        CLASS   BANK1          

        CLASS   BANK2          

        CLASS   RAM            

        CLASS   ABS1           
                abs_s1                               7E       7E        2         1

        CLASS   SFR0           

        CLASS   SFR1           

        CLASS   SFR2           

        CLASS   SFR3           

        CLASS   CONFIG         

        CLASS   IDLOC          

        CLASS   BANK3          

        CLASS   EEDATA         



SEGMENTS        Name                           Load    Length   Top    Selector   Space  Class     Delta

                reset_vec                      000000  000002  000002         0       0  CODE        2
                intentry                       000004  000115  000119         8       0  CODE        2
                bssBANK0                       000020  000006  000026        20       1  BANK0       1
                bssCOMMON                      000070  00000C  00007C        70       1  COMMON      1


UNUSED ADDRESS RANGES

        Name                Unused          Largest block    Delta
        BANK0            026-06F            4A           1
        BANK1            0A0-0EF            50           1
        BANK2            120-16F            50           1
        CODE             002-003             2           2
                         119-FFF           6E7
        COMMON           07C-07D             2           1
        CONFIG           2007-2008             2           2
        CONST            002-003             2           2
                         119-FFF           100
        ENTRY            002-003             2           2
                         119-FFF           100
        IDLOC            2000-2003             4           2
        RAM              026-06F            4A           1
                         0A0-0EF            50
                         120-16F            50
        SFR0             000-01F            20           1
        SFR1             080-09F            20           1
        SFR2             100-11F            20           1
        SFR3             180-1EF            70           1
        STACK            0A0-0EF            50           1
        STRCODE          002-003             2           2
                         119-FFF           EE7
        STRING           002-003             2           2
                         119-FFF           100

                                  Symbol Table

I2C_Read1Byte@ack        cstackCOMMON 078
I2C_Read1Byte@data       cstackCOMMON 079
I2C_Read1Byte@i          cstackCOMMON 07A
I2C_Write1Byte@data      cstackCOMMON 078
I2C_Write1Byte@i         cstackCOMMON 079
ISR@tcount               bssCOMMON    075
_B_MainLoop              bitbssCOMMON 3D8
_I2C_Read1Byte           text3        069
_I2C_WaitMoment          text3        0A1
_I2C_Write1Byte          text3        01E
_I2C_WriteStart          text3        054
_I2C_WriteStop           text3        040
_INTCON                  (abs)        00B
_ISR                     text6        102
_OPTION_REG              (abs)        081
_OSCCON                  (abs)        088
_PIE1                    (abs)        00D
_PIR1                    (abs)        00C
_PORTB                   (abs)        006
_PR2                     (abs)        091
_RA0                     (abs)        028
_RA1                     (abs)        029
_Recebuffer              bssCOMMON    070
_Sendbuffer              bssBANK0     020
_T2CON                   (abs)        012
_TMR2IE                  (abs)        069
_TMR2IF                  (abs)        061
_TRISA0                  (abs)        428
_TRISA1                  (abs)        429
_TRISB                   (abs)        086
__Habs1                  abs1         000
__Hbank0                 bank0        000
__Hbank1                 bank1        000
__Hbank2                 bank2        000
__Hbank3                 bank3        000
__HbitbssCOMMON          bitbssCOMMON 000
__HbssBANK0              bssBANK0     000
__HbssCOMMON             bssCOMMON    000
__Hcinit                 cinit        01E
__Hclrtext               clrtext      000
__Hcode                  code         000
__Hcommon                common       000
__Hconfig                config       000
__HcstackBANK0           cstackBANK0  000
__HcstackCOMMON          cstackCOMMON 000
__Heeprom_data           eeprom_data  000
__Hend_init              end_init     00D
__Hfunctab               functab      000
__Hidloc                 idloc        000
__Hinit                  init         00B
__Hintentry              intentry     00B
__Hmaintext              maintext     000
__Hpa_nodes0             pa_nodes0    000
__Hpowerup               powerup      000
__Hram                   ram          000
__Hreset_vec             reset_vec    002
__Hsfr0                  sfr0         000
__Hsfr1                  sfr1         000
__Hsfr2                  sfr2         000
__Hsfr3                  sfr3         000
__Hspace_0               (abs)        119
__Hspace_1               (abs)        3D9
__Hspace_2               (abs)        000
__Hspace_3               (abs)        000
__Hstack                 stack        000
__Hstrings               strings      000
__Htext                  text         000
__Labs1                  abs1         000
__Lbank0                 bank0        000
__Lbank1                 bank1        000
__Lbank2                 bank2        000
__Lbank3                 bank3        000
__LbitbssCOMMON          bitbssCOMMON 000
__LbssBANK0              bssBANK0     000
__LbssCOMMON             bssCOMMON    000
__Lcinit                 cinit        00D
__Lclrtext               clrtext      000
__Lcode                  code         000
__Lcommon                common       000
__Lconfig                config       000
__LcstackBANK0           cstackBANK0  000
__LcstackCOMMON          cstackCOMMON 000
__Leeprom_data           eeprom_data  000
__Lend_init              end_init     00B
__Lfunctab               functab      000
__Lidloc                 idloc        000
__Linit                  init         00B
__Lintentry              intentry     004
__Lmaintext              maintext     000
__Lpa_nodes0             pa_nodes0    000
__Lpowerup               powerup      000
__Lram                   ram          000
__Lreset_vec             reset_vec    000
__Lsfr0                  sfr0         000
__Lsfr1                  sfr1         000
__Lsfr2                  sfr2         000
__Lsfr3                  sfr3         000
__Lspace_0               (abs)        000
__Lspace_1               (abs)        000
__Lspace_2               (abs)        000
__Lspace_3               (abs)        000
__Lstack                 stack        000
__Lstrings               strings      000
__Ltext                  text         000
__S0                     (abs)        119
__S1                     (abs)        07C
__S2                     (abs)        000
___int_sp                stack        000
___latbits               (abs)        001
___sp                    stack        000
__end_of_I2C_Read1Byte   text3        0A1
__end_of_I2C_WaitMoment  text3        0A4
__end_of_I2C_Write1Byte  text3        040
__end_of_I2C_WriteStart  text3        069
__end_of_I2C_WriteStop   text3        054
__end_of_ISR             text6        119
__end_of__initialization cinit        01B
__end_of_main            maintext     102
__initialization         cinit        00D
__pbitbssCOMMON          bitbssCOMMON 3D8
__pbssBANK0              bssBANK0     020
__pbssCOMMON             bssCOMMON    070
__pcstackBANK0           cstackBANK0  025
__pcstackCOMMON          cstackCOMMON 076
__pintentry              intentry     004
__pmaintext              maintext     0A4
__ptext0                 text0        000
__ptext1                 text3        040
__ptext2                 text3        054
__ptext3                 text3        01E
__ptext4                 text3        069
__ptext5                 text3        0A1
__ptext6                 text6        102
__size_of_I2C_Read1Byte  (abs)        000
__size_of_I2C_WaitMoment (abs)        000
__size_of_I2C_Write1Byte (abs)        000
__size_of_I2C_WriteStart (abs)        000
__size_of_I2C_WriteStop  (abs)        000
__size_of_ISR            (abs)        000
__size_of_main           (abs)        000
_main                    maintext     0A4
btemp                    (abs)        07E
end_of_initialization    cinit        01B
interrupt_function       intentry     004
intlevel0                functab      000
intlevel1                functab      000
intlevel2                functab      000
intlevel3                functab      000
intlevel4                functab      000
intlevel5                functab      000
main@time1s              cstackBANK0  025
reset_vec                reset_vec    000
saved_w                  (abs)        07E
stackhi                  (abs)        000
stacklo                  (abs)        000
start                    init         00B
start_initialization     cinit        00D
wtemp0                   (abs)        07E


FUNCTION INFORMATION:

 *************** function _main *****************
 Defined at:
		line 30 in file "H:\MyDownloads\说明书&测试报告\开发包\SC8F289XB开发包\SC8F289XB_DEMO_C\SC8F289XB_IIC_Demo\SC8F289XB_IIC_Demo_Master.c"
 Parameters:    Size  Location     Type
		None
 Auto vars:     Size  Location     Type
  time1s          1    0[BANK0 ] unsigned char 
 Return value:  Size  Location     Type
                  1    wreg      void 
 Registers used:
		wreg, status,2, status,0, pclath, cstack
 Tracked objects:
		On entry : 
		On exit  : 
		Unchanged: 
 Data sizes:     COMMON   BANK0   BANK1   BANK2
      Params:         0       0       0       0
      Locals:         0       1       0       0
      Temps:          0       0       0       0
      Totals:         0       1       0       0
Total ram usage:        1 bytes
 Hardware stack levels required when called:    3
 This function calls:
		_I2C_Read1Byte
		_I2C_Write1Byte
		_I2C_WriteStart
		_I2C_WriteStop
 This function is called by:
		Startup code after reset
 This function uses a non-reentrant model


 *************** function _I2C_WriteStop *****************
 Defined at:
		line 136 in file "H:\MyDownloads\说明书&测试报告\开发包\SC8F289XB开发包\SC8F289XB_DEMO_C\SC8F289XB_IIC_Demo\SC8F289XB_IIC_Demo_Master.c"
 Parameters:    Size  Location     Type
		None
 Auto vars:     Size  Location     Type
		None
 Return value:  Size  Location     Type
                  1    wreg      void 
 Registers used:
		status,2, status,0, pclath, cstack
 Tracked objects:
		On entry : 
		On exit  : 
		Unchanged: 
 Data sizes:     COMMON   BANK0   BANK1   BANK2
      Params:         0       0       0       0
      Locals:         0       0       0       0
      Temps:          0       0       0       0
      Totals:         0       0       0       0
Total ram usage:        0 bytes
 Hardware stack levels used:    1
 Hardware stack levels required when called:    2
 This function calls:
		_I2C_WaitMoment
 This function is called by:
		_main
 This function uses a non-reentrant model


 *************** function _I2C_WriteStart *****************
 Defined at:
		line 114 in file "H:\MyDownloads\说明书&测试报告\开发包\SC8F289XB开发包\SC8F289XB_DEMO_C\SC8F289XB_IIC_Demo\SC8F289XB_IIC_Demo_Master.c"
 Parameters:    Size  Location     Type
		None
 Auto vars:     Size  Location     Type
		None
 Return value:  Size  Location     Type
                  1    wreg      void 
 Registers used:
		status,2, status,0, pclath, cstack
 Tracked objects:
		On entry : 
		On exit  : 
		Unchanged: 
 Data sizes:     COMMON   BANK0   BANK1   BANK2
      Params:         0       0       0       0
      Locals:         0       0       0       0
      Temps:          0       0       0       0
      Totals:         0       0       0       0
Total ram usage:        0 bytes
 Hardware stack levels used:    1
 Hardware stack levels required when called:    2
 This function calls:
		_I2C_WaitMoment
 This function is called by:
		_main
 This function uses a non-reentrant model


 *************** function _I2C_Write1Byte *****************
 Defined at:
		line 158 in file "H:\MyDownloads\说明书&测试报告\开发包\SC8F289XB开发包\SC8F289XB_DEMO_C\SC8F289XB_IIC_Demo\SC8F289XB_IIC_Demo_Master.c"
 Parameters:    Size  Location     Type
  data            1    wreg     unsigned char 
 Auto vars:     Size  Location     Type
  data            1    2[COMMON] unsigned char 
  i               1    3[COMMON] unsigned char 
 Return value:  Size  Location     Type
                  1    wreg      unsigned char 
 Registers used:
		wreg, status,2, status,0, pclath, cstack
 Tracked objects:
		On entry : 
		On exit  : 
		Unchanged: 
 Data sizes:     COMMON   BANK0   BANK1   BANK2
      Params:         0       0       0       0
      Locals:         2       0       0       0
      Temps:          0       0       0       0
      Totals:         2       0       0       0
Total ram usage:        2 bytes
 Hardware stack levels used:    1
 Hardware stack levels required when called:    2
 This function calls:
		_I2C_WaitMoment
 This function is called by:
		_main
 This function uses a non-reentrant model


 *************** function _I2C_Read1Byte *****************
 Defined at:
		line 195 in file "H:\MyDownloads\说明书&测试报告\开发包\SC8F289XB开发包\SC8F289XB_DEMO_C\SC8F289XB_IIC_Demo\SC8F289XB_IIC_Demo_Master.c"
 Parameters:    Size  Location     Type
  ack             1    wreg     unsigned char 
 Auto vars:     Size  Location     Type
  ack             1    2[COMMON] unsigned char 
  i               1    4[COMMON] unsigned char 
  data            1    3[COMMON] unsigned char 
 Return value:  Size  Location     Type
                  1    wreg      unsigned char 
 Registers used:
		wreg, status,2, status,0, pclath, cstack
 Tracked objects:
		On entry : 
		On exit  : 
		Unchanged: 
 Data sizes:     COMMON   BANK0   BANK1   BANK2
      Params:         0       0       0       0
      Locals:         3       0       0       0
      Temps:          0       0       0       0
      Totals:         3       0       0       0
Total ram usage:        3 bytes
 Hardware stack levels used:    1
 Hardware stack levels required when called:    2
 This function calls:
		_I2C_WaitMoment
 This function is called by:
		_main
 This function uses a non-reentrant model


 *************** function _I2C_WaitMoment *****************
 Defined at:
		line 233 in file "H:\MyDownloads\说明书&测试报告\开发包\SC8F289XB开发包\SC8F289XB_DEMO_C\SC8F289XB_IIC_Demo\SC8F289XB_IIC_Demo_Master.c"
 Parameters:    Size  Location     Type
		None
 Auto vars:     Size  Location     Type
		None
 Return value:  Size  Location     Type
                  1    wreg      void 
 Registers used:
		None
 Tracked objects:
		On entry : 
		On exit  : 
		Unchanged: 
 Data sizes:     COMMON   BANK0   BANK1   BANK2
      Params:         0       0       0       0
      Locals:         0       0       0       0
      Temps:          0       0       0       0
      Totals:         0       0       0       0
Total ram usage:        0 bytes
 Hardware stack levels used:    1
 Hardware stack levels required when called:    1
 This function calls:
		Nothing
 This function is called by:
		_I2C_WriteStart
		_I2C_WriteStop
		_I2C_Write1Byte
		_I2C_Read1Byte
 This function uses a non-reentrant model


 *************** function _ISR *****************
 Defined at:
		line 88 in file "H:\MyDownloads\说明书&测试报告\开发包\SC8F289XB开发包\SC8F289XB_DEMO_C\SC8F289XB_IIC_Demo\SC8F289XB_IIC_Demo_Master.c"
 Parameters:    Size  Location     Type
		None
 Auto vars:     Size  Location     Type
		None
 Return value:  Size  Location     Type
                  1    wreg      void 
 Registers used:
		wreg, status,2, status,0
 Tracked objects:
		On entry : 
		On exit  : 
		Unchanged: 
 Data sizes:     COMMON   BANK0   BANK1   BANK2
      Params:         0       0       0       0
      Locals:         0       0       0       0
      Temps:          2       0       0       0
      Totals:         2       0       0       0
Total ram usage:        2 bytes
 Hardware stack levels used:    1
 This function calls:
		Nothing
 This function is called by:
		Interrupt level 1
 This function uses a non-reentrant model



MODULE INFORMATION

Module		Function		Class		Link	Load	Size
H:\MyDownloads\说明书&测试报告\开发包\SC8F289XB开发包\SC8F289XB_DEMO_C\SC8F289XB_IIC_Demo\SC8F289XB_IIC_Demo_Master.c
		_ISR           		CODE           	0102	0000	24
		_main          		CODE           	00A4	0000	95
		_I2C_WriteStop 		CODE           	0040	0000	21
		_I2C_Write1Byte		CODE           	001E	0000	35
		_I2C_WriteStart		CODE           	0054	0000	22
		_I2C_Read1Byte 		CODE           	0069	0000	57
		_I2C_WaitMoment		CODE           	00A1	0000	4

H:\MyDownloads\说明书&测试报告\开发包\SC8F289XB开发包\SC8F289XB_DEMO_C\SC8F289XB_IIC_Demo\SC8F289XB_IIC_Demo_Master.c estimated size: 258

shared
		__initialization		CODE           	000D	0000	15

shared estimated size: 15

