Microchip MPLAB XC8 Compiler V1.45 ()

Linker command line:

-W-9 --edf=H:\MyDownloads\IDE_RAR\SCMCU_IDE_V2.00.11\data\dat\en_msgs.txt \
  -cs -h+IIC_Master_Demo.sym --cmf=IIC_Master_Demo.cmf -z -QSC8F2892B \
  -oC:\Users\ADMINI~1\AppData\Local\Temp\s7f0.2 -MIIC_Master_Demo.map -E1 \
  -ver=XC8 -ASTACK=020h-06fh -pstack=STACK -ACODE=00h-07FFhx2 \
  -ASTRCODE=00h-0FFFh -ASTRING=00h-0FFhx16 -ACONST=00h-0FFhx16 \
  -AENTRY=00h-0FFhx16 -ACOMMON=070h-07Fh -ABANK0=020h-06Fh \
  -ABANK1=0A0h-0EFh -ABANK2=0120h-016Fh \
  -ARAM=020h-06Fh,0A0h-0EFh,0120h-016Fh \
  -AABS1=020h-07Fh,0A0h-0EFh,0120h-016Fh -ASFR0=00h-01Fh -ASFR1=080h-09Fh \
  -ASFR2=0100h-011Fh -ASFR3=0180h-01EFh \
  -preset_vec=00h,intentry,init,end_init -ppowerup=CODE -pcinit=CODE \
  -pfunctab=ENTRY -ACONFIG=02007h-02008h -pconfig=CONFIG -DCONFIG=2 \
  -AIDLOC=02000h-02003h -pidloc=IDLOC -DIDLOC=2 -DCODE=2 -DSTRCODE=2 \
  -DSTRING=2 -DCONST=2 -DENTRY=2 -k startup.obj IIC_Master_Demo.obj 

Object code version is 3.11

Machine type is SC8F2892B



                Name                               Link     Load   Length Selector   Space Scale
startup.obj     end_init                              0        0        2        0       0
IIC_Master_Demo.obj
                cinit                               7F6      7F6        A      FEC       0
                text4                               77A      77A        B      EF4       0
                text3                               79A      79A       16      F34       0
                text2                               7D1      7D1       25      FA2       0
                text1                               785      785       15      F0A       0
                maintext                            7B0      7B0       21      F60       0
                cstackCOMMON                         77       77        3       70       1
                bssCOMMON                            70       70        7       70       1

TOTAL           Name                               Link     Load   Length     Space
        CLASS   STACK          

        CLASS   CODE           
                end_init                              0        0        2         0
                cinit                               7F6      7F6        A         0
                text4                               77A      77A        B         0
                text3                               79A      79A       16         0
                text2                               7D1      7D1       25         0
                text1                               785      785       15         0
                maintext                            7B0      7B0       21         0

        CLASS   STRCODE        

        CLASS   STRING         

        CLASS   CONST          

        CLASS   ENTRY          

        CLASS   COMMON         
                cstackCOMMON                         77       77        3         1
                bssCOMMON                            70       70        7         1

        CLASS   BANK0          

        CLASS   BANK1          

        CLASS   BANK2          

        CLASS   RAM            

        CLASS   ABS1           
                abs_s1                               7E       7E        2         1

        CLASS   SFR0           

        CLASS   SFR1           

        CLASS   SFR2           

        CLASS   SFR3           

        CLASS   CONFIG         

        CLASS   IDLOC          

        CLASS   BANK3          

        CLASS   EEDATA         



SEGMENTS        Name                           Load    Length   Top    Selector   Space  Class     Delta

                reset_vec                      000000  000002  000002         0       0  CODE        2
                bssCOMMON                      000070  00000A  00007A        70       1  COMMON      1
                text4                          00077A  00000B  000785       EF4       0  CODE        2
                text1                          000785  000015  00079A       F0A       0  CODE        2
                text3                          00079A  000016  0007B0       F34       0  CODE        2
                maintext                       0007B0  000021  0007D1       F60       0  CODE        2
                text2                          0007D1  000025  0007F6       FA2       0  CODE        2
                cinit                          0007F6  00000A  000800       FEC       0  CODE        2


UNUSED ADDRESS RANGES

        Name                Unused          Largest block    Delta
        BANK0            0020-006F             50           1
        BANK1            00A0-00EF             50           1
        BANK2            0120-016F             50           1
        CODE             0002-0779            778           2
                         0800-0FFF            800
        COMMON           007A-007D              4           1
        CONFIG           2007-2008              2           2
        CONST            0002-0779            100           2
                         0800-0FFF            100
        ENTRY            0002-0779            100           2
                         0800-0FFF            100
        IDLOC            2000-2003              4           2
        RAM              0020-006F             50           1
                         00A0-00EF             50
                         0120-016F             50
        SFR0             0000-001F             20           1
        SFR1             0080-009F             20           1
        SFR2             0100-011F             20           1
        SFR3             0180-01EF             70           1
        STACK            0020-006F             50           1
        STRCODE          0002-0779            778           2
                         0800-0FFF            800
        STRING           0002-0779            100           2
                         0800-0FFF            100

                                  Symbol Table

DelayXms@i               cstackCOMMON 0078
DelayXms@j               cstackCOMMON 0079
DelayXms@x               cstackCOMMON 0077
Read_IIC@Adress          cstackCOMMON 0079
Read_IIC@ReadData        cstackCOMMON 0078
Read_IIC@data            cstackCOMMON 0077
Write_IIC@Adress         cstackCOMMON 0078
Write_IIC@data           cstackCOMMON 0077
_DelayXms                text4        077A
_IICADD                  (abs)        0109
_IICBUF                  (abs)        010E
_IICCON                  (abs)        010C
_IICIF                   (abs)        083C
_IICReadData             bssCOMMON    0076
_INTCON                  (abs)        000B
_Init_System             text3        079A
_OPTION_REG              (abs)        0081
_OSCCON                  (abs)        0088
_PEN                     (abs)        086A
_PORTA                   (abs)        0005
_PORTB                   (abs)        0006
_RB5                     (abs)        0035
_RCEN                    (abs)        086B
_RSEN                    (abs)        0869
_Read_IIC                text2        07D1
_SEN                     (abs)        0868
_TRISA                   (abs)        0085
_TRISB                   (abs)        0086
_WPUA                    (abs)        0007
_WPUB                    (abs)        0008
_Write_IIC               text1        0785
__Habs1                  abs1         0000
__Hbank0                 bank0        0000
__Hbank1                 bank1        0000
__Hbank2                 bank2        0000
__Hbank3                 bank3        0000
__HbssCOMMON             bssCOMMON    0000
__Hcinit                 cinit        0800
__Hclrtext               clrtext      0000
__Hcode                  code         0000
__Hcommon                common       0000
__Hconfig                config       0000
__HcstackCOMMON          cstackCOMMON 0000
__Heeprom_data           eeprom_data  0000
__Hend_init              end_init     0002
__Hfunctab               functab      0000
__Hidloc                 idloc        0000
__Hinit                  init         0000
__Hintentry              intentry     0000
__Hmaintext              maintext     0000
__Hpa_nodes0             pa_nodes0    0000
__Hpowerup               powerup      0000
__Hram                   ram          0000
__Hreset_vec             reset_vec    0000
__Hsfr0                  sfr0         0000
__Hsfr1                  sfr1         0000
__Hsfr2                  sfr2         0000
__Hsfr3                  sfr3         0000
__Hspace_0               (abs)        0800
__Hspace_1               (abs)        007A
__Hspace_2               (abs)        0000
__Hspace_3               (abs)        0000
__Hstack                 stack        0000
__Hstrings               strings      0000
__Htext                  text         0000
__Labs1                  abs1         0000
__Lbank0                 bank0        0000
__Lbank1                 bank1        0000
__Lbank2                 bank2        0000
__Lbank3                 bank3        0000
__LbssCOMMON             bssCOMMON    0000
__Lcinit                 cinit        07F6
__Lclrtext               clrtext      0000
__Lcode                  code         0000
__Lcommon                common       0000
__Lconfig                config       0000
__LcstackCOMMON          cstackCOMMON 0000
__Leeprom_data           eeprom_data  0000
__Lend_init              end_init     0000
__Lfunctab               functab      0000
__Lidloc                 idloc        0000
__Linit                  init         0000
__Lintentry              intentry     0000
__Lmaintext              maintext     0000
__Lpa_nodes0             pa_nodes0    0000
__Lpowerup               powerup      0000
__Lram                   ram          0000
__Lreset_vec             reset_vec    0000
__Lsfr0                  sfr0         0000
__Lsfr1                  sfr1         0000
__Lsfr2                  sfr2         0000
__Lsfr3                  sfr3         0000
__Lspace_0               (abs)        0000
__Lspace_1               (abs)        0000
__Lspace_2               (abs)        0000
__Lspace_3               (abs)        0000
__Lstack                 stack        0000
__Lstrings               strings      0000
__Ltext                  text         0000
__S0                     (abs)        0800
__S1                     (abs)        007A
__S2                     (abs)        0000
___int_sp                stack        0000
___latbits               (abs)        0001
___sp                    stack        0000
__end_of_DelayXms        text4        0785
__end_of_Init_System     text3        07B0
__end_of_Read_IIC        text2        07F6
__end_of_Write_IIC       text1        079A
__end_of__initialization cinit        07FD
__end_of_main            maintext     07D1
__initialization         cinit        07F6
__pbssCOMMON             bssCOMMON    0070
__pcstackCOMMON          cstackCOMMON 0077
__pmaintext              maintext     07B0
__ptext0                 text0        0000
__ptext1                 text1        0785
__ptext2                 text2        07D1
__ptext3                 text3        079A
__ptext4                 text4        077A
__size_of_DelayXms       (abs)        0000
__size_of_Init_System    (abs)        0000
__size_of_Read_IIC       (abs)        0000
__size_of_Write_IIC      (abs)        0000
__size_of_main           (abs)        0000
_main                    maintext     07B0
_result                  bssCOMMON    0074
_result1                 bssCOMMON    0072
_result2                 bssCOMMON    0070
btemp                    (abs)        007E
end_of_initialization    cinit        07FD
intlevel0                functab      0000
intlevel1                functab      0000
intlevel2                functab      0000
intlevel3                functab      0000
intlevel4                functab      0000
intlevel5                functab      0000
reset_vec                reset_vec    0000
stackhi                  (abs)        0000
stacklo                  (abs)        0000
start                    init         0000
start_initialization     cinit        07F6
wtemp0                   (abs)        007E


FUNCTION INFORMATION:

 *************** function _main *****************
 Defined at:
		line 135 in file "H:\MyDownloads\说明书&测试报告\开发包\SC8F289XB开发包\SC8F289XB开发包_2\SC8F289XB_DEMO_C\SC8F289XB_IIC_Master_Demo\main.c"
 Parameters:    Size  Location     Type
		None
 Auto vars:     Size  Location     Type
		None
 Return value:  Size  Location     Type
                  1    wreg      void 
 Registers used:
		wreg, status,2, status,0, pclath, cstack
 Tracked objects:
		On entry : 
		On exit  : 
		Unchanged: 
 Data sizes:     COMMON   BANK0   BANK1   BANK2
      Params:         0       0       0       0
      Locals:         0       0       0       0
      Temps:          0       0       0       0
      Totals:         0       0       0       0
Total ram usage:        0 bytes
 Hardware stack levels required when called:    1
 This function calls:
		_DelayXms
		_Init_System
		_Read_IIC
		_Write_IIC
 This function is called by:
		Startup code after reset
 This function uses a non-reentrant model


 *************** function _Write_IIC *****************
 Defined at:
		line 42 in file "H:\MyDownloads\说明书&测试报告\开发包\SC8F289XB开发包\SC8F289XB开发包_2\SC8F289XB_DEMO_C\SC8F289XB_IIC_Master_Demo\main.c"
 Parameters:    Size  Location     Type
  Adress          1    wreg     unsigned char 
  data            1    0[COMMON] unsigned char 
 Auto vars:     Size  Location     Type
  Adress          1    1[COMMON] unsigned char 
 Return value:  Size  Location     Type
                  1    wreg      void 
 Registers used:
		wreg
 Tracked objects:
		On entry : 
		On exit  : 
		Unchanged: 
 Data sizes:     COMMON   BANK0   BANK1   BANK2
      Params:         1       0       0       0
      Locals:         1       0       0       0
      Temps:          0       0       0       0
      Totals:         2       0       0       0
Total ram usage:        2 bytes
 Hardware stack levels used:    1
 This function calls:
		Nothing
 This function is called by:
		_main
 This function uses a non-reentrant model


 *************** function _Read_IIC *****************
 Defined at:
		line 98 in file "H:\MyDownloads\说明书&测试报告\开发包\SC8F289XB开发包\SC8F289XB开发包_2\SC8F289XB_DEMO_C\SC8F289XB_IIC_Master_Demo\main.c"
 Parameters:    Size  Location     Type
  Adress          1    wreg     unsigned char 
  data            1    0[COMMON] unsigned char 
 Auto vars:     Size  Location     Type
  Adress          1    2[COMMON] unsigned char 
  ReadData        1    1[COMMON] unsigned char 
 Return value:  Size  Location     Type
                  1    wreg      unsigned char 
 Registers used:
		wreg, status,2, status,0
 Tracked objects:
		On entry : 
		On exit  : 
		Unchanged: 
 Data sizes:     COMMON   BANK0   BANK1   BANK2
      Params:         1       0       0       0
      Locals:         2       0       0       0
      Temps:          0       0       0       0
      Totals:         3       0       0       0
Total ram usage:        3 bytes
 Hardware stack levels used:    1
 This function calls:
		Nothing
 This function is called by:
		_main
 This function uses a non-reentrant model


 *************** function _Init_System *****************
 Defined at:
		line 193 in file "H:\MyDownloads\说明书&测试报告\开发包\SC8F289XB开发包\SC8F289XB开发包_2\SC8F289XB_DEMO_C\SC8F289XB_IIC_Master_Demo\main.c"
 Parameters:    Size  Location     Type
		None
 Auto vars:     Size  Location     Type
		None
 Return value:  Size  Location     Type
                  1    wreg      void 
 Registers used:
		wreg, status,2
 Tracked objects:
		On entry : 
		On exit  : 
		Unchanged: 
 Data sizes:     COMMON   BANK0   BANK1   BANK2
      Params:         0       0       0       0
      Locals:         0       0       0       0
      Temps:          0       0       0       0
      Totals:         0       0       0       0
Total ram usage:        0 bytes
 Hardware stack levels used:    1
 This function calls:
		Nothing
 This function is called by:
		_main
 This function uses a non-reentrant model


 *************** function _DelayXms *****************
 Defined at:
		line 22 in file "H:\MyDownloads\说明书&测试报告\开发包\SC8F289XB开发包\SC8F289XB开发包_2\SC8F289XB_DEMO_C\SC8F289XB_IIC_Master_Demo\main.c"
 Parameters:    Size  Location     Type
  x               1    wreg     unsigned char 
 Auto vars:     Size  Location     Type
  x               1    0[COMMON] unsigned char 
  j               1    2[COMMON] unsigned char 
  i               1    1[COMMON] unsigned char 
 Return value:  Size  Location     Type
                  1    wreg      void 
 Registers used:
		wreg, status,2, status,0
 Tracked objects:
		On entry : 
		On exit  : 
		Unchanged: 
 Data sizes:     COMMON   BANK0   BANK1   BANK2
      Params:         0       0       0       0
      Locals:         3       0       0       0
      Temps:          0       0       0       0
      Totals:         3       0       0       0
Total ram usage:        3 bytes
 Hardware stack levels used:    1
 This function calls:
		Nothing
 This function is called by:
		_main
 This function uses a non-reentrant model



MODULE INFORMATION

Module		Function		Class		Link	Load	Size
H:\MyDownloads\说明书&测试报告\开发包\SC8F289XB开发包\SC8F289XB开发包_2\SC8F289XB_DEMO_C\SC8F289XB_IIC_Master_Demo\main.c
		_DelayXms      		CODE           	077A	0000	12
		_Write_IIC     		CODE           	0785	0000	22
		_main          		CODE           	07B0	0000	34
		_Read_IIC      		CODE           	07D1	0000	38
		_Init_System   		CODE           	079A	0000	23

H:\MyDownloads\说明书&测试报告\开发包\SC8F289XB开发包\SC8F289XB开发包_2\SC8F289XB_DEMO_C\SC8F289XB_IIC_Master_Demo\main.c estimated size: 129

shared
		__initialization		CODE           	07F6	0000	8

shared estimated size: 8

