Microchip MPLAB XC8 Compiler V1.45 ()

Linker command line:

-W-9 \
  --edf=C:\工具\单片机学习资料\SC8P\SCMCU_IDE_V2.00.07\data\dat\en_msgs.txt \
  -cs -h+S23_1171C_SOP14_.sym --cmf=S23_1171C_SOP14_.cmf -z -QSC8P1711C \
  -oC:\Users\hhmm6\AppData\Local\Temp\shq4.2 -MS23_1171C_SOP14_.map -E1 \
  -ver=XC8 -ASTACK=0A0h-0efh -pstack=STACK -ACODE=00h-07FFh \
  -ASTRCODE=00h-07FFh -ASTRING=00h-0FFhx8 -ACONST=00h-0FFhx8 \
  -AENTRY=00h-0FFhx8 -ACOMMON=070h-07Fh -ABANK0=020h-06Fh -ABANK1=0A0h-0EFh \
  -ARAM=020h-06Fh,0A0h-0EFh -AABS1=020h-07Fh,0A0h-0EFh -ASFR0=00h-01Fh \
  -ASFR1=080h-09Fh -ASFR2=0100h-016Fh -ASFR3=0180h-01EFh \
  -preset_vec=00h,intentry=04h,init,end_init -ppowerup=CODE -pcinit=CODE \
  -pfunctab=ENTRY -ACONFIG=02007h-02008h -pconfig=CONFIG -DCONFIG=2 \
  -AIDLOC=02000h-02003h -pidloc=IDLOC -DIDLOC=2 -DCODE=2 -DSTRCODE=2 \
  -DSTRING=2 -DCONST=2 -DENTRY=2 -k startup.obj S23_1171C_SOP14_.obj 

Object code version is 3.11

Machine type is SC8P1711C



                Name                               Link     Load   Length Selector   Space Scale
startup.obj     end_init                              A        A        1        8       0
                reset_vec                             0        0        1        0       0
S23_1171C_SOP14_.obj
                cinit                                 B        B       11        8       0
                intentry                              4        4        6        8       0
                text4                                E4       E4       18        8       0
                text3                                C7       C7       1D        8       0
                text2                                1C       1C       AB        8       0
                text1                               10D      10D        E        8       0
                maintext                             FC       FC       11        8       0
                cstackBANK0                          2A       2A        4       20       1
                cstackCOMMON                         70       70        6       70       1
                bssBANK0                             20       20        A       20       1
                bssCOMMON                            76       76        3       70       1

TOTAL           Name                               Link     Load   Length     Space
        CLASS   STACK          

        CLASS   CODE           
                end_init                              A        A        1         0
                cinit                                 B        B       11         0
                intentry                              4        4        6         0
                reset_vec                             0        0        1         0
                text4                                E4       E4       18         0
                text3                                C7       C7       1D         0
                text2                                1C       1C       AB         0
                text1                               10D      10D        E         0
                maintext                             FC       FC       11         0

        CLASS   STRCODE        

        CLASS   STRING         

        CLASS   CONST          

        CLASS   ENTRY          

        CLASS   COMMON         
                cstackCOMMON                         70       70        6         1
                bssCOMMON                            76       76        3         1

        CLASS   BANK0          
                cstackBANK0                          2A       2A        4         1
                bssBANK0                             20       20        A         1

        CLASS   BANK1          

        CLASS   RAM            

        CLASS   ABS1           
                abs_s1                               7E       7E        2         1

        CLASS   SFR0           

        CLASS   SFR1           

        CLASS   SFR2           

        CLASS   SFR3           

        CLASS   CONFIG         

        CLASS   IDLOC          

        CLASS   BANK3          

        CLASS   BANK2          

        CLASS   EEDATA         



SEGMENTS        Name                           Load    Length   Top    Selector   Space  Class     Delta

                reset_vec                      000000  000001  000001         0       0  CODE        2
                intentry                       000004  000117  00011B         8       0  CODE        2
                bssBANK0                       000020  00000E  00002E        20       1  BANK0       1
                cstackCOMMON                   000070  000009  000079        70       1  COMMON      1


UNUSED ADDRESS RANGES

        Name                Unused          Largest block    Delta
        BANK0            02E-06F            42           1
        BANK1            0A0-0EF            50           1
        CODE             001-003             3           2
                         11B-7FF           6E5
        COMMON           079-07D             5           1
        CONFIG           2007-2008             2           2
        CONST            001-003             3           2
                         11B-7FF           100
        ENTRY            001-003             3           2
                         11B-7FF           100
        IDLOC            2000-2003             4           2
        RAM              02E-06F            42           1
                         0A0-0EF            50
        SFR0             000-01F            20           1
        SFR1             080-09F            20           1
        SFR2             100-16F            70           1
        SFR3             180-1EF            70           1
        STACK            0A0-0EF            50           1
        STRCODE          001-003             3           2
                         11B-7FF           6E5
        STRING           001-003             3           2
                         11B-7FF           100

                                  Symbol Table

ADC_Result@adch          cstackCOMMON 073
ADC_Result@i             cstackCOMMON 074
ADC_Sample@ad_temp       cstackBANK0  02C
ADC_Sample@adch          cstackBANK0  02A
ADC_Sample@admax         bssBANK0     024
ADC_Sample@admin         bssBANK0     026
ADC_Sample@adsum         bssBANK0     020
ADC_Sample@adtimes       bssCOMMON    076
ADC_Sample@i             cstackBANK0  02B
PL2                      text2        0B3
PL4                      text2        0C2
_ADCON0                  (abs)        01F
_ADCON1                  (abs)        09F
_ADC_Result              text3        0C7
_ADC_Sample              text2        01C
_ADRESH                  (abs)        01E
_ADRESL                  (abs)        09E
_ANSELH                  (abs)        189
_GODONE                  (abs)        0F9
_INTCON                  (abs)        00B
_InitSys                 text1        10D
_IntFlag                 bssCOMMON    077
_OPTION_REG              (abs)        081
_OSCCON                  (abs)        08F
_RBIF                    (abs)        058
_T0IF                    (abs)        05A
_TMR0                    (abs)        001
_TRISB5                  (abs)        435
_Timer0_Isr              text4        0E4
__Habs1                  abs1         000
__Hbank0                 bank0        000
__Hbank1                 bank1        000
__Hbank2                 bank2        000
__Hbank3                 bank3        000
__HbssBANK0              bssBANK0     000
__HbssCOMMON             bssCOMMON    000
__Hcinit                 cinit        01C
__Hclrtext               clrtext      000
__Hcode                  code         000
__Hcommon                common       000
__Hconfig                config       000
__HcstackBANK0           cstackBANK0  000
__HcstackCOMMON          cstackCOMMON 000
__Heeprom_data           eeprom_data  000
__Hend_init              end_init     00B
__Hfunctab               functab      000
__Hidloc                 idloc        000
__Hinit                  init         00A
__Hintentry              intentry     00A
__Hmaintext              maintext     000
__Hpa_nodes0             pa_nodes0    000
__Hpowerup               powerup      000
__Hram                   ram          000
__Hreset_vec             reset_vec    001
__Hsfr0                  sfr0         000
__Hsfr1                  sfr1         000
__Hsfr2                  sfr2         000
__Hsfr3                  sfr3         000
__Hspace_0               (abs)        11B
__Hspace_1               (abs)        079
__Hspace_2               (abs)        000
__Hspace_3               (abs)        000
__Hstack                 stack        000
__Hstrings               strings      000
__Htext                  text         000
__Labs1                  abs1         000
__Lbank0                 bank0        000
__Lbank1                 bank1        000
__Lbank2                 bank2        000
__Lbank3                 bank3        000
__LbssBANK0              bssBANK0     000
__LbssCOMMON             bssCOMMON    000
__Lcinit                 cinit        00B
__Lclrtext               clrtext      000
__Lcode                  code         000
__Lcommon                common       000
__Lconfig                config       000
__LcstackBANK0           cstackBANK0  000
__LcstackCOMMON          cstackCOMMON 000
__Leeprom_data           eeprom_data  000
__Lend_init              end_init     00A
__Lfunctab               functab      000
__Lidloc                 idloc        000
__Linit                  init         00A
__Lintentry              intentry     004
__Lmaintext              maintext     000
__Lpa_nodes0             pa_nodes0    000
__Lpowerup               powerup      000
__Lram                   ram          000
__Lreset_vec             reset_vec    000
__Lsfr0                  sfr0         000
__Lsfr1                  sfr1         000
__Lsfr2                  sfr2         000
__Lsfr3                  sfr3         000
__Lspace_0               (abs)        000
__Lspace_1               (abs)        000
__Lspace_2               (abs)        000
__Lspace_3               (abs)        000
__Lstack                 stack        000
__Lstrings               strings      000
__Ltext                  text         000
__S0                     (abs)        11B
__S1                     (abs)        079
__S2                     (abs)        000
___int_sp                stack        000
___latbits               (abs)        000
___sp                    stack        000
__end_ofPL2              text2        0C2
__end_ofPL4              text2        0C7
__end_of_ADC_Result      text3        0E4
__end_of_ADC_Sample      text2        0B3
__end_of_InitSys         text1        11B
__end_of_Timer0_Isr      text4        0FC
__end_of__initialization cinit        01A
__end_of_main            maintext     10D
__initialization         cinit        00B
__pbssBANK0              bssBANK0     020
__pbssCOMMON             bssCOMMON    076
__pcstackBANK0           cstackBANK0  02A
__pcstackCOMMON          cstackCOMMON 070
__pintentry              intentry     004
__pmaintext              maintext     0FC
__ptext0                 text0        000
__ptext1                 text1        10D
__ptext2                 text2        01C
__ptext3                 text3        0C7
__ptext4                 text4        0E4
__size_of_ADC_Result     (abs)        000
__size_of_ADC_Sample     (abs)        000
__size_of_InitSys        (abs)        000
__size_of_Timer0_Isr     (abs)        000
__size_of_main           (abs)        000
_adresult                bssBANK0     028
_intCount                bssCOMMON    078
_main                    maintext     0FC
btemp                    (abs)        07E
end_of_initialization    cinit        01A
interrupt_function       intentry     004
intlevel0                functab      000
intlevel1                functab      000
intlevel2                functab      000
intlevel3                functab      000
intlevel4                functab      000
intlevel5                functab      000
reset_vec                reset_vec    000
saved_w                  (abs)        07E
stackhi                  (abs)        000
stacklo                  (abs)        000
start                    init         00A
start_initialization     cinit        00B
wtemp0                   (abs)        07E


FUNCTION INFORMATION:

 *************** function _main *****************
 Defined at:
		line 148 in file "C:\mcuproject\scm\zdt\S23_1171C_SOP14_\main.c"
 Parameters:    Size  Location     Type
		None
 Auto vars:     Size  Location     Type
  result          1    0        unsigned char 
 Return value:  Size  Location     Type
                  1    wreg      void 
 Registers used:
		wreg, status,2, status,0, pclath, cstack
 Tracked objects:
		On entry : 
		On exit  : 
		Unchanged: 
 Data sizes:     COMMON   BANK0   BANK1
      Params:         0       0       0
      Locals:         0       0       0
      Temps:          0       0       0
      Totals:         0       0       0
Total ram usage:        0 bytes
 Hardware stack levels required when called:    2
 This function calls:
		_ADC_Result
		_ADC_Sample
		_InitSys
 This function is called by:
		Startup code after reset
 This function uses a non-reentrant model


 *************** function _InitSys *****************
 Defined at:
		line 173 in file "C:\mcuproject\scm\zdt\S23_1171C_SOP14_\main.c"
 Parameters:    Size  Location     Type
		None
 Auto vars:     Size  Location     Type
		None
 Return value:  Size  Location     Type
                  1    wreg      void 
 Registers used:
		wreg, status,2
 Tracked objects:
		On entry : 
		On exit  : 
		Unchanged: 
 Data sizes:     COMMON   BANK0   BANK1
      Params:         0       0       0
      Locals:         0       0       0
      Temps:          0       0       0
      Totals:         0       0       0
Total ram usage:        0 bytes
 Hardware stack levels used:    1
 Hardware stack levels required when called:    1
 This function calls:
		Nothing
 This function is called by:
		_main
 This function uses a non-reentrant model


 *************** function _ADC_Sample *****************
 Defined at:
		line 67 in file "C:\mcuproject\scm\zdt\S23_1171C_SOP14_\main.c"
 Parameters:    Size  Location     Type
  adch            1    wreg     unsigned char 
 Auto vars:     Size  Location     Type
  adch            1    0[BANK0 ] unsigned char 
  ad_temp         2    2[BANK0 ] volatile unsigned int 
  i               1    1[BANK0 ] unsigned char 
 Return value:  Size  Location     Type
                  1    wreg      void 
 Registers used:
		wreg, status,2, status,0
 Tracked objects:
		On entry : 
		On exit  : 
		Unchanged: 
 Data sizes:     COMMON   BANK0   BANK1
      Params:         0       0       0
      Locals:         0       4       0
      Temps:          4       0       0
      Totals:         4       4       0
Total ram usage:        8 bytes
 Hardware stack levels used:    1
 Hardware stack levels required when called:    1
 This function calls:
		Nothing
 This function is called by:
		_main
 This function uses a non-reentrant model


 *************** function _ADC_Result *****************
 Defined at:
		line 115 in file "C:\mcuproject\scm\zdt\S23_1171C_SOP14_\main.c"
 Parameters:    Size  Location     Type
  adch            1    wreg     unsigned char 
 Auto vars:     Size  Location     Type
  adch            1    3[COMMON] unsigned char 
  i               1    4[COMMON] unsigned char 
 Return value:  Size  Location     Type
                  1    wreg      unsigned char 
 Registers used:
		wreg, status,2, status,0
 Tracked objects:
		On entry : 
		On exit  : 
		Unchanged: 
 Data sizes:     COMMON   BANK0   BANK1
      Params:         0       0       0
      Locals:         2       0       0
      Temps:          1       0       0
      Totals:         3       0       0
Total ram usage:        3 bytes
 Hardware stack levels used:    1
 Hardware stack levels required when called:    1
 This function calls:
		Nothing
 This function is called by:
		_main
 This function uses a non-reentrant model


 *************** function _Timer0_Isr *****************
 Defined at:
		line 481 in file "C:\mcuproject\scm\zdt\S23_1171C_SOP14_\main.c"
 Parameters:    Size  Location     Type
		None
 Auto vars:     Size  Location     Type
		None
 Return value:  Size  Location     Type
                  1    wreg      void 
 Registers used:
		wreg, status,2, status,0
 Tracked objects:
		On entry : 
		On exit  : 
		Unchanged: 
 Data sizes:     COMMON   BANK0   BANK1
      Params:         0       0       0
      Locals:         0       0       0
      Temps:          2       0       0
      Totals:         2       0       0
Total ram usage:        2 bytes
 Hardware stack levels used:    1
 This function calls:
		Nothing
 This function is called by:
		Interrupt level 1
 This function uses a non-reentrant model



MODULE INFORMATION

Module		Function		Class		Link	Load	Size
shared
		__initialization		CODE           	000B	0000	16
		PL2            		CODE           	00B3	0000	16
		PL4            		CODE           	00C2	0000	6

shared estimated size: 38

C:\mcuproject\scm\zdt\S23_1171C_SOP14_\main.c
		_Timer0_Isr    		CODE           	00E4	0000	25
		_ADC_Result    		CODE           	00C7	0000	30
		_main          		CODE           	00FC	0000	18
		_InitSys       		CODE           	010D	0000	15
		_ADC_Sample    		CODE           	001C	0000	152

C:\mcuproject\scm\zdt\S23_1171C_SOP14_\main.c estimated size: 240

