Microchip MPLAB XC8 Compiler V1.45 ()

Linker command line:

-W-9 --edf=E:\cms\SCMCU_IDE_V2.00.07\data\dat\en_msgs.txt -cs -h+n9fan.sym \
  --cmf=n9fan.cmf -z -QSC8P1711C \
  -oC:\Users\ADMINI~1\AppData\Local\Temp\s3h8.2 -Mn9fan.map -E1 -ver=XC8 \
  -ASTACK=0A0h-0efh -pstack=STACK -ACODE=00h-07FFh -ASTRCODE=00h-07FFh \
  -ASTRING=00h-0FFhx8 -ACONST=00h-0FFhx8 -AENTRY=00h-0FFhx8 \
  -ACOMMON=070h-07Fh -ABANK0=020h-06Fh -ABANK1=0A0h-0EFh \
  -ARAM=020h-06Fh,0A0h-0EFh -AABS1=020h-07Fh,0A0h-0EFh -ASFR0=00h-01Fh \
  -ASFR1=080h-09Fh -ASFR2=0100h-016Fh -ASFR3=0180h-01EFh \
  -preset_vec=00h,intentry=04h,init,end_init -ppowerup=CODE -pcinit=CODE \
  -pfunctab=ENTRY -ACONFIG=02007h-02008h -pconfig=CONFIG -DCONFIG=2 \
  -AIDLOC=02000h-02003h -pidloc=IDLOC -DIDLOC=2 -DCODE=2 -DSTRCODE=2 \
  -DSTRING=2 -DCONST=2 -DENTRY=2 -k startup.obj n9fan.obj 

Object code version is 3.11

Machine type is SC8P1711C



                Name                               Link     Load   Length Selector   Space Scale
startup.obj     end_init                              C        C        1        8       0
                reset_vec                             0        0        1        0       0
n9fan.obj       cinit                                 D        D        C        8       0
                intentry                              4        4        8        8       0
                text26                              309      309        1      608       0
                text25                              308      308        1      608       0
                text24                              307      307        1      608       0
                text23                              2D6      2D6        A        8       0
                text22                              29F      29F       10        8       0
                text21                              2EF      2EF        7        8       0
                text20                              240      240       16        8       0
                text19                              27C      27C       13        8       0
                text18                              2E8      2E8        7        8       0
                text17                              2AF      2AF        E        8       0
                text16                              304      304        3      608       0
                text15                              28F      28F       10        8       0
                text14                              22A      22A       16        8       0
                text13                              2CA      2CA        C        8       0
                swtext1                             300      300        4      600       0
                text12                              108      108       42        8       0
                text11                               C3       C3       45        8       0
                text10                              1ED      1ED       20        8       0
                text9                               269      269       13        8       0
                text8                               189      189       39        8       0
                text7                               256      256       13        8       0
                text6                               14A      14A       3F        8       0
                text5                                19       19       AA        8       0
                text4                               2BD      2BD        D        8       0
                text3                               2FC      2FC        4        8       0
                text2                               20D      20D       1D        8       0
                text1                               2F6      2F6        6        8       0
                maintext                            1C2      1C2       2B        8       0
                cstackBANK0                          36       36        B       20       1
                cstackCOMMON                         70       70        6       70       1
                clrtext                             2E0      2E0        8        8       0
                bssBANK0                             20       20       16       20       1
                dataCOMMON                           78       78        2       70       1
                bssCOMMON                            76       76        2       70       1

TOTAL           Name                               Link     Load   Length     Space
        CLASS   STACK          

        CLASS   CODE           
                end_init                              C        C        1         0
                cinit                                 D        D        C         0
                intentry                              4        4        8         0
                reset_vec                             0        0        1         0
                text26                              309      309        1         0
                text25                              308      308        1         0
                text24                              307      307        1         0
                text23                              2D6      2D6        A         0
                text22                              29F      29F       10         0
                text21                              2EF      2EF        7         0
                text20                              240      240       16         0
                text19                              27C      27C       13         0
                text18                              2E8      2E8        7         0
                text17                              2AF      2AF        E         0
                text16                              304      304        3         0
                text15                              28F      28F       10         0
                text14                              22A      22A       16         0
                text13                              2CA      2CA        C         0
                text12                              108      108       42         0
                text11                               C3       C3       45         0
                text10                              1ED      1ED       20         0
                text9                               269      269       13         0
                text8                               189      189       39         0
                text7                               256      256       13         0
                text6                               14A      14A       3F         0
                text5                                19       19       AA         0
                text4                               2BD      2BD        D         0
                text3                               2FC      2FC        4         0
                text2                               20D      20D       1D         0
                text1                               2F6      2F6        6         0
                maintext                            1C2      1C2       2B         0
                clrtext                             2E0      2E0        8         0

        CLASS   STRCODE        

        CLASS   STRING         

        CLASS   CONST          
                swtext1                             300      300        4         0

        CLASS   ENTRY          

        CLASS   COMMON         
                cstackCOMMON                         70       70        6         1
                dataCOMMON                           78       78        2         1
                bssCOMMON                            76       76        2         1

        CLASS   BANK0          
                cstackBANK0                          36       36        B         1
                bssBANK0                             20       20       16         1

        CLASS   BANK1          

        CLASS   RAM            

        CLASS   ABS1           
                abs_s1                               7E       7E        2         1

        CLASS   SFR0           

        CLASS   SFR1           

        CLASS   SFR2           

        CLASS   SFR3           

        CLASS   CONFIG         

        CLASS   IDLOC          

        CLASS   BANK3          

        CLASS   BANK2          

        CLASS   EEDATA         



SEGMENTS        Name                           Load    Length   Top    Selector   Space  Class     Delta

                reset_vec                      000000  000001  000001         0       0  CODE        2
                intentry                       000004  0002FC  000300         8       0  CODE        2
                bssBANK0                       000020  000021  000041        20       1  BANK0       1
                cstackCOMMON                   000070  00000A  00007A        70       1  COMMON      1
                swtext1                        000300  000004  000304       600       0  CONST       2
                text16                         000304  000006  00030A       608       0  CODE        2


UNUSED ADDRESS RANGES

        Name                Unused          Largest block    Delta
        BANK0            041-06F            2F           1
        BANK1            0A0-0EF            50           1
        CODE             001-003             3           2
                         30A-7FF           4F6
        COMMON           07A-07D             4           1
        CONFIG           2007-2008             2           2
        CONST            001-003             3           2
                         30A-7FF           100
        ENTRY            001-003             3           2
                         30A-7FF           100
        IDLOC            2000-2003             4           2
        RAM              041-06F            2F           1
                         0A0-0EF            50
        SFR0             000-01F            20           1
        SFR1             080-09F            20           1
        SFR2             100-16F            70           1
        SFR3             180-1EF            70           1
        STACK            0A0-0EF            50           1
        STRCODE          001-003             3           2
                         30A-7FF           4F6
        STRING           001-003             3           2
                         30A-7FF           100

                                  Symbol Table

?___awdiv                 cstackBANK0  036
ADC_Sample@ad_temp        cstackBANK0  03C
ADC_Sample@adch           cstackBANK0  03A
ADC_Sample@admax          bssBANK0     024
ADC_Sample@admin          bssBANK0     026
ADC_Sample@adsum          bssBANK0     020
ADC_Sample@adtimes        bssBANK0     02E
ADC_Sample@i              cstackBANK0  03B
DelayXms@i                cstackBANK0  037
DelayXms@j                cstackBANK0  038
DelayXms@x                cstackBANK0  036
PL10                      text23       2D9
PL12                      text18       2E9
PL14                      text14       23A
PL16                      text5        0BE
PL2                       text19       27D
PL4                       text5        0AF
PL6                       text17       2B0
PL8                       text14       231
_ADCON0                   (abs)        01F
_ADCON1                   (abs)        09F
_ADC_Sample               text5        019
_ADRESH                   (abs)        01E
_ADRESL                   (abs)        09E
_CCP1CON                  (abs)        017
_CCPR1L                   (abs)        015
_DelayXms                 text4        2BD
_FAN_STATUS               dataCOMMON   078
_GIE                      (abs)        05F
_GODONE                   (abs)        0F9
_INTCON                   (abs)        00B
_IOCB                     (abs)        096
_Init_Config              text14       22A
_Init_GPIO                text19       27C
_Init_Interupt            text18       2E8
_Init_PWM                 text17       2AF
_Init_System              text16       304
_OPTION_REG               (abs)        081
_OSCCON                   (abs)        08F
_PORTA                    (abs)        005
_PORTB                    (abs)        006
_PORTC                    (abs)        007
_PR2                      (abs)        092
_RBIE                     (abs)        05B
_RBIF                     (abs)        058
_Sleep_Mode               text10       1ED
_T0IF                     (abs)        05A
_T2CON                    (abs)        012
_TMR0                     (abs)        001
_TMR2IF                   (abs)        061
_TO                       (abs)        01C
_TRISA                    (abs)        085
_TRISB                    (abs)        086
_TRISC                    (abs)        087
_Timer0_Isr               text20       240
_WPUA                     (abs)        18E
_WPUB                     (abs)        095
_WPUC                     (abs)        18F
__Habs1                   abs1         000
__Hbank0                  bank0        000
__Hbank1                  bank1        000
__Hbank2                  bank2        000
__Hbank3                  bank3        000
__HbssBANK0               bssBANK0     000
__HbssCOMMON              bssCOMMON    000
__Hcinit                  cinit        019
__Hclrtext                clrtext      000
__Hcode                   code         000
__Hcommon                 common       000
__Hconfig                 config       000
__HcstackBANK0            cstackBANK0  000
__HcstackCOMMON           cstackCOMMON 000
__HdataCOMMON             dataCOMMON   000
__Heeprom_data            eeprom_data  000
__Hend_init               end_init     00D
__Hfunctab                functab      000
__HidataCOMMON            idataCOMMON  000
__Hidloc                  idloc        000
__Hinit                   init         00C
__Hintentry               intentry     00C
__Hmaintext               maintext     000
__Hpa_nodes0              pa_nodes0    000
__Hpowerup                powerup      000
__Hram                    ram          000
__Hreset_vec              reset_vec    001
__Hsfr0                   sfr0         000
__Hsfr1                   sfr1         000
__Hsfr2                   sfr2         000
__Hsfr3                   sfr3         000
__Hspace_0                (abs)        30A
__Hspace_1                (abs)        07A
__Hspace_2                (abs)        000
__Hspace_3                (abs)        000
__Hstack                  stack        000
__Hstrings                strings      000
__Htext                   text         000
__Labs1                   abs1         000
__Lbank0                  bank0        000
__Lbank1                  bank1        000
__Lbank2                  bank2        000
__Lbank3                  bank3        000
__LbssBANK0               bssBANK0     000
__LbssCOMMON              bssCOMMON    000
__Lcinit                  cinit        00D
__Lclrtext                clrtext      000
__Lcode                   code         000
__Lcommon                 common       000
__Lconfig                 config       000
__LcstackBANK0            cstackBANK0  000
__LcstackCOMMON           cstackCOMMON 000
__LdataCOMMON             dataCOMMON   000
__Leeprom_data            eeprom_data  000
__Lend_init               end_init     00C
__Lfunctab                functab      000
__LidataCOMMON            idataCOMMON  000
__Lidloc                  idloc        000
__Linit                   init         00C
__Lintentry               intentry     004
__Lmaintext               maintext     000
__Lpa_nodes0              pa_nodes0    000
__Lpowerup                powerup      000
__Lram                    ram          000
__Lreset_vec              reset_vec    000
__Lsfr0                   sfr0         000
__Lsfr1                   sfr1         000
__Lsfr2                   sfr2         000
__Lsfr3                   sfr3         000
__Lspace_0                (abs)        000
__Lspace_1                (abs)        000
__Lspace_2                (abs)        000
__Lspace_3                (abs)        000
__Lstack                  stack        000
__Lstrings                strings      000
__Ltext                   text         000
__S0                      (abs)        30A
__S1                      (abs)        07A
__S2                      (abs)        000
___awdiv                  text11       0C3
___awdiv@counter          cstackBANK0  03A
___awdiv@dividend         cstackBANK0  038
___awdiv@divisor          cstackBANK0  036
___awdiv@quotient         cstackBANK0  03C
___awdiv@sign             cstackBANK0  03B
___int_sp                 stack        000
___latbits                (abs)        000
___sp                     stack        000
__end_ofPL10              text23       2E0
__end_ofPL12              text18       2EF
__end_ofPL14              text14       240
__end_ofPL16              text5        0C3
__end_ofPL2               text19       28F
__end_ofPL4               text5        0BE
__end_ofPL6               text17       2BD
__end_ofPL8               text14       23A
__end_of_ADC_Sample       text5        0AF
__end_of_DelayXms         text4        2CA
__end_of_Init_Config      text14       231
__end_of_Init_GPIO        text19       27D
__end_of_Init_Interupt    text18       2E9
__end_of_Init_PWM         text17       2B0
__end_of_Init_System      text16       307
__end_of_Sleep_Mode       text10       20D
__end_of_Timer0_Isr       text20       256
__end_of___awdiv          text11       108
__end_of__initialization  cinit        017
__end_of_checkFan         text13       2D6
__end_of_checkKeys        text7        269
__end_of_checkUsbStatus   text6        189
__end_of_closeFan         text9        27C
__end_of_key_driver       text12       14A
__end_of_main             maintext     1ED
__end_of_readVrefADC      text3        300
__end_of_resetKey         text15       29F
__end_of_sacnKeyInput     text2        22A
__end_of_scanKeys         text1        2FC
__end_of_setFanLevel      text8        1C2
__end_ofi1_Init_Config    text21       2F6
__end_ofi1_Init_GPIO      text26       30A
__end_ofi1_Init_Interupt  text25       309
__end_ofi1_Init_PWM       text24       308
__end_ofi1_Init_System    text23       2D9
__end_ofi1_resetKey       text22       2AF
__initialization          cinit        00D
__pbssBANK0               bssBANK0     020
__pbssCOMMON              bssCOMMON    076
__pcstackBANK0            cstackBANK0  036
__pcstackCOMMON           cstackCOMMON 070
__pdataCOMMON             dataCOMMON   078
__pidataCOMMON            idataCOMMON  000
__pintentry               intentry     004
__pmaintext               maintext     1C2
__pswtext1                swtext1      300
__ptext1                  text1        2F6
__ptext10                 text10       1ED
__ptext11                 text11       0C3
__ptext12                 text12       108
__ptext13                 text13       2CA
__ptext14                 text14       22A
__ptext15                 text15       28F
__ptext16                 text16       304
__ptext17                 text17       2AF
__ptext18                 text18       2E8
__ptext19                 text19       27C
__ptext2                  text2        20D
__ptext20                 text20       240
__ptext21                 text21       2EF
__ptext22                 text22       29F
__ptext23                 text23       2D6
__ptext24                 text24       307
__ptext25                 text25       308
__ptext26                 text26       309
__ptext3                  text3        2FC
__ptext4                  text4        2BD
__ptext5                  text5        019
__ptext6                  text6        14A
__ptext7                  text7        256
__ptext8                  text8        189
__ptext9                  text9        269
__size_of_ADC_Sample      (abs)        000
__size_of_DelayXms        (abs)        000
__size_of_Init_Config     (abs)        000
__size_of_Init_GPIO       (abs)        000
__size_of_Init_Interupt   (abs)        000
__size_of_Init_PWM        (abs)        000
__size_of_Init_System     (abs)        000
__size_of_Sleep_Mode      (abs)        000
__size_of_Timer0_Isr      (abs)        000
__size_of___awdiv         (abs)        000
__size_of_checkFan        (abs)        000
__size_of_checkKeys       (abs)        000
__size_of_checkUsbStatus  (abs)        000
__size_of_closeFan        (abs)        000
__size_of_key_driver      (abs)        000
__size_of_main            (abs)        000
__size_of_readVrefADC     (abs)        000
__size_of_resetKey        (abs)        000
__size_of_sacnKeyInput    (abs)        000
__size_of_scanKeys        (abs)        000
__size_of_setFanLevel     (abs)        000
__size_ofi1_Init_Config   (abs)        000
__size_ofi1_Init_GPIO     (abs)        000
__size_ofi1_Init_Interupt (abs)        000
__size_ofi1_Init_PWM      (abs)        000
__size_ofi1_Init_System   (abs)        000
__size_ofi1_resetKey      (abs)        000
_adresult                 bssBANK0     02C
_checkFan                 text13       2CA
_checkKeys                text7        256
_checkUsbStatus           text6        14A
_closeFan                 text9        269
_count10Ms                bssBANK0     028
_countTime                bssBANK0     02A
_currentLevel             dataCOMMON   079
_key1                     bssBANK0     02F
_key_driver               text12       108
_lowVTime                 bssCOMMON    076
_main                     maintext     1C2
_readVrefADC              text3        2FC
_resetKey                 text15       28F
_sacnKeyInput             text2        20D
_scanKeys                 text1        2F6
_setFanLevel              text8        189
_time0Flag                bssCOMMON    077
btemp                     (abs)        07E
clear_ram0                clrtext      2E0
end_of_initialization     cinit        017
i1_Init_Config            text21       2EF
i1_Init_GPIO              text26       309
i1_Init_Interupt          text25       308
i1_Init_PWM               text24       307
i1_Init_System            text23       2D6
i1_resetKey               text22       29F
i1resetKey@key            cstackCOMMON 070
interrupt_function        intentry     004
intlevel0                 functab      000
intlevel1                 functab      000
intlevel2                 functab      000
intlevel3                 functab      000
intlevel4                 functab      000
intlevel5                 functab      000
key_driver@key            cstackBANK0  038
key_driver@key_read       cstackBANK0  037
key_driver@key_return     cstackBANK0  036
resetKey@key              cstackCOMMON 074
reset_vec                 reset_vec    000
sacnKeyInput@key          cstackBANK0  036
saved_w                   (abs)        07E
setFanLevel@level         cstackBANK0  03E
setFanLevel@tempLevel     cstackBANK0  03F
stackhi                   (abs)        000
stacklo                   (abs)        000
start                     init         00C
start_initialization      cinit        00D
wtemp0                    (abs)        07E


FUNCTION INFORMATION:

 *************** function _main *****************
 Defined at:
		line 209 in file "E:\project\project0508\scm\n9_fan_no_led\main.c"
 Parameters:    Size  Location     Type
		None
 Auto vars:     Size  Location     Type
		None
 Return value:  Size  Location     Type
                  1    wreg      void 
 Registers used:
		wreg, fsr0l, fsr0h, status,2, status,0, pclath, cstack
 Tracked objects:
		On entry : 
		On exit  : 
		Unchanged: 
 Data sizes:     COMMON   BANK0   BANK1
      Params:         0       0       0
      Locals:         0       0       0
      Temps:          0       1       0
      Totals:         0       1       0
Total ram usage:        1 bytes
 Hardware stack levels required when called:    7
 This function calls:
		_Init_Config
		_Sleep_Mode
		_checkKeys
		_checkUsbStatus
		_readVrefADC
		_scanKeys
 This function is called by:
		Startup code after reset
 This function uses a non-reentrant model


 *************** function _scanKeys *****************
 Defined at:
		line 179 in file "E:\project\project0508\scm\n9_fan_no_led\main.c"
 Parameters:    Size  Location     Type
		None
 Auto vars:     Size  Location     Type
		None
 Return value:  Size  Location     Type
                  1    wreg      void 
 Registers used:
		wreg, fsr0l, fsr0h, status,2, status,0, pclath, cstack
 Tracked objects:
		On entry : 
		On exit  : 
		Unchanged: 
 Data sizes:     COMMON   BANK0   BANK1
      Params:         0       0       0
      Locals:         0       0       0
      Temps:          0       0       0
      Totals:         0       0       0
Total ram usage:        0 bytes
 Hardware stack levels used:    1
 Hardware stack levels required when called:    4
 This function calls:
		_sacnKeyInput
 This function is called by:
		_main
 This function uses a non-reentrant model


 *************** function _sacnKeyInput *****************
 Defined at:
		line 3 in file "E:\project\project0508\scm\n9_fan_no_led\scankey.c"
 Parameters:    Size  Location     Type
  key             1    wreg     PTR struct Keys
		 -> key1(7), 
 Auto vars:     Size  Location     Type
  key             1    0[BANK0 ] PTR struct Keys
		 -> key1(7), 
 Return value:  Size  Location     Type
                  1    wreg      void 
 Registers used:
		wreg, fsr0l, fsr0h, status,2, status,0
 Tracked objects:
		On entry : 
		On exit  : 
		Unchanged: 
 Data sizes:     COMMON   BANK0   BANK1
      Params:         0       0       0
      Locals:         0       1       0
      Temps:          2       0       0
      Totals:         2       1       0
Total ram usage:        3 bytes
 Hardware stack levels used:    1
 Hardware stack levels required when called:    3
 This function calls:
		Nothing
 This function is called by:
		_scanKeys
 This function uses a non-reentrant model


 *************** function _readVrefADC *****************
 Defined at:
		line 90 in file "E:\project\project0508\scm\n9_fan_no_led\adc.c"
 Parameters:    Size  Location     Type
		None
 Auto vars:     Size  Location     Type
		None
 Return value:  Size  Location     Type
                  2  557[None  ] unsigned int 
 Registers used:
		wreg, status,2, status,0, pclath, cstack
 Tracked objects:
		On entry : 
		On exit  : 
		Unchanged: 
 Data sizes:     COMMON   BANK0   BANK1
      Params:         0       0       0
      Locals:         0       0       0
      Temps:          0       0       0
      Totals:         0       0       0
Total ram usage:        0 bytes
 Hardware stack levels used:    1
 Hardware stack levels required when called:    4
 This function calls:
		_ADC_Sample
		_DelayXms
 This function is called by:
		_main
 This function uses a non-reentrant model


 *************** function _DelayXms *****************
 Defined at:
		line 82 in file "E:\project\project0508\scm\n9_fan_no_led\adc.c"
 Parameters:    Size  Location     Type
  x               1    wreg     unsigned char 
 Auto vars:     Size  Location     Type
  x               1    0[BANK0 ] unsigned char 
  j               1    2[BANK0 ] unsigned char 
  i               1    1[BANK0 ] unsigned char 
 Return value:  Size  Location     Type
                  1    wreg      void 
 Registers used:
		wreg, status,2, status,0
 Tracked objects:
		On entry : 
		On exit  : 
		Unchanged: 
 Data sizes:     COMMON   BANK0   BANK1
      Params:         0       0       0
      Locals:         0       3       0
      Temps:          0       0       0
      Totals:         0       3       0
Total ram usage:        3 bytes
 Hardware stack levels used:    1
 Hardware stack levels required when called:    3
 This function calls:
		Nothing
 This function is called by:
		_readVrefADC
 This function uses a non-reentrant model


 *************** function _ADC_Sample *****************
 Defined at:
		line 11 in file "E:\project\project0508\scm\n9_fan_no_led\adc.c"
 Parameters:    Size  Location     Type
  adch            1    wreg     unsigned char 
 Auto vars:     Size  Location     Type
  adch            1    4[BANK0 ] unsigned char 
  ad_temp         2    6[BANK0 ] volatile unsigned int 
  i               1    5[BANK0 ] unsigned char 
 Return value:  Size  Location     Type
                  1    wreg      void 
 Registers used:
		wreg, status,2, status,0
 Tracked objects:
		On entry : 
		On exit  : 
		Unchanged: 
 Data sizes:     COMMON   BANK0   BANK1
      Params:         0       0       0
      Locals:         0       4       0
      Temps:          0       4       0
      Totals:         0       8       0
Total ram usage:        8 bytes
 Hardware stack levels used:    1
 Hardware stack levels required when called:    3
 This function calls:
		Nothing
 This function is called by:
		_readVrefADC
 This function uses a non-reentrant model


 *************** function _checkUsbStatus *****************
 Defined at:
		line 36 in file "E:\project\project0508\scm\n9_fan_no_led\main.c"
 Parameters:    Size  Location     Type
		None
 Auto vars:     Size  Location     Type
		None
 Return value:  Size  Location     Type
                  1    wreg      void 
 Registers used:
		wreg, status,2, status,0, pclath, cstack
 Tracked objects:
		On entry : 
		On exit  : 
		Unchanged: 
 Data sizes:     COMMON   BANK0   BANK1
      Params:         0       0       0
      Locals:         0       0       0
      Temps:          0       2       0
      Totals:         0       2       0
Total ram usage:        2 bytes
 Hardware stack levels used:    1
 Hardware stack levels required when called:    5
 This function calls:
		_closeFan
 This function is called by:
		_main
 This function uses a non-reentrant model


 *************** function _checkKeys *****************
 Defined at:
		line 187 in file "E:\project\project0508\scm\n9_fan_no_led\main.c"
 Parameters:    Size  Location     Type
		None
 Auto vars:     Size  Location     Type
		None
 Return value:  Size  Location     Type
                  1    wreg      void 
 Registers used:
		wreg, fsr0l, fsr0h, status,2, status,0, pclath, cstack
 Tracked objects:
		On entry : 
		On exit  : 
		Unchanged: 
 Data sizes:     COMMON   BANK0   BANK1
      Params:         0       0       0
      Locals:         0       0       0
      Temps:          0       0       0
      Totals:         0       0       0
Total ram usage:        0 bytes
 Hardware stack levels used:    1
 Hardware stack levels required when called:    6
 This function calls:
		_checkFan
		_key_driver
		_setFanLevel
 This function is called by:
		_main
 This function uses a non-reentrant model


 *************** function _setFanLevel *****************
 Defined at:
		line 92 in file "E:\project\project0508\scm\n9_fan_no_led\main.c"
 Parameters:    Size  Location     Type
  level           1    wreg     unsigned char 
 Auto vars:     Size  Location     Type
  level           1    8[BANK0 ] unsigned char 
  levelWidth      2    0        unsigned int 
  tempLevel       1    9[BANK0 ] unsigned char 
 Return value:  Size  Location     Type
                  1    wreg      void 
 Registers used:
		wreg, fsr0l, fsr0h, status,2, status,0, pclath, cstack
 Tracked objects:
		On entry : 
		On exit  : 
		Unchanged: 
 Data sizes:     COMMON   BANK0   BANK1
      Params:         0       0       0
      Locals:         0       2       0
      Temps:          0       0       0
      Totals:         0       2       0
Total ram usage:        2 bytes
 Hardware stack levels used:    1
 Hardware stack levels required when called:    5
 This function calls:
		___awdiv
		_closeFan
 This function is called by:
		_checkKeys
 This function uses a non-reentrant model


 *************** function _closeFan *****************
 Defined at:
		line 129 in file "E:\project\project0508\scm\n9_fan_no_led\main.c"
 Parameters:    Size  Location     Type
		None
 Auto vars:     Size  Location     Type
		None
 Return value:  Size  Location     Type
                  1    wreg      void 
 Registers used:
		wreg, status,2, status,0, pclath, cstack
 Tracked objects:
		On entry : 
		On exit  : 
		Unchanged: 
 Data sizes:     COMMON   BANK0   BANK1
      Params:         0       0       0
      Locals:         0       0       0
      Temps:          1       0       0
      Totals:         1       0       0
Total ram usage:        1 bytes
 Hardware stack levels used:    1
 Hardware stack levels required when called:    4
 This function calls:
		_Init_PWM
		_Sleep_Mode
 This function is called by:
		_checkUsbStatus
		_setFanLevel
 This function uses a non-reentrant model


 *************** function _Sleep_Mode *****************
 Defined at:
		line 266 in file "E:\project\project0508\scm\n9_fan_no_led\main.c"
 Parameters:    Size  Location     Type
		None
 Auto vars:     Size  Location     Type
		None
 Return value:  Size  Location     Type
                  1    wreg      void 
 Registers used:
		wreg, status,2
 Tracked objects:
		On entry : 
		On exit  : 
		Unchanged: 
 Data sizes:     COMMON   BANK0   BANK1
      Params:         0       0       0
      Locals:         0       0       0
      Temps:          0       0       0
      Totals:         0       0       0
Total ram usage:        0 bytes
 Hardware stack levels used:    1
 Hardware stack levels required when called:    3
 This function calls:
		Nothing
 This function is called by:
		_closeFan
		_main
 This function uses a non-reentrant model


 *************** function ___awdiv *****************
 Defined at:
		line 6 in file "E:\cms\SCMCU_IDE_V2.00.07\data\sources\common\awdiv.c"
 Parameters:    Size  Location     Type
  divisor         2    0[BANK0 ] int 
  dividend        2    2[BANK0 ] int 
 Auto vars:     Size  Location     Type
  quotient        2    6[BANK0 ] int 
  sign            1    5[BANK0 ] unsigned char 
  counter         1    4[BANK0 ] unsigned char 
 Return value:  Size  Location     Type
                  2    0[BANK0 ] int 
 Registers used:
		wreg, status,2, status,0
 Tracked objects:
		On entry : 
		On exit  : 
		Unchanged: 
 Data sizes:     COMMON   BANK0   BANK1
      Params:         0       4       0
      Locals:         0       4       0
      Temps:          0       0       0
      Totals:         0       8       0
Total ram usage:        8 bytes
 Hardware stack levels used:    1
 Hardware stack levels required when called:    3
 This function calls:
		Nothing
 This function is called by:
		_setFanLevel
 This function uses a non-reentrant model


 *************** function _key_driver *****************
 Defined at:
		line 9 in file "E:\project\project0508\scm\n9_fan_no_led\scankey.c"
 Parameters:    Size  Location     Type
  key             1    wreg     PTR struct Keys
		 -> key1(7), 
 Auto vars:     Size  Location     Type
  key             1    2[BANK0 ] PTR struct Keys
		 -> key1(7), 
  key_read        1    1[BANK0 ] unsigned char 
  key_return      1    0[BANK0 ] unsigned char 
 Return value:  Size  Location     Type
                  1    wreg      unsigned char 
 Registers used:
		wreg, fsr0l, fsr0h, status,2, status,0
 Tracked objects:
		On entry : 
		On exit  : 
		Unchanged: 
 Data sizes:     COMMON   BANK0   BANK1
      Params:         0       0       0
      Locals:         0       3       0
      Temps:          0       0       0
      Totals:         0       3       0
Total ram usage:        3 bytes
 Hardware stack levels used:    1
 Hardware stack levels required when called:    3
 This function calls:
		Nothing
 This function is called by:
		_checkKeys
 This function uses a non-reentrant model


 *************** function _checkFan *****************
 Defined at:
		line 147 in file "E:\project\project0508\scm\n9_fan_no_led\main.c"
 Parameters:    Size  Location     Type
		None
 Auto vars:     Size  Location     Type
		None
 Return value:  Size  Location     Type
                  1    wreg      void 
 Registers used:
		wreg
 Tracked objects:
		On entry : 
		On exit  : 
		Unchanged: 
 Data sizes:     COMMON   BANK0   BANK1
      Params:         0       0       0
      Locals:         0       0       0
      Temps:          0       0       0
      Totals:         0       0       0
Total ram usage:        0 bytes
 Hardware stack levels used:    1
 Hardware stack levels required when called:    3
 This function calls:
		Nothing
 This function is called by:
		_checkKeys
 This function uses a non-reentrant model


 *************** function _Init_Config *****************
 Defined at:
		line 243 in file "E:\project\project0508\scm\n9_fan_no_led\main.c"
 Parameters:    Size  Location     Type
		None
 Auto vars:     Size  Location     Type
		None
 Return value:  Size  Location     Type
                  1    wreg      void 
 Registers used:
		wreg, fsr0l, fsr0h, status,2, status,0, pclath, cstack
 Tracked objects:
		On entry : 
		On exit  : 
		Unchanged: 
 Data sizes:     COMMON   BANK0   BANK1
      Params:         0       0       0
      Locals:         0       0       0
      Temps:          0       0       0
      Totals:         0       0       0
Total ram usage:        0 bytes
 Hardware stack levels used:    1
 Hardware stack levels required when called:    4
 This function calls:
		_Init_GPIO
		_Init_Interupt
		_Init_PWM
		_Init_System
		_resetKey
 This function is called by:
		_main
 This function uses a non-reentrant model


 *************** function _resetKey *****************
 Defined at:
		line 100 in file "E:\project\project0508\scm\n9_fan_no_led\scankey.c"
 Parameters:    Size  Location     Type
  key             1    wreg     PTR struct Keys
		 -> key1(7), 
 Auto vars:     Size  Location     Type
  key             1    4[COMMON] PTR struct Keys
		 -> key1(7), 
 Return value:  Size  Location     Type
                  1    wreg      void 
 Registers used:
		wreg, fsr0l, fsr0h, status,2, status,0
 Tracked objects:
		On entry : 
		On exit  : 
		Unchanged: 
 Data sizes:     COMMON   BANK0   BANK1
      Params:         0       0       0
      Locals:         1       0       0
      Temps:          0       0       0
      Totals:         1       0       0
Total ram usage:        1 bytes
 Hardware stack levels used:    1
 Hardware stack levels required when called:    3
 This function calls:
		Nothing
 This function is called by:
		_Init_Config
 This function uses a non-reentrant model


 *************** function _Init_System *****************
 Defined at:
		line 3 in file "E:\project\project0508\scm\n9_fan_no_led\init.c"
 Parameters:    Size  Location     Type
		None
 Auto vars:     Size  Location     Type
		None
 Return value:  Size  Location     Type
                  1    wreg      void 
 Registers used:
		wreg, status,2
 Tracked objects:
		On entry : 
		On exit  : 
		Unchanged: 
 Data sizes:     COMMON   BANK0   BANK1
      Params:         0       0       0
      Locals:         0       0       0
      Temps:          0       0       0
      Totals:         0       0       0
Total ram usage:        0 bytes
 Hardware stack levels used:    1
 Hardware stack levels required when called:    3
 This function calls:
		Nothing
 This function is called by:
		_Init_Config
 This function uses a non-reentrant model


 *************** function _Init_PWM *****************
 Defined at:
		line 78 in file "E:\project\project0508\scm\n9_fan_no_led\main.c"
 Parameters:    Size  Location     Type
		None
 Auto vars:     Size  Location     Type
		None
 Return value:  Size  Location     Type
                  1    wreg      void 
 Registers used:
		wreg, status,2
 Tracked objects:
		On entry : 
		On exit  : 
		Unchanged: 
 Data sizes:     COMMON   BANK0   BANK1
      Params:         0       0       0
      Locals:         0       0       0
      Temps:          0       0       0
      Totals:         0       0       0
Total ram usage:        0 bytes
 Hardware stack levels used:    1
 Hardware stack levels required when called:    3
 This function calls:
		Nothing
 This function is called by:
		_closeFan
		_Init_Config
 This function uses a non-reentrant model


 *************** function _Init_Interupt *****************
 Defined at:
		line 27 in file "E:\project\project0508\scm\n9_fan_no_led\init.c"
 Parameters:    Size  Location     Type
		None
 Auto vars:     Size  Location     Type
		None
 Return value:  Size  Location     Type
                  1    wreg      void 
 Registers used:
		wreg, status,2
 Tracked objects:
		On entry : 
		On exit  : 
		Unchanged: 
 Data sizes:     COMMON   BANK0   BANK1
      Params:         0       0       0
      Locals:         0       0       0
      Temps:          0       0       0
      Totals:         0       0       0
Total ram usage:        0 bytes
 Hardware stack levels used:    1
 Hardware stack levels required when called:    3
 This function calls:
		Nothing
 This function is called by:
		_Init_Config
 This function uses a non-reentrant model


 *************** function _Init_GPIO *****************
 Defined at:
		line 13 in file "E:\project\project0508\scm\n9_fan_no_led\init.c"
 Parameters:    Size  Location     Type
		None
 Auto vars:     Size  Location     Type
		None
 Return value:  Size  Location     Type
                  1    wreg      void 
 Registers used:
		wreg, status,2
 Tracked objects:
		On entry : 
		On exit  : 
		Unchanged: 
 Data sizes:     COMMON   BANK0   BANK1
      Params:         0       0       0
      Locals:         0       0       0
      Temps:          0       0       0
      Totals:         0       0       0
Total ram usage:        0 bytes
 Hardware stack levels used:    1
 Hardware stack levels required when called:    3
 This function calls:
		Nothing
 This function is called by:
		_Init_Config
 This function uses a non-reentrant model


 *************** function _Timer0_Isr *****************
 Defined at:
		line 310 in file "E:\project\project0508\scm\n9_fan_no_led\main.c"
 Parameters:    Size  Location     Type
		None
 Auto vars:     Size  Location     Type
		None
 Return value:  Size  Location     Type
                  1    wreg      void 
 Registers used:
		wreg, fsr0l, fsr0h, status,2, status,0, pclath, cstack
 Tracked objects:
		On entry : 
		On exit  : 
		Unchanged: 
 Data sizes:     COMMON   BANK0   BANK1
      Params:         0       0       0
      Locals:         0       0       0
      Temps:          3       0       0
      Totals:         3       0       0
Total ram usage:        3 bytes
 Hardware stack levels used:    1
 Hardware stack levels required when called:    2
 This function calls:
		i1_Init_Config
 This function is called by:
		Interrupt level 1
 This function uses a non-reentrant model


 *************** function i1_Init_Config *****************
 Defined at:
		line 243 in file "E:\project\project0508\scm\n9_fan_no_led\main.c"
 Parameters:    Size  Location     Type
		None
 Auto vars:     Size  Location     Type
		None
 Return value:  Size  Location     Type
                  1    wreg      void 
 Registers used:
		wreg, fsr0l, fsr0h, status,2, status,0, pclath, cstack
 Tracked objects:
		On entry : 
		On exit  : 
		Unchanged: 
 Data sizes:     COMMON   BANK0   BANK1
      Params:         0       0       0
      Locals:         0       0       0
      Temps:          0       0       0
      Totals:         0       0       0
Total ram usage:        0 bytes
 Hardware stack levels used:    1
 Hardware stack levels required when called:    1
 This function calls:
		i1_Init_GPIO
		i1_Init_Interupt
		i1_Init_PWM
		i1_Init_System
		i1_resetKey
 This function is called by:
		_Timer0_Isr
 This function uses a non-reentrant model


 *************** function i1_resetKey *****************
 Defined at:
		line 100 in file "E:\project\project0508\scm\n9_fan_no_led\scankey.c"
 Parameters:    Size  Location     Type
  key             1    wreg     PTR struct Keys
		 -> key1(7), 
 Auto vars:     Size  Location     Type
  key             1    0[COMMON] PTR struct Keys
		 -> key1(7), 
 Return value:  Size  Location     Type
                  1    wreg      void 
 Registers used:
		wreg, fsr0l, fsr0h, status,2, status,0
 Tracked objects:
		On entry : 
		On exit  : 
		Unchanged: 
 Data sizes:     COMMON   BANK0   BANK1
      Params:         0       0       0
      Locals:         1       0       0
      Temps:          0       0       0
      Totals:         1       0       0
Total ram usage:        1 bytes
 Hardware stack levels used:    1
 This function calls:
		Nothing
 This function is called by:
		i1_Init_Config
 This function uses a non-reentrant model


 *************** function i1_Init_System *****************
 Defined at:
		line 3 in file "E:\project\project0508\scm\n9_fan_no_led\init.c"
 Parameters:    Size  Location     Type
		None
 Auto vars:     Size  Location     Type
		None
 Return value:  Size  Location     Type
                  1    wreg      void 
 Registers used:
		wreg, status,2
 Tracked objects:
		On entry : 
		On exit  : 
		Unchanged: 
 Data sizes:     COMMON   BANK0   BANK1
      Params:         0       0       0
      Locals:         0       0       0
      Temps:          0       0       0
      Totals:         0       0       0
Total ram usage:        0 bytes
 Hardware stack levels used:    1
 This function calls:
		Nothing
 This function is called by:
		i1_Init_Config
 This function uses a non-reentrant model


 *************** function i1_Init_PWM *****************
 Defined at:
		line 78 in file "E:\project\project0508\scm\n9_fan_no_led\main.c"
 Parameters:    Size  Location     Type
		None
 Auto vars:     Size  Location     Type
		None
 Return value:  Size  Location     Type
                  1    wreg      void 
 Registers used:
		wreg, status,2
 Tracked objects:
		On entry : 
		On exit  : 
		Unchanged: 
 Data sizes:     COMMON   BANK0   BANK1
      Params:         0       0       0
      Locals:         0       0       0
      Temps:          0       0       0
      Totals:         0       0       0
Total ram usage:        0 bytes
 Hardware stack levels used:    1
 This function calls:
		Nothing
 This function is called by:
		i1_Init_Config
 This function uses a non-reentrant model


 *************** function i1_Init_Interupt *****************
 Defined at:
		line 27 in file "E:\project\project0508\scm\n9_fan_no_led\init.c"
 Parameters:    Size  Location     Type
		None
 Auto vars:     Size  Location     Type
		None
 Return value:  Size  Location     Type
                  1    wreg      void 
 Registers used:
		wreg, status,2
 Tracked objects:
		On entry : 
		On exit  : 
		Unchanged: 
 Data sizes:     COMMON   BANK0   BANK1
      Params:         0       0       0
      Locals:         0       0       0
      Temps:          0       0       0
      Totals:         0       0       0
Total ram usage:        0 bytes
 Hardware stack levels used:    1
 This function calls:
		Nothing
 This function is called by:
		i1_Init_Config
 This function uses a non-reentrant model


 *************** function i1_Init_GPIO *****************
 Defined at:
		line 13 in file "E:\project\project0508\scm\n9_fan_no_led\init.c"
 Parameters:    Size  Location     Type
		None
 Auto vars:     Size  Location     Type
		None
 Return value:  Size  Location     Type
                  1    wreg      void 
 Registers used:
		wreg, status,2
 Tracked objects:
		On entry : 
		On exit  : 
		Unchanged: 
 Data sizes:     COMMON   BANK0   BANK1
      Params:         0       0       0
      Locals:         0       0       0
      Temps:          0       0       0
      Totals:         0       0       0
Total ram usage:        0 bytes
 Hardware stack levels used:    1
 This function calls:
		Nothing
 This function is called by:
		i1_Init_Config
 This function uses a non-reentrant model



MODULE INFORMATION

Module		Function		Class		Link	Load	Size
E:\project\project0508\scm\n9_fan_no_led\init.c
		_Init_GPIO     		CODE           	027C	0000	2
		_Init_System   		CODE           	0304	0000	4
		_Init_Interupt 		CODE           	02E8	0000	2

E:\project\project0508\scm\n9_fan_no_led\init.c estimated size: 8

E:\project\project0508\scm\n9_fan_no_led\main.c
		_Timer0_Isr    		CODE           	0240	0000	23
		_Sleep_Mode    		CODE           	01ED	0000	33
		_checkUsbStatus		CODE           	014A	0000	64
		_main          		CODE           	01C2	0000	44
		_closeFan      		CODE           	0269	0000	20
		_setFanLevel   		CODE           	0189	0000	58
		_Init_PWM      		CODE           	02AF	0000	2
		_checkFan      		CODE           	02CA	0000	13
		_Init_Config   		CODE           	022A	0000	8
		_checkKeys     		CODE           	0256	0000	20
		_scanKeys      		CODE           	02F6	0000	7

E:\project\project0508\scm\n9_fan_no_led\main.c estimated size: 292

shared
		PL12           		CODE           	02E9	0000	7
		PL8            		CODE           	0231	0000	10
		PL14           		CODE           	023A	0000	7
		PL16           		CODE           	00BE	0000	6
		i1_Init_Interupt		CODE           	0308	0000	2
		__initialization		CODE           	000D	0000	11
		i1_Init_PWM    		CODE           	0307	0000	2
		i1_resetKey    		CODE           	029F	0000	17
		i1_Init_GPIO   		CODE           	0309	0000	2
		i1_Init_Config 		CODE           	02EF	0000	8
		i1_Init_System 		CODE           	02D6	0000	4
		PL2            		CODE           	027D	0000	19
		PL10           		CODE           	02D9	0000	8
		PL4            		CODE           	00AF	0000	16
		PL6            		CODE           	02B0	0000	14

shared estimated size: 133

E:\project\project0508\scm\n9_fan_no_led\scankey.c
		_sacnKeyInput  		CODE           	020D	0000	30
		_resetKey      		CODE           	028F	0000	17
		_key_driver    		CODE           	0108	0000	67

E:\project\project0508\scm\n9_fan_no_led\scankey.c estimated size: 114

E:\project\project0508\scm\n9_fan_no_led\adc.c
		_DelayXms      		CODE           	02BD	0000	14
		_readVrefADC   		CODE           	02FC	0000	5
		_ADC_Sample    		CODE           	0019	0000	151

E:\project\project0508\scm\n9_fan_no_led\adc.c estimated size: 170

E:\cms\SCMCU_IDE_V2.00.07\data\sources\common\awdiv.c
		___awdiv       		CODE           	00C3	0000	70

E:\cms\SCMCU_IDE_V2.00.07\data\sources\common\awdiv.c estimated size: 70

