Microchip MPLAB XC8 Compiler V1.45 ()

Linker command line:

-W-9 \
  --edf=C:\mcuproject\scm\SCMCU_IDE_V2.00.16_Beta5\SCMCU_IDE_V2.00.16_Beta5\data\dat\en_msgs.txt \
  -cs -h+D108_8F083_tssop20_.sym --cmf=D108_8F083_tssop20_.cmf -z -QSC8F083 \
  -oC:\Users\hhmm6\AppData\Local\Temp\sotc.2 -MD108_8F083_tssop20_.map -E1 \
  -ver=XC8 -ASTACK=0120h-016fh -pstack=STACK -ACODE=00h-07FFhx2 \
  -ASTRCODE=00h-0FFFh -ASTRING=00h-0FFhx16 -ACONST=00h-0FFhx16 \
  -AENTRY=00h-0FFhx16 -ACOMMON=070h-07Fh -ABANK0=020h-06Fh \
  -ABANK1=0A0h-0EFh -ABANK2=0120h-016Fh \
  -ARAM=020h-06Fh,0A0h-0EFh,0120h-016Fh \
  -AABS1=020h-07Fh,0A0h-0EFh,0120h-016Fh -ASFR0=00h-01Fh -ASFR1=080h-09Fh \
  -ASFR2=0100h-011Fh -ASFR3=0180h-01EFh \
  -preset_vec=00h,intentry=04h,init,end_init -ppowerup=CODE -pcinit=CODE \
  -pfunctab=ENTRY -ACONFIG=02007h-02008h -pconfig=CONFIG -DCONFIG=2 \
  -AIDLOC=02000h-02003h -pidloc=IDLOC -DIDLOC=2 -DCODE=2 -DSTRCODE=2 \
  -DSTRING=2 -DCONST=2 -DENTRY=2 -k startup.obj D108_8F083_tssop20_.obj 

Object code version is 3.11

Machine type is SC8F083



                Name                               Link     Load   Length Selector   Space Scale
startup.obj     end_init                              B        B        2        8       0
                reset_vec                             0        0        2        0       0
D108_8F083_tssop20_.obj
                cinit                                 D        D       18        8       0
                intentry                              4        4        7        8       0
                text35                              E07      E07       1B     1C0E       0
                text22                               25       25      3DA        8       0
                text21                              EA1      EA1       9D     1D42       0
                text17                              7D7      7D7       1E        8       0
                swtext2                             827      827       10     102E       0
                swtext1                             817      817       10     102E       0
                text12                              F3E      F3E       C2     1E7C       0
                text2                               E22      E22       3D     1C44       0
                text1                               3FF      3FF      3D8        8       0
                maintext                            E5F      E5F       42     1CBE       0
                cstackBANK0                          49       49       22       20       1
                cstackCOMMON                         70       70        8       70       1
                cstackBANK1                          CB       CB        4       A0       1
                clrtext                             7F5      7F5        8        8       0
                bssBANK1                             A0       A0       2B       A0       1
                dataBANK0                            6B       6B        3       20       1
                bssBANK0                             20       20       29       20       1
                bssCOMMON                            79       79        3       70       1
                bitbssCOMMON                        3C0       78        7       70       1     8
                nvBANK1                              CF       CF        1       A0       1
                nvBANK0                              6E       6E        1       20       1
                strings                             800      800       17     1000       0

TOTAL           Name                               Link     Load   Length     Space
        CLASS   STACK          

        CLASS   CODE           
                end_init                              B        B        2         0
                cinit                                 D        D       18         0
                intentry                              4        4        7         0
                reset_vec                             0        0        2         0
                text35                              E07      E07       1B         0
                text22                               25       25      3DA         0
                text21                              EA1      EA1       9D         0
                text17                              7D7      7D7       1E         0
                text12                              F3E      F3E       C2         0
                text2                               E22      E22       3D         0
                text1                               3FF      3FF      3D8         0
                maintext                            E5F      E5F       42         0
                clrtext                             7F5      7F5        8         0

        CLASS   STRCODE        

        CLASS   STRING         
                strings                             800      800       17         0

        CLASS   CONST          
                swtext2                             827      827       10         0
                swtext1                             817      817       10         0

        CLASS   ENTRY          

        CLASS   COMMON         
                cstackCOMMON                         70       70        8         1
                bssCOMMON                            79       79        3         1
                bitbssCOMMON                        3C0       78        7         1

        CLASS   BANK0          
                cstackBANK0                          49       49       22         1
                dataBANK0                            6B       6B        3         1
                bssBANK0                             20       20       29         1
                nvBANK0                              6E       6E        1         1

        CLASS   BANK1          
                cstackBANK1                          CB       CB        4         1
                bssBANK1                             A0       A0       2B         1
                nvBANK1                              CF       CF        1         1

        CLASS   BANK2          

        CLASS   RAM            

        CLASS   ABS1           
                abs_s1                               7E       7E        2         1

        CLASS   SFR0           

        CLASS   SFR1           

        CLASS   SFR2           

        CLASS   SFR3           

        CLASS   CONFIG         

        CLASS   IDLOC          

        CLASS   BANK3          

        CLASS   EEDATA         



SEGMENTS        Name                           Load    Length   Top    Selector   Space  Class     Delta

                reset_vec                      000000  000002  000002         0       0  CODE        2
                intentry                       000004  0007F9  0007FD         8       0  CODE        2
                bssBANK0                       000020  00004F  00006F        20       1  BANK0       1
                cstackCOMMON                   000070  00000C  00007C        70       1  COMMON      1
                bssBANK1                       0000A0  000030  0000D0        A0       1  BANK1       1
                strings                        000800  000017  000817      1000       0  STRING      2
                swtext1                        000817  000020  000837      102E       0  CONST       2
                text35                         000E07  00001B  000E22      1C0E       0  CODE        2
                text2                          000E22  00003D  000E5F      1C44       0  CODE        2
                maintext                       000E5F  000042  000EA1      1CBE       0  CODE        2
                text21                         000EA1  00009D  000F3E      1D42       0  CODE        2
                text12                         000F3E  0000C2  001000      1E7C       0  CODE        2


UNUSED ADDRESS RANGES

        Name                Unused          Largest block    Delta
        BANK0            006F-006F              1           1
        BANK1            00D0-00EF             20           1
        BANK2            0120-016F             50           1
        CODE             0002-0003              2           2
                         07FD-07FF              3
                         0837-0E06            5D0
        COMMON           007C-007D              2           1
        CONFIG           2007-2008              2           2
        CONST            0002-0003              2           2
                         07FD-07FF              3
                         0837-0E06            100
        ENTRY            0002-0003              2           2
                         07FD-07FF              3
                         0837-0E06            100
        IDLOC            2000-2003              4           2
        RAM              006F-006F              1           1
                         00D0-00EF             20
                         0120-016F             50
        SFR0             0000-001F             20           1
        SFR1             0080-009F             20           1
        SFR2             0100-011F             20           1
        SFR3             0180-01EF             70           1
        STACK            0120-016F             50           1
        STRCODE          0002-0003              2           2
                         07FD-07FF              3
                         0837-0E06            5D0
        STRING           0002-0003              2           2
                         07FD-07FF              3
                         0837-0E06            100

                                  Symbol Table

?___ftdiv                  cstackBANK0  004F
?___ftpack                 cstackCOMMON 0072
?___fttol                  cstackBANK0  005E
?___lmul                   cstackBANK0  0049
?___lwmod                  cstackCOMMON 0072
?___lwtoft                 cstackBANK0  004C
ADC_Sample@ad_temp         cstackBANK0  0054
ADC_Sample@adch            cstackBANK0  004A
ADC_Sample@adldo           cstackCOMMON 0072
ADC_Sample@admax           cstackBANK0  0052
ADC_Sample@admin           cstackBANK0  0050
ADC_Sample@adsum           cstackBANK0  004C
ADC_Sample@i               cstackBANK0  004B
ADC_Sample@j               cstackBANK0  0049
CheckKeyOldValue@78        cstackBANK0  004D
CheckKeyOldValue@79        cstackBANK0  0049
CheckKeyOldValue@80        cstackBANK0  004B
CheckKeyOldValue@F77       bssBANK0     0030
CheckOnceResult@68         cstackBANK0  0055
CheckOnceResult@69         cstackBANK0  0052
CheckOnceResult@70         cstackBANK0  004F
CheckOnceResult@71         cstackBANK0  0053
CheckOnceResult@72         cstackBANK0  0050
CheckOnceResult@73         cstackBANK0  004D
CheckValidTime@F87         bssBANK1     00C1
ClearResSum@56             cstackCOMMON 0072
GetTouchKeyValue@62        cstackCOMMON 0077
GetTouchKeyValue@63        cstackCOMMON 0075
GetTouchKeyValue@64        cstackCOMMON 0073
KeyClearIn@51              cstackCOMMON 0074
KeyClearOne@49             cstackCOMMON 0072
KeyHave@58                 cstackCOMMON 0074
KeyHave@59                 cstackCOMMON 0072
KeyIsIn@45                 cstackCOMMON 0073
KeyIsIn@46                 cstackCOMMON 0072
KeyServer@KeyOldFlag       bssBANK0     0034
KeyStopClear@53            cstackCOMMON 0073
PL10                       text22       03BE
PL12                       text22       03C9
PL14                       text22       03D4
PL16                       text1        07B9
PL18                       text22       03DB
PL2                        text22       0397
PL20                       text12       0FEA
PL22                       text22       03E3
PL24                       text22       03E9
PL26                       text1        07C2
PL28                       text12       0FF0
PL30                       text12       0FF5
PL32                       text22       03EF
PL34                       text12       0FFA
PL36                       text1        07C9
PL38                       text21       0F39
PL4                        text22       03A5
PL40                       text1        07CE
PL42                       text1        07D3
PL44                       text22       03F5
PL46                       text22       03FA
PL6                        text1        07AA
PL8                        text22       03B7
SystemEnterSleep@91        cstackBANK0  0051
SystemEnterSleep@92        cstackBANK0  004F
SystemEnterSleep@93        cstackBANK0  004D
SystemEnterSleep@94        cstackBANK0  004B
TurnKeyFlags@F83           bssBANK0     002F
TurnKeyFlags@F84           bssBANK0     002E
WorkSleep@time             bssBANK0     0033
_ADCON0                    (abs)        0095
_ADCON1                    (abs)        0096
_ADC_Sample                text1        0587
_ADON                      (abs)        04A8
_ADRESH                    (abs)        0099
_ADRESL                    (abs)        0098
_B_MainLoop                bitbssCOMMON 03C6
_B_OnOff                   bitbssCOMMON 03C5
_CHS4                      (abs)        04B6
_CheckKeyOldValue          text22       02B6
_CheckOnceResult           text22       019D
_CheckTouchKey             text22       0071
_CheckValidTime            text22       0363
_ClearResSum               text22       018E
_GODONE                    (abs)        04A9
_GetTouchKeyValue          text22       012E
_INTCON                    (abs)        000B
_INTF                      (abs)        0059
_IOCB5                     (abs)        004D
_Init_System               text22       0025
_Isr_Timer                 text35       0E07
_KEYCON0                   (abs)        0111
_KEYCON1                   (abs)        0112
_KEYCON2                   (abs)        0113
_KEYDATAH                  (abs)        0117
_KEYDATAL                  (abs)        0116
_KeyClearIn                text22       0379
_KeyClearOne               text22       0293
_KeyCounter                bssBANK0     0032
_KeyData                   bssBANK0     0020
_KeyFlag                   bssCOMMON    0079
_KeyHave                   text22       02A8
_KeyIsIn                   text22       0283
_KeyMaxSub                 bssBANK0     0031
_KeyOldData                bssBANK0     0022
_KeyOldValue0              bssBANK1     00B2
_KeyOldValue1              bssBANK1     00AC
_KeyOldValue2              bssBANK1     00A6
_KeyReference              bssBANK1     00A0
_KeyResSum                 bssBANK1     00B8
_KeyServer                 text21       0EA1
_KeyStopClear              text22       031E
_KeyUpShake                bssBANK1     00BE
_LDO_EN                    (abs)        04B2
_MainTime                  bssBANK0     0046
_OPTION_REG                (abs)        0001
_OSCCON                    (abs)        0014
_PIE1                      (abs)        000E
_PIE2                      (abs)        0110
_PIR1                      (abs)        000D
_PIR2                      (abs)        010F
_PORTA                     (abs)        0086
_PORTB                     (abs)        0006
_PORTC                     (abs)        0106
_PR2                       (abs)        0011
_PWMCON0                   (abs)        0015
_PWMCON1                   (abs)        0016
_PWMCON2                   (abs)        001D
_PWMD23H                   (abs)        009E
_PWMD3L                    (abs)        009C
_PWMD4L                    (abs)        001B
_PWMT4L                    (abs)        001C
_PWMTH                     (abs)        0018
_PWMTL                     (abs)        0017
_RA5                       (abs)        0435
_RA6                       (abs)        0436
_RA7                       (abs)        0437
_RAIF                      (abs)        006B
_RB6                       (abs)        0036
_RB7                       (abs)        0037
_RBIE                      (abs)        005B
_RBIF                      (abs)        0058
_Refurbish_Sfr             text22       0389
_SystemEnterSleep          text22       009E
_T2CON                     (abs)        0013
_TMR0                      (abs)        0081
_TMR2IF                    (abs)        0069
_TRISA                     (abs)        0085
_TRISB                     (abs)        0005
_TRISB5                    (abs)        002D
_TRISB6                    (abs)        002E
_TRISC                     (abs)        0105
_Table_KeyCap              strings      0811
_Table_KeyChannel          strings      0814
_Table_KeyDown             strings      080E
_Table_KeyFalg             strings      0806
_TurnKeyFlags              text22       0332
_WPUB                      (abs)        0008
_WorkSleep                 text22       0043
__Habs1                    abs1         0000
__Hbank0                   bank0        0000
__Hbank1                   bank1        0000
__Hbank2                   bank2        0000
__Hbank3                   bank3        0000
__HbitbssCOMMON            bitbssCOMMON 0000
__HbssBANK0                bssBANK0     0000
__HbssBANK1                bssBANK1     0000
__HbssCOMMON               bssCOMMON    0000
__Hcinit                   cinit        0025
__Hclrtext                 clrtext      0000
__Hcode                    code         0000
__Hcommon                  common       0000
__Hconfig                  config       0000
__HcstackBANK0             cstackBANK0  0000
__HcstackBANK1             cstackBANK1  0000
__HcstackCOMMON            cstackCOMMON 0000
__HdataBANK0               dataBANK0    0000
__Heeprom_data             eeprom_data  0000
__Hend_init                end_init     000D
__Hfunctab                 functab      0000
__HidataBANK0              idataBANK0   0000
__Hidloc                   idloc        0000
__Hinit                    init         000B
__Hintentry                intentry     000B
__Hmaintext                maintext     0000
__HnvBANK0                 nvBANK0      0000
__HnvBANK1                 nvBANK1      0000
__Hpa_nodes0               pa_nodes0    0000
__Hpowerup                 powerup      0000
__Hram                     ram          0000
__Hreset_vec               reset_vec    0002
__Hsfr0                    sfr0         0000
__Hsfr1                    sfr1         0000
__Hsfr2                    sfr2         0000
__Hsfr3                    sfr3         0000
__Hspace_0                 (abs)        1000
__Hspace_1                 (abs)        03C7
__Hspace_2                 (abs)        0000
__Hspace_3                 (abs)        0000
__Hstack                   stack        0000
__Hstrings                 strings      0000
__Htext                    text         0000
__Labs1                    abs1         0000
__Lbank0                   bank0        0000
__Lbank1                   bank1        0000
__Lbank2                   bank2        0000
__Lbank3                   bank3        0000
__LbitbssCOMMON            bitbssCOMMON 0000
__LbssBANK0                bssBANK0     0000
__LbssBANK1                bssBANK1     0000
__LbssCOMMON               bssCOMMON    0000
__Lcinit                   cinit        000D
__Lclrtext                 clrtext      0000
__Lcode                    code         0000
__Lcommon                  common       0000
__Lconfig                  config       0000
__LcstackBANK0             cstackBANK0  0000
__LcstackBANK1             cstackBANK1  0000
__LcstackCOMMON            cstackCOMMON 0000
__LdataBANK0               dataBANK0    0000
__Leeprom_data             eeprom_data  0000
__Lend_init                end_init     000B
__Lfunctab                 functab      0000
__LidataBANK0              idataBANK0   0000
__Lidloc                   idloc        0000
__Linit                    init         000B
__Lintentry                intentry     0004
__Lmaintext                maintext     0000
__LnvBANK0                 nvBANK0      0000
__LnvBANK1                 nvBANK1      0000
__Lpa_nodes0               pa_nodes0    0000
__Lpowerup                 powerup      0000
__Lram                     ram          0000
__Lreset_vec               reset_vec    0000
__Lsfr0                    sfr0         0000
__Lsfr1                    sfr1         0000
__Lsfr2                    sfr2         0000
__Lsfr3                    sfr3         0000
__Lspace_0                 (abs)        0000
__Lspace_1                 (abs)        0000
__Lspace_2                 (abs)        0000
__Lspace_3                 (abs)        0000
__Lstack                   stack        0000
__Lstrings                 strings      0000
__Ltext                    text         0000
__S0                       (abs)        1000
__S1                       (abs)        00D0
__S2                       (abs)        0000
___ftdiv                   text1        047E
___ftdiv@cntr              cstackBANK0  0058
___ftdiv@exp               cstackBANK0  005C
___ftdiv@f1                cstackBANK0  0052
___ftdiv@f2                cstackBANK0  004F
___ftdiv@f3                cstackBANK0  0059
___ftdiv@sign              cstackBANK0  005D
___ftpack                  text1        0549
___ftpack@arg              cstackCOMMON 0072
___ftpack@exp              cstackCOMMON 0075
___ftpack@sign             cstackCOMMON 0076
___fttol                   text1        04E0
___fttol@exp1              cstackBANK0  006A
___fttol@f1                cstackBANK0  005E
___fttol@lval              cstackBANK0  0066
___fttol@sign1             cstackBANK0  0065
___int_sp                  stack        0000
___latbits                 (abs)        0001
___lmul                    text1        06CD
___lmul@multiplicand       cstackBANK0  004D
___lmul@multiplier         cstackBANK0  0049
___lmul@product            cstackCOMMON 0072
___lwmod                   text1        0775
___lwmod@counter           cstackCOMMON 0076
___lwmod@dividend          cstackCOMMON 0074
___lwmod@divisor           cstackCOMMON 0072
___lwtoft                  text1        0539
___lwtoft@c                cstackBANK0  004C
___sp                      stack        0000
__end_ofPL10               text22       03C9
__end_ofPL12               text22       03D4
__end_ofPL14               text22       03DB
__end_ofPL16               text1        07C2
__end_ofPL18               text22       03E3
__end_ofPL2                text22       03A5
__end_ofPL20               text12       0FF0
__end_ofPL22               text22       03E9
__end_ofPL24               text22       03EF
__end_ofPL26               text1        07C9
__end_ofPL28               text12       0FF5
__end_ofPL30               text12       0FFA
__end_ofPL32               text22       03F5
__end_ofPL34               text12       1000
__end_ofPL36               text1        07CE
__end_ofPL38               text21       0F3E
__end_ofPL4                text22       03B7
__end_ofPL40               text1        07D3
__end_ofPL42               text1        07D7
__end_ofPL44               text22       03FA
__end_ofPL46               text22       03FF
__end_ofPL6                text1        07B9
__end_ofPL8                text22       03BE
__end_of_ADC_Sample        text1        0658
__end_of_CheckKeyOldValue  text22       031E
__end_of_CheckOnceResult   text22       0283
__end_of_CheckTouchKey     text22       009E
__end_of_CheckValidTime    text22       0379
__end_of_ClearResSum       text22       019D
__end_of_GetTouchKeyValue  text22       018E
__end_of_Init_System       text22       0043
__end_of_Isr_Timer         text35       0E22
__end_of_KeyClearIn        text22       0389
__end_of_KeyClearOne       text22       02A8
__end_of_KeyHave           text22       02B6
__end_of_KeyIsIn           text22       0293
__end_of_KeyServer         text21       0F39
__end_of_KeyStopClear      text22       0332
__end_of_Refurbish_Sfr     text22       0397
__end_of_SystemEnterSleep  text22       012E
__end_of_Table_KeyCap      strings      0814
__end_of_Table_KeyChannel  strings      0817
__end_of_Table_KeyDown     strings      0811
__end_of_Table_KeyFalg     strings      080E
__end_of_TurnKeyFlags      text22       0363
__end_of_WorkSleep         text22       0071
__end_of___ftdiv           text1        04E0
__end_of___ftpack          text1        0587
__end_of___fttol           text1        0539
__end_of___lmul            text1        0700
__end_of___lwmod           text1        0799
__end_of___lwtoft          text1        0549
__end_of__initialization   cinit        0022
__end_of__stringtab        strings      0806
__end_of_bujinCtr          text12       0FEA
__end_of_chrgCtr           text17       07F5
__end_of_fanCtr            text1        06CD
__end_of_fanInit           text1        07A4
__end_of_fanStop           text1        07AA
__end_of_keyLedCtr         text1        0775
__end_of_main              maintext     0EA1
__end_of_pwmInit           text2        0E58
__end_of_pwmStop           text2        0E5F
__end_of_workCtr           text1        047E
__end_of_wuhuaCtr          text2        0E4A
__initialization           cinit        000D
__pbitbssCOMMON            bitbssCOMMON 03C0
__pbssBANK0                bssBANK0     0020
__pbssBANK1                bssBANK1     00A0
__pbssCOMMON               bssCOMMON    0079
__pcstackBANK0             cstackBANK0  0049
__pcstackBANK1             cstackBANK1  00CB
__pcstackCOMMON            cstackCOMMON 0070
__pdataBANK0               dataBANK0    006B
__pidataBANK0              idataBANK0   0000
__pintentry                intentry     0004
__pmaintext                maintext     0E5F
__pnvBANK0                 nvBANK0      006E
__pnvBANK1                 nvBANK1      00CF
__pstrings                 strings      0800
__pswtext1                 swtext1      0817
__pswtext2                 swtext2      0827
__ptext1                   text1        03FF
__ptext10                  text1        06CD
__ptext11                  text1        0587
__ptext12                  text12       0F3E
__ptext13                  text1        0539
__ptext14                  text1        04E0
__ptext15                  text1        047E
__ptext16                  text1        0549
__ptext17                  text17       07D7
__ptext18                  text22       0043
__ptext19                  text22       009E
__ptext2                   text2        0E22
__ptext20                  text22       0389
__ptext21                  text21       0EA1
__ptext22                  text22       0025
__ptext23                  text22       0071
__ptext24                  text22       0332
__ptext25                  text22       0379
__ptext26                  text22       031E
__ptext27                  text22       012E
__ptext28                  text22       018E
__ptext29                  text22       0363
__ptext3                   text2        0E58
__ptext30                  text22       019D
__ptext31                  text22       02A8
__ptext32                  text22       0293
__ptext33                  text22       02B6
__ptext34                  text22       0283
__ptext35                  text35       0E07
__ptext4                   text2        0E4A
__ptext5                   text1        0700
__ptext6                   text1        0775
__ptext7                   text1        0658
__ptext8                   text1        07A4
__ptext9                   text1        0799
__size_of_ADC_Sample       (abs)        0000
__size_of_CheckKeyOldValue (abs)        0000
__size_of_CheckOnceResult  (abs)        0000
__size_of_CheckTouchKey    (abs)        0000
__size_of_CheckValidTime   (abs)        0000
__size_of_ClearResSum      (abs)        0000
__size_of_GetTouchKeyValue (abs)        0000
__size_of_Init_System      (abs)        0000
__size_of_Isr_Timer        (abs)        0000
__size_of_KeyClearIn       (abs)        0000
__size_of_KeyClearOne      (abs)        0000
__size_of_KeyHave          (abs)        0000
__size_of_KeyIsIn          (abs)        0000
__size_of_KeyServer        (abs)        0000
__size_of_KeyStopClear     (abs)        0000
__size_of_Refurbish_Sfr    (abs)        0000
__size_of_SystemEnterSleep (abs)        0000
__size_of_TurnKeyFlags     (abs)        0000
__size_of_WorkSleep        (abs)        0000
__size_of___ftdiv          (abs)        0000
__size_of___ftpack         (abs)        0000
__size_of___fttol          (abs)        0000
__size_of___lmul           (abs)        0000
__size_of___lwmod          (abs)        0000
__size_of___lwtoft         (abs)        0000
__size_of_bujinCtr         (abs)        0000
__size_of_chrgCtr          (abs)        0000
__size_of_fanCtr           (abs)        0000
__size_of_fanInit          (abs)        0000
__size_of_fanStop          (abs)        0000
__size_of_keyLedCtr        (abs)        0000
__size_of_main             (abs)        0000
__size_of_pwmInit          (abs)        0000
__size_of_pwmStop          (abs)        0000
__size_of_workCtr          (abs)        0000
__size_of_wuhuaCtr         (abs)        0000
__stringbase               strings      0805
__stringtab                strings      0800
_adresult                  bssBANK0     0047
_b_kclr                    bitbssCOMMON 03C2
_b_kerr                    bitbssCOMMON 03C1
_b_kover                   bitbssCOMMON 03C4
_b_kover1                  bitbssCOMMON 03C3
_b_ksleep                  bitbssCOMMON 03C0
_bujinCtr                  text12       0F3E
_bujinFlag                 bssBANK0     003B
_bujinStartFlag            bssBANK0     0036
_chrgCtr                   text17       07D7
_chrgFlag                  bssBANK0     0040
_chrgFullFlag              bssBANK0     003F
_chrgFullTime              bssBANK0     003E
_closeTime                 bssBANK0     0038
_count10s                  bssBANK0     0042
_count1s                   bssBANK0     0045
_fanCtr                    text1        0658
_fanDuty                   bssBANK0     0043
_fanInit                   text1        0799
_fanOverTime               bssBANK0     0041
_fanStop                   text1        07A4
_fanValue                  bssBANK1     00C9
_firstLock                 nvBANK0      006E
_firstTime                 nvBANK1      00CF
_keyCount                  bssBANK1     00C5
_keyLedCtr                 text1        0700
_longKeyFlag               bssBANK0     0039
_lowBatLock                bssBANK0     003D
_lowBatTime                bssBANK1     00C7
_lowFanTime                bssBANK0     003C
_main                      maintext     0E5F
_maxMotorStep              dataBANK0    006B
_motorStep                 bssBANK0     0026
_motorStopFlag             bssBANK0     0037
_powerFlag                 bssBANK0     003A
_power_ad                  bssBANK0     0024
_pwmInit                   text2        0E4A
_pwmStop                   text2        0E58
_result                    bssBANK1     00C3
_shanshuoTime              bssBANK0     002C
_shanshuoTime2             bssBANK0     002A
_shanshuoTime3             bssBANK0     0028
_test_adc                  bssBANK0     0035
_workCtr                   text1        03FF
_workStep                  bssCOMMON    007B
_wuhuaCtr                  text2        0E22
_wuhuaFlag                 bssBANK0     0044
_zeroFlag                  dataBANK0    006D
btemp                      (abs)        007E
bujinCtr@tempStep          cstackCOMMON 0076
clear_ram0                 clrtext      07F5
end_of_initialization      cinit        0022
fanCtr@fan_temp            cstackBANK0  0057
fanCtr@maxFanValue         cstackBANK0  0056
interrupt_function         intentry     0004
intlevel0                  functab      0000
intlevel1                  functab      0000
intlevel2                  functab      0000
intlevel3                  functab      0000
intlevel4                  functab      0000
intlevel5                  functab      0000
reset_vec                  reset_vec    0000
saved_w                    (abs)        007E
stackhi                    (abs)        0000
stacklo                    (abs)        0000
start                      init         000B
start_initialization       cinit        000D
workCtr@power_temp         cstackBANK1  00CB
wtemp0                     (abs)        007E


FUNCTION INFORMATION:

 *************** function _main *****************
 Defined at:
		line 828 in file "C:\mcuproject\scm\zdt\D108_8F083_tssop20_\D108_8F083_tssop20_\main.c"
 Parameters:    Size  Location     Type
		None
 Auto vars:     Size  Location     Type
		None
 Return value:  Size  Location     Type
                  1    wreg      void 
 Registers used:
		wreg, fsr0l, fsr0h, status,2, status,0, btemp+1, pclath, cstack
 Tracked objects:
		On entry : 
		On exit  : 
		Unchanged: 
 Data sizes:     COMMON   BANK0   BANK1   BANK2
      Params:         0       0       0       0
      Locals:         0       0       0       0
      Temps:          0       0       0       0
      Totals:         0       0       0       0
Total ram usage:        0 bytes
 Hardware stack levels required when called:    6
 This function calls:
		_CheckTouchKey
		_Init_System
		_KeyServer
		_Refurbish_Sfr
		_WorkSleep
		_chrgCtr
		_workCtr
 This function is called by:
		Startup code after reset
 This function uses a non-reentrant model


 *************** function _workCtr *****************
 Defined at:
		line 771 in file "C:\mcuproject\scm\zdt\D108_8F083_tssop20_\D108_8F083_tssop20_\main.c"
 Parameters:    Size  Location     Type
		None
 Auto vars:     Size  Location     Type
  power_temp      4    0[BANK1 ] volatile unsigned long 
 Return value:  Size  Location     Type
                  1    wreg      void 
 Registers used:
		wreg, fsr0l, fsr0h, status,2, status,0, pclath, cstack
 Tracked objects:
		On entry : 
		On exit  : 
		Unchanged: 
 Data sizes:     COMMON   BANK0   BANK1   BANK2
      Params:         0       0       0       0
      Locals:         0       0       4       0
      Temps:          0       0       0       0
      Totals:         0       0       4       0
Total ram usage:        4 bytes
 Hardware stack levels used:    1
 Hardware stack levels required when called:    3
 This function calls:
		_ADC_Sample
		___ftdiv
		___fttol
		___lwtoft
		_bujinCtr
		_fanCtr
		_keyLedCtr
		_wuhuaCtr
 This function is called by:
		_main
 This function uses a non-reentrant model


 *************** function _wuhuaCtr *****************
 Defined at:
		line 597 in file "C:\mcuproject\scm\zdt\D108_8F083_tssop20_\D108_8F083_tssop20_\main.c"
 Parameters:    Size  Location     Type
		None
 Auto vars:     Size  Location     Type
		None
 Return value:  Size  Location     Type
                  1    wreg      void 
 Registers used:
		wreg, status,2, status,0, pclath, cstack
 Tracked objects:
		On entry : 
		On exit  : 
		Unchanged: 
 Data sizes:     COMMON   BANK0   BANK1   BANK2
      Params:         0       0       0       0
      Locals:         0       0       0       0
      Temps:          0       0       0       0
      Totals:         0       0       0       0
Total ram usage:        0 bytes
 Hardware stack levels used:    1
 Hardware stack levels required when called:    2
 This function calls:
		_pwmInit
		_pwmStop
 This function is called by:
		_workCtr
 This function uses a non-reentrant model


 *************** function _pwmStop *****************
 Defined at:
		line 513 in file "C:\mcuproject\scm\zdt\D108_8F083_tssop20_\D108_8F083_tssop20_\main.c"
 Parameters:    Size  Location     Type
		None
 Auto vars:     Size  Location     Type
		None
 Return value:  Size  Location     Type
                  1    wreg      void 
 Registers used:
		status,2
 Tracked objects:
		On entry : 
		On exit  : 
		Unchanged: 
 Data sizes:     COMMON   BANK0   BANK1   BANK2
      Params:         0       0       0       0
      Locals:         0       0       0       0
      Temps:          0       0       0       0
      Totals:         0       0       0       0
Total ram usage:        0 bytes
 Hardware stack levels used:    1
 Hardware stack levels required when called:    1
 This function calls:
		Nothing
 This function is called by:
		_wuhuaCtr
 This function uses a non-reentrant model


 *************** function _pwmInit *****************
 Defined at:
		line 501 in file "C:\mcuproject\scm\zdt\D108_8F083_tssop20_\D108_8F083_tssop20_\main.c"
 Parameters:    Size  Location     Type
		None
 Auto vars:     Size  Location     Type
		None
 Return value:  Size  Location     Type
                  1    wreg      void 
 Registers used:
		wreg, status,2, status,0
 Tracked objects:
		On entry : 
		On exit  : 
		Unchanged: 
 Data sizes:     COMMON   BANK0   BANK1   BANK2
      Params:         0       0       0       0
      Locals:         0       0       0       0
      Temps:          0       0       0       0
      Totals:         0       0       0       0
Total ram usage:        0 bytes
 Hardware stack levels used:    1
 Hardware stack levels required when called:    1
 This function calls:
		Nothing
 This function is called by:
		_wuhuaCtr
 This function uses a non-reentrant model


 *************** function _keyLedCtr *****************
 Defined at:
		line 424 in file "C:\mcuproject\scm\zdt\D108_8F083_tssop20_\D108_8F083_tssop20_\main.c"
 Parameters:    Size  Location     Type
		None
 Auto vars:     Size  Location     Type
		None
 Return value:  Size  Location     Type
                  1    wreg      void 
 Registers used:
		wreg, status,2, status,0, pclath, cstack
 Tracked objects:
		On entry : 
		On exit  : 
		Unchanged: 
 Data sizes:     COMMON   BANK0   BANK1   BANK2
      Params:         0       0       0       0
      Locals:         0       0       0       0
      Temps:          0       0       0       0
      Totals:         0       0       0       0
Total ram usage:        0 bytes
 Hardware stack levels used:    1
 Hardware stack levels required when called:    2
 This function calls:
		___lwmod
 This function is called by:
		_workCtr
 This function uses a non-reentrant model


 *************** function ___lwmod *****************
 Defined at:
		line 6 in file "C:\mcuproject\scm\SCMCU_IDE_V2.00.16_Beta5\SCMCU_IDE_V2.00.16_Beta5\data\sources\common\lwmod.c"
 Parameters:    Size  Location     Type
  divisor         2    2[COMMON] unsigned int 
  dividend        2    4[COMMON] unsigned int 
 Auto vars:     Size  Location     Type
  counter         1    6[COMMON] unsigned char 
 Return value:  Size  Location     Type
                  2    2[COMMON] unsigned int 
 Registers used:
		wreg, status,2, status,0
 Tracked objects:
		On entry : 
		On exit  : 
		Unchanged: 
 Data sizes:     COMMON   BANK0   BANK1   BANK2
      Params:         4       0       0       0
      Locals:         1       0       0       0
      Temps:          0       0       0       0
      Totals:         5       0       0       0
Total ram usage:        5 bytes
 Hardware stack levels used:    1
 Hardware stack levels required when called:    1
 This function calls:
		Nothing
 This function is called by:
		_keyLedCtr
 This function uses a non-reentrant model


 *************** function _fanCtr *****************
 Defined at:
		line 538 in file "C:\mcuproject\scm\zdt\D108_8F083_tssop20_\D108_8F083_tssop20_\main.c"
 Parameters:    Size  Location     Type
		None
 Auto vars:     Size  Location     Type
  fan_temp        4   14[BANK0 ] volatile unsigned long 
  maxFanValue     1   13[BANK0 ] unsigned char 
 Return value:  Size  Location     Type
                  1    wreg      void 
 Registers used:
		wreg, status,2, status,0, pclath, cstack
 Tracked objects:
		On entry : 
		On exit  : 
		Unchanged: 
 Data sizes:     COMMON   BANK0   BANK1   BANK2
      Params:         0       0       0       0
      Locals:         0       5       0       0
      Temps:          0       0       0       0
      Totals:         0       5       0       0
Total ram usage:        5 bytes
 Hardware stack levels used:    1
 Hardware stack levels required when called:    2
 This function calls:
		_ADC_Sample
		___lmul
		_fanInit
		_fanStop
 This function is called by:
		_workCtr
 This function uses a non-reentrant model


 *************** function _fanStop *****************
 Defined at:
		line 531 in file "C:\mcuproject\scm\zdt\D108_8F083_tssop20_\D108_8F083_tssop20_\main.c"
 Parameters:    Size  Location     Type
		None
 Auto vars:     Size  Location     Type
		None
 Return value:  Size  Location     Type
                  1    wreg      void 
 Registers used:
		status,2
 Tracked objects:
		On entry : 
		On exit  : 
		Unchanged: 
 Data sizes:     COMMON   BANK0   BANK1   BANK2
      Params:         0       0       0       0
      Locals:         0       0       0       0
      Temps:          0       0       0       0
      Totals:         0       0       0       0
Total ram usage:        0 bytes
 Hardware stack levels used:    1
 Hardware stack levels required when called:    1
 This function calls:
		Nothing
 This function is called by:
		_fanCtr
 This function uses a non-reentrant model


 *************** function _fanInit *****************
 Defined at:
		line 520 in file "C:\mcuproject\scm\zdt\D108_8F083_tssop20_\D108_8F083_tssop20_\main.c"
 Parameters:    Size  Location     Type
		None
 Auto vars:     Size  Location     Type
		None
 Return value:  Size  Location     Type
                  1    wreg      void 
 Registers used:
		wreg, status,2, status,0
 Tracked objects:
		On entry : 
		On exit  : 
		Unchanged: 
 Data sizes:     COMMON   BANK0   BANK1   BANK2
      Params:         0       0       0       0
      Locals:         0       0       0       0
      Temps:          0       0       0       0
      Totals:         0       0       0       0
Total ram usage:        0 bytes
 Hardware stack levels used:    1
 Hardware stack levels required when called:    1
 This function calls:
		Nothing
 This function is called by:
		_fanCtr
 This function uses a non-reentrant model


 *************** function ___lmul *****************
 Defined at:
		line 15 in file "C:\mcuproject\scm\SCMCU_IDE_V2.00.16_Beta5\SCMCU_IDE_V2.00.16_Beta5\data\sources\common\Umul32.c"
 Parameters:    Size  Location     Type
  multiplier      4    0[BANK0 ] unsigned long 
  multiplicand    4    4[BANK0 ] unsigned long 
 Auto vars:     Size  Location     Type
  product         4    2[COMMON] unsigned long 
 Return value:  Size  Location     Type
                  4    0[BANK0 ] unsigned long 
 Registers used:
		wreg, status,2, status,0
 Tracked objects:
		On entry : 
		On exit  : 
		Unchanged: 
 Data sizes:     COMMON   BANK0   BANK1   BANK2
      Params:         0       8       0       0
      Locals:         4       0       0       0
      Temps:          0       0       0       0
      Totals:         4       8       0       0
Total ram usage:       12 bytes
 Hardware stack levels used:    1
 Hardware stack levels required when called:    1
 This function calls:
		Nothing
 This function is called by:
		_fanCtr
 This function uses a non-reentrant model


 *************** function _ADC_Sample *****************
 Defined at:
		line 325 in file "C:\mcuproject\scm\zdt\D108_8F083_tssop20_\D108_8F083_tssop20_\main.c"
 Parameters:    Size  Location     Type
  adch            1    wreg     unsigned char 
  adldo           1    2[COMMON] unsigned char 
 Auto vars:     Size  Location     Type
  adch            1    1[BANK0 ] unsigned char 
  j               1    0[BANK0 ] unsigned char 
  adsum           4    3[BANK0 ] volatile unsigned long 
  ad_temp         2   11[BANK0 ] volatile unsigned int 
  admax           2    9[BANK0 ] volatile unsigned int 
  admin           2    7[BANK0 ] volatile unsigned int 
  i               1    2[BANK0 ] unsigned char 
 Return value:  Size  Location     Type
                  1    wreg      unsigned char 
 Registers used:
		wreg, status,2, status,0
 Tracked objects:
		On entry : 
		On exit  : 
		Unchanged: 
 Data sizes:     COMMON   BANK0   BANK1   BANK2
      Params:         1       0       0       0
      Locals:         0      13       0       0
      Temps:          4       0       0       0
      Totals:         5      13       0       0
Total ram usage:       18 bytes
 Hardware stack levels used:    1
 Hardware stack levels required when called:    1
 This function calls:
		Nothing
 This function is called by:
		_fanCtr
		_workCtr
 This function uses a non-reentrant model


 *************** function _bujinCtr *****************
 Defined at:
		line 656 in file "C:\mcuproject\scm\zdt\D108_8F083_tssop20_\D108_8F083_tssop20_\main.c"
 Parameters:    Size  Location     Type
		None
 Auto vars:     Size  Location     Type
  tempStep        1    6[COMMON] unsigned char 
 Return value:  Size  Location     Type
                  1    wreg      void 
 Registers used:
		wreg, fsr0l, fsr0h, status,2, status,0
 Tracked objects:
		On entry : 
		On exit  : 
		Unchanged: 
 Data sizes:     COMMON   BANK0   BANK1   BANK2
      Params:         0       0       0       0
      Locals:         1       0       0       0
      Temps:          4       0       0       0
      Totals:         5       0       0       0
Total ram usage:        5 bytes
 Hardware stack levels used:    1
 Hardware stack levels required when called:    1
 This function calls:
		Nothing
 This function is called by:
		_workCtr
 This function uses a non-reentrant model


 *************** function ___lwtoft *****************
 Defined at:
		line 28 in file "C:\mcuproject\scm\SCMCU_IDE_V2.00.16_Beta5\SCMCU_IDE_V2.00.16_Beta5\data\sources\common\lwtoft.c"
 Parameters:    Size  Location     Type
  c               2    3[BANK0 ] unsigned int 
 Auto vars:     Size  Location     Type
		None
 Return value:  Size  Location     Type
                  3    3[BANK0 ] float 
 Registers used:
		wreg, status,2, status,0, pclath, cstack
 Tracked objects:
		On entry : 
		On exit  : 
		Unchanged: 
 Data sizes:     COMMON   BANK0   BANK1   BANK2
      Params:         0       3       0       0
      Locals:         0       0       0       0
      Temps:          0       0       0       0
      Totals:         0       3       0       0
Total ram usage:        3 bytes
 Hardware stack levels used:    1
 Hardware stack levels required when called:    2
 This function calls:
		___ftpack
 This function is called by:
		_workCtr
 This function uses a non-reentrant model


 *************** function ___fttol *****************
 Defined at:
		line 44 in file "C:\mcuproject\scm\SCMCU_IDE_V2.00.16_Beta5\SCMCU_IDE_V2.00.16_Beta5\data\sources\common\fttol.c"
 Parameters:    Size  Location     Type
  f1              3   21[BANK0 ] float 
 Auto vars:     Size  Location     Type
  lval            4   29[BANK0 ] unsigned long 
  exp1            1   33[BANK0 ] unsigned char 
  sign1           1   28[BANK0 ] unsigned char 
 Return value:  Size  Location     Type
                  4   21[BANK0 ] long 
 Registers used:
		wreg, status,2, status,0
 Tracked objects:
		On entry : 
		On exit  : 
		Unchanged: 
 Data sizes:     COMMON   BANK0   BANK1   BANK2
      Params:         0       4       0       0
      Locals:         0       6       0       0
      Temps:          0       3       0       0
      Totals:         0      13       0       0
Total ram usage:       13 bytes
 Hardware stack levels used:    1
 Hardware stack levels required when called:    1
 This function calls:
		Nothing
 This function is called by:
		_workCtr
 This function uses a non-reentrant model


 *************** function ___ftdiv *****************
 Defined at:
		line 56 in file "C:\mcuproject\scm\SCMCU_IDE_V2.00.16_Beta5\SCMCU_IDE_V2.00.16_Beta5\data\sources\common\ftdiv.c"
 Parameters:    Size  Location     Type
  f2              3    6[BANK0 ] float 
  f1              3    9[BANK0 ] float 
 Auto vars:     Size  Location     Type
  f3              3   16[BANK0 ] float 
  sign            1   20[BANK0 ] unsigned char 
  exp             1   19[BANK0 ] unsigned char 
  cntr            1   15[BANK0 ] unsigned char 
 Return value:  Size  Location     Type
                  3    6[BANK0 ] float 
 Registers used:
		wreg, status,2, status,0, pclath, cstack
 Tracked objects:
		On entry : 
		On exit  : 
		Unchanged: 
 Data sizes:     COMMON   BANK0   BANK1   BANK2
      Params:         0       6       0       0
      Locals:         0       6       0       0
      Temps:          0       3       0       0
      Totals:         0      15       0       0
Total ram usage:       15 bytes
 Hardware stack levels used:    1
 Hardware stack levels required when called:    2
 This function calls:
		___ftpack
 This function is called by:
		_workCtr
 This function uses a non-reentrant model


 *************** function ___ftpack *****************
 Defined at:
		line 62 in file "C:\mcuproject\scm\SCMCU_IDE_V2.00.16_Beta5\SCMCU_IDE_V2.00.16_Beta5\data\sources\common\float.c"
 Parameters:    Size  Location     Type
  arg             3    2[COMMON] unsigned um
  exp             1    5[COMMON] unsigned char 
  sign            1    6[COMMON] unsigned char 
 Auto vars:     Size  Location     Type
		None
 Return value:  Size  Location     Type
                  3    2[COMMON] float 
 Registers used:
		wreg, status,2, status,0
 Tracked objects:
		On entry : 
		On exit  : 
		Unchanged: 
 Data sizes:     COMMON   BANK0   BANK1   BANK2
      Params:         5       0       0       0
      Locals:         0       0       0       0
      Temps:          0       3       0       0
      Totals:         5       3       0       0
Total ram usage:        8 bytes
 Hardware stack levels used:    1
 Hardware stack levels required when called:    1
 This function calls:
		Nothing
 This function is called by:
		___ftdiv
		___lwtoft
 This function uses a non-reentrant model


 *************** function _chrgCtr *****************
 Defined at:
		line 394 in file "C:\mcuproject\scm\zdt\D108_8F083_tssop20_\D108_8F083_tssop20_\main.c"
 Parameters:    Size  Location     Type
		None
 Auto vars:     Size  Location     Type
		None
 Return value:  Size  Location     Type
                  1    wreg      void 
 Registers used:
		wreg, status,2, status,0
 Tracked objects:
		On entry : 
		On exit  : 
		Unchanged: 
 Data sizes:     COMMON   BANK0   BANK1   BANK2
      Params:         0       0       0       0
      Locals:         0       0       0       0
      Temps:          0       0       0       0
      Totals:         0       0       0       0
Total ram usage:        0 bytes
 Hardware stack levels used:    1
 Hardware stack levels required when called:    1
 This function calls:
		Nothing
 This function is called by:
		_main
 This function uses a non-reentrant model


 *************** function _WorkSleep *****************
 Defined at:
		line 246 in file "C:\mcuproject\scm\zdt\D108_8F083_tssop20_\D108_8F083_tssop20_\main.c"
 Parameters:    Size  Location     Type
		None
 Auto vars:     Size  Location     Type
		None
 Return value:  Size  Location     Type
                  1    wreg      void 
 Registers used:
		wreg, fsr0l, fsr0h, status,2, status,0, btemp+1, pclath, cstack
 Tracked objects:
		On entry : 
		On exit  : 
		Unchanged: 
 Data sizes:     COMMON   BANK0   BANK1   BANK2
      Params:         0       0       0       0
      Locals:         0       0       0       0
      Temps:          0       0       0       0
      Totals:         0       0       0       0
Total ram usage:        0 bytes
 Hardware stack levels used:    1
 Hardware stack levels required when called:    4
 This function calls:
		_Refurbish_Sfr
		_SystemEnterSleep
 This function is called by:
		_main
 This function uses a non-reentrant model


 *************** function _SystemEnterSleep *****************
 Defined at:
		line 1 in file "D:\TOOL_PUBLISH\SCMCU\SCMCU_IDE_V2\SCTouch_lib\Sleep\XC8\81A1\CheckTouchKey.c"
 Parameters:    Size  Location     Type
		None
 Auto vars:     Size  Location     Type
  92              2    6[BANK0 ] unsigned int 
  93              2    4[BANK0 ] unsigned int 
  94              2    2[BANK0 ] unsigned int 
  91              1    8[BANK0 ] unsigned char 
 Return value:  Size  Location     Type
                  1    wreg      void 
 Registers used:
		wreg, fsr0l, fsr0h, status,2, status,0, btemp+1, pclath, cstack
 Tracked objects:
		On entry : 
		On exit  : 
		Unchanged: 
 Data sizes:     COMMON   BANK0   BANK1   BANK2
      Params:         0       0       0       0
      Locals:         0       7       0       0
      Temps:          0       2       0       0
      Totals:         0       9       0       0
Total ram usage:        9 bytes
 Hardware stack levels used:    1
 Hardware stack levels required when called:    3
 This function calls:
		_ClearResSum
		_GetTouchKeyValue
		_KeyClearOne
 This function is called by:
		_WorkSleep
 This function uses a non-reentrant model


 *************** function _Refurbish_Sfr *****************
 Defined at:
		line 100 in file "C:\mcuproject\scm\zdt\D108_8F083_tssop20_\D108_8F083_tssop20_\main.c"
 Parameters:    Size  Location     Type
		None
 Auto vars:     Size  Location     Type
		None
 Return value:  Size  Location     Type
                  1    wreg      void 
 Registers used:
		wreg, status,2, status,0
 Tracked objects:
		On entry : 
		On exit  : 
		Unchanged: 
 Data sizes:     COMMON   BANK0   BANK1   BANK2
      Params:         0       0       0       0
      Locals:         0       0       0       0
      Temps:          0       0       0       0
      Totals:         0       0       0       0
Total ram usage:        0 bytes
 Hardware stack levels used:    1
 Hardware stack levels required when called:    1
 This function calls:
		Nothing
 This function is called by:
		_WorkSleep
		_main
 This function uses a non-reentrant model


 *************** function _KeyServer *****************
 Defined at:
		line 114 in file "C:\mcuproject\scm\zdt\D108_8F083_tssop20_\D108_8F083_tssop20_\main.c"
 Parameters:    Size  Location     Type
		None
 Auto vars:     Size  Location     Type
		None
 Return value:  Size  Location     Type
                  1    wreg      void 
 Registers used:
		wreg, status,2, status,0
 Tracked objects:
		On entry : 
		On exit  : 
		Unchanged: 
 Data sizes:     COMMON   BANK0   BANK1   BANK2
      Params:         0       0       0       0
      Locals:         0       0       0       0
      Temps:          0       0       0       0
      Totals:         0       0       0       0
Total ram usage:        0 bytes
 Hardware stack levels used:    1
 Hardware stack levels required when called:    1
 This function calls:
		Nothing
 This function is called by:
		_main
 This function uses a non-reentrant model


 *************** function _Init_System *****************
 Defined at:
		line 63 in file "C:\mcuproject\scm\zdt\D108_8F083_tssop20_\D108_8F083_tssop20_\main.c"
 Parameters:    Size  Location     Type
		None
 Auto vars:     Size  Location     Type
		None
 Return value:  Size  Location     Type
                  1    wreg      void 
 Registers used:
		wreg, status,2
 Tracked objects:
		On entry : 
		On exit  : 
		Unchanged: 
 Data sizes:     COMMON   BANK0   BANK1   BANK2
      Params:         0       0       0       0
      Locals:         0       0       0       0
      Temps:          0       0       0       0
      Totals:         0       0       0       0
Total ram usage:        0 bytes
 Hardware stack levels used:    1
 Hardware stack levels required when called:    1
 This function calls:
		Nothing
 This function is called by:
		_main
 This function uses a non-reentrant model


 *************** function _CheckTouchKey *****************
 Defined at:
		line 1 in file "D:\TOOL_PUBLISH\SCMCU\SCMCU_IDE_V2\SCTouch_lib\Sleep\XC8\81A1\CheckTouchKey.c"
 Parameters:    Size  Location     Type
		None
 Auto vars:     Size  Location     Type
		None
 Return value:  Size  Location     Type
                  1    wreg      void 
 Registers used:
		wreg, fsr0l, fsr0h, status,2, status,0, btemp+1, pclath, cstack
 Tracked objects:
		On entry : 
		On exit  : 
		Unchanged: 
 Data sizes:     COMMON   BANK0   BANK1   BANK2
      Params:         0       0       0       0
      Locals:         0       0       0       0
      Temps:          0       0       0       0
      Totals:         0       0       0       0
Total ram usage:        0 bytes
 Hardware stack levels used:    1
 Hardware stack levels required when called:    5
 This function calls:
		_CheckKeyOldValue
		_CheckOnceResult
		_CheckValidTime
		_ClearResSum
		_GetTouchKeyValue
		_KeyStopClear
		_TurnKeyFlags
 This function is called by:
		_main
 This function uses a non-reentrant model


 *************** function _TurnKeyFlags *****************
 Defined at:
		line 1 in file "D:\TOOL_PUBLISH\SCMCU\SCMCU_IDE_V2\SCTouch_lib\Sleep\XC8\81A1\CheckTouchKey.c"
 Parameters:    Size  Location     Type
		None
 Auto vars:     Size  Location     Type
		None
 Return value:  Size  Location     Type
                  1    wreg      void 
 Registers used:
		wreg, fsr0l, fsr0h, status,2, status,0, pclath, cstack
 Tracked objects:
		On entry : 
		On exit  : 
		Unchanged: 
 Data sizes:     COMMON   BANK0   BANK1   BANK2
      Params:         0       0       0       0
      Locals:         0       0       0       0
      Temps:          0       0       0       0
      Totals:         0       0       0       0
Total ram usage:        0 bytes
 Hardware stack levels used:    1
 Hardware stack levels required when called:    4
 This function calls:
		_KeyClearIn
 This function is called by:
		_CheckTouchKey
 This function uses a non-reentrant model


 *************** function _KeyClearIn *****************
 Defined at:
		line 1 in file "D:\TOOL_PUBLISH\SCMCU\SCMCU_IDE_V2\SCTouch_lib\Sleep\XC8\81A1\CheckTouchKey.c"
 Parameters:    Size  Location     Type
		None
 Auto vars:     Size  Location     Type
  51              1    4[COMMON] unsigned char 
 Return value:  Size  Location     Type
                  1    wreg      void 
 Registers used:
		wreg, fsr0l, fsr0h, status,2, status,0, pclath, cstack
 Tracked objects:
		On entry : 
		On exit  : 
		Unchanged: 
 Data sizes:     COMMON   BANK0   BANK1   BANK2
      Params:         0       0       0       0
      Locals:         1       0       0       0
      Temps:          0       0       0       0
      Totals:         1       0       0       0
Total ram usage:        1 bytes
 Hardware stack levels used:    1
 Hardware stack levels required when called:    3
 This function calls:
		_KeyClearOne
		_KeyIsIn
 This function is called by:
		_TurnKeyFlags
 This function uses a non-reentrant model


 *************** function _KeyStopClear *****************
 Defined at:
		line 1 in file "D:\TOOL_PUBLISH\SCMCU\SCMCU_IDE_V2\SCTouch_lib\Sleep\XC8\81A1\CheckTouchKey.c"
 Parameters:    Size  Location     Type
		None
 Auto vars:     Size  Location     Type
  53              1    3[COMMON] unsigned char 
 Return value:  Size  Location     Type
                  1    wreg      void 
 Registers used:
		wreg, fsr0l, fsr0h, status,2, status,0, pclath, cstack
 Tracked objects:
		On entry : 
		On exit  : 
		Unchanged: 
 Data sizes:     COMMON   BANK0   BANK1   BANK2
      Params:         0       0       0       0
      Locals:         1       0       0       0
      Temps:          0       0       0       0
      Totals:         1       0       0       0
Total ram usage:        1 bytes
 Hardware stack levels used:    1
 Hardware stack levels required when called:    2
 This function calls:
		_KeyClearOne
 This function is called by:
		_CheckTouchKey
 This function uses a non-reentrant model


 *************** function _GetTouchKeyValue *****************
 Defined at:
		line 1 in file "D:\TOOL_PUBLISH\SCMCU\SCMCU_IDE_V2\SCTouch_lib\Sleep\XC8\81A1\CheckTouchKey.c"
 Parameters:    Size  Location     Type
		None
 Auto vars:     Size  Location     Type
  63              2    5[COMMON] unsigned int 
  64              2    3[COMMON] unsigned int 
  62              1    7[COMMON] unsigned char 
 Return value:  Size  Location     Type
                  1    wreg      void 
 Registers used:
		wreg, fsr0l, fsr0h, status,2, status,0, btemp+1, pclath, cstack
 Tracked objects:
		On entry : 
		On exit  : 
		Unchanged: 
 Data sizes:     COMMON   BANK0   BANK1   BANK2
      Params:         0       0       0       0
      Locals:         5       0       0       0
      Temps:          0       0       0       0
      Totals:         5       0       0       0
Total ram usage:        5 bytes
 Hardware stack levels used:    1
 Hardware stack levels required when called:    2
 This function calls:
		_ClearResSum
 This function is called by:
		_CheckTouchKey
		_SystemEnterSleep
 This function uses a non-reentrant model


 *************** function _ClearResSum *****************
 Defined at:
		line 1 in file "D:\TOOL_PUBLISH\SCMCU\SCMCU_IDE_V2\SCTouch_lib\Sleep\XC8\81A1\CheckTouchKey.c"
 Parameters:    Size  Location     Type
		None
 Auto vars:     Size  Location     Type
  56              1    2[COMMON] unsigned char 
 Return value:  Size  Location     Type
                  1    wreg      void 
 Registers used:
		wreg, fsr0l, fsr0h, status,2, status,0
 Tracked objects:
		On entry : 
		On exit  : 
		Unchanged: 
 Data sizes:     COMMON   BANK0   BANK1   BANK2
      Params:         0       0       0       0
      Locals:         1       0       0       0
      Temps:          0       0       0       0
      Totals:         1       0       0       0
Total ram usage:        1 bytes
 Hardware stack levels used:    1
 Hardware stack levels required when called:    1
 This function calls:
		Nothing
 This function is called by:
		_GetTouchKeyValue
		_CheckTouchKey
		_SystemEnterSleep
 This function uses a non-reentrant model


 *************** function _CheckValidTime *****************
 Defined at:
		line 1 in file "D:\TOOL_PUBLISH\SCMCU\SCMCU_IDE_V2\SCTouch_lib\Sleep\XC8\81A1\CheckTouchKey.c"
 Parameters:    Size  Location     Type
		None
 Auto vars:     Size  Location     Type
		None
 Return value:  Size  Location     Type
                  1    wreg      void 
 Registers used:
		wreg, status,2, status,0
 Tracked objects:
		On entry : 
		On exit  : 
		Unchanged: 
 Data sizes:     COMMON   BANK0   BANK1   BANK2
      Params:         0       0       0       0
      Locals:         0       0       0       0
      Temps:          0       0       0       0
      Totals:         0       0       0       0
Total ram usage:        0 bytes
 Hardware stack levels used:    1
 Hardware stack levels required when called:    1
 This function calls:
		Nothing
 This function is called by:
		_CheckTouchKey
 This function uses a non-reentrant model


 *************** function _CheckOnceResult *****************
 Defined at:
		line 1 in file "D:\TOOL_PUBLISH\SCMCU\SCMCU_IDE_V2\SCTouch_lib\Sleep\XC8\81A1\CheckTouchKey.c"
 Parameters:    Size  Location     Type
		None
 Auto vars:     Size  Location     Type
  71              2   10[BANK0 ] unsigned int 
  72              2    7[BANK0 ] unsigned int 
  73              2    4[BANK0 ] unsigned int 
  68              1   12[BANK0 ] unsigned char 
  69              1    9[BANK0 ] unsigned char 
  70              1    6[BANK0 ] unsigned char 
 Return value:  Size  Location     Type
                  1    wreg      void 
 Registers used:
		wreg, fsr0l, fsr0h, status,2, status,0, pclath, cstack
 Tracked objects:
		On entry : 
		On exit  : 
		Unchanged: 
 Data sizes:     COMMON   BANK0   BANK1   BANK2
      Params:         0       0       0       0
      Locals:         0       9       0       0
      Temps:          0       4       0       0
      Totals:         0      13       0       0
Total ram usage:       13 bytes
 Hardware stack levels used:    1
 Hardware stack levels required when called:    3
 This function calls:
		_KeyClearOne
		_KeyHave
		_KeyIsIn
 This function is called by:
		_CheckTouchKey
 This function uses a non-reentrant model


 *************** function _KeyHave *****************
 Defined at:
		line 1 in file "D:\TOOL_PUBLISH\SCMCU\SCMCU_IDE_V2\SCTouch_lib\Sleep\XC8\81A1\CheckTouchKey.c"
 Parameters:    Size  Location     Type
  58              1    wreg     unsigned char 
  59              2    2[COMMON] unsigned int 
 Auto vars:     Size  Location     Type
  58              1    4[COMMON] unsigned char 
 Return value:  Size  Location     Type
                  1    wreg      void 
 Registers used:
		wreg, status,2, status,0
 Tracked objects:
		On entry : 
		On exit  : 
		Unchanged: 
 Data sizes:     COMMON   BANK0   BANK1   BANK2
      Params:         2       0       0       0
      Locals:         1       0       0       0
      Temps:          0       0       0       0
      Totals:         3       0       0       0
Total ram usage:        3 bytes
 Hardware stack levels used:    1
 Hardware stack levels required when called:    1
 This function calls:
		Nothing
 This function is called by:
		_CheckOnceResult
 This function uses a non-reentrant model


 *************** function _KeyClearOne *****************
 Defined at:
		line 1 in file "D:\TOOL_PUBLISH\SCMCU\SCMCU_IDE_V2\SCTouch_lib\Sleep\XC8\81A1\CheckTouchKey.c"
 Parameters:    Size  Location     Type
  49              1    wreg     unsigned char 
 Auto vars:     Size  Location     Type
  49              1    2[COMMON] unsigned char 
 Return value:  Size  Location     Type
                  1    wreg      void 
 Registers used:
		wreg, fsr0l, fsr0h, status,2, status,0
 Tracked objects:
		On entry : 
		On exit  : 
		Unchanged: 
 Data sizes:     COMMON   BANK0   BANK1   BANK2
      Params:         0       0       0       0
      Locals:         1       0       0       0
      Temps:          0       0       0       0
      Totals:         1       0       0       0
Total ram usage:        1 bytes
 Hardware stack levels used:    1
 Hardware stack levels required when called:    1
 This function calls:
		Nothing
 This function is called by:
		_KeyClearIn
		_KeyStopClear
		_CheckOnceResult
		_SystemEnterSleep
 This function uses a non-reentrant model


 *************** function _CheckKeyOldValue *****************
 Defined at:
		line 1 in file "D:\TOOL_PUBLISH\SCMCU\SCMCU_IDE_V2\SCTouch_lib\Sleep\XC8\81A1\CheckTouchKey.c"
 Parameters:    Size  Location     Type
		None
 Auto vars:     Size  Location     Type
  80              2    2[BANK0 ] unsigned int 
  79              2    0[BANK0 ] unsigned int 
  78              1    4[BANK0 ] unsigned char 
 Return value:  Size  Location     Type
                  1    wreg      void 
 Registers used:
		wreg, fsr0l, fsr0h, status,2, status,0, pclath, cstack
 Tracked objects:
		On entry : 
		On exit  : 
		Unchanged: 
 Data sizes:     COMMON   BANK0   BANK1   BANK2
      Params:         0       0       0       0
      Locals:         0       5       0       0
      Temps:          2       0       0       0
      Totals:         2       5       0       0
Total ram usage:        7 bytes
 Hardware stack levels used:    1
 Hardware stack levels required when called:    3
 This function calls:
		_KeyIsIn
 This function is called by:
		_CheckTouchKey
 This function uses a non-reentrant model


 *************** function _KeyIsIn *****************
 Defined at:
		line 1 in file "D:\TOOL_PUBLISH\SCMCU\SCMCU_IDE_V2\SCTouch_lib\Sleep\XC8\81A1\CheckTouchKey.c"
 Parameters:    Size  Location     Type
  45              1    wreg     unsigned char 
 Auto vars:     Size  Location     Type
  45              1    3[COMMON] unsigned char 
  46              1    2[COMMON] unsigned char 
 Return value:  Size  Location     Type
                  1    wreg      unsigned char 
 Registers used:
		wreg, fsr0l, fsr0h, status,2, status,0, pclath
 Tracked objects:
		On entry : 
		On exit  : 
		Unchanged: 
 Data sizes:     COMMON   BANK0   BANK1   BANK2
      Params:         0       0       0       0
      Locals:         2       0       0       0
      Temps:          0       0       0       0
      Totals:         2       0       0       0
Total ram usage:        2 bytes
 Hardware stack levels used:    2
 Hardware stack levels required when called:    1
 This function calls:
		Nothing
 This function is called by:
		_KeyClearIn
		_CheckOnceResult
		_CheckKeyOldValue
 This function uses a non-reentrant model


 *************** function _Isr_Timer *****************
 Defined at:
		line 224 in file "C:\mcuproject\scm\zdt\D108_8F083_tssop20_\D108_8F083_tssop20_\main.c"
 Parameters:    Size  Location     Type
		None
 Auto vars:     Size  Location     Type
		None
 Return value:  Size  Location     Type
                  1    wreg      void 
 Registers used:
		wreg, status,2, status,0
 Tracked objects:
		On entry : 
		On exit  : 
		Unchanged: 
 Data sizes:     COMMON   BANK0   BANK1   BANK2
      Params:         0       0       0       0
      Locals:         0       0       0       0
      Temps:          2       0       0       0
      Totals:         2       0       0       0
Total ram usage:        2 bytes
 Hardware stack levels used:    1
 This function calls:
		Nothing
 This function is called by:
		Interrupt level 1
 This function uses a non-reentrant model



MODULE INFORMATION

Module		Function		Class		Link	Load	Size
C:\mcuproject\scm\SCMCU_IDE_V2.00.16_Beta5\SCMCU_IDE_V2.00.16_Beta5\data\sources\common\lwtoft.c
		___lwtoft      		CODE           	0539	0000	17

C:\mcuproject\scm\SCMCU_IDE_V2.00.16_Beta5\SCMCU_IDE_V2.00.16_Beta5\data\sources\common\lwtoft.c estimated size: 17

C:\mcuproject\scm\zdt\D108_8F083_tssop20_\D108_8F083_tssop20_\main.c
		_fanInit       		CODE           	0799	0000	12
		_KeyServer     		CODE           	0EA1	0000	153
		_Refurbish_Sfr 		CODE           	0389	0000	15
		_main          		CODE           	0E5F	0000	67
		_fanStop       		CODE           	07A4	0000	7
		_WorkSleep     		CODE           	0043	0000	47
		_pwmInit       		CODE           	0E4A	0000	15
		_workCtr       		CODE           	03FF	0000	128
		_pwmStop       		CODE           	0E58	0000	8
		_Init_System   		CODE           	0025	0000	31
		_fanCtr        		CODE           	0658	0000	118
		_ADC_Sample    		CODE           	0587	0000	210
		_wuhuaCtr      		CODE           	0E22	0000	41
		_Isr_Timer     		CODE           	0E07	0000	28
		_chrgCtr       		CODE           	07D7	0000	31
		_bujinCtr      		CODE           	0F3E	0000	173
		_keyLedCtr     		CODE           	0700	0000	118

C:\mcuproject\scm\zdt\D108_8F083_tssop20_\D108_8F083_tssop20_\main.c estimated size: 1202

C:\mcuproject\scm\SCMCU_IDE_V2.00.16_Beta5\SCMCU_IDE_V2.00.16_Beta5\data\sources\common\float.c
		___ftpack      		CODE           	0549	0000	63

C:\mcuproject\scm\SCMCU_IDE_V2.00.16_Beta5\SCMCU_IDE_V2.00.16_Beta5\data\sources\common\float.c estimated size: 63

D:\TOOL_PUBLISH\SCMCU\SCMCU_IDE_V2\SCTouch_lib\Sleep\XC8\81A1\CheckTouchKey.c
		_KeyClearIn    		CODE           	0379	0000	17
		_KeyClearOne   		CODE           	0293	0000	22
		_KeyIsIn       		CODE           	0283	0000	17
		_ClearResSum   		CODE           	018E	0000	16
		_KeyHave       		CODE           	02A8	0000	15
		_KeyStopClear  		CODE           	031E	0000	21
		_CheckTouchKey 		CODE           	0071	0000	46
		_CheckKeyOldValue		CODE           	02B6	0000	105
		_CheckOnceResult		CODE           	019D	0000	231
		_GetTouchKeyValue		CODE           	012E	0000	97
		_TurnKeyFlags  		CODE           	0332	0000	50
		_CheckValidTime		CODE           	0363	0000	23
		_SystemEnterSleep		CODE           	009E	0000	145

D:\TOOL_PUBLISH\SCMCU\SCMCU_IDE_V2\SCTouch_lib\Sleep\XC8\81A1\CheckTouchKey.c estimated size: 805

C:\mcuproject\scm\SCMCU_IDE_V2.00.16_Beta5\SCMCU_IDE_V2.00.16_Beta5\data\sources\common\Umul32.c
		___lmul        		CODE           	06CD	0000	52

C:\mcuproject\scm\SCMCU_IDE_V2.00.16_Beta5\SCMCU_IDE_V2.00.16_Beta5\data\sources\common\Umul32.c estimated size: 52

shared
		PL12           		CODE           	03C9	0000	12
		PL8            		CODE           	03B7	0000	8
		PL22           		CODE           	03E3	0000	7
		PL32           		CODE           	03EF	0000	7
		PL42           		CODE           	07D3	0000	5
		PL14           		CODE           	03D4	0000	8
		PL24           		CODE           	03E9	0000	7
		__stringtab    		STRING         	0800	0000	7
		PL34           		CODE           	0FFA	0000	7
		PL44           		CODE           	03F5	0000	6
		PL16           		CODE           	07B9	0000	10
		PL26           		CODE           	07C2	0000	8
		PL36           		CODE           	07C9	0000	6
		PL46           		CODE           	03FA	0000	6
		PL18           		CODE           	03DB	0000	9
		_Table_KeyCap  		STRING         	0811	0000	4
		PL28           		CODE           	0FF0	0000	6
		PL38           		CODE           	0F39	0000	6
		_Table_KeyFalg 		STRING         	0806	0000	9
		_Table_KeyChannel		STRING         	0814	0000	4
		_Table_KeyDown 		STRING         	080E	0000	4
		__initialization		CODE           	000D	0000	22
		PL2            		CODE           	0397	0000	15
		PL10           		CODE           	03BE	0000	12
		PL4            		CODE           	03A5	0000	19
		PL20           		CODE           	0FEA	0000	7
		PL30           		CODE           	0FF5	0000	6
		PL6            		CODE           	07AA	0000	16
		PL40           		CODE           	07CE	0000	6

shared estimated size: 249

C:\mcuproject\scm\SCMCU_IDE_V2.00.16_Beta5\SCMCU_IDE_V2.00.16_Beta5\data\sources\common\lwmod.c
		___lwmod       		CODE           	0775	0000	37

C:\mcuproject\scm\SCMCU_IDE_V2.00.16_Beta5\SCMCU_IDE_V2.00.16_Beta5\data\sources\common\lwmod.c estimated size: 37

C:\mcuproject\scm\SCMCU_IDE_V2.00.16_Beta5\SCMCU_IDE_V2.00.16_Beta5\data\sources\common\ftdiv.c
		___ftdiv       		CODE           	047E	0000	99

C:\mcuproject\scm\SCMCU_IDE_V2.00.16_Beta5\SCMCU_IDE_V2.00.16_Beta5\data\sources\common\ftdiv.c estimated size: 99

C:\mcuproject\scm\SCMCU_IDE_V2.00.16_Beta5\SCMCU_IDE_V2.00.16_Beta5\data\sources\common\fttol.c
		___fttol       		CODE           	04E0	0000	90

C:\mcuproject\scm\SCMCU_IDE_V2.00.16_Beta5\SCMCU_IDE_V2.00.16_Beta5\data\sources\common\fttol.c estimated size: 90

