Microchip MPLAB XC8 Compiler V1.45 ()

Linker command line:

-W-9 \
  --edf=C:\mcuproject\scm\SCMCU_IDE_V2.00.16_Beta5\SCMCU_IDE_V2.00.16_Beta5\data\dat\en_msgs.txt \
  -cs -h+A208_062B_SOP16.sym --cmf=A208_062B_SOP16.cmf -z -QSC8P062BD \
  -oC:\Users\hhmm6\AppData\Local\Temp\sgvg.2 -MA208_062B_SOP16.map -E1 \
  -ver=XC8 -ASTACK=0A3h-0efh -pstack=STACK -ACODE=00h-07FFh \
  -ASTRCODE=00h-07FFh -ASTRING=00h-0FFhx8 -ACONST=00h-0FFhx8 \
  -AENTRY=00h-0FFhx8 -ACOMMON=070h-07Fh -ABANK0=020h-06Fh -ABANK1=0A0h-0EFh \
  -ARAM=020h-06Fh,0A0h-0EFh -AABS1=020h-07Fh,0A0h-0EFh -ASFR0=00h-01Fh \
  -ASFR1=080h-09Fh -preset_vec=00h,intentry=04h,init,end_init \
  -ppowerup=CODE -pcinit=CODE -pfunctab=ENTRY -ACONFIG=02007h-02008h \
  -pconfig=CONFIG -DCONFIG=2 -AIDLOC=02000h-02003h -pidloc=IDLOC -DIDLOC=2 \
  -DCODE=2 -DSTRCODE=2 -DSTRING=2 -DCONST=2 -DENTRY=2 -k startup.obj \
  A208_062B_SOP16.obj 

Object code version is 3.11

Machine type is SC8P062BD



                Name                               Link     Load   Length Selector   Space Scale
startup.obj     end_init                              C        C        1        8       0
                reset_vec                             0        0        1        0       0
A208_062B_SOP16.obj
                cinit                                 D        D        A        8       0
                intentry                              4        4        8        8       0
                swtext1                             637      637       10      C6E       0
                text22                              1E7      1E7       BD        8       0
                text21                              589      589       1D        8       0
                text20                              65F      65F        9      C8E       0
                text19                              5DD      5DD       19        8       0
                text18                              50C      50C       41        8       0
                text17                              100      100       E7        8       0
                text16                              321      321       72        8       0
                text15                              647      647        E      C8E       0
                text14                              393      393       6D        8       0
                text13                              614      614       13      C28       0
                text12                              678      678        7      C8E       0
                text11                              670      670        8      C8E       0
                text10                               17       17       E9        8       0
                text9                               627      627       10      C28       0
                text8                               56B      56B       1E        8       0
                text7                               54D      54D       1E        8       0
                text6                               46B      46B       54        8       0
                text5                               5C2      5C2       1B        8       0
                text4                               5A6      5A6       1C        8       0
                text3                               400      400       6B        8       0
                text2                               655      655        A      C8E       0
                text1                               2A4      2A4       7D        8       0
                maintext                            4BF      4BF       4D        8       0
                cstackBANK0                          60       60        D       20       1
                cstackCOMMON                         70       70        8       70       1
                cstackBANK1                          A0       A0        3       A0       1
                clrtext                             668      668        8      C8E       0
                bssBANK0                             20       20       40       20       1
                bssCOMMON                            78       78        3       70       1
                nvBANK0                              6D       6D        3       20       1
                strings                             600      600       14      C00       0

TOTAL           Name                               Link     Load   Length     Space
        CLASS   STACK          

        CLASS   CODE           
                end_init                              C        C        1         0
                cinit                                 D        D        A         0
                intentry                              4        4        8         0
                reset_vec                             0        0        1         0
                text22                              1E7      1E7       BD         0
                text21                              589      589       1D         0
                text20                              65F      65F        9         0
                text19                              5DD      5DD       19         0
                text18                              50C      50C       41         0
                text17                              100      100       E7         0
                text16                              321      321       72         0
                text15                              647      647        E         0
                text14                              393      393       6D         0
                text13                              614      614       13         0
                text12                              678      678        7         0
                text11                              670      670        8         0
                text10                               17       17       E9         0
                text9                               627      627       10         0
                text8                               56B      56B       1E         0
                text7                               54D      54D       1E         0
                text6                               46B      46B       54         0
                text5                               5C2      5C2       1B         0
                text4                               5A6      5A6       1C         0
                text3                               400      400       6B         0
                text2                               655      655        A         0
                text1                               2A4      2A4       7D         0
                maintext                            4BF      4BF       4D         0
                clrtext                             668      668        8         0

        CLASS   STRCODE        

        CLASS   STRING         
                strings                             600      600       14         0

        CLASS   CONST          
                swtext1                             637      637       10         0

        CLASS   ENTRY          

        CLASS   COMMON         
                cstackCOMMON                         70       70        8         1
                bssCOMMON                            78       78        3         1

        CLASS   BANK0          
                cstackBANK0                          60       60        D         1
                bssBANK0                             20       20       40         1
                nvBANK0                              6D       6D        3         1

        CLASS   BANK1          
                cstackBANK1                          A0       A0        3         1

        CLASS   RAM            

        CLASS   ABS1           
                abs_s1                               7E       7E        2         1

        CLASS   SFR0           

        CLASS   SFR1           

        CLASS   CONFIG         

        CLASS   IDLOC          

        CLASS   EEDATA         



SEGMENTS        Name                           Load    Length   Top    Selector   Space  Class     Delta

                reset_vec                      000000  000001  000001         0       0  CODE        2
                intentry                       000004  0005F2  0005F6         8       0  CODE        2
                bssBANK0                       000020  000050  000070        20       1  BANK0       1
                cstackCOMMON                   000070  00000B  00007B        70       1  COMMON      1
                cstackBANK1                    0000A0  000003  0000A3        A0       1  BANK1       1
                strings                        000600  000014  000614       C00       0  STRING      2
                text13                         000614  000023  000637       C28       0  CODE        2
                swtext1                        000637  000010  000647       C6E       0  CONST       2
                text15                         000647  000038  00067F       C8E       0  CODE        2


UNUSED ADDRESS RANGES

        Name                Unused          Largest block    Delta
        BANK1            0A3-0EF            4D           1
        CODE             001-003             3           2
                         5F6-5FF             A
                         67F-7FF           181
        COMMON           07B-07D             3           1
        CONFIG           2007-2008             2           2
        CONST            001-003             3           2
                         5F6-5FF             A
                         67F-7FF            81
        ENTRY            001-003             3           2
                         5F6-5FF             A
                         67F-7FF            81
        IDLOC            2000-2003             4           2
        RAM              0A3-0EF            4D           1
        SFR0             000-01F            20           1
        SFR1             080-09F            20           1
        STACK            0A3-0EF            4D           1
        STRCODE          001-003             3           2
                         5F6-5FF             A
                         67F-7FF           181
        STRING           001-003             3           2
                         5F6-5FF             A
                         67F-7FF            81

                                  Symbol Table

ADC_Sample@ad_temp       cstackBANK0  06B
ADC_Sample@adch          cstackBANK0  061
ADC_Sample@adldo         cstackCOMMON 073
ADC_Sample@admax         cstackBANK0  069
ADC_Sample@admin         cstackBANK0  067
ADC_Sample@adsum         cstackBANK0  063
ADC_Sample@i             cstackBANK0  062
ADC_Sample@j             cstackBANK0  060
PL10                     text13       61D
PL12                     text3        466
PL14                     text13       623
PL16                     text17       1E2
PL2                      text17       1CA
PL4                      text18       544
PL6                      text17       1D9
PL8                      text10       0FA
_ADCON0                  (abs)        095
_ADCON1                  (abs)        096
_ADC_Sample              text17       100
_ADRESH                  (abs)        099
_ADRESL                  (abs)        098
_AD_Init                 text20       65F
_ANSEL0                  (abs)        093
_ANSEL1                  (abs)        094
_CHS4                    (abs)        4B6
_GIE                     (abs)        05F
_GODONE                  (abs)        4A9
_INTCON                  (abs)        00B
_IOCA                    (abs)        089
_IOCB                    (abs)        009
_Init_System             text19       5DD
_IntFlag                 bssBANK0     05C
_Isr_Timer               text21       589
_LDO_EN                  (abs)        4B2
_OPTION_REG              (abs)        001
_OSCCON                  (abs)        014
_PEIE                    (abs)        05E
_PIE1                    (abs)        00E
_PIR1                    (abs)        00D
_PORTA                   (abs)        086
_PORTB                   (abs)        006
_PR2                     (abs)        011
_PWM23DT                 (abs)        09D
_PWMCON0                 (abs)        015
_PWMCON1                 (abs)        016
_PWMCON2                 (abs)        01D
_PWMD23H                 (abs)        09E
_PWMD2L                  (abs)        09B
_PWMTH                   (abs)        018
_PWMTL                   (abs)        017
_RA2                     (abs)        432
_RA3                     (abs)        433
_RA4                     (abs)        434
_RA5                     (abs)        435
_RAIE                    (abs)        073
_RAIF                    (abs)        06B
_RB3                     (abs)        033
_RB4                     (abs)        034
_RB5                     (abs)        035
_RB6                     (abs)        036
_RBIE                    (abs)        05B
_RBIF                    (abs)        058
_Sleep_Mode              text18       50C
_T2CON                   (abs)        013
_TMR2IE                  (abs)        071
_TMR2IF                  (abs)        069
_TRISA                   (abs)        085
_TRISB                   (abs)        005
_WPDA                    (abs)        087
_WPUA                    (abs)        088
_WPUB                    (abs)        008
__Habs1                  abs1         000
__Hbank0                 bank0        000
__Hbank1                 bank1        000
__HbssBANK0              bssBANK0     000
__HbssCOMMON             bssCOMMON    000
__Hcinit                 cinit        017
__Hclrtext               clrtext      000
__Hcode                  code         000
__Hcommon                common       000
__Hconfig                config       000
__HcstackBANK0           cstackBANK0  000
__HcstackBANK1           cstackBANK1  000
__HcstackCOMMON          cstackCOMMON 000
__Heeprom_data           eeprom_data  000
__Hend_init              end_init     00D
__Hfunctab               functab      000
__Hidloc                 idloc        000
__Hinit                  init         00C
__Hintentry              intentry     00C
__Hmaintext              maintext     000
__HnvBANK0               nvBANK0      000
__Hpa_nodes0             pa_nodes0    000
__Hpowerup               powerup      000
__Hram                   ram          000
__Hreset_vec             reset_vec    001
__Hsfr0                  sfr0         000
__Hsfr1                  sfr1         000
__Hspace_0               (abs)        67F
__Hspace_1               (abs)        0A3
__Hspace_2               (abs)        000
__Hspace_3               (abs)        000
__Hstack                 stack        000
__Hstrings               strings      000
__Htext                  text         000
__Labs1                  abs1         000
__Lbank0                 bank0        000
__Lbank1                 bank1        000
__LbssBANK0              bssBANK0     000
__LbssCOMMON             bssCOMMON    000
__Lcinit                 cinit        00D
__Lclrtext               clrtext      000
__Lcode                  code         000
__Lcommon                common       000
__Lconfig                config       000
__LcstackBANK0           cstackBANK0  000
__LcstackBANK1           cstackBANK1  000
__LcstackCOMMON          cstackCOMMON 000
__Leeprom_data           eeprom_data  000
__Lend_init              end_init     00C
__Lfunctab               functab      000
__Lidloc                 idloc        000
__Linit                  init         00C
__Lintentry              intentry     004
__Lmaintext              maintext     000
__LnvBANK0               nvBANK0      000
__Lpa_nodes0             pa_nodes0    000
__Lpowerup               powerup      000
__Lram                   ram          000
__Lreset_vec             reset_vec    000
__Lsfr0                  sfr0         000
__Lsfr1                  sfr1         000
__Lspace_0               (abs)        000
__Lspace_1               (abs)        000
__Lspace_2               (abs)        000
__Lspace_3               (abs)        000
__Lstack                 stack        000
__Lstrings               strings      000
__Ltext                  text         000
__S0                     (abs)        67F
__S1                     (abs)        0A3
__S2                     (abs)        000
___bmul                  text15       647
___bmul@multiplicand     cstackCOMMON 073
___bmul@multiplier       cstackCOMMON 075
___bmul@product          cstackCOMMON 074
___int_sp                stack        000
___latbits               (abs)        000
___lbdiv                 text5        5C2
___lbdiv@counter         cstackCOMMON 075
___lbdiv@dividend        cstackCOMMON 074
___lbdiv@divisor         cstackCOMMON 073
___lbdiv@quotient        cstackCOMMON 076
___lbmod                 text4        5A6
___lbmod@counter         cstackCOMMON 076
___lbmod@dividend        cstackCOMMON 075
___lbmod@divisor         cstackCOMMON 073
___lbmod@rem             cstackCOMMON 077
___sp                    stack        000
__end_ofPL10             text13       623
__end_ofPL12             text3        46B
__end_ofPL14             text13       627
__end_ofPL16             text17       1E7
__end_ofPL2              text17       1D9
__end_ofPL4              text18       54D
__end_ofPL6              text17       1E2
__end_ofPL8              text10       100
__end_of_ADC_Sample      text17       1CA
__end_of_AD_Init         text20       668
__end_of_Init_System     text19       5F6
__end_of_Isr_Timer       text21       5A6
__end_of_Sleep_Mode      text18       544
__end_of___bmul          text15       655
__end_of___lbdiv         text5        5DD
__end_of___lbmod         text4        5C2
__end_of__initialization cinit        015
__end_of__stringtab      strings      606
__end_of_checkBatAD      text16       393
__end_of_checkOutA       text14       400
__end_of_chrgCtr         text10       0FA
__end_of_chrgPwmInit     text13       61D
__end_of_chrgPwmStop     text12       67F
__end_of_jrPwm           text9        637
__end_of_keyCtr          text6        4BF
__end_of_keyRead         text8        589
__end_of_keyRead2        text7        56B
__end_of_ledCtr          text3        466
__end_of_ledShow         text22       2A4
__end_of_main            maintext     50C
__end_of_numArray        strings      614
__end_of_pwmInit         text2        65F
__end_of_pwmStop         text11       678
__end_of_workCtr         text1        321
__initialization         cinit        00D
__pbssBANK0              bssBANK0     020
__pbssCOMMON             bssCOMMON    078
__pcstackBANK0           cstackBANK0  060
__pcstackBANK1           cstackBANK1  0A0
__pcstackCOMMON          cstackCOMMON 070
__pintentry              intentry     004
__pmaintext              maintext     4BF
__pnvBANK0               nvBANK0      06D
__pstrings               strings      600
__pswtext1               swtext1      637
__ptext1                 text1        2A4
__ptext10                text10       017
__ptext11                text11       670
__ptext12                text12       678
__ptext13                text13       614
__ptext14                text14       393
__ptext15                text15       647
__ptext16                text16       321
__ptext17                text17       100
__ptext18                text18       50C
__ptext19                text19       5DD
__ptext2                 text2        655
__ptext20                text20       65F
__ptext21                text21       589
__ptext22                text22       1E7
__ptext3                 text3        400
__ptext4                 text4        5A6
__ptext5                 text5        5C2
__ptext6                 text6        46B
__ptext7                 text7        54D
__ptext8                 text8        56B
__ptext9                 text9        627
__size_of_ADC_Sample     (abs)        000
__size_of_AD_Init        (abs)        000
__size_of_Init_System    (abs)        000
__size_of_Isr_Timer      (abs)        000
__size_of_Sleep_Mode     (abs)        000
__size_of___bmul         (abs)        000
__size_of___lbdiv        (abs)        000
__size_of___lbmod        (abs)        000
__size_of_checkBatAD     (abs)        000
__size_of_checkOutA      (abs)        000
__size_of_chrgCtr        (abs)        000
__size_of_chrgPwmInit    (abs)        000
__size_of_chrgPwmStop    (abs)        000
__size_of_jrPwm          (abs)        000
__size_of_keyCtr         (abs)        000
__size_of_keyRead        (abs)        000
__size_of_keyRead2       (abs)        000
__size_of_ledCtr         (abs)        000
__size_of_ledShow        (abs)        000
__size_of_main           (abs)        000
__size_of_pwmInit        (abs)        000
__size_of_pwmStop        (abs)        000
__size_of_workCtr        (abs)        000
__stringbase             strings      605
__stringtab              strings      600
_addTime                 bssBANK0     047
_adresult                bssBANK0     036
_batADValue              bssBANK0     02E
_checkBatAD              text16       321
_checkOutA               text14       393
_chrgCtr                 text10       017
_chrgFlag                bssBANK0     05B
_chrgFullFlag            bssBANK0     05A
_chrgMaxAD               bssBANK0     049
_chrgMaxDuty             bssBANK0     044
_chrgMode                bssBANK0     04A
_chrgPwmFlag             bssBANK0     03E
_chrgPwmInit             text13       614
_chrgPwmStop             text12       678
_chrgWaitTime            bssBANK0     045
_count1s                 bssBANK0     05D
_count50s                bssBANK0     02C
_count5s                 bssBANK0     028
_count8s                 bssBANK0     024
_count900s               bssBANK0     022
_firstTime               nvBANK0      06F
_fullCount               bssBANK0     02A
_geweiNum                nvBANK0      06D
_intCount                bssBANK0     05E
_intCount10              bssBANK0     059
_jrDuty                  bssBANK0     03A
_jrDutyFX                bssBANK0     039
_jrPwm                   text9        627
_jrPwmTime               bssBANK0     03B
_jrShowTime              bssBANK0     03C
_jrStartTime             bssBANK0     020
_jrStep                  bssCOMMON    078
_jrWaitTime              bssBANK0     038
_keyCount                bssBANK0     055
_keyCount2               bssBANK0     054
_keyCtr                  text6        46B
_keyRead                 text8        56B
_keyRead2                text7        54D
_ledCnt                  bssBANK0     056
_ledCntTime              bssBANK0     043
_ledCtr                  text3        400
_ledShow                 text22       1E7
_lockCount               bssBANK0     048
_longPressFlag           bssBANK0     053
_longPressFlag2          bssBANK0     052
_lowBatFlag              bssBANK0     042
_main                    maintext     4BF
_maxDuty                 bssBANK0     051
_motorPwmFlag            bssBANK0     03D
_numArray                strings      606
_outADValue              bssBANK0     030
_overChrgTime            bssBANK0     04E
_overCount               bssBANK0     050
_overWorkTime            bssBANK0     026
_power_ad                bssBANK0     032
_prePwStep               bssCOMMON    079
_preWorkStep             bssBANK0     040
_prejrStep               bssBANK0     03F
_protectFlag             bssBANK0     058
_pwStep                  bssBANK0     04D
_pwmInit                 text2        655
_pwmStop                 text11       670
_reChrgCount             bssBANK0     04C
_result                  bssBANK0     034
_shiweiNum               nvBANK0      06E
_showBatTime             bssBANK0     04B
_sleepTime               bssBANK0     041
_startTime               bssBANK0     04F
_subTime                 bssBANK0     046
_test_adc                bssBANK0     05F
_workCtr                 text1        2A4
_workOverOutTime         bssBANK0     057
_workStep                bssCOMMON    07A
btemp                    (abs)        07E
checkOutA@maxtempV       cstackBANK1  0A2
clear_ram0               clrtext      668
end_of_initialization    cinit        015
interrupt_function       intentry     004
intlevel0                functab      000
intlevel1                functab      000
intlevel2                functab      000
intlevel3                functab      000
intlevel4                functab      000
intlevel5                functab      000
keyCtr@kclick            cstackCOMMON 074
keyCtr@kclick2           cstackCOMMON 075
keyRead2@keyStatus       cstackCOMMON 073
keyRead@keyStatus        cstackCOMMON 073
reset_vec                reset_vec    000
saved_w                  (abs)        07E
stackhi                  (abs)        000
stacklo                  (abs)        000
start                    init         00C
start_initialization     cinit        00D
wtemp0                   (abs)        07E


FUNCTION INFORMATION:

 *************** function _main *****************
 Defined at:
		line 155 in file "C:\mcuproject\scm\zdt\A208_062B_SOP16\main.c"
 Parameters:    Size  Location     Type
		None
 Auto vars:     Size  Location     Type
		None
 Return value:  Size  Location     Type
                  1    wreg      void 
 Registers used:
		wreg, fsr0l, fsr0h, status,2, status,0, pclath, cstack
 Tracked objects:
		On entry : 
		On exit  : 
		Unchanged: 
 Data sizes:     COMMON   BANK0   BANK1
      Params:         0       0       0
      Locals:         0       0       0
      Temps:          0       0       0
      Totals:         0       0       0
Total ram usage:        0 bytes
 Hardware stack levels required when called:    4
 This function calls:
		_AD_Init
		_Init_System
		_Sleep_Mode
		_checkBatAD
		_checkOutA
		_chrgCtr
		_jrPwm
		_keyCtr
		_ledCtr
		_workCtr
 This function is called by:
		Startup code after reset
 This function uses a non-reentrant model


 *************** function _workCtr *****************
 Defined at:
		line 720 in file "C:\mcuproject\scm\zdt\A208_062B_SOP16\main.c"
 Parameters:    Size  Location     Type
		None
 Auto vars:     Size  Location     Type
		None
 Return value:  Size  Location     Type
                  1    wreg      void 
 Registers used:
		wreg, status,2, status,0, pclath, cstack
 Tracked objects:
		On entry : 
		On exit  : 
		Unchanged: 
 Data sizes:     COMMON   BANK0   BANK1
      Params:         0       0       0
      Locals:         0       0       0
      Temps:          1       0       0
      Totals:         1       0       0
Total ram usage:        1 bytes
 Hardware stack levels used:    1
 Hardware stack levels required when called:    3
 This function calls:
		_pwmInit
		_pwmStop
 This function is called by:
		_main
 This function uses a non-reentrant model


 *************** function _pwmInit *****************
 Defined at:
		line 1081 in file "C:\mcuproject\scm\zdt\A208_062B_SOP16\main.c"
 Parameters:    Size  Location     Type
		None
 Auto vars:     Size  Location     Type
		None
 Return value:  Size  Location     Type
                  1    wreg      void 
 Registers used:
		wreg, status,2
 Tracked objects:
		On entry : 
		On exit  : 
		Unchanged: 
 Data sizes:     COMMON   BANK0   BANK1
      Params:         0       0       0
      Locals:         0       0       0
      Temps:          0       0       0
      Totals:         0       0       0
Total ram usage:        0 bytes
 Hardware stack levels used:    1
 Hardware stack levels required when called:    2
 This function calls:
		Nothing
 This function is called by:
		_workCtr
 This function uses a non-reentrant model


 *************** function _ledCtr *****************
 Defined at:
		line 368 in file "C:\mcuproject\scm\zdt\A208_062B_SOP16\main.c"
 Parameters:    Size  Location     Type
		None
 Auto vars:     Size  Location     Type
		None
 Return value:  Size  Location     Type
                  1    wreg      void 
 Registers used:
		wreg, fsr0l, fsr0h, status,2, status,0, pclath, cstack
 Tracked objects:
		On entry : 
		On exit  : 
		Unchanged: 
 Data sizes:     COMMON   BANK0   BANK1
      Params:         0       0       0
      Locals:         0       0       0
      Temps:          0       0       0
      Totals:         0       0       0
Total ram usage:        0 bytes
 Hardware stack levels used:    1
 Hardware stack levels required when called:    3
 This function calls:
		___lbdiv
		___lbmod
 This function is called by:
		_main
 This function uses a non-reentrant model


 *************** function ___lbmod *****************
 Defined at:
		line 4 in file "C:\mcuproject\scm\SCMCU_IDE_V2.00.16_Beta5\SCMCU_IDE_V2.00.16_Beta5\data\sources\common\lbmod.c"
 Parameters:    Size  Location     Type
  dividend        1    wreg     unsigned char 
  divisor         1    3[COMMON] unsigned char 
 Auto vars:     Size  Location     Type
  dividend        1    5[COMMON] unsigned char 
  rem             1    7[COMMON] unsigned char 
  counter         1    6[COMMON] unsigned char 
 Return value:  Size  Location     Type
                  1    wreg      unsigned char 
 Registers used:
		wreg, status,2, status,0
 Tracked objects:
		On entry : 
		On exit  : 
		Unchanged: 
 Data sizes:     COMMON   BANK0   BANK1
      Params:         1       0       0
      Locals:         3       0       0
      Temps:          1       0       0
      Totals:         5       0       0
Total ram usage:        5 bytes
 Hardware stack levels used:    1
 Hardware stack levels required when called:    2
 This function calls:
		Nothing
 This function is called by:
		_ledCtr
 This function uses a non-reentrant model


 *************** function ___lbdiv *****************
 Defined at:
		line 4 in file "C:\mcuproject\scm\SCMCU_IDE_V2.00.16_Beta5\SCMCU_IDE_V2.00.16_Beta5\data\sources\common\lbdiv.c"
 Parameters:    Size  Location     Type
  dividend        1    wreg     unsigned char 
  divisor         1    3[COMMON] unsigned char 
 Auto vars:     Size  Location     Type
  dividend        1    4[COMMON] unsigned char 
  quotient        1    6[COMMON] unsigned char 
  counter         1    5[COMMON] unsigned char 
 Return value:  Size  Location     Type
                  1    wreg      unsigned char 
 Registers used:
		wreg, status,2, status,0
 Tracked objects:
		On entry : 
		On exit  : 
		Unchanged: 
 Data sizes:     COMMON   BANK0   BANK1
      Params:         1       0       0
      Locals:         3       0       0
      Temps:          0       0       0
      Totals:         4       0       0
Total ram usage:        4 bytes
 Hardware stack levels used:    1
 Hardware stack levels required when called:    2
 This function calls:
		Nothing
 This function is called by:
		_ledCtr
 This function uses a non-reentrant model


 *************** function _keyCtr *****************
 Defined at:
		line 641 in file "C:\mcuproject\scm\zdt\A208_062B_SOP16\main.c"
 Parameters:    Size  Location     Type
		None
 Auto vars:     Size  Location     Type
  kclick2         1    5[COMMON] unsigned char 
  kclick          1    4[COMMON] unsigned char 
 Return value:  Size  Location     Type
                  1    wreg      void 
 Registers used:
		wreg, status,2, status,0, pclath, cstack
 Tracked objects:
		On entry : 
		On exit  : 
		Unchanged: 
 Data sizes:     COMMON   BANK0   BANK1
      Params:         0       0       0
      Locals:         2       0       0
      Temps:          0       0       0
      Totals:         2       0       0
Total ram usage:        2 bytes
 Hardware stack levels used:    1
 Hardware stack levels required when called:    3
 This function calls:
		_keyRead
		_keyRead2
 This function is called by:
		_main
 This function uses a non-reentrant model


 *************** function _keyRead2 *****************
 Defined at:
		line 607 in file "C:\mcuproject\scm\zdt\A208_062B_SOP16\main.c"
 Parameters:    Size  Location     Type
  keyStatus       1    wreg     unsigned char 
 Auto vars:     Size  Location     Type
  keyStatus       1    3[COMMON] unsigned char 
 Return value:  Size  Location     Type
                  1    wreg      unsigned char 
 Registers used:
		wreg, status,2, status,0
 Tracked objects:
		On entry : 
		On exit  : 
		Unchanged: 
 Data sizes:     COMMON   BANK0   BANK1
      Params:         0       0       0
      Locals:         1       0       0
      Temps:          0       0       0
      Totals:         1       0       0
Total ram usage:        1 bytes
 Hardware stack levels used:    1
 Hardware stack levels required when called:    2
 This function calls:
		Nothing
 This function is called by:
		_keyCtr
 This function uses a non-reentrant model


 *************** function _keyRead *****************
 Defined at:
		line 573 in file "C:\mcuproject\scm\zdt\A208_062B_SOP16\main.c"
 Parameters:    Size  Location     Type
  keyStatus       1    wreg     unsigned char 
 Auto vars:     Size  Location     Type
  keyStatus       1    3[COMMON] unsigned char 
 Return value:  Size  Location     Type
                  1    wreg      unsigned char 
 Registers used:
		wreg, status,2, status,0
 Tracked objects:
		On entry : 
		On exit  : 
		Unchanged: 
 Data sizes:     COMMON   BANK0   BANK1
      Params:         0       0       0
      Locals:         1       0       0
      Temps:          0       0       0
      Totals:         1       0       0
Total ram usage:        1 bytes
 Hardware stack levels used:    1
 Hardware stack levels required when called:    2
 This function calls:
		Nothing
 This function is called by:
		_keyCtr
 This function uses a non-reentrant model


 *************** function _jrPwm *****************
 Defined at:
		line 704 in file "C:\mcuproject\scm\zdt\A208_062B_SOP16\main.c"
 Parameters:    Size  Location     Type
		None
 Auto vars:     Size  Location     Type
		None
 Return value:  Size  Location     Type
                  1    wreg      void 
 Registers used:
		wreg, status,2, status,0
 Tracked objects:
		On entry : 
		On exit  : 
		Unchanged: 
 Data sizes:     COMMON   BANK0   BANK1
      Params:         0       0       0
      Locals:         0       0       0
      Temps:          0       0       0
      Totals:         0       0       0
Total ram usage:        0 bytes
 Hardware stack levels used:    1
 Hardware stack levels required when called:    2
 This function calls:
		Nothing
 This function is called by:
		_main
 This function uses a non-reentrant model


 *************** function _chrgCtr *****************
 Defined at:
		line 425 in file "C:\mcuproject\scm\zdt\A208_062B_SOP16\main.c"
 Parameters:    Size  Location     Type
		None
 Auto vars:     Size  Location     Type
		None
 Return value:  Size  Location     Type
                  1    wreg      void 
 Registers used:
		wreg, status,2, status,0, pclath, cstack
 Tracked objects:
		On entry : 
		On exit  : 
		Unchanged: 
 Data sizes:     COMMON   BANK0   BANK1
      Params:         0       0       0
      Locals:         0       0       0
      Temps:          2       0       0
      Totals:         2       0       0
Total ram usage:        2 bytes
 Hardware stack levels used:    1
 Hardware stack levels required when called:    3
 This function calls:
		_chrgPwmInit
		_chrgPwmStop
		_pwmStop
 This function is called by:
		_main
 This function uses a non-reentrant model


 *************** function _pwmStop *****************
 Defined at:
		line 1097 in file "C:\mcuproject\scm\zdt\A208_062B_SOP16\main.c"
 Parameters:    Size  Location     Type
		None
 Auto vars:     Size  Location     Type
		None
 Return value:  Size  Location     Type
                  1    wreg      void 
 Registers used:
		wreg, status,2, status,0
 Tracked objects:
		On entry : 
		On exit  : 
		Unchanged: 
 Data sizes:     COMMON   BANK0   BANK1
      Params:         0       0       0
      Locals:         0       0       0
      Temps:          0       0       0
      Totals:         0       0       0
Total ram usage:        0 bytes
 Hardware stack levels used:    1
 Hardware stack levels required when called:    2
 This function calls:
		Nothing
 This function is called by:
		_chrgCtr
		_workCtr
 This function uses a non-reentrant model


 *************** function _chrgPwmStop *****************
 Defined at:
		line 1071 in file "C:\mcuproject\scm\zdt\A208_062B_SOP16\main.c"
 Parameters:    Size  Location     Type
		None
 Auto vars:     Size  Location     Type
		None
 Return value:  Size  Location     Type
                  1    wreg      void 
 Registers used:
		wreg, status,2, status,0
 Tracked objects:
		On entry : 
		On exit  : 
		Unchanged: 
 Data sizes:     COMMON   BANK0   BANK1
      Params:         0       0       0
      Locals:         0       0       0
      Temps:          0       0       0
      Totals:         0       0       0
Total ram usage:        0 bytes
 Hardware stack levels used:    1
 Hardware stack levels required when called:    2
 This function calls:
		Nothing
 This function is called by:
		_chrgCtr
 This function uses a non-reentrant model


 *************** function _chrgPwmInit *****************
 Defined at:
		line 1053 in file "C:\mcuproject\scm\zdt\A208_062B_SOP16\main.c"
 Parameters:    Size  Location     Type
		None
 Auto vars:     Size  Location     Type
		None
 Return value:  Size  Location     Type
                  1    wreg      void 
 Registers used:
		wreg, status,2
 Tracked objects:
		On entry : 
		On exit  : 
		Unchanged: 
 Data sizes:     COMMON   BANK0   BANK1
      Params:         0       0       0
      Locals:         0       0       0
      Temps:          0       0       0
      Totals:         0       0       0
Total ram usage:        0 bytes
 Hardware stack levels used:    1
 Hardware stack levels required when called:    2
 This function calls:
		Nothing
 This function is called by:
		_chrgCtr
 This function uses a non-reentrant model


 *************** function _checkOutA *****************
 Defined at:
		line 808 in file "C:\mcuproject\scm\zdt\A208_062B_SOP16\main.c"
 Parameters:    Size  Location     Type
		None
 Auto vars:     Size  Location     Type
  maxtempV        1    2[BANK1 ] unsigned char 
 Return value:  Size  Location     Type
                  1    wreg      void 
 Registers used:
		wreg, status,2, status,0, pclath, cstack
 Tracked objects:
		On entry : 
		On exit  : 
		Unchanged: 
 Data sizes:     COMMON   BANK0   BANK1
      Params:         0       0       0
      Locals:         0       0       1
      Temps:          0       0       2
      Totals:         0       0       3
Total ram usage:        3 bytes
 Hardware stack levels used:    1
 Hardware stack levels required when called:    3
 This function calls:
		_ADC_Sample
		___bmul
 This function is called by:
		_main
 This function uses a non-reentrant model


 *************** function ___bmul *****************
 Defined at:
		line 4 in file "C:\mcuproject\scm\SCMCU_IDE_V2.00.16_Beta5\SCMCU_IDE_V2.00.16_Beta5\data\sources\common\Umul8.c"
 Parameters:    Size  Location     Type
  multiplier      1    wreg     unsigned char 
  multiplicand    1    3[COMMON] unsigned char 
 Auto vars:     Size  Location     Type
  multiplier      1    5[COMMON] unsigned char 
  product         1    4[COMMON] unsigned char 
 Return value:  Size  Location     Type
                  1    wreg      unsigned char 
 Registers used:
		wreg, status,2, status,0
 Tracked objects:
		On entry : 
		On exit  : 
		Unchanged: 
 Data sizes:     COMMON   BANK0   BANK1
      Params:         1       0       0
      Locals:         2       0       0
      Temps:          0       0       0
      Totals:         3       0       0
Total ram usage:        3 bytes
 Hardware stack levels used:    1
 Hardware stack levels required when called:    2
 This function calls:
		Nothing
 This function is called by:
		_checkOutA
 This function uses a non-reentrant model


 *************** function _checkBatAD *****************
 Defined at:
		line 875 in file "C:\mcuproject\scm\zdt\A208_062B_SOP16\main.c"
 Parameters:    Size  Location     Type
		None
 Auto vars:     Size  Location     Type
		None
 Return value:  Size  Location     Type
                  1    wreg      void 
 Registers used:
		wreg, status,2, status,0, pclath, cstack
 Tracked objects:
		On entry : 
		On exit  : 
		Unchanged: 
 Data sizes:     COMMON   BANK0   BANK1
      Params:         0       0       0
      Locals:         0       0       0
      Temps:          0       0       2
      Totals:         0       0       2
Total ram usage:        2 bytes
 Hardware stack levels used:    1
 Hardware stack levels required when called:    3
 This function calls:
		_ADC_Sample
 This function is called by:
		_main
 This function uses a non-reentrant model


 *************** function _ADC_Sample *****************
 Defined at:
		line 1192 in file "C:\mcuproject\scm\zdt\A208_062B_SOP16\main.c"
 Parameters:    Size  Location     Type
  adch            1    wreg     unsigned char 
  adldo           1    3[COMMON] unsigned char 
 Auto vars:     Size  Location     Type
  adch            1    1[BANK0 ] unsigned char 
  j               1    0[BANK0 ] unsigned char 
  adsum           4    3[BANK0 ] volatile unsigned long 
  ad_temp         2   11[BANK0 ] volatile unsigned int 
  admax           2    9[BANK0 ] volatile unsigned int 
  admin           2    7[BANK0 ] volatile unsigned int 
  i               1    2[BANK0 ] unsigned char 
 Return value:  Size  Location     Type
                  1    wreg      unsigned char 
 Registers used:
		wreg, status,2, status,0
 Tracked objects:
		On entry : 
		On exit  : 
		Unchanged: 
 Data sizes:     COMMON   BANK0   BANK1
      Params:         1       0       0
      Locals:         0      13       0
      Temps:          4       0       0
      Totals:         5      13       0
Total ram usage:       18 bytes
 Hardware stack levels used:    1
 Hardware stack levels required when called:    2
 This function calls:
		Nothing
 This function is called by:
		_checkOutA
		_checkBatAD
 This function uses a non-reentrant model


 *************** function _Sleep_Mode *****************
 Defined at:
		line 1115 in file "C:\mcuproject\scm\zdt\A208_062B_SOP16\main.c"
 Parameters:    Size  Location     Type
		None
 Auto vars:     Size  Location     Type
		None
 Return value:  Size  Location     Type
                  1    wreg      void 
 Registers used:
		wreg, status,2, status,0, pclath, cstack
 Tracked objects:
		On entry : 
		On exit  : 
		Unchanged: 
 Data sizes:     COMMON   BANK0   BANK1
      Params:         0       0       0
      Locals:         0       0       0
      Temps:          0       0       0
      Totals:         0       0       0
Total ram usage:        0 bytes
 Hardware stack levels used:    1
 Hardware stack levels required when called:    3
 This function calls:
		_AD_Init
		_Init_System
 This function is called by:
		_main
 This function uses a non-reentrant model


 *************** function _Init_System *****************
 Defined at:
		line 960 in file "C:\mcuproject\scm\zdt\A208_062B_SOP16\main.c"
 Parameters:    Size  Location     Type
		None
 Auto vars:     Size  Location     Type
		None
 Return value:  Size  Location     Type
                  1    wreg      void 
 Registers used:
		wreg, status,2
 Tracked objects:
		On entry : 
		On exit  : 
		Unchanged: 
 Data sizes:     COMMON   BANK0   BANK1
      Params:         0       0       0
      Locals:         0       0       0
      Temps:          0       0       0
      Totals:         0       0       0
Total ram usage:        0 bytes
 Hardware stack levels used:    1
 Hardware stack levels required when called:    2
 This function calls:
		Nothing
 This function is called by:
		_main
		_Sleep_Mode
 This function uses a non-reentrant model


 *************** function _AD_Init *****************
 Defined at:
		line 997 in file "C:\mcuproject\scm\zdt\A208_062B_SOP16\main.c"
 Parameters:    Size  Location     Type
		None
 Auto vars:     Size  Location     Type
		None
 Return value:  Size  Location     Type
                  1    wreg      void 
 Registers used:
		wreg, status,2
 Tracked objects:
		On entry : 
		On exit  : 
		Unchanged: 
 Data sizes:     COMMON   BANK0   BANK1
      Params:         0       0       0
      Locals:         0       0       0
      Temps:          0       0       0
      Totals:         0       0       0
Total ram usage:        0 bytes
 Hardware stack levels used:    1
 Hardware stack levels required when called:    2
 This function calls:
		Nothing
 This function is called by:
		_main
		_Sleep_Mode
 This function uses a non-reentrant model


 *************** function _Isr_Timer *****************
 Defined at:
		line 131 in file "C:\mcuproject\scm\zdt\A208_062B_SOP16\main.c"
 Parameters:    Size  Location     Type
		None
 Auto vars:     Size  Location     Type
		None
 Return value:  Size  Location     Type
                  1    wreg      void 
 Registers used:
		wreg, fsr0l, fsr0h, status,2, status,0, pclath, cstack
 Tracked objects:
		On entry : 
		On exit  : 
		Unchanged: 
 Data sizes:     COMMON   BANK0   BANK1
      Params:         0       0       0
      Locals:         0       0       0
      Temps:          3       0       0
      Totals:         3       0       0
Total ram usage:        3 bytes
 Hardware stack levels used:    1
 Hardware stack levels required when called:    1
 This function calls:
		_ledShow
 This function is called by:
		Interrupt level 1
 This function uses a non-reentrant model


 *************** function _ledShow *****************
 Defined at:
		line 200 in file "C:\mcuproject\scm\zdt\A208_062B_SOP16\main.c"
 Parameters:    Size  Location     Type
		None
 Auto vars:     Size  Location     Type
		None
 Return value:  Size  Location     Type
                  1    wreg      void 
 Registers used:
		wreg, fsr0l, fsr0h, status,2, status,0
 Tracked objects:
		On entry : 
		On exit  : 
		Unchanged: 
 Data sizes:     COMMON   BANK0   BANK1
      Params:         0       0       0
      Locals:         0       0       0
      Temps:          0       0       0
      Totals:         0       0       0
Total ram usage:        0 bytes
 Hardware stack levels used:    1
 This function calls:
		Nothing
 This function is called by:
		_Isr_Timer
 This function uses a non-reentrant model



MODULE INFORMATION

Module		Function		Class		Link	Load	Size
C:\mcuproject\scm\SCMCU_IDE_V2.00.16_Beta5\SCMCU_IDE_V2.00.16_Beta5\data\sources\common\lbmod.c
		___lbmod       		CODE           	05A6	0000	29

C:\mcuproject\scm\SCMCU_IDE_V2.00.16_Beta5\SCMCU_IDE_V2.00.16_Beta5\data\sources\common\lbmod.c estimated size: 29

C:\mcuproject\scm\zdt\A208_062B_SOP16\main.c
		_checkBatAD    		CODE           	0321	0000	115
		_jrPwm         		CODE           	0627	0000	17
		_keyRead       		CODE           	056B	0000	31
		_keyRead2      		CODE           	054D	0000	31
		_Sleep_Mode    		CODE           	050C	0000	57
		_main          		CODE           	04BF	0000	78
		_checkOutA     		CODE           	0393	0000	110
		_AD_Init       		CODE           	065F	0000	10
		_keyCtr        		CODE           	046B	0000	85
		_ledCtr        		CODE           	0400	0000	103
		_pwmInit       		CODE           	0655	0000	11
		_workCtr       		CODE           	02A4	0000	126
		_ledShow       		CODE           	01E7	0000	190
		_pwmStop       		CODE           	0670	0000	9
		_chrgPwmInit   		CODE           	0614	0000	10
		_chrgPwmStop   		CODE           	0678	0000	8
		_Init_System   		CODE           	05DD	0000	26
		_ADC_Sample    		CODE           	0100	0000	203
		_Isr_Timer     		CODE           	0589	0000	30
		_chrgCtr       		CODE           	0017	0000	228

C:\mcuproject\scm\zdt\A208_062B_SOP16\main.c estimated size: 1478

C:\mcuproject\scm\SCMCU_IDE_V2.00.16_Beta5\SCMCU_IDE_V2.00.16_Beta5\data\sources\common\Umul8.c
		___bmul        		CODE           	0647	0000	15

C:\mcuproject\scm\SCMCU_IDE_V2.00.16_Beta5\SCMCU_IDE_V2.00.16_Beta5\data\sources\common\Umul8.c estimated size: 15

C:\mcuproject\scm\SCMCU_IDE_V2.00.16_Beta5\SCMCU_IDE_V2.00.16_Beta5\data\sources\common\lbdiv.c
		___lbdiv       		CODE           	05C2	0000	28

C:\mcuproject\scm\SCMCU_IDE_V2.00.16_Beta5\SCMCU_IDE_V2.00.16_Beta5\data\sources\common\lbdiv.c estimated size: 28

shared
		PL12           		CODE           	0466	0000	6
		PL8            		CODE           	00FA	0000	7
		PL14           		CODE           	0623	0000	5
		__stringtab    		STRING         	0600	0000	7
		PL16           		CODE           	01E2	0000	6
		__initialization		CODE           	000D	0000	9
		_numArray      		STRING         	0606	0000	15
		PL2            		CODE           	01CA	0000	16
		PL10           		CODE           	061D	0000	7
		PL4            		CODE           	0544	0000	10
		PL6            		CODE           	01D9	0000	10

shared estimated size: 98

