Microchip MPLAB XC8 Compiler V1.45 ()

Linker command line:

-W-9 \
  --edf=H:\MyDownloads\IDE_RAR\SCMCU_IDE_V2.00.09_Beta4\SCMCU_IDE_V2.00.09_Beta4\data\dat\en_msgs.txt \
  -cs -h+SC8F577X_uart_Demo.sym --cmf=SC8F577X_uart_Demo.cmf -z -QSC8F5773 \
  -oC:\Users\Administrator\AppData\Local\Temp\s88o.2 \
  -MSC8F577X_uart_Demo.map -E1 -ver=XC8 -ASTACK=0A0h-0efh -pstack=STACK \
  -ACODE=00h-07FFhx2 -ASTRCODE=00h-0FFFh -ASTRING=00h-0FFhx16 \
  -ACONST=00h-0FFhx16 -AENTRY=00h-0FFhx16 -ACOMMON=070h-07Fh \
  -ABANK0=020h-06Fh -ABANK1=0A0h-0EFh -ABANK2=0120h-016Fh \
  -ARAM=020h-06Fh,0A0h-0EFh,0120h-016Fh \
  -AABS1=020h-07Fh,0A0h-0EFh,0120h-016Fh -ASFR0=00h-01Fh -ASFR1=080h-09Fh \
  -ASFR2=0100h-011Fh -ASFR3=0180h-01EFh \
  -preset_vec=00h,intentry=04h,init,end_init -ppowerup=CODE -pcinit=CODE \
  -pfunctab=ENTRY -ACONFIG=02007h-02008h -pconfig=CONFIG -DCONFIG=2 \
  -AIDLOC=02000h-02003h -pidloc=IDLOC -DIDLOC=2 -DCODE=2 -DSTRCODE=2 \
  -DSTRING=2 -DCONST=2 -DENTRY=2 -k startup.obj SC8F577X_uart_Demo.obj 

Object code version is 3.11

Machine type is SC8F5773



                Name                               Link     Load   Length Selector   Space Scale
startup.obj     end_init                              D        D        2        8       0
                reset_vec                             0        0        2        0       0
SC8F577X_uart_Demo.obj
                cinit                                 F        F       17        8       0
                intentry                              4        4        9        8       0
                text2                                26       26       28        8       0
                text1                                6F       6F       1F        8       0
                maintext                             4E       4E       21        8       0
                cstackBANK0                          2A       2A        1       20       1
                cstackCOMMON                         77       77        3       70       1
                bssBANK0                             20       20        A       20       1
                bssCOMMON                            70       70        7       70       1
                bitbssCOMMON                        3D0       7A        1       70       1     8

TOTAL           Name                               Link     Load   Length     Space
        CLASS   STACK          

        CLASS   CODE           
                end_init                              D        D        2         0
                cinit                                 F        F       17         0
                intentry                              4        4        9         0
                reset_vec                             0        0        2         0
                text2                                26       26       28         0
                text1                                6F       6F       1F         0
                maintext                             4E       4E       21         0

        CLASS   STRCODE        

        CLASS   STRING         

        CLASS   CONST          

        CLASS   ENTRY          

        CLASS   COMMON         
                cstackCOMMON                         77       77        3         1
                bssCOMMON                            70       70        7         1
                bitbssCOMMON                        3D0       7A        1         1

        CLASS   BANK0          
                cstackBANK0                          2A       2A        1         1
                bssBANK0                             20       20        A         1

        CLASS   BANK1          

        CLASS   BANK2          

        CLASS   RAM            

        CLASS   ABS1           
                abs_s1                               7E       7E        2         1

        CLASS   SFR0           

        CLASS   SFR1           

        CLASS   SFR2           

        CLASS   SFR3           

        CLASS   CONFIG         

        CLASS   IDLOC          

        CLASS   BANK3          

        CLASS   EEDATA         



SEGMENTS        Name                           Load    Length   Top    Selector   Space  Class     Delta

                reset_vec                      000000  000002  000002         0       0  CODE        2
                intentry                       000004  00008A  00008E         8       0  CODE        2
                bssBANK0                       000020  00000B  00002B        20       1  BANK0       1
                bssCOMMON                      000070  00000B  00007B        70       1  COMMON      1


UNUSED ADDRESS RANGES

        Name                Unused          Largest block    Delta
        BANK0            02B-06F            45           1
        BANK1            0A0-0EF            50           1
        BANK2            120-16F            50           1
        CODE             002-003             2           2
                         08E-FFF           772
        COMMON           07B-07D             3           1
        CONFIG           2007-2008             2           2
        CONST            002-003             2           2
                         08E-FFF           100
        ENTRY            002-003             2           2
                         08E-FFF           100
        IDLOC            2000-2003             4           2
        RAM              02B-06F            45           1
                         0A0-0EF            50
                         120-16F            50
        SFR0             000-01F            20           1
        SFR1             080-09F            20           1
        SFR2             100-11F            20           1
        SFR3             180-1EF            70           1
        STACK            0A0-0EF            50           1
        STRCODE          002-003             2           2
                         08E-FFF           F72
        STRING           002-003             2           2
                         08E-FFF           100

                                  Symbol Table

PB_Isr@RxNum             bssCOMMON    076
_GIE                     (abs)        05F
_INTCON                  (abs)        00B
_Init_System             text1        06F
_OPTION_REG              (abs)        081
_OSCCON                  (abs)        088
_PB_Isr                  text2        026
_PEIE                    (abs)        05E
_PORTA                   (abs)        005
_PORTB                   (abs)        006
_RB6                     (abs)        036
_RBIF                    (abs)        058
_RCIE                    (abs)        06D
_RCIF                    (abs)        065
_RCREG                   (abs)        11B
_RCSTA                   (abs)        118
_RXOK_f                  bitbssCOMMON 3D0
_RxTable                 bssBANK0     020
_SPBRG                   (abs)        119
_TRISA                   (abs)        085
_TRISB                   (abs)        086
_TRMT                    (abs)        8B9
_TXREG                   (abs)        11A
_TXSTA                   (abs)        117
_WPUA                    (abs)        007
_WPUB                    (abs)        008
__Habs1                  abs1         000
__Hbank0                 bank0        000
__Hbank1                 bank1        000
__Hbank2                 bank2        000
__Hbank3                 bank3        000
__HbitbssCOMMON          bitbssCOMMON 000
__HbssBANK0              bssBANK0     000
__HbssCOMMON             bssCOMMON    000
__Hcinit                 cinit        026
__Hclrtext               clrtext      000
__Hcode                  code         000
__Hcommon                common       000
__Hconfig                config       000
__HcstackBANK0           cstackBANK0  000
__HcstackCOMMON          cstackCOMMON 000
__Heeprom_data           eeprom_data  000
__Hend_init              end_init     00F
__Hfunctab               functab      000
__Hidloc                 idloc        000
__Hinit                  init         00D
__Hintentry              intentry     00D
__Hmaintext              maintext     000
__Hpa_nodes0             pa_nodes0    000
__Hpowerup               powerup      000
__Hram                   ram          000
__Hreset_vec             reset_vec    002
__Hsfr0                  sfr0         000
__Hsfr1                  sfr1         000
__Hsfr2                  sfr2         000
__Hsfr3                  sfr3         000
__Hspace_0               (abs)        08E
__Hspace_1               (abs)        3D1
__Hspace_2               (abs)        000
__Hspace_3               (abs)        000
__Hstack                 stack        000
__Hstrings               strings      000
__Htext                  text         000
__Labs1                  abs1         000
__Lbank0                 bank0        000
__Lbank1                 bank1        000
__Lbank2                 bank2        000
__Lbank3                 bank3        000
__LbitbssCOMMON          bitbssCOMMON 000
__LbssBANK0              bssBANK0     000
__LbssCOMMON             bssCOMMON    000
__Lcinit                 cinit        00F
__Lclrtext               clrtext      000
__Lcode                  code         000
__Lcommon                common       000
__Lconfig                config       000
__LcstackBANK0           cstackBANK0  000
__LcstackCOMMON          cstackCOMMON 000
__Leeprom_data           eeprom_data  000
__Lend_init              end_init     00D
__Lfunctab               functab      000
__Lidloc                 idloc        000
__Linit                  init         00D
__Lintentry              intentry     004
__Lmaintext              maintext     000
__Lpa_nodes0             pa_nodes0    000
__Lpowerup               powerup      000
__Lram                   ram          000
__Lreset_vec             reset_vec    000
__Lsfr0                  sfr0         000
__Lsfr1                  sfr1         000
__Lsfr2                  sfr2         000
__Lsfr3                  sfr3         000
__Lspace_0               (abs)        000
__Lspace_1               (abs)        000
__Lspace_2               (abs)        000
__Lspace_3               (abs)        000
__Lstack                 stack        000
__Lstrings               strings      000
__Ltext                  text         000
__S0                     (abs)        08E
__S1                     (abs)        07B
__S2                     (abs)        000
___int_sp                stack        000
___latbits               (abs)        001
___sp                    stack        000
__end_of_Init_System     text1        08E
__end_of_PB_Isr          text2        04E
__end_of__initialization cinit        023
__end_of_main            maintext     06F
__initialization         cinit        00F
__pbitbssCOMMON          bitbssCOMMON 3D0
__pbssBANK0              bssBANK0     020
__pbssCOMMON             bssCOMMON    070
__pcstackBANK0           cstackBANK0  02A
__pcstackCOMMON          cstackCOMMON 077
__pintentry              intentry     004
__pmaintext              maintext     04E
__ptext0                 text0        000
__ptext1                 text1        06F
__ptext2                 text2        026
__size_of_Init_System    (abs)        000
__size_of_PB_Isr         (abs)        000
__size_of_main           (abs)        000
_main                    maintext     04E
_result                  bssCOMMON    074
_result1                 bssCOMMON    072
_result2                 bssCOMMON    070
btemp                    (abs)        07E
end_of_initialization    cinit        023
interrupt_function       intentry     004
intlevel0                functab      000
intlevel1                functab      000
intlevel2                functab      000
intlevel3                functab      000
intlevel4                functab      000
intlevel5                functab      000
main@i                   cstackBANK0  02A
reset_vec                reset_vec    000
saved_w                  (abs)        07E
stackhi                  (abs)        000
stacklo                  (abs)        000
start                    init         00D
start_initialization     cinit        00F
wtemp0                   (abs)        07E


FUNCTION INFORMATION:

 *************** function _main *****************
 Defined at:
		line 44 in file "H:\MyDownloads\说明书&测试报告\开发包\SC8F577X开发包\SC8F577X_DEMO\SC8F577X_Uart_Demo\main.c"
 Parameters:    Size  Location     Type
		None
 Auto vars:     Size  Location     Type
  i               1    0[BANK0 ] unsigned char 
 Return value:  Size  Location     Type
                  1    wreg      void 
 Registers used:
		wreg, fsr0l, fsr0h, status,2, status,0, pclath, cstack
 Tracked objects:
		On entry : 
		On exit  : 
		Unchanged: 
 Data sizes:     COMMON   BANK0   BANK1   BANK2
      Params:         0       0       0       0
      Locals:         0       1       0       0
      Temps:          0       0       0       0
      Totals:         0       1       0       0
Total ram usage:        1 bytes
 Hardware stack levels required when called:    2
 This function calls:
		_Init_System
 This function is called by:
		Startup code after reset
 This function uses a non-reentrant model


 *************** function _Init_System *****************
 Defined at:
		line 84 in file "H:\MyDownloads\说明书&测试报告\开发包\SC8F577X开发包\SC8F577X_DEMO\SC8F577X_Uart_Demo\main.c"
 Parameters:    Size  Location     Type
		None
 Auto vars:     Size  Location     Type
		None
 Return value:  Size  Location     Type
                  1    wreg      void 
 Registers used:
		wreg, status,2
 Tracked objects:
		On entry : 
		On exit  : 
		Unchanged: 
 Data sizes:     COMMON   BANK0   BANK1   BANK2
      Params:         0       0       0       0
      Locals:         0       0       0       0
      Temps:          0       0       0       0
      Totals:         0       0       0       0
Total ram usage:        0 bytes
 Hardware stack levels used:    1
 Hardware stack levels required when called:    1
 This function calls:
		Nothing
 This function is called by:
		_main
 This function uses a non-reentrant model


 *************** function _PB_Isr *****************
 Defined at:
		line 119 in file "H:\MyDownloads\说明书&测试报告\开发包\SC8F577X开发包\SC8F577X_DEMO\SC8F577X_Uart_Demo\main.c"
 Parameters:    Size  Location     Type
		None
 Auto vars:     Size  Location     Type
		None
 Return value:  Size  Location     Type
                  1    wreg      void 
 Registers used:
		wreg, fsr0l, fsr0h, status,2, status,0
 Tracked objects:
		On entry : 
		On exit  : 
		Unchanged: 
 Data sizes:     COMMON   BANK0   BANK1   BANK2
      Params:         0       0       0       0
      Locals:         0       0       0       0
      Temps:          3       0       0       0
      Totals:         3       0       0       0
Total ram usage:        3 bytes
 Hardware stack levels used:    1
 This function calls:
		Nothing
 This function is called by:
		Interrupt level 1
 This function uses a non-reentrant model



MODULE INFORMATION

Module		Function		Class		Link	Load	Size
H:\MyDownloads\说明书&测试报告\开发包\SC8F577X开发包\SC8F577X_DEMO\SC8F577X_Uart_Demo\main.c
		_main          		CODE           	004E	0000	34
		_PB_Isr        		CODE           	0026	0000	41
		_Init_System   		CODE           	006F	0000	32

H:\MyDownloads\说明书&测试报告\开发包\SC8F577X开发包\SC8F577X_DEMO\SC8F577X_Uart_Demo\main.c estimated size: 107

shared
		__initialization		CODE           	000F	0000	21

shared estimated size: 21

