Microchip MPLAB XC8 Compiler V1.45 ()

Linker command line:

-W-9 \
  --edf=C:\mcuproject\scm\SCMCU_IDE_V2.00.16_Beta5\SCMCU_IDE_V2.00.16_Beta5\data\dat\en_msgs.txt \
  -cs -h+C212_062B_SOP14.sym --cmf=C212_062B_SOP14.cmf -z -QSC8P062BD \
  -oC:\Users\hhmm6\AppData\Local\Temp\smh0.2 -MC212_062B_SOP14.map -E1 \
  -ver=XC8 -ASTACK=0A0h-0efh -pstack=STACK -ACODE=00h-07FFh \
  -ASTRCODE=00h-07FFh -ASTRING=00h-0FFhx8 -ACONST=00h-0FFhx8 \
  -AENTRY=00h-0FFhx8 -ACOMMON=070h-07Fh -ABANK0=020h-06Fh -ABANK1=0A0h-0EFh \
  -ARAM=020h-06Fh,0A0h-0EFh -AABS1=020h-07Fh,0A0h-0EFh -ASFR0=00h-01Fh \
  -ASFR1=080h-09Fh -preset_vec=00h,intentry=04h,init,end_init \
  -ppowerup=CODE -pcinit=CODE -pfunctab=ENTRY -ACONFIG=02007h-02008h \
  -pconfig=CONFIG -DCONFIG=2 -AIDLOC=02000h-02003h -pidloc=IDLOC -DIDLOC=2 \
  -DCODE=2 -DSTRCODE=2 -DSTRING=2 -DCONST=2 -DENTRY=2 -k startup.obj \
  C212_062B_SOP14.obj 

Object code version is 3.11

Machine type is SC8P062BD



                Name                               Link     Load   Length Selector   Space Scale
startup.obj     end_init                              C        C        1        8       0
                reset_vec                             0        0        1        0       0
C212_062B_SOP14.obj
                cinit                                 D        D        B        8       0
                intentry                              4        4        8        8       0
                swtext1                             5A1      5A1        6      B42       0
                text20                              35F      35F       54        8       0
                text19                              51B      51B       1D        8       0
                text18                              59A      59A        7        8       0
                text17                              4DB      4DB       22        8       0
                text16                              404      404       3E        8       0
                text15                              11C      11C       E9        8       0
                text14                              2B5      2B5       AA        8       0
                text13                              205      205       B0        8       0
                text12                              554      554       1B        8       0
                text11                              57D      57D        D        8       0
                text10                              5AA      5AA        3      B4E       0
                text9                                18       18      104        8       0
                text8                               4FD      4FD       1E        8       0
                text7                               4B3      4B3       28        8       0
                text6                               538      538       1C        8       0
                text5                               3B3      3B3       51        8       0
                text4                               56F      56F        E        8       0
                text3                               592      592        8        8       0
                text2                               5A7      5A7        3      B4E       0
                text1                               442      442       3A        8       0
                maintext                            47C      47C       37        8       0
                cstackBANK0                          56       56       13       20       1
                cstackCOMMON                         70       70        7       70       1
                clrtext                             58A      58A        8        8       0
                bssBANK0                             20       20       36       20       1
                bssCOMMON                            77       77        4       70       1
                nvBANK0                              69       69        1       20       1

TOTAL           Name                               Link     Load   Length     Space
        CLASS   STACK          

        CLASS   CODE           
                end_init                              C        C        1         0
                cinit                                 D        D        B         0
                intentry                              4        4        8         0
                reset_vec                             0        0        1         0
                text20                              35F      35F       54         0
                text19                              51B      51B       1D         0
                text18                              59A      59A        7         0
                text17                              4DB      4DB       22         0
                text16                              404      404       3E         0
                text15                              11C      11C       E9         0
                text14                              2B5      2B5       AA         0
                text13                              205      205       B0         0
                text12                              554      554       1B         0
                text11                              57D      57D        D         0
                text10                              5AA      5AA        3         0
                text9                                18       18      104         0
                text8                               4FD      4FD       1E         0
                text7                               4B3      4B3       28         0
                text6                               538      538       1C         0
                text5                               3B3      3B3       51         0
                text4                               56F      56F        E         0
                text3                               592      592        8         0
                text2                               5A7      5A7        3         0
                text1                               442      442       3A         0
                maintext                            47C      47C       37         0
                clrtext                             58A      58A        8         0

        CLASS   STRCODE        

        CLASS   STRING         

        CLASS   CONST          
                swtext1                             5A1      5A1        6         0

        CLASS   ENTRY          

        CLASS   COMMON         
                cstackCOMMON                         70       70        7         1
                bssCOMMON                            77       77        4         1

        CLASS   BANK0          
                cstackBANK0                          56       56       13         1
                bssBANK0                             20       20       36         1
                nvBANK0                              69       69        1         1

        CLASS   BANK1          

        CLASS   RAM            

        CLASS   ABS1           
                abs_s1                               7E       7E        2         1

        CLASS   SFR0           

        CLASS   SFR1           

        CLASS   CONFIG         

        CLASS   IDLOC          

        CLASS   EEDATA         



SEGMENTS        Name                           Load    Length   Top    Selector   Space  Class     Delta

                reset_vec                      000000  000001  000001         0       0  CODE        2
                intentry                       000004  00059D  0005A1         8       0  CODE        2
                bssBANK0                       000020  00004A  00006A        20       1  BANK0       1
                cstackCOMMON                   000070  00000B  00007B        70       1  COMMON      1
                swtext1                        0005A1  000006  0005A7       B42       0  CONST       2
                text2                          0005A7  000006  0005AD       B4E       0  CODE        2


UNUSED ADDRESS RANGES

        Name                Unused          Largest block    Delta
        BANK0            06A-06F             6           1
        BANK1            0A0-0EF            50           1
        CODE             001-003             3           2
                         5AD-7FF           253
        COMMON           07B-07D             3           1
        CONFIG           2007-2008             2           2
        CONST            001-003             3           2
                         5AD-7FF           100
        ENTRY            001-003             3           2
                         5AD-7FF           100
        IDLOC            2000-2003             4           2
        RAM              06A-06F             6           1
                         0A0-0EF            50
        SFR0             000-01F            20           1
        SFR1             080-09F            20           1
        STACK            0A0-0EF            50           1
        STRCODE          001-003             3           2
                         5AD-7FF           253
        STRING           001-003             3           2
                         5AD-7FF           100

                                  Symbol Table

ADC_Sample@ad_temp       cstackBANK0  065
ADC_Sample@adch          cstackBANK0  05B
ADC_Sample@adldo         cstackCOMMON 073
ADC_Sample@admax         cstackBANK0  063
ADC_Sample@admin         cstackBANK0  061
ADC_Sample@adsum         cstackBANK0  05D
ADC_Sample@i             cstackBANK0  05C
ADC_Sample@j             cstackBANK0  05A
PL10                     text15       200
PL2                      text15       1E8
PL4                      text15       1F7
PL6                      text9        116
PL8                      text11       584
_ADCON0                  (abs)        095
_ADCON1                  (abs)        096
_ADC_Sample              text15       11C
_ADRESH                  (abs)        099
_ADRESL                  (abs)        098
_AD_Init                 text18       59A
_ANSEL0                  (abs)        093
_CHS4                    (abs)        4B6
_GIE                     (abs)        05F
_GODONE                  (abs)        4A9
_INTCON                  (abs)        00B
_IOCA                    (abs)        089
_IOCB                    (abs)        009
_Init_System             text17       4DB
_IntFlag                 bssBANK0     052
_Isr_Timer               text19       51B
_LDO_EN                  (abs)        4B2
_OPTION_REG              (abs)        001
_OSCCON                  (abs)        014
_PEIE                    (abs)        05E
_PIE1                    (abs)        00E
_PIR1                    (abs)        00D
_PORTA                   (abs)        086
_PORTB                   (abs)        006
_PR2                     (abs)        011
_PWM01DT                 (abs)        01F
_PWMCON0                 (abs)        015
_PWMCON1                 (abs)        016
_PWMCON2                 (abs)        01D
_PWMD01H                 (abs)        01E
_PWMD0L                  (abs)        019
_PWMD1L                  (abs)        01A
_PWMTH                   (abs)        018
_PWMTL                   (abs)        017
_RAIE                    (abs)        073
_RAIF                    (abs)        06B
_RB0                     (abs)        030
_RB1                     (abs)        031
_RBIE                    (abs)        05B
_RBIF                    (abs)        058
_Sleep_Mode              text16       404
_T2CON                   (abs)        013
_TMR2IE                  (abs)        071
_TMR2IF                  (abs)        069
_TRISA                   (abs)        085
_TRISB                   (abs)        005
_WPDA                    (abs)        087
_WPUA                    (abs)        088
_WPUB                    (abs)        008
__Habs1                  abs1         000
__Hbank0                 bank0        000
__Hbank1                 bank1        000
__HbssBANK0              bssBANK0     000
__HbssCOMMON             bssCOMMON    000
__Hcinit                 cinit        018
__Hclrtext               clrtext      000
__Hcode                  code         000
__Hcommon                common       000
__Hconfig                config       000
__HcstackBANK0           cstackBANK0  000
__HcstackCOMMON          cstackCOMMON 000
__Heeprom_data           eeprom_data  000
__Hend_init              end_init     00D
__Hfunctab               functab      000
__Hidloc                 idloc        000
__Hinit                  init         00C
__Hintentry              intentry     00C
__Hmaintext              maintext     000
__HnvBANK0               nvBANK0      000
__Hpa_nodes0             pa_nodes0    000
__Hpowerup               powerup      000
__Hram                   ram          000
__Hreset_vec             reset_vec    001
__Hsfr0                  sfr0         000
__Hsfr1                  sfr1         000
__Hspace_0               (abs)        5AD
__Hspace_1               (abs)        07B
__Hspace_2               (abs)        000
__Hspace_3               (abs)        000
__Hstack                 stack        000
__Hstrings               strings      000
__Htext                  text         000
__Labs1                  abs1         000
__Lbank0                 bank0        000
__Lbank1                 bank1        000
__LbssBANK0              bssBANK0     000
__LbssCOMMON             bssCOMMON    000
__Lcinit                 cinit        00D
__Lclrtext               clrtext      000
__Lcode                  code         000
__Lcommon                common       000
__Lconfig                config       000
__LcstackBANK0           cstackBANK0  000
__LcstackCOMMON          cstackCOMMON 000
__Leeprom_data           eeprom_data  000
__Lend_init              end_init     00C
__Lfunctab               functab      000
__Lidloc                 idloc        000
__Linit                  init         00C
__Lintentry              intentry     004
__Lmaintext              maintext     000
__LnvBANK0               nvBANK0      000
__Lpa_nodes0             pa_nodes0    000
__Lpowerup               powerup      000
__Lram                   ram          000
__Lreset_vec             reset_vec    000
__Lsfr0                  sfr0         000
__Lsfr1                  sfr1         000
__Lspace_0               (abs)        000
__Lspace_1               (abs)        000
__Lspace_2               (abs)        000
__Lspace_3               (abs)        000
__Lstack                 stack        000
__Lstrings               strings      000
__Ltext                  text         000
__S0                     (abs)        5AD
__S1                     (abs)        07B
__S2                     (abs)        000
___bmul                  text4        56F
___bmul@multiplicand     cstackCOMMON 073
___bmul@multiplier       cstackCOMMON 075
___bmul@product          cstackCOMMON 074
___int_sp                stack        000
___latbits               (abs)        000
___lbdiv                 text12       554
___lbdiv@counter         cstackCOMMON 075
___lbdiv@dividend        cstackCOMMON 074
___lbdiv@divisor         cstackCOMMON 073
___lbdiv@quotient        cstackCOMMON 076
___lbmod                 text6        538
___lbmod@counter         cstackBANK0  057
___lbmod@dividend        cstackBANK0  056
___lbmod@divisor         cstackCOMMON 073
___lbmod@rem             cstackBANK0  058
___sp                    stack        000
__end_ofPL10             text15       205
__end_ofPL2              text15       1F7
__end_ofPL4              text15       200
__end_ofPL6              text9        11C
__end_ofPL8              text11       58A
__end_of_ADC_Sample      text15       1E8
__end_of_AD_Init         text18       5A1
__end_of_Init_System     text17       4FD
__end_of_Isr_Timer       text19       538
__end_of_Sleep_Mode      text16       442
__end_of___bmul          text4        57D
__end_of___lbdiv         text12       56F
__end_of___lbmod         text6        554
__end_of__initialization cinit        016
__end_of_checkBatAD      text14       35F
__end_of_checkOutA       text13       2B5
__end_of_chrgCtr         text9        116
__end_of_chrgPwmInit     text11       584
__end_of_chrgPwmStop     text10       5AD
__end_of_keyCtr          text7        4DB
__end_of_keyRead         text8        51B
__end_of_ledCtr          text5        404
__end_of_ledShow         text20       3B3
__end_of_main            maintext     4B3
__end_of_pwmInit         text3        59A
__end_of_pwmStop         text2        5AA
__end_of_workCtr         text1        47C
__initialization         cinit        00D
__pbssBANK0              bssBANK0     020
__pbssCOMMON             bssCOMMON    077
__pcstackBANK0           cstackBANK0  056
__pcstackCOMMON          cstackCOMMON 070
__pintentry              intentry     004
__pmaintext              maintext     47C
__pnvBANK0               nvBANK0      069
__pswtext1               swtext1      5A1
__ptext1                 text1        442
__ptext10                text10       5AA
__ptext11                text11       57D
__ptext12                text12       554
__ptext13                text13       205
__ptext14                text14       2B5
__ptext15                text15       11C
__ptext16                text16       404
__ptext17                text17       4DB
__ptext18                text18       59A
__ptext19                text19       51B
__ptext2                 text2        5A7
__ptext20                text20       35F
__ptext3                 text3        592
__ptext4                 text4        56F
__ptext5                 text5        3B3
__ptext6                 text6        538
__ptext7                 text7        4B3
__ptext8                 text8        4FD
__ptext9                 text9        018
__size_of_ADC_Sample     (abs)        000
__size_of_AD_Init        (abs)        000
__size_of_Init_System    (abs)        000
__size_of_Isr_Timer      (abs)        000
__size_of_Sleep_Mode     (abs)        000
__size_of___bmul         (abs)        000
__size_of___lbdiv        (abs)        000
__size_of___lbmod        (abs)        000
__size_of_checkBatAD     (abs)        000
__size_of_checkOutA      (abs)        000
__size_of_chrgCtr        (abs)        000
__size_of_chrgPwmInit    (abs)        000
__size_of_chrgPwmStop    (abs)        000
__size_of_keyCtr         (abs)        000
__size_of_keyRead        (abs)        000
__size_of_ledCtr         (abs)        000
__size_of_ledShow        (abs)        000
__size_of_main           (abs)        000
__size_of_pwmInit        (abs)        000
__size_of_pwmStop        (abs)        000
__size_of_workCtr        (abs)        000
_addPowerCount           bssBANK0     047
_addTime                 bssBANK0     03C
_adresult                bssBANK0     032
_batADValue              bssBANK0     02A
_checkBatAD              text14       2B5
_checkOutA               text13       205
_chrgCtr                 text9        018
_chrgFlag                bssCOMMON    07A
_chrgFullFlag            bssBANK0     051
_chrgMaxAD               bssBANK0     03E
_chrgMaxDuty             bssBANK0     039
_chrgMode                bssBANK0     03F
_chrgPwmInit             text11       57D
_chrgPwmStop             text10       5AA
_chrgWaitTime            bssBANK0     03A
_count1s                 bssBANK0     053
_count50s                bssBANK0     028
_count5s                 bssBANK0     024
_count8s                 bssBANK0     022
_count900s               bssBANK0     020
_countHalfFull           bssBANK0     04F
_firstTime               nvBANK0      069
_fullCount               bssBANK0     026
_intCount                bssBANK0     054
_intCount10              bssBANK0     050
_keyCount                bssBANK0     04B
_keyCtr                  text7        4B3
_keyRead                 text8        4FD
_ledCnt                  bssBANK0     04C
_ledCntTime              bssBANK0     038
_ledCtr                  text5        3B3
_ledShow                 text20       35F
_ledStep                 bssCOMMON    078
_lockCount               bssBANK0     03D
_lockLedStep             bssBANK0     041
_longPressFlag           bssBANK0     04A
_lowBatFlag              bssBANK0     035
_main                    maintext     47C
_maxDuty                 bssBANK0     049
_outADValue              bssBANK0     02C
_overChrgTime            bssBANK0     044
_overCount               bssBANK0     048
_overWorkTime            bssBANK0     037
_power_ad                bssBANK0     02E
_preLedStep              bssBANK0     036
_prePwStep               bssCOMMON    077
_protectFlag             bssBANK0     04E
_pwStep                  bssBANK0     043
_pwmInit                 text3        592
_pwmStop                 text2        5A7
_reChrgCount             bssBANK0     042
_result                  bssBANK0     030
_showBatTime             bssBANK0     040
_sleepTime               bssBANK0     034
_startTime               bssBANK0     045
_subTime                 bssBANK0     03B
_tempDuty                bssBANK0     046
_test_adc                bssBANK0     055
_workCtr                 text1        442
_workOverOutTime         bssBANK0     04D
_workStep                bssCOMMON    079
btemp                    (abs)        07E
checkOutA@maxAout        cstackBANK0  068
clear_ram0               clrtext      58A
end_of_initialization    cinit        016
interrupt_function       intentry     004
intlevel0                functab      000
intlevel1                functab      000
intlevel2                functab      000
intlevel3                functab      000
intlevel4                functab      000
intlevel5                functab      000
keyCtr@kclick            cstackCOMMON 074
keyRead@keyStatus        cstackCOMMON 073
reset_vec                reset_vec    000
saved_w                  (abs)        07E
stackhi                  (abs)        000
stacklo                  (abs)        000
start                    init         00C
start_initialization     cinit        00D
wtemp0                   (abs)        07E


FUNCTION INFORMATION:

 *************** function _main *****************
 Defined at:
		line 124 in file "C:\mcuproject\scm\zdt\C212-FS_062B_SOP14\main.c"
 Parameters:    Size  Location     Type
		None
 Auto vars:     Size  Location     Type
		None
 Return value:  Size  Location     Type
                  1    wreg      void 
 Registers used:
		wreg, status,2, status,0, pclath, cstack
 Tracked objects:
		On entry : 
		On exit  : 
		Unchanged: 
 Data sizes:     COMMON   BANK0   BANK1
      Params:         0       0       0
      Locals:         0       0       0
      Temps:          0       0       0
      Totals:         0       0       0
Total ram usage:        0 bytes
 Hardware stack levels required when called:    4
 This function calls:
		_AD_Init
		_Init_System
		_Sleep_Mode
		_checkBatAD
		_checkOutA
		_chrgCtr
		_keyCtr
		_ledCtr
		_workCtr
 This function is called by:
		Startup code after reset
 This function uses a non-reentrant model


 *************** function _workCtr *****************
 Defined at:
		line 534 in file "C:\mcuproject\scm\zdt\C212-FS_062B_SOP14\main.c"
 Parameters:    Size  Location     Type
		None
 Auto vars:     Size  Location     Type
		None
 Return value:  Size  Location     Type
                  1    wreg      void 
 Registers used:
		wreg, status,2, status,0, pclath, cstack
 Tracked objects:
		On entry : 
		On exit  : 
		Unchanged: 
 Data sizes:     COMMON   BANK0   BANK1
      Params:         0       0       0
      Locals:         0       0       0
      Temps:          0       0       0
      Totals:         0       0       0
Total ram usage:        0 bytes
 Hardware stack levels used:    1
 Hardware stack levels required when called:    3
 This function calls:
		___bmul
		_pwmInit
		_pwmStop
 This function is called by:
		_main
 This function uses a non-reentrant model


 *************** function _pwmStop *****************
 Defined at:
		line 920 in file "C:\mcuproject\scm\zdt\C212-FS_062B_SOP14\main.c"
 Parameters:    Size  Location     Type
		None
 Auto vars:     Size  Location     Type
		None
 Return value:  Size  Location     Type
                  1    wreg      void 
 Registers used:
		None
 Tracked objects:
		On entry : 
		On exit  : 
		Unchanged: 
 Data sizes:     COMMON   BANK0   BANK1
      Params:         0       0       0
      Locals:         0       0       0
      Temps:          0       0       0
      Totals:         0       0       0
Total ram usage:        0 bytes
 Hardware stack levels used:    1
 Hardware stack levels required when called:    2
 This function calls:
		Nothing
 This function is called by:
		_workCtr
 This function uses a non-reentrant model


 *************** function _pwmInit *****************
 Defined at:
		line 905 in file "C:\mcuproject\scm\zdt\C212-FS_062B_SOP14\main.c"
 Parameters:    Size  Location     Type
		None
 Auto vars:     Size  Location     Type
		None
 Return value:  Size  Location     Type
                  1    wreg      void 
 Registers used:
		wreg, status,2
 Tracked objects:
		On entry : 
		On exit  : 
		Unchanged: 
 Data sizes:     COMMON   BANK0   BANK1
      Params:         0       0       0
      Locals:         0       0       0
      Temps:          0       0       0
      Totals:         0       0       0
Total ram usage:        0 bytes
 Hardware stack levels used:    1
 Hardware stack levels required when called:    2
 This function calls:
		Nothing
 This function is called by:
		_workCtr
 This function uses a non-reentrant model


 *************** function ___bmul *****************
 Defined at:
		line 4 in file "C:\mcuproject\scm\SCMCU_IDE_V2.00.16_Beta5\SCMCU_IDE_V2.00.16_Beta5\data\sources\common\Umul8.c"
 Parameters:    Size  Location     Type
  multiplier      1    wreg     unsigned char 
  multiplicand    1    3[COMMON] unsigned char 
 Auto vars:     Size  Location     Type
  multiplier      1    5[COMMON] unsigned char 
  product         1    4[COMMON] unsigned char 
 Return value:  Size  Location     Type
                  1    wreg      unsigned char 
 Registers used:
		wreg, status,2, status,0
 Tracked objects:
		On entry : 
		On exit  : 
		Unchanged: 
 Data sizes:     COMMON   BANK0   BANK1
      Params:         1       0       0
      Locals:         2       0       0
      Temps:          0       0       0
      Totals:         3       0       0
Total ram usage:        3 bytes
 Hardware stack levels used:    1
 Hardware stack levels required when called:    2
 This function calls:
		Nothing
 This function is called by:
		_workCtr
 This function uses a non-reentrant model


 *************** function _ledCtr *****************
 Defined at:
		line 231 in file "C:\mcuproject\scm\zdt\C212-FS_062B_SOP14\main.c"
 Parameters:    Size  Location     Type
		None
 Auto vars:     Size  Location     Type
		None
 Return value:  Size  Location     Type
                  1    wreg      void 
 Registers used:
		wreg, status,2, status,0, pclath, cstack
 Tracked objects:
		On entry : 
		On exit  : 
		Unchanged: 
 Data sizes:     COMMON   BANK0   BANK1
      Params:         0       0       0
      Locals:         0       0       0
      Temps:          0       1       0
      Totals:         0       1       0
Total ram usage:        1 bytes
 Hardware stack levels used:    1
 Hardware stack levels required when called:    3
 This function calls:
		___lbdiv
		___lbmod
 This function is called by:
		_main
 This function uses a non-reentrant model


 *************** function ___lbmod *****************
 Defined at:
		line 4 in file "C:\mcuproject\scm\SCMCU_IDE_V2.00.16_Beta5\SCMCU_IDE_V2.00.16_Beta5\data\sources\common\lbmod.c"
 Parameters:    Size  Location     Type
  dividend        1    wreg     unsigned char 
  divisor         1    3[COMMON] unsigned char 
 Auto vars:     Size  Location     Type
  dividend        1    0[BANK0 ] unsigned char 
  rem             1    2[BANK0 ] unsigned char 
  counter         1    1[BANK0 ] unsigned char 
 Return value:  Size  Location     Type
                  1    wreg      unsigned char 
 Registers used:
		wreg, status,2, status,0
 Tracked objects:
		On entry : 
		On exit  : 
		Unchanged: 
 Data sizes:     COMMON   BANK0   BANK1
      Params:         1       0       0
      Locals:         0       3       0
      Temps:          1       0       0
      Totals:         2       3       0
Total ram usage:        5 bytes
 Hardware stack levels used:    1
 Hardware stack levels required when called:    2
 This function calls:
		Nothing
 This function is called by:
		_ledCtr
 This function uses a non-reentrant model


 *************** function _keyCtr *****************
 Defined at:
		line 497 in file "C:\mcuproject\scm\zdt\C212-FS_062B_SOP14\main.c"
 Parameters:    Size  Location     Type
		None
 Auto vars:     Size  Location     Type
  kclick          1    4[COMMON] unsigned char 
 Return value:  Size  Location     Type
                  1    wreg      void 
 Registers used:
		wreg, status,2, status,0, pclath, cstack
 Tracked objects:
		On entry : 
		On exit  : 
		Unchanged: 
 Data sizes:     COMMON   BANK0   BANK1
      Params:         0       0       0
      Locals:         1       0       0
      Temps:          0       0       0
      Totals:         1       0       0
Total ram usage:        1 bytes
 Hardware stack levels used:    1
 Hardware stack levels required when called:    3
 This function calls:
		_keyRead
 This function is called by:
		_main
 This function uses a non-reentrant model


 *************** function _keyRead *****************
 Defined at:
		line 464 in file "C:\mcuproject\scm\zdt\C212-FS_062B_SOP14\main.c"
 Parameters:    Size  Location     Type
  keyStatus       1    wreg     unsigned char 
 Auto vars:     Size  Location     Type
  keyStatus       1    3[COMMON] unsigned char 
 Return value:  Size  Location     Type
                  1    wreg      unsigned char 
 Registers used:
		wreg, status,2, status,0
 Tracked objects:
		On entry : 
		On exit  : 
		Unchanged: 
 Data sizes:     COMMON   BANK0   BANK1
      Params:         0       0       0
      Locals:         1       0       0
      Temps:          0       0       0
      Totals:         1       0       0
Total ram usage:        1 bytes
 Hardware stack levels used:    1
 Hardware stack levels required when called:    2
 This function calls:
		Nothing
 This function is called by:
		_keyCtr
 This function uses a non-reentrant model


 *************** function _chrgCtr *****************
 Defined at:
		line 299 in file "C:\mcuproject\scm\zdt\C212-FS_062B_SOP14\main.c"
 Parameters:    Size  Location     Type
		None
 Auto vars:     Size  Location     Type
		None
 Return value:  Size  Location     Type
                  1    wreg      void 
 Registers used:
		wreg, status,2, status,0, pclath, cstack
 Tracked objects:
		On entry : 
		On exit  : 
		Unchanged: 
 Data sizes:     COMMON   BANK0   BANK1
      Params:         0       0       0
      Locals:         0       0       0
      Temps:          0       2       0
      Totals:         0       2       0
Total ram usage:        2 bytes
 Hardware stack levels used:    1
 Hardware stack levels required when called:    3
 This function calls:
		___lbdiv
		_chrgPwmInit
		_chrgPwmStop
 This function is called by:
		_main
 This function uses a non-reentrant model


 *************** function _chrgPwmStop *****************
 Defined at:
		line 899 in file "C:\mcuproject\scm\zdt\C212-FS_062B_SOP14\main.c"
 Parameters:    Size  Location     Type
		None
 Auto vars:     Size  Location     Type
		None
 Return value:  Size  Location     Type
                  1    wreg      void 
 Registers used:
		None
 Tracked objects:
		On entry : 
		On exit  : 
		Unchanged: 
 Data sizes:     COMMON   BANK0   BANK1
      Params:         0       0       0
      Locals:         0       0       0
      Temps:          0       0       0
      Totals:         0       0       0
Total ram usage:        0 bytes
 Hardware stack levels used:    1
 Hardware stack levels required when called:    2
 This function calls:
		Nothing
 This function is called by:
		_chrgCtr
 This function uses a non-reentrant model


 *************** function _chrgPwmInit *****************
 Defined at:
		line 882 in file "C:\mcuproject\scm\zdt\C212-FS_062B_SOP14\main.c"
 Parameters:    Size  Location     Type
		None
 Auto vars:     Size  Location     Type
		None
 Return value:  Size  Location     Type
                  1    wreg      void 
 Registers used:
		wreg, status,2
 Tracked objects:
		On entry : 
		On exit  : 
		Unchanged: 
 Data sizes:     COMMON   BANK0   BANK1
      Params:         0       0       0
      Locals:         0       0       0
      Temps:          0       0       0
      Totals:         0       0       0
Total ram usage:        0 bytes
 Hardware stack levels used:    1
 Hardware stack levels required when called:    2
 This function calls:
		Nothing
 This function is called by:
		_chrgCtr
 This function uses a non-reentrant model


 *************** function ___lbdiv *****************
 Defined at:
		line 4 in file "C:\mcuproject\scm\SCMCU_IDE_V2.00.16_Beta5\SCMCU_IDE_V2.00.16_Beta5\data\sources\common\lbdiv.c"
 Parameters:    Size  Location     Type
  dividend        1    wreg     unsigned char 
  divisor         1    3[COMMON] unsigned char 
 Auto vars:     Size  Location     Type
  dividend        1    4[COMMON] unsigned char 
  quotient        1    6[COMMON] unsigned char 
  counter         1    5[COMMON] unsigned char 
 Return value:  Size  Location     Type
                  1    wreg      unsigned char 
 Registers used:
		wreg, status,2, status,0
 Tracked objects:
		On entry : 
		On exit  : 
		Unchanged: 
 Data sizes:     COMMON   BANK0   BANK1
      Params:         1       0       0
      Locals:         3       0       0
      Temps:          0       0       0
      Totals:         4       0       0
Total ram usage:        4 bytes
 Hardware stack levels used:    1
 Hardware stack levels required when called:    2
 This function calls:
		Nothing
 This function is called by:
		_ledCtr
		_chrgCtr
 This function uses a non-reentrant model


 *************** function _checkOutA *****************
 Defined at:
		line 575 in file "C:\mcuproject\scm\zdt\C212-FS_062B_SOP14\main.c"
 Parameters:    Size  Location     Type
		None
 Auto vars:     Size  Location     Type
  maxAout         1   18[BANK0 ] unsigned char 
  maxtempV        1    0        unsigned char 
 Return value:  Size  Location     Type
                  1    wreg      void 
 Registers used:
		wreg, status,2, status,0, pclath, cstack
 Tracked objects:
		On entry : 
		On exit  : 
		Unchanged: 
 Data sizes:     COMMON   BANK0   BANK1
      Params:         0       0       0
      Locals:         0       2       0
      Temps:          2       0       0
      Totals:         2       2       0
Total ram usage:        4 bytes
 Hardware stack levels used:    1
 Hardware stack levels required when called:    3
 This function calls:
		_ADC_Sample
 This function is called by:
		_main
 This function uses a non-reentrant model


 *************** function _checkBatAD *****************
 Defined at:
		line 703 in file "C:\mcuproject\scm\zdt\C212-FS_062B_SOP14\main.c"
 Parameters:    Size  Location     Type
		None
 Auto vars:     Size  Location     Type
		None
 Return value:  Size  Location     Type
                  1    wreg      void 
 Registers used:
		wreg, status,2, status,0, pclath, cstack
 Tracked objects:
		On entry : 
		On exit  : 
		Unchanged: 
 Data sizes:     COMMON   BANK0   BANK1
      Params:         0       0       0
      Locals:         0       0       0
      Temps:          2       0       0
      Totals:         2       0       0
Total ram usage:        2 bytes
 Hardware stack levels used:    1
 Hardware stack levels required when called:    3
 This function calls:
		_ADC_Sample
 This function is called by:
		_main
 This function uses a non-reentrant model


 *************** function _ADC_Sample *****************
 Defined at:
		line 1010 in file "C:\mcuproject\scm\zdt\C212-FS_062B_SOP14\main.c"
 Parameters:    Size  Location     Type
  adch            1    wreg     unsigned char 
  adldo           1    3[COMMON] unsigned char 
 Auto vars:     Size  Location     Type
  adch            1    5[BANK0 ] unsigned char 
  j               1    4[BANK0 ] unsigned char 
  adsum           4    7[BANK0 ] volatile unsigned long 
  ad_temp         2   15[BANK0 ] volatile unsigned int 
  admax           2   13[BANK0 ] volatile unsigned int 
  admin           2   11[BANK0 ] volatile unsigned int 
  i               1    6[BANK0 ] unsigned char 
 Return value:  Size  Location     Type
                  1    wreg      unsigned char 
 Registers used:
		wreg, status,2, status,0
 Tracked objects:
		On entry : 
		On exit  : 
		Unchanged: 
 Data sizes:     COMMON   BANK0   BANK1
      Params:         1       0       0
      Locals:         0      13       0
      Temps:          0       4       0
      Totals:         1      17       0
Total ram usage:       18 bytes
 Hardware stack levels used:    1
 Hardware stack levels required when called:    2
 This function calls:
		Nothing
 This function is called by:
		_checkOutA
		_checkBatAD
 This function uses a non-reentrant model


 *************** function _Sleep_Mode *****************
 Defined at:
		line 934 in file "C:\mcuproject\scm\zdt\C212-FS_062B_SOP14\main.c"
 Parameters:    Size  Location     Type
		None
 Auto vars:     Size  Location     Type
		None
 Return value:  Size  Location     Type
                  1    wreg      void 
 Registers used:
		wreg, status,2, status,0, pclath, cstack
 Tracked objects:
		On entry : 
		On exit  : 
		Unchanged: 
 Data sizes:     COMMON   BANK0   BANK1
      Params:         0       0       0
      Locals:         0       0       0
      Temps:          0       0       0
      Totals:         0       0       0
Total ram usage:        0 bytes
 Hardware stack levels used:    1
 Hardware stack levels required when called:    3
 This function calls:
		_AD_Init
		_Init_System
 This function is called by:
		_main
 This function uses a non-reentrant model


 *************** function _Init_System *****************
 Defined at:
		line 790 in file "C:\mcuproject\scm\zdt\C212-FS_062B_SOP14\main.c"
 Parameters:    Size  Location     Type
		None
 Auto vars:     Size  Location     Type
		None
 Return value:  Size  Location     Type
                  1    wreg      void 
 Registers used:
		wreg, status,2
 Tracked objects:
		On entry : 
		On exit  : 
		Unchanged: 
 Data sizes:     COMMON   BANK0   BANK1
      Params:         0       0       0
      Locals:         0       0       0
      Temps:          0       0       0
      Totals:         0       0       0
Total ram usage:        0 bytes
 Hardware stack levels used:    1
 Hardware stack levels required when called:    2
 This function calls:
		Nothing
 This function is called by:
		_main
		_Sleep_Mode
 This function uses a non-reentrant model


 *************** function _AD_Init *****************
 Defined at:
		line 827 in file "C:\mcuproject\scm\zdt\C212-FS_062B_SOP14\main.c"
 Parameters:    Size  Location     Type
		None
 Auto vars:     Size  Location     Type
		None
 Return value:  Size  Location     Type
                  1    wreg      void 
 Registers used:
		wreg, status,2
 Tracked objects:
		On entry : 
		On exit  : 
		Unchanged: 
 Data sizes:     COMMON   BANK0   BANK1
      Params:         0       0       0
      Locals:         0       0       0
      Temps:          0       0       0
      Totals:         0       0       0
Total ram usage:        0 bytes
 Hardware stack levels used:    1
 Hardware stack levels required when called:    2
 This function calls:
		Nothing
 This function is called by:
		_main
		_Sleep_Mode
 This function uses a non-reentrant model


 *************** function _Isr_Timer *****************
 Defined at:
		line 100 in file "C:\mcuproject\scm\zdt\C212-FS_062B_SOP14\main.c"
 Parameters:    Size  Location     Type
		None
 Auto vars:     Size  Location     Type
		None
 Return value:  Size  Location     Type
                  1    wreg      void 
 Registers used:
		wreg, fsr0l, fsr0h, status,2, status,0, pclath, cstack
 Tracked objects:
		On entry : 
		On exit  : 
		Unchanged: 
 Data sizes:     COMMON   BANK0   BANK1
      Params:         0       0       0
      Locals:         0       0       0
      Temps:          3       0       0
      Totals:         3       0       0
Total ram usage:        3 bytes
 Hardware stack levels used:    1
 Hardware stack levels required when called:    1
 This function calls:
		_ledShow
 This function is called by:
		Interrupt level 1
 This function uses a non-reentrant model


 *************** function _ledShow *****************
 Defined at:
		line 163 in file "C:\mcuproject\scm\zdt\C212-FS_062B_SOP14\main.c"
 Parameters:    Size  Location     Type
		None
 Auto vars:     Size  Location     Type
		None
 Return value:  Size  Location     Type
                  1    wreg      void 
 Registers used:
		wreg, fsr0l, fsr0h, status,2, status,0
 Tracked objects:
		On entry : 
		On exit  : 
		Unchanged: 
 Data sizes:     COMMON   BANK0   BANK1
      Params:         0       0       0
      Locals:         0       0       0
      Temps:          0       0       0
      Totals:         0       0       0
Total ram usage:        0 bytes
 Hardware stack levels used:    1
 This function calls:
		Nothing
 This function is called by:
		_Isr_Timer
 This function uses a non-reentrant model



MODULE INFORMATION

Module		Function		Class		Link	Load	Size
C:\mcuproject\scm\SCMCU_IDE_V2.00.16_Beta5\SCMCU_IDE_V2.00.16_Beta5\data\sources\common\lbmod.c
		___lbmod       		CODE           	0538	0000	29

C:\mcuproject\scm\SCMCU_IDE_V2.00.16_Beta5\SCMCU_IDE_V2.00.16_Beta5\data\sources\common\lbmod.c estimated size: 29

C:\mcuproject\scm\SCMCU_IDE_V2.00.16_Beta5\SCMCU_IDE_V2.00.16_Beta5\data\sources\common\Umul8.c
		___bmul        		CODE           	056F	0000	15

C:\mcuproject\scm\SCMCU_IDE_V2.00.16_Beta5\SCMCU_IDE_V2.00.16_Beta5\data\sources\common\Umul8.c estimated size: 15

C:\mcuproject\scm\SCMCU_IDE_V2.00.16_Beta5\SCMCU_IDE_V2.00.16_Beta5\data\sources\common\lbdiv.c
		___lbdiv       		CODE           	0554	0000	28

C:\mcuproject\scm\SCMCU_IDE_V2.00.16_Beta5\SCMCU_IDE_V2.00.16_Beta5\data\sources\common\lbdiv.c estimated size: 28

shared
		PL8            		CODE           	0584	0000	7
		__initialization		CODE           	000D	0000	10
		PL2            		CODE           	01E8	0000	16
		PL10           		CODE           	0200	0000	6
		PL4            		CODE           	01F7	0000	10
		PL6            		CODE           	0116	0000	7

shared estimated size: 56

C:\mcuproject\scm\zdt\C212-FS_062B_SOP14\main.c
		_checkBatAD    		CODE           	02B5	0000	171
		_keyRead       		CODE           	04FD	0000	31
		_Sleep_Mode    		CODE           	0404	0000	63
		_main          		CODE           	047C	0000	56
		_checkOutA     		CODE           	0205	0000	177
		_AD_Init       		CODE           	059A	0000	8
		_keyCtr        		CODE           	04B3	0000	41
		_ledCtr        		CODE           	03B3	0000	82
		_pwmInit       		CODE           	0592	0000	9
		_workCtr       		CODE           	0442	0000	59
		_ledShow       		CODE           	035F	0000	85
		_pwmStop       		CODE           	05A7	0000	4
		_chrgPwmInit   		CODE           	057D	0000	8
		_chrgPwmStop   		CODE           	05AA	0000	4
		_Init_System   		CODE           	04DB	0000	35
		_ADC_Sample    		CODE           	011C	0000	205
		_Isr_Timer     		CODE           	051B	0000	30
		_chrgCtr       		CODE           	0018	0000	255

C:\mcuproject\scm\zdt\C212-FS_062B_SOP14\main.c estimated size: 1323

