Microchip MPLAB XC8 Compiler V1.45 ()

Linker command line:

-W-8 \
  --edf=H:\MyDownloads\IDE_RAR\SCMCU_IDE_V2.00.09_Beta4\SCMCU_IDE_V2.00.09_Beta4\data\dat\en_msgs.txt \
  -cs -h+SC8F577X_PGA_Demo.sym --cmf=SC8F577X_PGA_Demo.cmf -z -QSC8F5773 \
  -oC:\Users\Administrator\AppData\Local\Temp\s9t8.2 \
  -MSC8F577X_PGA_Demo.map -E1 -ver=XC8 -ASTACK=020h-06fh -pstack=STACK \
  -ACODE=00h-07FFhx2 -ASTRCODE=00h-0FFFh -ASTRING=00h-0FFhx16 \
  -ACONST=00h-0FFhx16 -AENTRY=00h-0FFhx16 -ACOMMON=070h-07Fh \
  -ABANK0=020h-06Fh -ABANK1=0A0h-0EFh -ABANK2=0120h-016Fh \
  -ARAM=020h-06Fh,0A0h-0EFh,0120h-016Fh \
  -AABS1=020h-07Fh,0A0h-0EFh,0120h-016Fh -ASFR0=00h-01Fh -ASFR1=080h-09Fh \
  -ASFR2=0100h-011Fh -ASFR3=0180h-01EFh \
  -preset_vec=00h,intentry,init,end_init -ppowerup=CODE -pcinit=CODE \
  -pfunctab=ENTRY -ACONFIG=02007h-02008h -pconfig=CONFIG -DCONFIG=2 \
  -AIDLOC=02000h-02003h -pidloc=IDLOC -DIDLOC=2 -DCODE=2 -DSTRCODE=2 \
  -DSTRING=2 -DCONST=2 -DENTRY=2 -k startup.obj SC8F577X_PGA_Demo.obj 

Object code version is 3.11

Machine type is SC8F5773



                Name                               Link     Load   Length Selector   Space Scale
startup.obj     end_init                              0        0        2        0       0
SC8F577X_PGA_Demo.obj
                cinit                               7FB      7FB        5      FF6       0
                text2                               773      773       1A      EE6       0
                text1                               7B4      7B4       47      F68       0
                maintext                            78D      78D       27      F1A       0
                cstackCOMMON                         70       70        7       70       1
                bssCOMMON                            7B       7B        2       70       1
                nvCOMMON                             77       77        4       70       1

TOTAL           Name                               Link     Load   Length     Space
        CLASS   STACK          

        CLASS   CODE           
                end_init                              0        0        2         0
                cinit                               7FB      7FB        5         0
                text2                               773      773       1A         0
                text1                               7B4      7B4       47         0
                maintext                            78D      78D       27         0

        CLASS   STRCODE        

        CLASS   STRING         

        CLASS   CONST          

        CLASS   ENTRY          

        CLASS   COMMON         
                cstackCOMMON                         70       70        7         1
                bssCOMMON                            7B       7B        2         1
                nvCOMMON                             77       77        4         1

        CLASS   BANK0          

        CLASS   BANK1          

        CLASS   BANK2          

        CLASS   RAM            

        CLASS   ABS1           
                abs_s1                               7E       7E        2         1

        CLASS   SFR0           

        CLASS   SFR1           

        CLASS   SFR2           

        CLASS   SFR3           

        CLASS   CONFIG         

        CLASS   IDLOC          

        CLASS   BANK3          

        CLASS   EEDATA         



SEGMENTS        Name                           Load    Length   Top    Selector   Space  Class     Delta

                reset_vec                      000000  000002  000002         0       0  CODE        2
                cstackCOMMON                   000070  00000D  00007D        70       1  COMMON      1
                text2                          000773  00001A  00078D       EE6       0  CODE        2
                maintext                       00078D  000027  0007B4       F1A       0  CODE        2
                text1                          0007B4  000047  0007FB       F68       0  CODE        2
                cinit                          0007FB  000005  000800       FF6       0  CODE        2


UNUSED ADDRESS RANGES

        Name                Unused          Largest block    Delta
        BANK0            0020-006F             50           1
        BANK1            00A0-00EF             50           1
        BANK2            0120-016F             50           1
        CODE             0002-0772            771           2
                         0800-0FFF            800
        COMMON           007D-007D              1           1
        CONFIG           2007-2008              2           2
        CONST            0002-0772            100           2
                         0800-0FFF            100
        ENTRY            0002-0772            100           2
                         0800-0FFF            100
        IDLOC            2000-2003              4           2
        RAM              0020-006F             50           1
                         00A0-00EF             50
                         0120-016F             50
        SFR0             0000-001F             20           1
        SFR1             0080-009F             20           1
        SFR2             0100-011F             20           1
        SFR3             0180-01EF             70           1
        STACK            0020-006F             50           1
        STRCODE          0002-0772            771           2
                         0800-0FFF            800
        STRING           0002-0772            100           2
                         0800-0FFF            100

                                  Symbol Table

?_Read_ADC               cstackCOMMON 0070
Read_ADC@ADCLDORef       cstackCOMMON 0070
Read_ADC@ADCchannel      cstackCOMMON 0076
Read_ADC@Adc_Result      cstackCOMMON 0073
Read_ADC@i               cstackCOMMON 0075
_ADCON0                  (abs)        009D
_ADCON1                  (abs)        009C
_ADRESH                  (abs)        009E
_ADRESL                  (abs)        009F
_Adc_Result0             bssCOMMON    007B
_Adc_Result1             nvCOMMON     0079
_Adc_Result2             nvCOMMON     0077
_CHS4                    (abs)        04E6
_ECIGEN                  (abs)        04DF
_GODONE                  (abs)        04E9
_INTCON                  (abs)        000B
_Init_System             text2        0773
_OPTION_REG              (abs)        0081
_OSCCON                  (abs)        0088
_PGACH                   (abs)        04D6
_PGACON                  (abs)        009A
_PORTA                   (abs)        0005
_PORTB                   (abs)        0006
_Read_ADC                text1        07B4
_TRISA                   (abs)        0085
_TRISB                   (abs)        0086
_WPUA                    (abs)        0007
_WPUB                    (abs)        0008
__Habs1                  abs1         0000
__Hbank0                 bank0        0000
__Hbank1                 bank1        0000
__Hbank2                 bank2        0000
__Hbank3                 bank3        0000
__HbssCOMMON             bssCOMMON    0000
__Hcinit                 cinit        0800
__Hclrtext               clrtext      0000
__Hcode                  code         0000
__Hcommon                common       0000
__Hconfig                config       0000
__HcstackCOMMON          cstackCOMMON 0000
__Heeprom_data           eeprom_data  0000
__Hend_init              end_init     0002
__Hfunctab               functab      0000
__Hidloc                 idloc        0000
__Hinit                  init         0000
__Hintentry              intentry     0000
__Hmaintext              maintext     0000
__HnvCOMMON              nvCOMMON     0000
__Hpa_nodes0             pa_nodes0    0000
__Hpowerup               powerup      0000
__Hram                   ram          0000
__Hreset_vec             reset_vec    0000
__Hsfr0                  sfr0         0000
__Hsfr1                  sfr1         0000
__Hsfr2                  sfr2         0000
__Hsfr3                  sfr3         0000
__Hspace_0               (abs)        0800
__Hspace_1               (abs)        007D
__Hspace_2               (abs)        0000
__Hspace_3               (abs)        0000
__Hstack                 stack        0000
__Hstrings               strings      0000
__Htext                  text         0000
__Labs1                  abs1         0000
__Lbank0                 bank0        0000
__Lbank1                 bank1        0000
__Lbank2                 bank2        0000
__Lbank3                 bank3        0000
__LbssCOMMON             bssCOMMON    0000
__Lcinit                 cinit        07FB
__Lclrtext               clrtext      0000
__Lcode                  code         0000
__Lcommon                common       0000
__Lconfig                config       0000
__LcstackCOMMON          cstackCOMMON 0000
__Leeprom_data           eeprom_data  0000
__Lend_init              end_init     0000
__Lfunctab               functab      0000
__Lidloc                 idloc        0000
__Linit                  init         0000
__Lintentry              intentry     0000
__Lmaintext              maintext     0000
__LnvCOMMON              nvCOMMON     0000
__Lpa_nodes0             pa_nodes0    0000
__Lpowerup               powerup      0000
__Lram                   ram          0000
__Lreset_vec             reset_vec    0000
__Lsfr0                  sfr0         0000
__Lsfr1                  sfr1         0000
__Lsfr2                  sfr2         0000
__Lsfr3                  sfr3         0000
__Lspace_0               (abs)        0000
__Lspace_1               (abs)        0000
__Lspace_2               (abs)        0000
__Lspace_3               (abs)        0000
__Lstack                 stack        0000
__Lstrings               strings      0000
__Ltext                  text         0000
__S0                     (abs)        0800
__S1                     (abs)        007D
__S2                     (abs)        0000
___int_sp                stack        0000
___latbits               (abs)        0001
___sp                    stack        0000
__end_of_Init_System     text2        078D
__end_of_Read_ADC        text1        07FB
__end_of__initialization cinit        07FD
__end_of_main            maintext     07B4
__initialization         cinit        07FB
__pbssCOMMON             bssCOMMON    007B
__pcstackCOMMON          cstackCOMMON 0070
__pmaintext              maintext     078D
__pnvCOMMON              nvCOMMON     0077
__ptext1                 text1        07B4
__ptext2                 text2        0773
__size_of_Init_System    (abs)        0000
__size_of_Read_ADC       (abs)        0000
__size_of_main           (abs)        0000
_main                    maintext     078D
btemp                    (abs)        007E
end_of_initialization    cinit        07FD
intlevel0                functab      0000
intlevel1                functab      0000
intlevel2                functab      0000
intlevel3                functab      0000
intlevel4                functab      0000
intlevel5                functab      0000
reset_vec                reset_vec    0000
stackhi                  (abs)        0000
stacklo                  (abs)        0000
start                    init         0000
start_initialization     cinit        07FB
wtemp0                   (abs)        007E


FUNCTION INFORMATION:

 *************** function _main *****************
 Defined at:
		line 18 in file "H:\MyDownloads\说明书&测试报告\开发包\SC8F577X开发包\SC8F577X_DEMO\SC8F577X_PGA+恒流源_Demo\main.c"
 Parameters:    Size  Location     Type
		None
 Auto vars:     Size  Location     Type
		None
 Return value:  Size  Location     Type
                  1    wreg      void 
 Registers used:
		wreg, status,2, status,0, pclath, cstack
 Tracked objects:
		On entry : 
		On exit  : 
		Unchanged: 
 Data sizes:     COMMON   BANK0   BANK1   BANK2
      Params:         0       0       0       0
      Locals:         0       0       0       0
      Temps:          0       0       0       0
      Totals:         0       0       0       0
Total ram usage:        0 bytes
 Hardware stack levels required when called:    1
 This function calls:
		_Init_System
		_Read_ADC
 This function is called by:
		Startup code after reset
 This function uses a non-reentrant model


 *************** function _Read_ADC *****************
 Defined at:
		line 53 in file "H:\MyDownloads\说明书&测试报告\开发包\SC8F577X开发包\SC8F577X_DEMO\SC8F577X_PGA+恒流源_Demo\main.c"
 Parameters:    Size  Location     Type
  ADCchannel      1    wreg     unsigned char 
  ADCLDORef       1    0[COMMON] unsigned char 
 Auto vars:     Size  Location     Type
  ADCchannel      1    6[COMMON] unsigned char 
  Adc_Result      2    3[COMMON] unsigned int 
  i               1    5[COMMON] unsigned char 
 Return value:  Size  Location     Type
                  2    0[COMMON] unsigned int 
 Registers used:
		wreg, status,2, status,0
 Tracked objects:
		On entry : 
		On exit  : 
		Unchanged: 
 Data sizes:     COMMON   BANK0   BANK1   BANK2
      Params:         2       0       0       0
      Locals:         4       0       0       0
      Temps:          1       0       0       0
      Totals:         7       0       0       0
Total ram usage:        7 bytes
 Hardware stack levels used:    1
 This function calls:
		Nothing
 This function is called by:
		_main
 This function uses a non-reentrant model


 *************** function _Init_System *****************
 Defined at:
		line 103 in file "H:\MyDownloads\说明书&测试报告\开发包\SC8F577X开发包\SC8F577X_DEMO\SC8F577X_PGA+恒流源_Demo\main.c"
 Parameters:    Size  Location     Type
		None
 Auto vars:     Size  Location     Type
		None
 Return value:  Size  Location     Type
                  1    wreg      void 
 Registers used:
		wreg, status,2
 Tracked objects:
		On entry : 
		On exit  : 
		Unchanged: 
 Data sizes:     COMMON   BANK0   BANK1   BANK2
      Params:         0       0       0       0
      Locals:         0       0       0       0
      Temps:          0       0       0       0
      Totals:         0       0       0       0
Total ram usage:        0 bytes
 Hardware stack levels used:    1
 This function calls:
		Nothing
 This function is called by:
		_main
 This function uses a non-reentrant model



MODULE INFORMATION

Module		Function		Class		Link	Load	Size
H:\MyDownloads\说明书&测试报告\开发包\SC8F577X开发包\SC8F577X_DEMO\SC8F577X_PGA+恒流源_Demo\main.c
		_main          		CODE           	078D	0000	40
		_Read_ADC      		CODE           	07B4	0000	72
		_Init_System   		CODE           	0773	0000	27

H:\MyDownloads\说明书&测试报告\开发包\SC8F577X开发包\SC8F577X_DEMO\SC8F577X_PGA+恒流源_Demo\main.c estimated size: 139

shared
		__initialization		CODE           	07FB	0000	3

shared estimated size: 3

